GAAP_AMAZON_CONFIG_BASE=yelp.yaml
GAAP_AMAZON_DATA_NAME=amazon_comp8851
GAAP_AMAZON_D_IN=25
TUNING_TRIAL=08
TUNING_CONFIG=d_hidden=128|gnn_dropout=0.1|lr=0.002
===== GAAP × AMAZON — TR40 TUNING TRIAL 08 =====
RATIO=TR40 | TRAIN_SEED=2 | SPLIT_SEED=2
AUTHOR_ARCHITECTURE_CHANGED=NO
TEST_USED_FOR_SELECTION=NO
MAX_EPOCHS=100 | PATIENCE=20
CANONICAL_AMAZON_VIEW=FROZEN_DGL_ADAPTER
CANONICAL_NODES=11944
CANONICAL_FEATURES=25
CANONICAL_ADAPTER_RAW_EDGES=8796784
AMAZON_RELATION_RECONSTRUCTION=NO
GAAP_AMAZON_CANONICAL_ADAPTER_LOADED=PASS
GAAP_AMAZON_GRAPH_NODES=11944
GAAP_AMAZON_GRAPH_EDGES=8796784
GAAP_AMAZON_GRAPH_FEATURES=25
EXACT_FROZEN_SPLIT_GATE=PASS
The shape of bin-encoded feature is torch.Size([11944, 25])
Processing dataset done!

GAAP_AUTHOR_PROCESSED_EDGES=8796784
GAAP_NATIVE_NORM_TYPE=norm01
GAAP_NATIVE_PREPROCESS=None
GAAP_AUTHOR_DATALOADER_GATE=PASS
TEST_LABELS_HIDDEN_DURING_FIT=PASS
GPU available: True (cuda), used: True
TPU available: False, using: 0 TPU cores
HPU available: False, using: 0 HPUs
LOCAL_RANK: 0 - CUDA_VISIBLE_DEVICES: [0]
run=T08 | TR40 seed=2 | epoch=001 | loss=0.219910 | valAUPRC=0.689474 | valAUROC=0.914108 | best=0.689474@1 | patience=0/20
run=T08 | TR40 seed=2 | epoch=002 | loss=0.324736 | valAUPRC=0.791971 | valAUROC=0.919227 | best=0.791971@2 | patience=0/20
run=T08 | TR40 seed=2 | epoch=003 | loss=0.216967 | valAUPRC=0.779123 | valAUROC=0.870271 | best=0.791971@2 | patience=1/20
run=T08 | TR40 seed=2 | epoch=004 | loss=0.203283 | valAUPRC=0.888221 | valAUROC=0.951046 | best=0.888221@4 | patience=0/20
run=T08 | TR40 seed=2 | epoch=005 | loss=0.195075 | valAUPRC=0.869673 | valAUROC=0.952069 | best=0.888221@4 | patience=1/20
run=T08 | TR40 seed=2 | epoch=006 | loss=3.610584 | valAUPRC=0.884098 | valAUROC=0.966424 | best=0.888221@4 | patience=2/20
run=T08 | TR40 seed=2 | epoch=007 | loss=0.157818 | valAUPRC=0.888973 | valAUROC=0.973627 | best=0.888973@7 | patience=0/20
run=T08 | TR40 seed=2 | epoch=008 | loss=0.146320 | valAUPRC=0.901076 | valAUROC=0.982265 | best=0.901076@8 | patience=0/20
run=T08 | TR40 seed=2 | epoch=009 | loss=0.141052 | valAUPRC=0.890293 | valAUROC=0.975830 | best=0.901076@8 | patience=1/20
run=T08 | TR40 seed=2 | epoch=010 | loss=0.214177 | valAUPRC=0.703772 | valAUROC=0.918697 | best=0.901076@8 | patience=2/20
run=T08 | TR40 seed=2 | epoch=011 | loss=0.329433 | valAUPRC=0.889744 | valAUROC=0.971126 | best=0.901076@8 | patience=3/20
run=T08 | TR40 seed=2 | epoch=012 | loss=0.138705 | valAUPRC=0.850205 | valAUROC=0.941467 | best=0.901076@8 | patience=4/20
run=T08 | TR40 seed=2 | epoch=013 | loss=2.510222 | valAUPRC=0.844004 | valAUROC=0.930361 | best=0.901076@8 | patience=5/20
run=T08 | TR40 seed=2 | epoch=014 | loss=1.762855 | valAUPRC=0.886653 | valAUROC=0.953837 | best=0.901076@8 | patience=6/20
run=T08 | TR40 seed=2 | epoch=015 | loss=0.184069 | valAUPRC=0.886454 | valAUROC=0.949563 | best=0.901076@8 | patience=7/20
run=T08 | TR40 seed=2 | epoch=016 | loss=1.164943 | valAUPRC=0.895474 | valAUROC=0.973368 | best=0.901076@8 | patience=8/20
run=T08 | TR40 seed=2 | epoch=017 | loss=0.224074 | valAUPRC=0.882547 | valAUROC=0.973368 | best=0.901076@8 | patience=9/20
run=T08 | TR40 seed=2 | epoch=018 | loss=0.309388 | valAUPRC=0.880503 | valAUROC=0.981099 | best=0.901076@8 | patience=10/20
run=T08 | TR40 seed=2 | epoch=019 | loss=2.429485 | valAUPRC=0.852333 | valAUROC=0.958828 | best=0.901076@8 | patience=11/20
run=T08 | TR40 seed=2 | epoch=020 | loss=0.089983 | valAUPRC=0.899148 | valAUROC=0.979883 | best=0.901076@8 | patience=12/20
run=T08 | TR40 seed=2 | epoch=021 | loss=0.089150 | valAUPRC=0.899676 | valAUROC=0.962818 | best=0.901076@8 | patience=13/20
run=T08 | TR40 seed=2 | epoch=022 | loss=0.082483 | valAUPRC=0.908047 | valAUROC=0.973602 | best=0.908047@22 | patience=0/20
run=T08 | TR40 seed=2 | epoch=023 | loss=0.081268 | valAUPRC=0.914462 | valAUROC=0.984041 | best=0.914462@23 | patience=0/20
run=T08 | TR40 seed=2 | epoch=024 | loss=0.083804 | valAUPRC=0.902171 | valAUROC=0.978124 | best=0.914462@23 | patience=1/20
run=T08 | TR40 seed=2 | epoch=025 | loss=0.084068 | valAUPRC=0.912426 | valAUROC=0.983091 | best=0.914462@23 | patience=2/20
run=T08 | TR40 seed=2 | epoch=026 | loss=0.079334 | valAUPRC=0.885910 | valAUROC=0.955325 | best=0.914462@23 | patience=3/20
run=T08 | TR40 seed=2 | epoch=027 | loss=0.083293 | valAUPRC=0.899103 | valAUROC=0.967161 | best=0.914462@23 | patience=4/20
run=T08 | TR40 seed=2 | epoch=028 | loss=0.074789 | valAUPRC=0.906060 | valAUROC=0.978853 | best=0.914462@23 | patience=5/20
run=T08 | TR40 seed=2 | epoch=029 | loss=0.068852 | valAUPRC=0.901998 | valAUROC=0.980912 | best=0.914462@23 | patience=6/20
run=T08 | TR40 seed=2 | epoch=030 | loss=0.069494 | valAUPRC=0.870190 | valAUROC=0.979756 | best=0.914462@23 | patience=7/20
run=T08 | TR40 seed=2 | epoch=031 | loss=0.070028 | valAUPRC=0.887558 | valAUROC=0.966058 | best=0.914462@23 | patience=8/20
run=T08 | TR40 seed=2 | epoch=032 | loss=0.064333 | valAUPRC=0.889944 | valAUROC=0.975294 | best=0.914462@23 | patience=9/20
run=T08 | TR40 seed=2 | epoch=033 | loss=0.062207 | valAUPRC=0.898252 | valAUROC=0.973645 | best=0.914462@23 | patience=10/20
run=T08 | TR40 seed=2 | epoch=034 | loss=0.055959 | valAUPRC=0.751672 | valAUROC=0.846368 | best=0.914462@23 | patience=11/20
run=T08 | TR40 seed=2 | epoch=035 | loss=0.062935 | valAUPRC=0.899819 | valAUROC=0.982577 | best=0.914462@23 | patience=12/20
run=T08 | TR40 seed=2 | epoch=036 | loss=0.060059 | valAUPRC=0.883756 | valAUROC=0.970226 | best=0.914462@23 | patience=13/20
run=T08 | TR40 seed=2 | epoch=037 | loss=0.051783 | valAUPRC=0.899992 | valAUROC=0.972167 | best=0.914462@23 | patience=14/20
run=T08 | TR40 seed=2 | epoch=038 | loss=0.053595 | valAUPRC=0.881416 | valAUROC=0.960717 | best=0.914462@23 | patience=15/20
run=T08 | TR40 seed=2 | epoch=039 | loss=0.052183 | valAUPRC=0.894774 | valAUROC=0.970007 | best=0.914462@23 | patience=16/20
run=T08 | TR40 seed=2 | epoch=040 | loss=0.048791 | valAUPRC=0.888670 | valAUROC=0.969664 | best=0.914462@23 | patience=17/20
run=T08 | TR40 seed=2 | epoch=041 | loss=0.108991 | valAUPRC=0.882455 | valAUROC=0.966709 | best=0.914462@23 | patience=18/20
run=T08 | TR40 seed=2 | epoch=042 | loss=0.103895 | valAUPRC=0.892233 | valAUROC=0.975419 | best=0.914462@23 | patience=19/20
run=T08 | TR40 seed=2 | epoch=043 | loss=0.061023 | valAUPRC=0.887166 | valAUROC=0.965278 | best=0.914462@23 | patience=20/20

===== TUNING TRIAL 08 FINAL GATE =====
BEST_VAL_AUPRC=0.914462
TRAINING_WALL_SECONDS=111.955
PEAK_GPU_MEMORY_MB=3448.51
TEST_EVALUATED=NO
TEST_LABEL_ISOLATION=PASS
GAAP_AUTHOR_ARCHITECTURE_CHANGED=NO
GAAP_AMAZON_TUNING_TRIAL_08=PASS
