=== Run: splitgnn_yelp_unified_tr30_seed42_a6000_20260917T224224Z ===
Result dir: /workspace/splitgnn_vast/results/splitgnn/yelp/unified/tr30/seed_42
Split overlap checks: PASSED
train=13786 valid=9190 test=18382
Model source commit: 32fbdb836781d5c02523844a7079425f89be8831
Config SHA256: 49a890a43032879d24744e739b03170b9882d6a6934af9d2363d953cb262878c
Split SHA256: 448e01069d60e85ede228ac68b6d7208b0a153087127598c26b383b82606bb1f
epoch 0: loss=1.7006 val_auprc=0.1196 val_auc=0.4247 val_f1_macro=0.1268 (best_epoch=0, best_auprc=0.1196)
epoch 1: loss=1.6956 val_auprc=0.2168 val_auc=0.6490 val_f1_macro=0.1268 (best_epoch=1, best_auprc=0.2168)
epoch 2: loss=1.6924 val_auprc=0.2685 val_auc=0.7085 val_f1_macro=0.4608 (best_epoch=2, best_auprc=0.2685)
epoch 3: loss=1.6938 val_auprc=0.3105 val_auc=0.7342 val_f1_macro=0.4608 (best_epoch=3, best_auprc=0.3105)
epoch 4: loss=1.6933 val_auprc=0.3497 val_auc=0.7583 val_f1_macro=0.4608 (best_epoch=4, best_auprc=0.3497)
epoch 5: loss=1.6909 val_auprc=0.3761 val_auc=0.7728 val_f1_macro=0.5489 (best_epoch=5, best_auprc=0.3761)
epoch 6: loss=1.6882 val_auprc=0.3927 val_auc=0.7807 val_f1_macro=0.1270 (best_epoch=6, best_auprc=0.3927)
epoch 7: loss=1.6873 val_auprc=0.4010 val_auc=0.7848 val_f1_macro=0.1268 (best_epoch=7, best_auprc=0.4010)
epoch 8: loss=1.6858 val_auprc=0.4035 val_auc=0.7848 val_f1_macro=0.1270 (best_epoch=8, best_auprc=0.4035)
epoch 9: loss=1.6826 val_auprc=0.4062 val_auc=0.7850 val_f1_macro=0.5486 (best_epoch=9, best_auprc=0.4062)
epoch 10: loss=1.6795 val_auprc=0.4111 val_auc=0.7861 val_f1_macro=0.5487 (best_epoch=10, best_auprc=0.4111)
epoch 11: loss=1.6744 val_auprc=0.4142 val_auc=0.7877 val_f1_macro=0.5582 (best_epoch=11, best_auprc=0.4142)
epoch 12: loss=1.6680 val_auprc=0.4090 val_auc=0.7875 val_f1_macro=0.6366 (best_epoch=11, best_auprc=0.4142)
epoch 13: loss=1.6635 val_auprc=0.4084 val_auc=0.7888 val_f1_macro=0.5665 (best_epoch=11, best_auprc=0.4142)
epoch 14: loss=1.6554 val_auprc=0.4025 val_auc=0.7866 val_f1_macro=0.5487 (best_epoch=11, best_auprc=0.4142)
epoch 15: loss=1.6447 val_auprc=0.4180 val_auc=0.7838 val_f1_macro=0.5487 (best_epoch=15, best_auprc=0.4180)
epoch 16: loss=1.6371 val_auprc=0.4162 val_auc=0.7758 val_f1_macro=0.5487 (best_epoch=15, best_auprc=0.4180)
epoch 17: loss=1.6274 val_auprc=0.4160 val_auc=0.7749 val_f1_macro=0.5500 (best_epoch=15, best_auprc=0.4180)
epoch 18: loss=1.6215 val_auprc=0.4205 val_auc=0.7756 val_f1_macro=0.5535 (best_epoch=18, best_auprc=0.4205)
epoch 19: loss=1.6176 val_auprc=0.4233 val_auc=0.7806 val_f1_macro=0.5498 (best_epoch=19, best_auprc=0.4233)
epoch 20: loss=1.6035 val_auprc=0.4240 val_auc=0.7862 val_f1_macro=0.5487 (best_epoch=20, best_auprc=0.4240)
epoch 21: loss=1.5903 val_auprc=0.4265 val_auc=0.7875 val_f1_macro=0.5487 (best_epoch=21, best_auprc=0.4265)
epoch 22: loss=1.5845 val_auprc=0.4282 val_auc=0.7885 val_f1_macro=0.5487 (best_epoch=22, best_auprc=0.4282)
epoch 23: loss=1.5762 val_auprc=0.4271 val_auc=0.7870 val_f1_macro=0.5487 (best_epoch=22, best_auprc=0.4282)
epoch 24: loss=1.5779 val_auprc=0.4258 val_auc=0.7865 val_f1_macro=0.5487 (best_epoch=22, best_auprc=0.4282)
epoch 25: loss=1.5684 val_auprc=0.4244 val_auc=0.7856 val_f1_macro=0.5487 (best_epoch=22, best_auprc=0.4282)
epoch 26: loss=1.5701 val_auprc=0.4216 val_auc=0.7892 val_f1_macro=0.5487 (best_epoch=22, best_auprc=0.4282)
epoch 27: loss=1.5540 val_auprc=0.4204 val_auc=0.7913 val_f1_macro=0.5487 (best_epoch=22, best_auprc=0.4282)
epoch 28: loss=1.5376 val_auprc=0.4224 val_auc=0.7930 val_f1_macro=0.5553 (best_epoch=22, best_auprc=0.4282)
epoch 29: loss=1.5256 val_auprc=0.4278 val_auc=0.7944 val_f1_macro=0.5716 (best_epoch=22, best_auprc=0.4282)
epoch 30: loss=1.5137 val_auprc=0.4272 val_auc=0.7930 val_f1_macro=0.5834 (best_epoch=22, best_auprc=0.4282)
epoch 31: loss=1.4998 val_auprc=0.4287 val_auc=0.7948 val_f1_macro=0.6009 (best_epoch=31, best_auprc=0.4287)
epoch 32: loss=1.4881 val_auprc=0.4315 val_auc=0.7984 val_f1_macro=0.6277 (best_epoch=32, best_auprc=0.4315)
epoch 33: loss=1.4678 val_auprc=0.4283 val_auc=0.7987 val_f1_macro=0.6329 (best_epoch=32, best_auprc=0.4315)
epoch 34: loss=1.4584 val_auprc=0.4304 val_auc=0.7987 val_f1_macro=0.5950 (best_epoch=32, best_auprc=0.4315)
epoch 35: loss=1.4574 val_auprc=0.4324 val_auc=0.7984 val_f1_macro=0.5829 (best_epoch=35, best_auprc=0.4324)
epoch 36: loss=1.4471 val_auprc=0.4311 val_auc=0.7965 val_f1_macro=0.6111 (best_epoch=35, best_auprc=0.4324)
epoch 37: loss=1.4549 val_auprc=0.4318 val_auc=0.7959 val_f1_macro=0.6206 (best_epoch=35, best_auprc=0.4324)
epoch 38: loss=1.4309 val_auprc=0.4339 val_auc=0.7965 val_f1_macro=0.6077 (best_epoch=38, best_auprc=0.4339)
epoch 39: loss=1.4216 val_auprc=0.4353 val_auc=0.7984 val_f1_macro=0.6188 (best_epoch=39, best_auprc=0.4353)
epoch 40: loss=1.4108 val_auprc=0.4369 val_auc=0.8008 val_f1_macro=0.6330 (best_epoch=40, best_auprc=0.4369)
epoch 41: loss=1.4091 val_auprc=0.4407 val_auc=0.8029 val_f1_macro=0.6181 (best_epoch=41, best_auprc=0.4407)
epoch 42: loss=1.4100 val_auprc=0.4423 val_auc=0.8045 val_f1_macro=0.6170 (best_epoch=42, best_auprc=0.4423)
epoch 43: loss=1.3999 val_auprc=0.4437 val_auc=0.8057 val_f1_macro=0.6392 (best_epoch=43, best_auprc=0.4437)
epoch 44: loss=1.3848 val_auprc=0.4459 val_auc=0.8069 val_f1_macro=0.6515 (best_epoch=44, best_auprc=0.4459)
epoch 45: loss=1.3805 val_auprc=0.4477 val_auc=0.8075 val_f1_macro=0.6485 (best_epoch=45, best_auprc=0.4477)
epoch 46: loss=1.3785 val_auprc=0.4489 val_auc=0.8085 val_f1_macro=0.6461 (best_epoch=46, best_auprc=0.4489)
epoch 47: loss=1.3794 val_auprc=0.4512 val_auc=0.8105 val_f1_macro=0.6492 (best_epoch=47, best_auprc=0.4512)
epoch 48: loss=1.3590 val_auprc=0.4524 val_auc=0.8107 val_f1_macro=0.6408 (best_epoch=48, best_auprc=0.4524)
epoch 49: loss=1.3499 val_auprc=0.4547 val_auc=0.8109 val_f1_macro=0.6274 (best_epoch=49, best_auprc=0.4547)
epoch 50: loss=1.3492 val_auprc=0.4547 val_auc=0.8123 val_f1_macro=0.6409 (best_epoch=49, best_auprc=0.4547)
epoch 51: loss=1.3423 val_auprc=0.4568 val_auc=0.8134 val_f1_macro=0.6448 (best_epoch=51, best_auprc=0.4568)
epoch 52: loss=1.3334 val_auprc=0.4596 val_auc=0.8134 val_f1_macro=0.6306 (best_epoch=52, best_auprc=0.4596)
epoch 53: loss=1.3355 val_auprc=0.4616 val_auc=0.8147 val_f1_macro=0.6350 (best_epoch=53, best_auprc=0.4616)
epoch 54: loss=1.3294 val_auprc=0.4620 val_auc=0.8163 val_f1_macro=0.6407 (best_epoch=54, best_auprc=0.4620)
epoch 55: loss=1.3268 val_auprc=0.4649 val_auc=0.8164 val_f1_macro=0.6257 (best_epoch=55, best_auprc=0.4649)
epoch 56: loss=1.3228 val_auprc=0.4665 val_auc=0.8174 val_f1_macro=0.6220 (best_epoch=56, best_auprc=0.4665)
epoch 57: loss=1.3211 val_auprc=0.4678 val_auc=0.8194 val_f1_macro=0.6398 (best_epoch=57, best_auprc=0.4678)
epoch 58: loss=1.3020 val_auprc=0.4697 val_auc=0.8194 val_f1_macro=0.6339 (best_epoch=58, best_auprc=0.4697)
epoch 59: loss=1.3056 val_auprc=0.4713 val_auc=0.8201 val_f1_macro=0.6339 (best_epoch=59, best_auprc=0.4713)
epoch 60: loss=1.3030 val_auprc=0.4730 val_auc=0.8219 val_f1_macro=0.6454 (best_epoch=60, best_auprc=0.4730)
epoch 61: loss=1.2943 val_auprc=0.4747 val_auc=0.8222 val_f1_macro=0.6309 (best_epoch=61, best_auprc=0.4747)
epoch 62: loss=1.2935 val_auprc=0.4762 val_auc=0.8234 val_f1_macro=0.6349 (best_epoch=62, best_auprc=0.4762)
epoch 63: loss=1.2831 val_auprc=0.4779 val_auc=0.8247 val_f1_macro=0.6387 (best_epoch=63, best_auprc=0.4779)
epoch 64: loss=1.2788 val_auprc=0.4795 val_auc=0.8254 val_f1_macro=0.6358 (best_epoch=64, best_auprc=0.4795)
epoch 65: loss=1.2803 val_auprc=0.4809 val_auc=0.8264 val_f1_macro=0.6439 (best_epoch=65, best_auprc=0.4809)
epoch 66: loss=1.2833 val_auprc=0.4824 val_auc=0.8272 val_f1_macro=0.6466 (best_epoch=66, best_auprc=0.4824)
epoch 67: loss=1.2814 val_auprc=0.4841 val_auc=0.8280 val_f1_macro=0.6436 (best_epoch=67, best_auprc=0.4841)
epoch 68: loss=1.2675 val_auprc=0.4856 val_auc=0.8291 val_f1_macro=0.6451 (best_epoch=68, best_auprc=0.4856)
epoch 69: loss=1.2771 val_auprc=0.4871 val_auc=0.8298 val_f1_macro=0.6490 (best_epoch=69, best_auprc=0.4871)
epoch 70: loss=1.2682 val_auprc=0.4879 val_auc=0.8296 val_f1_macro=0.6309 (best_epoch=70, best_auprc=0.4879)
epoch 71: loss=1.2485 val_auprc=0.4894 val_auc=0.8307 val_f1_macro=0.6548 (best_epoch=71, best_auprc=0.4894)
epoch 72: loss=1.2682 val_auprc=0.4904 val_auc=0.8316 val_f1_macro=0.6547 (best_epoch=72, best_auprc=0.4904)
epoch 73: loss=1.2715 val_auprc=0.4911 val_auc=0.8316 val_f1_macro=0.6484 (best_epoch=73, best_auprc=0.4911)
epoch 74: loss=1.2527 val_auprc=0.4923 val_auc=0.8326 val_f1_macro=0.6606 (best_epoch=74, best_auprc=0.4923)
epoch 75: loss=1.2611 val_auprc=0.4928 val_auc=0.8333 val_f1_macro=0.6619 (best_epoch=75, best_auprc=0.4928)
epoch 76: loss=1.2448 val_auprc=0.4939 val_auc=0.8333 val_f1_macro=0.6384 (best_epoch=76, best_auprc=0.4939)
epoch 77: loss=1.2501 val_auprc=0.4939 val_auc=0.8342 val_f1_macro=0.6569 (best_epoch=77, best_auprc=0.4939)
epoch 78: loss=1.2406 val_auprc=0.4953 val_auc=0.8342 val_f1_macro=0.6497 (best_epoch=78, best_auprc=0.4953)
epoch 79: loss=1.2529 val_auprc=0.4957 val_auc=0.8347 val_f1_macro=0.6558 (best_epoch=79, best_auprc=0.4957)
epoch 80: loss=1.2453 val_auprc=0.4960 val_auc=0.8352 val_f1_macro=0.6622 (best_epoch=80, best_auprc=0.4960)
epoch 81: loss=1.2348 val_auprc=0.4966 val_auc=0.8353 val_f1_macro=0.6474 (best_epoch=81, best_auprc=0.4966)
epoch 82: loss=1.2436 val_auprc=0.4965 val_auc=0.8360 val_f1_macro=0.6577 (best_epoch=81, best_auprc=0.4966)
epoch 83: loss=1.2367 val_auprc=0.4973 val_auc=0.8365 val_f1_macro=0.6529 (best_epoch=83, best_auprc=0.4973)
epoch 84: loss=1.2419 val_auprc=0.4974 val_auc=0.8359 val_f1_macro=0.6475 (best_epoch=84, best_auprc=0.4974)
epoch 85: loss=1.2400 val_auprc=0.4981 val_auc=0.8368 val_f1_macro=0.6696 (best_epoch=85, best_auprc=0.4981)
epoch 86: loss=1.2344 val_auprc=0.4981 val_auc=0.8365 val_f1_macro=0.6523 (best_epoch=85, best_auprc=0.4981)
epoch 87: loss=1.2251 val_auprc=0.4997 val_auc=0.8375 val_f1_macro=0.6478 (best_epoch=87, best_auprc=0.4997)
epoch 88: loss=1.2335 val_auprc=0.5002 val_auc=0.8381 val_f1_macro=0.6618 (best_epoch=88, best_auprc=0.5002)
epoch 89: loss=1.2289 val_auprc=0.4990 val_auc=0.8374 val_f1_macro=0.6443 (best_epoch=88, best_auprc=0.5002)
epoch 90: loss=1.2168 val_auprc=0.5003 val_auc=0.8383 val_f1_macro=0.6563 (best_epoch=90, best_auprc=0.5003)
epoch 91: loss=1.2260 val_auprc=0.5012 val_auc=0.8389 val_f1_macro=0.6650 (best_epoch=91, best_auprc=0.5012)
epoch 92: loss=1.2221 val_auprc=0.5001 val_auc=0.8382 val_f1_macro=0.6409 (best_epoch=91, best_auprc=0.5012)
epoch 93: loss=1.2150 val_auprc=0.5021 val_auc=0.8396 val_f1_macro=0.6529 (best_epoch=93, best_auprc=0.5021)
epoch 94: loss=1.2247 val_auprc=0.5027 val_auc=0.8399 val_f1_macro=0.6618 (best_epoch=94, best_auprc=0.5027)
epoch 95: loss=1.2003 val_auprc=0.5022 val_auc=0.8394 val_f1_macro=0.6413 (best_epoch=94, best_auprc=0.5027)
epoch 96: loss=1.2145 val_auprc=0.5038 val_auc=0.8409 val_f1_macro=0.6671 (best_epoch=96, best_auprc=0.5038)
epoch 97: loss=1.2194 val_auprc=0.5045 val_auc=0.8408 val_f1_macro=0.6555 (best_epoch=97, best_auprc=0.5045)
epoch 98: loss=1.2064 val_auprc=0.5046 val_auc=0.8409 val_f1_macro=0.6461 (best_epoch=98, best_auprc=0.5046)
epoch 99: loss=1.2021 val_auprc=0.5055 val_auc=0.8420 val_f1_macro=0.6715 (best_epoch=99, best_auprc=0.5055)
Selected threshold (best val macro-F1): 0.65 (val F1=0.7014)
TEST metrics: {'auprc': 0.49327387960935687, 'auc': 0.8485014243490762, 'f1_macro': 0.7069644648471824, 'recall': 0.5750655185323849, 'threshold_used': 0.6500000000000001, 'best_epoch': 99}