GAAP_AMAZON_CONFIG_BASE=yelp.yaml
GAAP_AMAZON_DATA_NAME=amazon_comp8851
GAAP_AMAZON_D_IN=25
TUNING_TRIAL=02
TUNING_CONFIG=d_hidden=64|gnn_dropout=0.1|lr=0.002
===== GAAP × AMAZON — TR40 TUNING TRIAL 02 =====
RATIO=TR40 | TRAIN_SEED=2 | SPLIT_SEED=2
AUTHOR_ARCHITECTURE_CHANGED=NO
TEST_USED_FOR_SELECTION=NO
MAX_EPOCHS=100 | PATIENCE=20
CANONICAL_AMAZON_VIEW=FROZEN_DGL_ADAPTER
CANONICAL_NODES=11944
CANONICAL_FEATURES=25
CANONICAL_ADAPTER_RAW_EDGES=8796784
AMAZON_RELATION_RECONSTRUCTION=NO
GAAP_AMAZON_CANONICAL_ADAPTER_LOADED=PASS
GAAP_AMAZON_GRAPH_NODES=11944
GAAP_AMAZON_GRAPH_EDGES=8796784
GAAP_AMAZON_GRAPH_FEATURES=25
EXACT_FROZEN_SPLIT_GATE=PASS
The shape of bin-encoded feature is torch.Size([11944, 25])
Processing dataset done!

GAAP_AUTHOR_PROCESSED_EDGES=8796784
GAAP_NATIVE_NORM_TYPE=norm01
GAAP_NATIVE_PREPROCESS=None
GAAP_AUTHOR_DATALOADER_GATE=PASS
TEST_LABELS_HIDDEN_DURING_FIT=PASS
GPU available: True (cuda), used: True
TPU available: False, using: 0 TPU cores
HPU available: False, using: 0 HPUs
LOCAL_RANK: 0 - CUDA_VISIBLE_DEVICES: [0]
run=T02 | TR40 seed=2 | epoch=001 | loss=0.237562 | valAUPRC=0.369234 | valAUROC=0.750487 | best=0.369234@1 | patience=0/20
run=T02 | TR40 seed=2 | epoch=002 | loss=0.316259 | valAUPRC=0.773097 | valAUROC=0.934783 | best=0.773097@2 | patience=0/20
run=T02 | TR40 seed=2 | epoch=003 | loss=0.259346 | valAUPRC=0.867729 | valAUROC=0.953492 | best=0.867729@3 | patience=0/20
run=T02 | TR40 seed=2 | epoch=004 | loss=0.206121 | valAUPRC=0.893798 | valAUROC=0.951220 | best=0.893798@4 | patience=0/20
run=T02 | TR40 seed=2 | epoch=005 | loss=0.151889 | valAUPRC=0.869812 | valAUROC=0.949184 | best=0.893798@4 | patience=1/20
run=T02 | TR40 seed=2 | epoch=006 | loss=0.137092 | valAUPRC=0.911845 | valAUROC=0.979271 | best=0.911845@6 | patience=0/20
run=T02 | TR40 seed=2 | epoch=007 | loss=0.138251 | valAUPRC=0.920142 | valAUROC=0.978772 | best=0.920142@7 | patience=0/20
run=T02 | TR40 seed=2 | epoch=008 | loss=0.131434 | valAUPRC=0.897033 | valAUROC=0.981520 | best=0.920142@7 | patience=1/20
run=T02 | TR40 seed=2 | epoch=009 | loss=0.159967 | valAUPRC=0.886463 | valAUROC=0.970725 | best=0.920142@7 | patience=2/20
run=T02 | TR40 seed=2 | epoch=010 | loss=0.102689 | valAUPRC=0.918146 | valAUROC=0.982733 | best=0.920142@7 | patience=3/20
run=T02 | TR40 seed=2 | epoch=011 | loss=0.103731 | valAUPRC=0.911854 | valAUROC=0.973473 | best=0.920142@7 | patience=4/20
run=T02 | TR40 seed=2 | epoch=012 | loss=0.105204 | valAUPRC=0.869591 | valAUROC=0.928358 | best=0.920142@7 | patience=5/20
run=T02 | TR40 seed=2 | epoch=013 | loss=0.498612 | valAUPRC=0.897085 | valAUROC=0.981101 | best=0.920142@7 | patience=6/20
run=T02 | TR40 seed=2 | epoch=014 | loss=0.133140 | valAUPRC=0.898596 | valAUROC=0.978561 | best=0.920142@7 | patience=7/20
run=T02 | TR40 seed=2 | epoch=015 | loss=0.112944 | valAUPRC=0.913402 | valAUROC=0.983222 | best=0.920142@7 | patience=8/20
run=T02 | TR40 seed=2 | epoch=016 | loss=0.099611 | valAUPRC=0.906526 | valAUROC=0.982647 | best=0.920142@7 | patience=9/20
run=T02 | TR40 seed=2 | epoch=017 | loss=0.100539 | valAUPRC=0.899155 | valAUROC=0.981006 | best=0.920142@7 | patience=10/20
run=T02 | TR40 seed=2 | epoch=018 | loss=0.110841 | valAUPRC=0.863186 | valAUROC=0.978101 | best=0.920142@7 | patience=11/20
run=T02 | TR40 seed=2 | epoch=019 | loss=0.107528 | valAUPRC=0.919665 | valAUROC=0.982499 | best=0.920142@7 | patience=12/20
run=T02 | TR40 seed=2 | epoch=020 | loss=0.110705 | valAUPRC=0.915375 | valAUROC=0.977688 | best=0.920142@7 | patience=13/20
run=T02 | TR40 seed=2 | epoch=021 | loss=0.092560 | valAUPRC=0.875810 | valAUROC=0.951418 | best=0.920142@7 | patience=14/20
run=T02 | TR40 seed=2 | epoch=022 | loss=0.202430 | valAUPRC=0.835125 | valAUROC=0.944950 | best=0.920142@7 | patience=15/20
run=T02 | TR40 seed=2 | epoch=023 | loss=0.134113 | valAUPRC=0.795862 | valAUROC=0.938701 | best=0.920142@7 | patience=16/20
run=T02 | TR40 seed=2 | epoch=024 | loss=0.299419 | valAUPRC=0.905485 | valAUROC=0.963407 | best=0.920142@7 | patience=17/20
run=T02 | TR40 seed=2 | epoch=025 | loss=0.123452 | valAUPRC=0.896426 | valAUROC=0.962151 | best=0.920142@7 | patience=18/20
run=T02 | TR40 seed=2 | epoch=026 | loss=1.456709 | valAUPRC=0.905825 | valAUROC=0.976421 | best=0.920142@7 | patience=19/20
run=T02 | TR40 seed=2 | epoch=027 | loss=0.110551 | valAUPRC=0.913320 | valAUROC=0.981575 | best=0.920142@7 | patience=20/20

===== TUNING TRIAL 02 FINAL GATE =====
BEST_VAL_AUPRC=0.920142
TRAINING_WALL_SECONDS=66.817
PEAK_GPU_MEMORY_MB=3408.79
TEST_EVALUATED=NO
TEST_LABEL_ISOLATION=PASS
GAAP_AUTHOR_ARCHITECTURE_CHANGED=NO
GAAP_AMAZON_TUNING_TRIAL_02=PASS
