=== Run: splitgnn_yelp_unified_tr40_seed2_a6000_20260917T223614Z ===
Result dir: /workspace/splitgnn_vast/results/splitgnn/yelp/unified/tr40/seed_2
No existing split file at /workspace/splitgnn_vast/splits/yelp_seed2_nested_splits.npz, generating now.
Split overlap checks: PASSED
train=18382 valid=9190 test=18382
Model source commit: 32fbdb836781d5c02523844a7079425f89be8831
Config SHA256: b3da1f7ef46824460a8b6e4f0ee5d79496b26be20448f720a3475dd72b8bd9a0
Split SHA256: 448e01069d60e85ede228ac68b6d7208b0a153087127598c26b383b82606bb1f
epoch 0: loss=1.6955 val_auprc=0.2524 val_auc=0.6794 val_f1_macro=0.1268 (best_epoch=0, best_auprc=0.2524)
epoch 1: loss=1.6928 val_auprc=0.2812 val_auc=0.7173 val_f1_macro=0.1268 (best_epoch=1, best_auprc=0.2812)
epoch 2: loss=1.6935 val_auprc=0.3070 val_auc=0.7318 val_f1_macro=0.1268 (best_epoch=2, best_auprc=0.3070)
epoch 3: loss=1.6918 val_auprc=0.3312 val_auc=0.7458 val_f1_macro=0.5487 (best_epoch=3, best_auprc=0.3312)
epoch 4: loss=1.6904 val_auprc=0.3467 val_auc=0.7555 val_f1_macro=0.4608 (best_epoch=4, best_auprc=0.3467)
epoch 5: loss=1.6884 val_auprc=0.3612 val_auc=0.7626 val_f1_macro=0.4608 (best_epoch=5, best_auprc=0.3612)
epoch 6: loss=1.6870 val_auprc=0.3743 val_auc=0.7676 val_f1_macro=0.6396 (best_epoch=6, best_auprc=0.3743)
epoch 7: loss=1.6841 val_auprc=0.3778 val_auc=0.7714 val_f1_macro=0.5514 (best_epoch=7, best_auprc=0.3778)
epoch 8: loss=1.6803 val_auprc=0.3853 val_auc=0.7748 val_f1_macro=0.5487 (best_epoch=8, best_auprc=0.3853)
epoch 9: loss=1.6763 val_auprc=0.3925 val_auc=0.7766 val_f1_macro=0.5487 (best_epoch=9, best_auprc=0.3925)
epoch 10: loss=1.6716 val_auprc=0.3960 val_auc=0.7691 val_f1_macro=0.5487 (best_epoch=10, best_auprc=0.3960)
epoch 11: loss=1.6659 val_auprc=0.3966 val_auc=0.7643 val_f1_macro=0.5487 (best_epoch=11, best_auprc=0.3966)
epoch 12: loss=1.6607 val_auprc=0.3986 val_auc=0.7685 val_f1_macro=0.5487 (best_epoch=12, best_auprc=0.3986)
epoch 13: loss=1.6502 val_auprc=0.4057 val_auc=0.7755 val_f1_macro=0.5491 (best_epoch=13, best_auprc=0.4057)
epoch 14: loss=1.6411 val_auprc=0.4108 val_auc=0.7811 val_f1_macro=0.5492 (best_epoch=14, best_auprc=0.4108)
epoch 15: loss=1.6300 val_auprc=0.4156 val_auc=0.7848 val_f1_macro=0.5491 (best_epoch=15, best_auprc=0.4156)
epoch 16: loss=1.6128 val_auprc=0.4173 val_auc=0.7859 val_f1_macro=0.5494 (best_epoch=16, best_auprc=0.4173)
epoch 17: loss=1.6024 val_auprc=0.4166 val_auc=0.7864 val_f1_macro=0.5505 (best_epoch=16, best_auprc=0.4173)
epoch 18: loss=1.5849 val_auprc=0.4157 val_auc=0.7863 val_f1_macro=0.5542 (best_epoch=16, best_auprc=0.4173)
epoch 19: loss=1.5812 val_auprc=0.4128 val_auc=0.7871 val_f1_macro=0.5662 (best_epoch=16, best_auprc=0.4173)
epoch 20: loss=1.5650 val_auprc=0.4120 val_auc=0.7887 val_f1_macro=0.5864 (best_epoch=16, best_auprc=0.4173)
epoch 21: loss=1.5625 val_auprc=0.4109 val_auc=0.7889 val_f1_macro=0.6154 (best_epoch=16, best_auprc=0.4173)
epoch 22: loss=1.5529 val_auprc=0.4146 val_auc=0.7897 val_f1_macro=0.5881 (best_epoch=16, best_auprc=0.4173)
epoch 23: loss=1.5486 val_auprc=0.4125 val_auc=0.7913 val_f1_macro=0.6363 (best_epoch=16, best_auprc=0.4173)
epoch 24: loss=1.5395 val_auprc=0.4153 val_auc=0.7931 val_f1_macro=0.6480 (best_epoch=16, best_auprc=0.4173)
epoch 25: loss=1.5267 val_auprc=0.4212 val_auc=0.7941 val_f1_macro=0.6112 (best_epoch=25, best_auprc=0.4212)
epoch 26: loss=1.5356 val_auprc=0.4172 val_auc=0.7941 val_f1_macro=0.6524 (best_epoch=25, best_auprc=0.4212)
epoch 27: loss=1.5209 val_auprc=0.4190 val_auc=0.7931 val_f1_macro=0.6545 (best_epoch=25, best_auprc=0.4212)
epoch 28: loss=1.5153 val_auprc=0.4236 val_auc=0.7939 val_f1_macro=0.6227 (best_epoch=28, best_auprc=0.4236)
epoch 29: loss=1.5090 val_auprc=0.4233 val_auc=0.7927 val_f1_macro=0.6336 (best_epoch=28, best_auprc=0.4236)
epoch 30: loss=1.4915 val_auprc=0.4240 val_auc=0.7933 val_f1_macro=0.6487 (best_epoch=30, best_auprc=0.4240)
epoch 31: loss=1.4924 val_auprc=0.4286 val_auc=0.7953 val_f1_macro=0.6403 (best_epoch=31, best_auprc=0.4286)
epoch 32: loss=1.4889 val_auprc=0.4346 val_auc=0.7987 val_f1_macro=0.6292 (best_epoch=32, best_auprc=0.4346)
epoch 33: loss=1.4693 val_auprc=0.4365 val_auc=0.8004 val_f1_macro=0.6351 (best_epoch=33, best_auprc=0.4365)
epoch 34: loss=1.4695 val_auprc=0.4372 val_auc=0.8019 val_f1_macro=0.6478 (best_epoch=34, best_auprc=0.4372)
epoch 35: loss=1.4602 val_auprc=0.4404 val_auc=0.8044 val_f1_macro=0.6401 (best_epoch=35, best_auprc=0.4404)
epoch 36: loss=1.4477 val_auprc=0.4431 val_auc=0.8054 val_f1_macro=0.6291 (best_epoch=36, best_auprc=0.4431)
epoch 37: loss=1.4432 val_auprc=0.4431 val_auc=0.8062 val_f1_macro=0.6398 (best_epoch=36, best_auprc=0.4431)
epoch 38: loss=1.4260 val_auprc=0.4445 val_auc=0.8070 val_f1_macro=0.6382 (best_epoch=38, best_auprc=0.4445)
epoch 39: loss=1.4217 val_auprc=0.4457 val_auc=0.8074 val_f1_macro=0.6276 (best_epoch=39, best_auprc=0.4457)
epoch 40: loss=1.4198 val_auprc=0.4474 val_auc=0.8083 val_f1_macro=0.6400 (best_epoch=40, best_auprc=0.4474)
epoch 41: loss=1.4151 val_auprc=0.4491 val_auc=0.8093 val_f1_macro=0.6389 (best_epoch=41, best_auprc=0.4491)
epoch 42: loss=1.3949 val_auprc=0.4503 val_auc=0.8096 val_f1_macro=0.6287 (best_epoch=42, best_auprc=0.4503)
epoch 43: loss=1.3883 val_auprc=0.4527 val_auc=0.8113 val_f1_macro=0.6395 (best_epoch=43, best_auprc=0.4527)
epoch 44: loss=1.3790 val_auprc=0.4538 val_auc=0.8118 val_f1_macro=0.6354 (best_epoch=44, best_auprc=0.4538)
epoch 45: loss=1.3758 val_auprc=0.4552 val_auc=0.8121 val_f1_macro=0.6329 (best_epoch=45, best_auprc=0.4552)
epoch 46: loss=1.3704 val_auprc=0.4566 val_auc=0.8134 val_f1_macro=0.6490 (best_epoch=46, best_auprc=0.4566)
epoch 47: loss=1.3596 val_auprc=0.4583 val_auc=0.8133 val_f1_macro=0.6251 (best_epoch=47, best_auprc=0.4583)
epoch 48: loss=1.3608 val_auprc=0.4597 val_auc=0.8152 val_f1_macro=0.6489 (best_epoch=48, best_auprc=0.4597)
epoch 49: loss=1.3530 val_auprc=0.4612 val_auc=0.8159 val_f1_macro=0.6357 (best_epoch=49, best_auprc=0.4612)
epoch 50: loss=1.3450 val_auprc=0.4633 val_auc=0.8169 val_f1_macro=0.6264 (best_epoch=50, best_auprc=0.4633)
epoch 51: loss=1.3311 val_auprc=0.4649 val_auc=0.8183 val_f1_macro=0.6392 (best_epoch=51, best_auprc=0.4649)
epoch 52: loss=1.3277 val_auprc=0.4668 val_auc=0.8194 val_f1_macro=0.6354 (best_epoch=52, best_auprc=0.4668)
epoch 53: loss=1.3279 val_auprc=0.4685 val_auc=0.8203 val_f1_macro=0.6354 (best_epoch=53, best_auprc=0.4685)
epoch 54: loss=1.3158 val_auprc=0.4706 val_auc=0.8213 val_f1_macro=0.6401 (best_epoch=54, best_auprc=0.4706)
epoch 55: loss=1.3090 val_auprc=0.4722 val_auc=0.8220 val_f1_macro=0.6354 (best_epoch=55, best_auprc=0.4722)
epoch 56: loss=1.3056 val_auprc=0.4742 val_auc=0.8233 val_f1_macro=0.6354 (best_epoch=56, best_auprc=0.4742)
epoch 57: loss=1.3078 val_auprc=0.4759 val_auc=0.8240 val_f1_macro=0.6406 (best_epoch=57, best_auprc=0.4759)
epoch 58: loss=1.3018 val_auprc=0.4777 val_auc=0.8250 val_f1_macro=0.6363 (best_epoch=58, best_auprc=0.4777)
epoch 59: loss=1.2871 val_auprc=0.4797 val_auc=0.8264 val_f1_macro=0.6396 (best_epoch=59, best_auprc=0.4797)
epoch 60: loss=1.2823 val_auprc=0.4818 val_auc=0.8276 val_f1_macro=0.6378 (best_epoch=60, best_auprc=0.4818)
epoch 61: loss=1.2947 val_auprc=0.4839 val_auc=0.8286 val_f1_macro=0.6405 (best_epoch=61, best_auprc=0.4839)
epoch 62: loss=1.2755 val_auprc=0.4856 val_auc=0.8293 val_f1_macro=0.6428 (best_epoch=62, best_auprc=0.4856)
epoch 63: loss=1.2840 val_auprc=0.4876 val_auc=0.8305 val_f1_macro=0.6488 (best_epoch=63, best_auprc=0.4876)
epoch 64: loss=1.2754 val_auprc=0.4894 val_auc=0.8306 val_f1_macro=0.6316 (best_epoch=64, best_auprc=0.4894)
epoch 65: loss=1.2674 val_auprc=0.4909 val_auc=0.8319 val_f1_macro=0.6529 (best_epoch=65, best_auprc=0.4909)
epoch 66: loss=1.2691 val_auprc=0.4921 val_auc=0.8317 val_f1_macro=0.6189 (best_epoch=66, best_auprc=0.4921)
epoch 67: loss=1.2783 val_auprc=0.4941 val_auc=0.8340 val_f1_macro=0.6566 (best_epoch=67, best_auprc=0.4941)
epoch 68: loss=1.2683 val_auprc=0.4956 val_auc=0.8349 val_f1_macro=0.6532 (best_epoch=68, best_auprc=0.4956)
epoch 69: loss=1.2501 val_auprc=0.4962 val_auc=0.8342 val_f1_macro=0.6252 (best_epoch=69, best_auprc=0.4962)
epoch 70: loss=1.2574 val_auprc=0.4974 val_auc=0.8356 val_f1_macro=0.6574 (best_epoch=70, best_auprc=0.4974)
epoch 71: loss=1.2493 val_auprc=0.4988 val_auc=0.8368 val_f1_macro=0.6493 (best_epoch=71, best_auprc=0.4988)
epoch 72: loss=1.2482 val_auprc=0.4995 val_auc=0.8359 val_f1_macro=0.6224 (best_epoch=72, best_auprc=0.4995)
epoch 73: loss=1.2472 val_auprc=0.5005 val_auc=0.8377 val_f1_macro=0.6547 (best_epoch=73, best_auprc=0.5005)
epoch 74: loss=1.2479 val_auprc=0.5017 val_auc=0.8381 val_f1_macro=0.6632 (best_epoch=74, best_auprc=0.5017)
epoch 75: loss=1.2413 val_auprc=0.5018 val_auc=0.8374 val_f1_macro=0.6351 (best_epoch=75, best_auprc=0.5018)
epoch 76: loss=1.2441 val_auprc=0.5025 val_auc=0.8388 val_f1_macro=0.6454 (best_epoch=76, best_auprc=0.5025)
epoch 77: loss=1.2287 val_auprc=0.5042 val_auc=0.8396 val_f1_macro=0.6648 (best_epoch=77, best_auprc=0.5042)
epoch 78: loss=1.2373 val_auprc=0.5035 val_auc=0.8392 val_f1_macro=0.6479 (best_epoch=77, best_auprc=0.5042)
epoch 79: loss=1.2339 val_auprc=0.5041 val_auc=0.8391 val_f1_macro=0.6501 (best_epoch=77, best_auprc=0.5042)
epoch 80: loss=1.2274 val_auprc=0.5055 val_auc=0.8406 val_f1_macro=0.6657 (best_epoch=80, best_auprc=0.5055)
epoch 81: loss=1.2277 val_auprc=0.5057 val_auc=0.8405 val_f1_macro=0.6576 (best_epoch=81, best_auprc=0.5057)
epoch 82: loss=1.2163 val_auprc=0.5063 val_auc=0.8403 val_f1_macro=0.6378 (best_epoch=82, best_auprc=0.5063)
epoch 83: loss=1.2199 val_auprc=0.5076 val_auc=0.8417 val_f1_macro=0.6580 (best_epoch=83, best_auprc=0.5076)
epoch 84: loss=1.2221 val_auprc=0.5081 val_auc=0.8421 val_f1_macro=0.6649 (best_epoch=84, best_auprc=0.5081)
epoch 85: loss=1.2148 val_auprc=0.5081 val_auc=0.8417 val_f1_macro=0.6471 (best_epoch=84, best_auprc=0.5081)
epoch 86: loss=1.2196 val_auprc=0.5092 val_auc=0.8428 val_f1_macro=0.6672 (best_epoch=86, best_auprc=0.5092)
epoch 87: loss=1.2137 val_auprc=0.5098 val_auc=0.8432 val_f1_macro=0.6626 (best_epoch=87, best_auprc=0.5098)
epoch 88: loss=1.2189 val_auprc=0.5102 val_auc=0.8431 val_f1_macro=0.6490 (best_epoch=88, best_auprc=0.5102)
epoch 89: loss=1.2030 val_auprc=0.5107 val_auc=0.8432 val_f1_macro=0.6531 (best_epoch=89, best_auprc=0.5107)
epoch 90: loss=1.2170 val_auprc=0.5115 val_auc=0.8443 val_f1_macro=0.6787 (best_epoch=90, best_auprc=0.5115)
epoch 91: loss=1.2198 val_auprc=0.5115 val_auc=0.8442 val_f1_macro=0.6599 (best_epoch=91, best_auprc=0.5115)
epoch 92: loss=1.2139 val_auprc=0.5123 val_auc=0.8447 val_f1_macro=0.6660 (best_epoch=92, best_auprc=0.5123)
epoch 93: loss=1.2111 val_auprc=0.5129 val_auc=0.8455 val_f1_macro=0.6703 (best_epoch=93, best_auprc=0.5129)
epoch 94: loss=1.2044 val_auprc=0.5135 val_auc=0.8457 val_f1_macro=0.6534 (best_epoch=94, best_auprc=0.5135)
epoch 95: loss=1.2009 val_auprc=0.5142 val_auc=0.8460 val_f1_macro=0.6565 (best_epoch=95, best_auprc=0.5142)
epoch 96: loss=1.2009 val_auprc=0.5150 val_auc=0.8466 val_f1_macro=0.6695 (best_epoch=96, best_auprc=0.5150)
epoch 97: loss=1.2004 val_auprc=0.5148 val_auc=0.8466 val_f1_macro=0.6575 (best_epoch=96, best_auprc=0.5150)
epoch 98: loss=1.2005 val_auprc=0.5162 val_auc=0.8479 val_f1_macro=0.6653 (best_epoch=98, best_auprc=0.5162)
epoch 99: loss=1.1922 val_auprc=0.5167 val_auc=0.8481 val_f1_macro=0.6542 (best_epoch=99, best_auprc=0.5167)
Selected threshold (best val macro-F1): 0.70 (val F1=0.7055)
TEST metrics: {'auprc': 0.5018247934258564, 'auc': 0.8550447345671648, 'f1_macro': 0.7084360025873464, 'recall': 0.5986521901909397, 'threshold_used': 0.7000000000000001, 'best_epoch': 99}