=== Run: splitgnn_tsocial_unified_tr20_seed2_a6000_20260919T064138Z ===
Result dir: /workspace/splitgnn_vast/results/splitgnn/tsocial/unified/tr20/seed_2
Split overlap checks: PASSED
train=173432 valid=173432 test=346864
Model source commit: 32fbdb836781d5c02523844a7079425f89be8831
Config SHA256: 113be1e8819e1d06e9d7104ac1978396a0ec6d05a234e6757d90f51419e2f4d3
Split SHA256: 197cd8a496ca269cfa2affeea08837bb97bc55181f878b36cc724036ba6d001b
epoch 0: loss=1.7005 val_auprc=0.0320 val_auc=0.5569 val_f1_macro=0.0293 (best_epoch=0, best_auprc=0.0320)
epoch 1: loss=1.6926 val_auprc=0.0983 val_auc=0.7575 val_f1_macro=0.3924 (best_epoch=1, best_auprc=0.0983)
epoch 2: loss=1.6856 val_auprc=0.1612 val_auc=0.8009 val_f1_macro=0.4926 (best_epoch=2, best_auprc=0.1612)
epoch 3: loss=1.6789 val_auprc=0.1937 val_auc=0.8107 val_f1_macro=0.5020 (best_epoch=3, best_auprc=0.1937)
epoch 4: loss=1.6697 val_auprc=0.2110 val_auc=0.8152 val_f1_macro=0.4949 (best_epoch=4, best_auprc=0.2110)
epoch 5: loss=1.6578 val_auprc=0.2183 val_auc=0.8171 val_f1_macro=0.4915 (best_epoch=5, best_auprc=0.2183)
epoch 6: loss=1.6436 val_auprc=0.2229 val_auc=0.8182 val_f1_macro=0.4981 (best_epoch=6, best_auprc=0.2229)
epoch 7: loss=1.6292 val_auprc=0.2261 val_auc=0.8184 val_f1_macro=0.5029 (best_epoch=7, best_auprc=0.2261)
epoch 8: loss=1.6122 val_auprc=0.2288 val_auc=0.8183 val_f1_macro=0.5071 (best_epoch=8, best_auprc=0.2288)
epoch 9: loss=1.5913 val_auprc=0.2312 val_auc=0.8181 val_f1_macro=0.5088 (best_epoch=9, best_auprc=0.2312)
epoch 10: loss=1.5757 val_auprc=0.2335 val_auc=0.8178 val_f1_macro=0.5095 (best_epoch=10, best_auprc=0.2335)
epoch 11: loss=1.5489 val_auprc=0.2356 val_auc=0.8177 val_f1_macro=0.5082 (best_epoch=11, best_auprc=0.2356)
epoch 12: loss=1.5295 val_auprc=0.2380 val_auc=0.8179 val_f1_macro=0.5035 (best_epoch=12, best_auprc=0.2380)
epoch 13: loss=1.5059 val_auprc=0.2402 val_auc=0.8184 val_f1_macro=0.4962 (best_epoch=13, best_auprc=0.2402)
epoch 14: loss=1.4959 val_auprc=0.2428 val_auc=0.8192 val_f1_macro=0.4894 (best_epoch=14, best_auprc=0.2428)
epoch 15: loss=1.4822 val_auprc=0.2457 val_auc=0.8202 val_f1_macro=0.4869 (best_epoch=15, best_auprc=0.2457)
epoch 16: loss=1.4816 val_auprc=0.2481 val_auc=0.8216 val_f1_macro=0.4888 (best_epoch=16, best_auprc=0.2481)
epoch 17: loss=1.4726 val_auprc=0.2504 val_auc=0.8233 val_f1_macro=0.4936 (best_epoch=17, best_auprc=0.2504)
epoch 18: loss=1.4632 val_auprc=0.2525 val_auc=0.8255 val_f1_macro=0.4918 (best_epoch=18, best_auprc=0.2525)
epoch 19: loss=1.4469 val_auprc=0.2547 val_auc=0.8279 val_f1_macro=0.4879 (best_epoch=19, best_auprc=0.2547)
epoch 20: loss=1.4300 val_auprc=0.2570 val_auc=0.8305 val_f1_macro=0.4853 (best_epoch=20, best_auprc=0.2570)
epoch 21: loss=1.4015 val_auprc=0.2595 val_auc=0.8331 val_f1_macro=0.4889 (best_epoch=21, best_auprc=0.2595)
epoch 22: loss=1.3900 val_auprc=0.2631 val_auc=0.8361 val_f1_macro=0.4978 (best_epoch=22, best_auprc=0.2631)
epoch 23: loss=1.3697 val_auprc=0.2668 val_auc=0.8387 val_f1_macro=0.5026 (best_epoch=23, best_auprc=0.2668)
epoch 24: loss=1.3511 val_auprc=0.2700 val_auc=0.8398 val_f1_macro=0.4966 (best_epoch=24, best_auprc=0.2700)
epoch 25: loss=1.3447 val_auprc=0.2724 val_auc=0.8396 val_f1_macro=0.4875 (best_epoch=25, best_auprc=0.2724)
epoch 26: loss=1.3248 val_auprc=0.2740 val_auc=0.8395 val_f1_macro=0.4859 (best_epoch=26, best_auprc=0.2740)
epoch 27: loss=1.3149 val_auprc=0.2749 val_auc=0.8393 val_f1_macro=0.4900 (best_epoch=27, best_auprc=0.2749)
epoch 28: loss=1.3057 val_auprc=0.2762 val_auc=0.8399 val_f1_macro=0.4959 (best_epoch=28, best_auprc=0.2762)
epoch 29: loss=1.2911 val_auprc=0.2784 val_auc=0.8411 val_f1_macro=0.4974 (best_epoch=29, best_auprc=0.2784)
epoch 30: loss=1.2861 val_auprc=0.2811 val_auc=0.8428 val_f1_macro=0.4981 (best_epoch=30, best_auprc=0.2811)
epoch 31: loss=1.2638 val_auprc=0.2844 val_auc=0.8446 val_f1_macro=0.4970 (best_epoch=31, best_auprc=0.2844)
epoch 32: loss=1.2629 val_auprc=0.2877 val_auc=0.8466 val_f1_macro=0.4984 (best_epoch=32, best_auprc=0.2877)
epoch 33: loss=1.2423 val_auprc=0.2912 val_auc=0.8482 val_f1_macro=0.4996 (best_epoch=33, best_auprc=0.2912)
epoch 34: loss=1.2324 val_auprc=0.2951 val_auc=0.8500 val_f1_macro=0.5004 (best_epoch=34, best_auprc=0.2951)
epoch 35: loss=1.2342 val_auprc=0.2986 val_auc=0.8512 val_f1_macro=0.5003 (best_epoch=35, best_auprc=0.2986)
epoch 36: loss=1.2132 val_auprc=0.3008 val_auc=0.8521 val_f1_macro=0.4963 (best_epoch=36, best_auprc=0.3008)
epoch 37: loss=1.2212 val_auprc=0.3021 val_auc=0.8526 val_f1_macro=0.4959 (best_epoch=37, best_auprc=0.3021)
epoch 38: loss=1.2106 val_auprc=0.3035 val_auc=0.8531 val_f1_macro=0.5006 (best_epoch=38, best_auprc=0.3035)
epoch 39: loss=1.2015 val_auprc=0.3038 val_auc=0.8533 val_f1_macro=0.5067 (best_epoch=39, best_auprc=0.3038)
epoch 40: loss=1.1911 val_auprc=0.3040 val_auc=0.8535 val_f1_macro=0.5110 (best_epoch=40, best_auprc=0.3040)
epoch 41: loss=1.2010 val_auprc=0.3045 val_auc=0.8539 val_f1_macro=0.5130 (best_epoch=41, best_auprc=0.3045)
epoch 42: loss=1.2010 val_auprc=0.3058 val_auc=0.8545 val_f1_macro=0.5144 (best_epoch=42, best_auprc=0.3058)
epoch 43: loss=1.1858 val_auprc=0.3075 val_auc=0.8553 val_f1_macro=0.5146 (best_epoch=43, best_auprc=0.3075)
epoch 44: loss=1.1832 val_auprc=0.3100 val_auc=0.8566 val_f1_macro=0.5162 (best_epoch=44, best_auprc=0.3100)
epoch 45: loss=1.1713 val_auprc=0.3122 val_auc=0.8579 val_f1_macro=0.5170 (best_epoch=45, best_auprc=0.3122)
epoch 46: loss=1.1736 val_auprc=0.3141 val_auc=0.8593 val_f1_macro=0.5185 (best_epoch=46, best_auprc=0.3141)
epoch 47: loss=1.1640 val_auprc=0.3154 val_auc=0.8603 val_f1_macro=0.5191 (best_epoch=47, best_auprc=0.3154)
epoch 48: loss=1.1683 val_auprc=0.3161 val_auc=0.8608 val_f1_macro=0.5182 (best_epoch=48, best_auprc=0.3161)
epoch 49: loss=1.1667 val_auprc=0.3169 val_auc=0.8613 val_f1_macro=0.5181 (best_epoch=49, best_auprc=0.3169)
epoch 50: loss=1.1476 val_auprc=0.3174 val_auc=0.8618 val_f1_macro=0.5159 (best_epoch=50, best_auprc=0.3174)
epoch 51: loss=1.1616 val_auprc=0.3194 val_auc=0.8630 val_f1_macro=0.5186 (best_epoch=51, best_auprc=0.3194)
epoch 52: loss=1.1596 val_auprc=0.3217 val_auc=0.8644 val_f1_macro=0.5226 (best_epoch=52, best_auprc=0.3217)
epoch 53: loss=1.1544 val_auprc=0.3244 val_auc=0.8657 val_f1_macro=0.5256 (best_epoch=53, best_auprc=0.3244)
epoch 54: loss=1.1505 val_auprc=0.3267 val_auc=0.8668 val_f1_macro=0.5234 (best_epoch=54, best_auprc=0.3267)
epoch 55: loss=1.1427 val_auprc=0.3284 val_auc=0.8678 val_f1_macro=0.5180 (best_epoch=55, best_auprc=0.3284)
epoch 56: loss=1.1374 val_auprc=0.3304 val_auc=0.8688 val_f1_macro=0.5142 (best_epoch=56, best_auprc=0.3304)
epoch 57: loss=1.1418 val_auprc=0.3330 val_auc=0.8699 val_f1_macro=0.5154 (best_epoch=57, best_auprc=0.3330)
epoch 58: loss=1.1369 val_auprc=0.3352 val_auc=0.8709 val_f1_macro=0.5187 (best_epoch=58, best_auprc=0.3352)
epoch 59: loss=1.1387 val_auprc=0.3375 val_auc=0.8721 val_f1_macro=0.5236 (best_epoch=59, best_auprc=0.3375)
epoch 60: loss=1.1339 val_auprc=0.3398 val_auc=0.8733 val_f1_macro=0.5256 (best_epoch=60, best_auprc=0.3398)
epoch 61: loss=1.1413 val_auprc=0.3419 val_auc=0.8744 val_f1_macro=0.5272 (best_epoch=61, best_auprc=0.3419)
epoch 62: loss=1.1280 val_auprc=0.3434 val_auc=0.8756 val_f1_macro=0.5240 (best_epoch=62, best_auprc=0.3434)
epoch 63: loss=1.1244 val_auprc=0.3451 val_auc=0.8768 val_f1_macro=0.5213 (best_epoch=63, best_auprc=0.3451)
epoch 64: loss=1.1272 val_auprc=0.3478 val_auc=0.8783 val_f1_macro=0.5236 (best_epoch=64, best_auprc=0.3478)
epoch 65: loss=1.1231 val_auprc=0.3511 val_auc=0.8799 val_f1_macro=0.5271 (best_epoch=65, best_auprc=0.3511)
epoch 66: loss=1.1256 val_auprc=0.3551 val_auc=0.8815 val_f1_macro=0.5308 (best_epoch=66, best_auprc=0.3551)
epoch 67: loss=1.1194 val_auprc=0.3579 val_auc=0.8827 val_f1_macro=0.5313 (best_epoch=67, best_auprc=0.3579)
epoch 68: loss=1.1180 val_auprc=0.3595 val_auc=0.8837 val_f1_macro=0.5263 (best_epoch=68, best_auprc=0.3595)
epoch 69: loss=1.1123 val_auprc=0.3612 val_auc=0.8849 val_f1_macro=0.5270 (best_epoch=69, best_auprc=0.3612)
epoch 70: loss=1.1156 val_auprc=0.3634 val_auc=0.8861 val_f1_macro=0.5329 (best_epoch=70, best_auprc=0.3634)
epoch 71: loss=1.1183 val_auprc=0.3662 val_auc=0.8875 val_f1_macro=0.5427 (best_epoch=71, best_auprc=0.3662)
epoch 72: loss=1.1085 val_auprc=0.3678 val_auc=0.8888 val_f1_macro=0.5449 (best_epoch=72, best_auprc=0.3678)
epoch 73: loss=1.0992 val_auprc=0.3678 val_auc=0.8896 val_f1_macro=0.5383 (best_epoch=72, best_auprc=0.3678)
epoch 74: loss=1.1053 val_auprc=0.3684 val_auc=0.8904 val_f1_macro=0.5351 (best_epoch=74, best_auprc=0.3684)
epoch 75: loss=1.1110 val_auprc=0.3725 val_auc=0.8917 val_f1_macro=0.5461 (best_epoch=75, best_auprc=0.3725)
epoch 76: loss=1.0956 val_auprc=0.3756 val_auc=0.8928 val_f1_macro=0.5516 (best_epoch=76, best_auprc=0.3756)
epoch 77: loss=1.1037 val_auprc=0.3767 val_auc=0.8934 val_f1_macro=0.5457 (best_epoch=77, best_auprc=0.3767)
epoch 78: loss=1.1030 val_auprc=0.3772 val_auc=0.8939 val_f1_macro=0.5388 (best_epoch=78, best_auprc=0.3772)
epoch 79: loss=1.0981 val_auprc=0.3792 val_auc=0.8947 val_f1_macro=0.5442 (best_epoch=79, best_auprc=0.3792)
epoch 80: loss=1.0966 val_auprc=0.3809 val_auc=0.8955 val_f1_macro=0.5562 (best_epoch=80, best_auprc=0.3809)
epoch 81: loss=1.1028 val_auprc=0.3819 val_auc=0.8961 val_f1_macro=0.5597 (best_epoch=81, best_auprc=0.3819)
epoch 82: loss=1.0928 val_auprc=0.3819 val_auc=0.8966 val_f1_macro=0.5512 (best_epoch=82, best_auprc=0.3819)
epoch 83: loss=1.1010 val_auprc=0.3838 val_auc=0.8975 val_f1_macro=0.5457 (best_epoch=83, best_auprc=0.3838)
epoch 84: loss=1.0951 val_auprc=0.3878 val_auc=0.8985 val_f1_macro=0.5549 (best_epoch=84, best_auprc=0.3878)
epoch 85: loss=1.0911 val_auprc=0.3923 val_auc=0.8995 val_f1_macro=0.5665 (best_epoch=85, best_auprc=0.3923)
epoch 86: loss=1.0991 val_auprc=0.3953 val_auc=0.9005 val_f1_macro=0.5655 (best_epoch=86, best_auprc=0.3953)
epoch 87: loss=1.1006 val_auprc=0.3962 val_auc=0.9012 val_f1_macro=0.5594 (best_epoch=87, best_auprc=0.3962)
epoch 88: loss=1.0992 val_auprc=0.3980 val_auc=0.9018 val_f1_macro=0.5585 (best_epoch=88, best_auprc=0.3980)
epoch 89: loss=1.0904 val_auprc=0.4001 val_auc=0.9025 val_f1_macro=0.5635 (best_epoch=89, best_auprc=0.4001)
epoch 90: loss=1.0905 val_auprc=0.4009 val_auc=0.9028 val_f1_macro=0.5637 (best_epoch=90, best_auprc=0.4009)
epoch 91: loss=1.0947 val_auprc=0.4023 val_auc=0.9033 val_f1_macro=0.5623 (best_epoch=91, best_auprc=0.4023)
epoch 92: loss=1.0855 val_auprc=0.4034 val_auc=0.9036 val_f1_macro=0.5634 (best_epoch=92, best_auprc=0.4034)
epoch 93: loss=1.0821 val_auprc=0.4046 val_auc=0.9040 val_f1_macro=0.5651 (best_epoch=93, best_auprc=0.4046)
epoch 94: loss=1.0902 val_auprc=0.4065 val_auc=0.9045 val_f1_macro=0.5636 (best_epoch=94, best_auprc=0.4065)
epoch 95: loss=1.0897 val_auprc=0.4092 val_auc=0.9052 val_f1_macro=0.5655 (best_epoch=95, best_auprc=0.4092)
epoch 96: loss=1.0845 val_auprc=0.4119 val_auc=0.9060 val_f1_macro=0.5690 (best_epoch=96, best_auprc=0.4119)
epoch 97: loss=1.0756 val_auprc=0.4139 val_auc=0.9067 val_f1_macro=0.5647 (best_epoch=97, best_auprc=0.4139)
epoch 98: loss=1.0791 val_auprc=0.4168 val_auc=0.9077 val_f1_macro=0.5696 (best_epoch=98, best_auprc=0.4168)
epoch 99: loss=1.0831 val_auprc=0.4199 val_auc=0.9083 val_f1_macro=0.5762 (best_epoch=99, best_auprc=0.4199)
Selected threshold (best val macro-F1): 0.85 (val F1=0.7136)
TEST metrics: {'auprc': 0.4395640475722885, 'auc': 0.9118861776742466, 'f1_macro': 0.716147035402249, 'recall': 0.4500334704026011, 'threshold_used': 0.8500000000000001, 'best_epoch': 99}