**************** MODEL CONFIGURATION ****************
alpha                    -->   2
batch_size               -->   256
cuda_id                  -->   0
data_dir                 -->   ./data/
data_name                -->   amazon
emb_size                 -->   64
lr                       -->   0.005
model                    -->   PCGNN
multi_relation           -->   GNN
no_cuda                  -->   False
num_epochs               -->   51
optimizer                -->   adam
results_dir              -->   ./results/unified/amazon/pcgnn/tuning_tr40/rho_0p8
rho                      -->   0.8
run_mode                 -->   unified_tuning_amazon_tr40_rho0p8_seed72
save_dir                 -->   ./pytorch_models/
seed                     -->   72
split_path               -->   ./shared/splits/amazon/amazon_TR40_seed2.npz
test_ratio               -->   0.6666666666666666
thres                    -->   0.4
train_ratio              -->   0.4
valid_epochs             -->   5
weight_decay             -->   0.0005
**************** MODEL CONFIGURATION ****************
Run on amazon, postive/total num: 821.0/11944, train num 3455,valid num 1728, test num 3456, test positive num 329.0
Classification threshold: 0.4
Feature dimension: 25
Model: PCGNN, multi-relation aggregator: GNN, emb_size: 64.
/kaggle/working/pcgnn_clean_restart/PC-GNN-COMP8851-Instrumented/src/model_handler.py:258: UserWarning: The torch.cuda.*DtypeTensor constructors are no longer recommended. It's best to use methods such as torch.tensor(data, dtype=*, device='cuda') to create tensors. (Triggered internally at /pytorch/torch/csrc/tensor/python_tensor.cpp:78.)
  batch_loss = gnn_model.loss(batch_nodes, Variable(torch.cuda.LongTensor(batch_label)))
Epoch: 0, loss: 1.9070299069086711, time: 2.580075511999894s
Valid at epoch 0
   GNN F1-binary-1: 0.3341	F1-binary-0: 0.7848	F1-macro: 0.5595	G-Mean: 0.7506	AUC: 0.8822
   GNN TP: 141	TN: 1025	FN: 23	FP: 539
Label1 F1: 0.4753	Accuracy: 0.9059	Recall: 0.5000	AUC: 0.3071	AP: 0.0635
  Saving model ...
Epoch: 1, loss: 1.75102698802948, time: 2.0253220750000764s
Epoch: 2, loss: 1.6753052075703938, time: 2.023908888999358s
Epoch: 3, loss: 1.5912134250005086, time: 2.00493108199953s
Epoch: 4, loss: 1.5644375483194988, time: 2.9535567500006437s
Epoch: 5, loss: 1.52587894598643, time: 2.089664059001734s
Valid at epoch 5
   GNN F1-binary-1: 0.6512	F1-binary-0: 0.9560	F1-macro: 0.8036	G-Mean: 0.8489	AUC: 0.9154
   GNN TP: 126	TN: 1467	FN: 38	FP: 97
Label1 F1: 0.4753	Accuracy: 0.9059	Recall: 0.5000	AUC: 0.7210	AP: 0.1950
  Saving model ...
Epoch: 6, loss: 1.4459062814712524, time: 2.0049666589984554s
Epoch: 7, loss: 1.3445612986882527, time: 1.9917365580004116s
Epoch: 8, loss: 1.3570005496342976, time: 1.9850011839989747s
Epoch: 9, loss: 1.3430725733439128, time: 2.005912995999097s
Epoch: 10, loss: 1.3274043798446655, time: 1.999859221999941s
Valid at epoch 10
   GNN F1-binary-1: 0.6667	F1-binary-0: 0.9561	F1-macro: 0.8114	G-Mean: 0.8734	AUC: 0.9296
   GNN TP: 134	TN: 1460	FN: 30	FP: 104
Label1 F1: 0.4753	Accuracy: 0.9059	Recall: 0.5000	AUC: 0.8368	AP: 0.7104
  Saving model ...
Epoch: 11, loss: 1.239276925722758, time: 2.0095608819992776s
Epoch: 12, loss: 1.2161792914072673, time: 2.0563071350006794s
Epoch: 13, loss: 1.1790215969085693, time: 2.0171754540006077s
Epoch: 14, loss: 1.2314894994099934, time: 1.915834776000338s
Epoch: 15, loss: 1.1776872475941975, time: 1.9881896679999045s
Valid at epoch 15
   GNN F1-binary-1: 0.7090	F1-binary-0: 0.9643	F1-macro: 0.8366	G-Mean: 0.8805	AUC: 0.9307
   GNN TP: 134	TN: 1484	FN: 30	FP: 80
Label1 F1: 0.4753	Accuracy: 0.9059	Recall: 0.5000	AUC: 0.8438	AP: 0.7481
  Saving model ...
Epoch: 16, loss: 1.1177804470062256, time: 1.8759603839989722s
Epoch: 17, loss: 1.1060043970743816, time: 1.9369409779992566s
Epoch: 18, loss: 1.140752911567688, time: 2.079621181999755s
Epoch: 19, loss: 1.1304084062576294, time: 1.9945402659996034s
Epoch: 20, loss: 1.07980477809906, time: 2.0388788509990263s
Valid at epoch 20
   GNN F1-binary-1: 0.6911	F1-binary-0: 0.9616	F1-macro: 0.8264	G-Mean: 0.8721	AUC: 0.9185
   GNN TP: 132	TN: 1478	FN: 32	FP: 86
Label1 F1: 0.4753	Accuracy: 0.9059	Recall: 0.5000	AUC: 0.8447	AP: 0.7558
Epoch: 21, loss: 1.1391288042068481, time: 2.057665084999826s
Epoch: 22, loss: 1.0478923916816711, time: 1.9892228640001122s
Epoch: 23, loss: 1.0388049681981404, time: 2.0359564930004126s
Epoch: 24, loss: 1.1094818512598674, time: 1.987208324000676s
Epoch: 25, loss: 1.021504541238149, time: 2.7090881330004777s
Valid at epoch 25
   GNN F1-binary-1: 0.7263	F1-binary-0: 0.9684	F1-macro: 0.8473	G-Mean: 0.8719	AUC: 0.9304
   GNN TP: 130	TN: 1500	FN: 34	FP: 64
Label1 F1: 0.4957	Accuracy: 0.9077	Recall: 0.5105	AUC: 0.8434	AP: 0.7557
Epoch: 26, loss: 1.0407464504241943, time: 2.0125798219996796s
Epoch: 27, loss: 1.0633374452590942, time: 1.977164799000093s
Epoch: 28, loss: 0.9879808028539022, time: 2.0508772209996096s
Epoch: 29, loss: 1.027206798394521, time: 2.079731763999007s
Epoch: 30, loss: 1.0213807423909504, time: 1.9822517369993875s
Valid at epoch 30
   GNN F1-binary-1: 0.7584	F1-binary-0: 0.9748	F1-macro: 0.8666	G-Mean: 0.8586	AUC: 0.9342
   GNN TP: 124	TN: 1525	FN: 40	FP: 39
Label1 F1: 0.5196	Accuracy: 0.9102	Recall: 0.5236	AUC: 0.8428	AP: 0.7548
  Saving model ...
Epoch: 31, loss: 1.0612792372703552, time: 1.9783687550007016s
Epoch: 32, loss: 1.0606853365898132, time: 2.009343990001071s
Epoch: 33, loss: 1.0595449209213257, time: 1.9930817559998104s
Epoch: 34, loss: 0.9921882351239523, time: 1.9797495570001047s
Epoch: 35, loss: 0.9779715538024902, time: 1.9533666750012344s
Valid at epoch 35
   GNN F1-binary-1: 0.7738	F1-binary-0: 0.9756	F1-macro: 0.8747	G-Mean: 0.8783	AUC: 0.9295
   GNN TP: 130	TN: 1522	FN: 34	FP: 42
Label1 F1: 0.5409	Accuracy: 0.9124	Recall: 0.5351	AUC: 0.8420	AP: 0.7529
Epoch: 36, loss: 0.9777398904164633, time: 2.0096821949991863s
Epoch: 37, loss: 1.010054608186086, time: 1.918043886000305s
Epoch: 38, loss: 0.9238173564275106, time: 1.963379242000883s
Epoch: 39, loss: 1.001818100611369, time: 1.9099057800012815s
Epoch: 40, loss: 1.018226941426595, time: 1.9113089219990798s
Valid at epoch 40
   GNN F1-binary-1: 0.7669	F1-binary-0: 0.9757	F1-macro: 0.8713	G-Mean: 0.8626	AUC: 0.9428
   GNN TP: 125	TN: 1527	FN: 39	FP: 37
Label1 F1: 0.5604	Accuracy: 0.9146	Recall: 0.5464	AUC: 0.8423	AP: 0.7534
  Saving model ...
Epoch: 41, loss: 0.9027690887451172, time: 1.9604140730007202s
Epoch: 42, loss: 0.9856911897659302, time: 2.055521651000163s
Epoch: 43, loss: 0.9889929493268331, time: 1.918474045000039s
Epoch: 44, loss: 0.9726313352584839, time: 2.7176149429997167s
Epoch: 45, loss: 1.0300924181938171, time: 1.9970342670003447s
Valid at epoch 45
   GNN F1-binary-1: 0.7578	F1-binary-0: 0.9751	F1-macro: 0.8664	G-Mean: 0.8525	AUC: 0.9423
   GNN TP: 122	TN: 1528	FN: 42	FP: 36
Label1 F1: 0.6060	Accuracy: 0.9198	Recall: 0.5740	AUC: 0.8423	AP: 0.7532
Epoch: 46, loss: 0.9676394859949747, time: 1.9290587260002212s
Epoch: 47, loss: 1.0300581455230713, time: 1.9605970930006151s
Epoch: 48, loss: 0.9580949147542318, time: 1.9354162569998152s
Epoch: 49, loss: 1.000919222831726, time: 1.9668347659990104s
Epoch: 50, loss: 0.9735051194826762, time: 1.8957228059989575s
Valid at epoch 50
   GNN F1-binary-1: 0.7476	F1-binary-0: 0.9749	F1-macro: 0.8612	G-Mean: 0.8360	AUC: 0.9374
   GNN TP: 117	TN: 1532	FN: 47	FP: 32
Label1 F1: 0.6732	Accuracy: 0.9278	Recall: 0.6201	AUC: 0.8418	AP: 0.7517
Restore model from epoch 40
Model path: ./results/unified/amazon/pcgnn/tuning_tr40/rho_0p8/20260909T113548696484Z_amazon_PCGNN_unified_tuning_amazon_tr40_rho0p8_seed72_seed72/checkpoints/amazon_PCGNN.pkl
   GNN F1-binary-1: 0.7779	F1-binary-0: 0.9754	F1-macro: 0.8767	G-Mean: 0.8892	AUC: 0.9632
   GNN TP: 268	TN: 3035	FN: 61	FP: 92
Label1 F1: 0.5833	Accuracy: 0.9163	Recall: 0.5607	AUC: 0.8898	AP: 0.8105
Structured run artifacts: ./results/unified/amazon/pcgnn/tuning_tr40/rho_0p8/20260909T113548696484Z_amazon_PCGNN_unified_tuning_amazon_tr40_rho0p8_seed72_seed72
Average training epoch time: 2.047502s
F1-Macro: 0.8766764148261272
AUC: 0.9631613275102718
G-Mean: 0.8891701098511763
