**************** MODEL CONFIGURATION ****************
alpha                    -->   2
batch_size               -->   256
cuda_id                  -->   0
data_dir                 -->   ./data/
data_name                -->   amazon
emb_size                 -->   64
lr                       -->   0.005
model                    -->   PCGNN
multi_relation           -->   GNN
no_cuda                  -->   False
num_epochs               -->   51
optimizer                -->   adam
results_dir              -->   ./results/unified/amazon/pcgnn/tuning_tr40/rho_0p2
rho                      -->   0.2
run_mode                 -->   unified_tuning_amazon_tr40_rho0p2_seed72
save_dir                 -->   ./pytorch_models/
seed                     -->   72
split_path               -->   ./shared/splits/amazon/amazon_TR40_seed2.npz
test_ratio               -->   0.6666666666666666
thres                    -->   0.4
train_ratio              -->   0.4
valid_epochs             -->   5
weight_decay             -->   0.0005
**************** MODEL CONFIGURATION ****************
Run on amazon, postive/total num: 821.0/11944, train num 3455,valid num 1728, test num 3456, test positive num 329.0
Classification threshold: 0.4
Feature dimension: 25
Model: PCGNN, multi-relation aggregator: GNN, emb_size: 64.
/kaggle/working/pcgnn_clean_restart/PC-GNN-COMP8851-Instrumented/src/model_handler.py:258: UserWarning: The torch.cuda.*DtypeTensor constructors are no longer recommended. It's best to use methods such as torch.tensor(data, dtype=*, device='cuda') to create tensors. (Triggered internally at /pytorch/torch/csrc/tensor/python_tensor.cpp:78.)
  batch_loss = gnn_model.loss(batch_nodes, Variable(torch.cuda.LongTensor(batch_label)))
Epoch: 0, loss: 1.9095892111460369, time: 2.34266084400042s
Valid at epoch 0
   GNN F1-binary-1: 0.3353	F1-binary-0: 0.7842	F1-macro: 0.5598	G-Mean: 0.7526	AUC: 0.8851
   GNN TP: 142	TN: 1023	FN: 22	FP: 541
Label1 F1: 0.4753	Accuracy: 0.9059	Recall: 0.5000	AUC: 0.3071	AP: 0.0635
  Saving model ...
Epoch: 1, loss: 1.7651861508687336, time: 1.9006077039994125s
Epoch: 2, loss: 1.6982974608739216, time: 1.8880041930005973s
Epoch: 3, loss: 1.619196613629659, time: 2.5648629480001546s
Epoch: 4, loss: 1.6027092933654785, time: 1.8911746279991348s
Epoch: 5, loss: 1.5735578536987305, time: 1.8581636760009133s
Valid at epoch 5
   GNN F1-binary-1: 0.6992	F1-binary-0: 0.9640	F1-macro: 0.8316	G-Mean: 0.8651	AUC: 0.9183
   GNN TP: 129	TN: 1488	FN: 35	FP: 76
Label1 F1: 0.4753	Accuracy: 0.9059	Recall: 0.5000	AUC: 0.7210	AP: 0.1950
  Saving model ...
Epoch: 6, loss: 1.5050582091013591, time: 1.8338783319995855s
Epoch: 7, loss: 1.3991103967030842, time: 1.9265018070000224s
Epoch: 8, loss: 1.4358182350794475, time: 1.873963031999665s
Epoch: 9, loss: 1.4327484766642253, time: 1.904504181999073s
Epoch: 10, loss: 1.4285659790039062, time: 1.8791865759994835s
Valid at epoch 10
   GNN F1-binary-1: 0.7074	F1-binary-0: 0.9643	F1-macro: 0.8359	G-Mean: 0.8775	AUC: 0.9380
   GNN TP: 133	TN: 1485	FN: 31	FP: 79
Label1 F1: 0.4753	Accuracy: 0.9059	Recall: 0.5000	AUC: 0.8368	AP: 0.7104
  Saving model ...
Epoch: 11, loss: 1.36695663134257, time: 1.8548847080000996s
Epoch: 12, loss: 1.361938238143921, time: 1.8867445060004684s
Epoch: 13, loss: 1.34072744846344, time: 1.9316459519995988s
Epoch: 14, loss: 1.413326899210612, time: 1.8328932499989605s
Epoch: 15, loss: 1.3237263361612956, time: 1.8844866409999668s
Valid at epoch 15
   GNN F1-binary-1: 0.7139	F1-binary-0: 0.9646	F1-macro: 0.8392	G-Mean: 0.8867	AUC: 0.9434
   GNN TP: 136	TN: 1483	FN: 28	FP: 81
Label1 F1: 0.4753	Accuracy: 0.9059	Recall: 0.5000	AUC: 0.8438	AP: 0.7481
  Saving model ...
Epoch: 16, loss: 1.2606070041656494, time: 1.797206979999828s
Epoch: 17, loss: 1.2574418783187866, time: 1.8917015259994514s
Epoch: 18, loss: 1.3216538031895955, time: 1.9192183619998104s
Epoch: 19, loss: 1.3151685396830242, time: 1.9403367149989208s
Epoch: 20, loss: 1.2454500198364258, time: 1.9102554979999695s
Valid at epoch 20
   GNN F1-binary-1: 0.6321	F1-binary-0: 0.9459	F1-macro: 0.7890	G-Mean: 0.8819	AUC: 0.9406
   GNN TP: 140	TN: 1425	FN: 24	FP: 139
Label1 F1: 0.4753	Accuracy: 0.9059	Recall: 0.5000	AUC: 0.8447	AP: 0.7558
Epoch: 21, loss: 1.3102426528930664, time: 1.8691962339999009s
Epoch: 22, loss: 1.1825817823410034, time: 2.622130300000208s
Epoch: 23, loss: 1.1549437443415325, time: 1.9199287609990279s
Epoch: 24, loss: 1.2720555464426677, time: 1.8722316210005374s
Epoch: 25, loss: 1.191620906194051, time: 1.8703851860009308s
Valid at epoch 25
   GNN F1-binary-1: 0.6987	F1-binary-0: 0.9611	F1-macro: 0.8299	G-Mean: 0.8896	AUC: 0.9404
   GNN TP: 138	TN: 1471	FN: 26	FP: 93
Label1 F1: 0.4957	Accuracy: 0.9077	Recall: 0.5105	AUC: 0.8434	AP: 0.7557
Epoch: 26, loss: 1.2302783330281575, time: 1.9220507019999786s
Epoch: 27, loss: 1.2304550011952717, time: 1.8374092140002176s
Epoch: 28, loss: 1.1313838561375935, time: 1.862454226000409s
Epoch: 29, loss: 1.1882483164469402, time: 1.9355193040009908s
Epoch: 30, loss: 1.2121501763661702, time: 1.860477587000787s
Valid at epoch 30
   GNN F1-binary-1: 0.5168	F1-binary-0: 0.9056	F1-macro: 0.7112	G-Mean: 0.8632	AUC: 0.9467
   GNN TP: 146	TN: 1309	FN: 18	FP: 255
Label1 F1: 0.5196	Accuracy: 0.9102	Recall: 0.5236	AUC: 0.8428	AP: 0.7548
  Saving model ...
Epoch: 31, loss: 1.2147097984949748, time: 1.8498680729990156s
Epoch: 32, loss: 1.2457149028778076, time: 1.8883592140009569s
Epoch: 33, loss: 1.242458701133728, time: 1.903663097999015s
Epoch: 34, loss: 1.1486379305521648, time: 1.901319949000026s
Epoch: 35, loss: 1.151899774869283, time: 1.8739455989998532s
Valid at epoch 35
   GNN F1-binary-1: 0.6880	F1-binary-0: 0.9583	F1-macro: 0.8232	G-Mean: 0.8930	AUC: 0.9426
   GNN TP: 140	TN: 1461	FN: 24	FP: 103
Label1 F1: 0.5409	Accuracy: 0.9124	Recall: 0.5351	AUC: 0.8420	AP: 0.7529
Epoch: 36, loss: 1.1243284543355305, time: 1.9429676179988746s
Epoch: 37, loss: 1.159686009089152, time: 1.8303573580014927s
Epoch: 38, loss: 1.0559397339820862, time: 1.9138438569989376s
Epoch: 39, loss: 1.1452398300170898, time: 1.787854382999285s
Epoch: 40, loss: 1.1553338766098022, time: 1.8211255339992931s
Valid at epoch 40
   GNN F1-binary-1: 0.6667	F1-binary-0: 0.9535	F1-macro: 0.8101	G-Mean: 0.8916	AUC: 0.9494
   GNN TP: 141	TN: 1446	FN: 23	FP: 118
Label1 F1: 0.5604	Accuracy: 0.9146	Recall: 0.5464	AUC: 0.8423	AP: 0.7534
  Saving model ...
Epoch: 41, loss: 1.036144455273946, time: 1.8641976159997284s
Epoch: 42, loss: 1.1091777483622234, time: 2.7188849249996565s
Epoch: 43, loss: 1.145091454188029, time: 1.8292650150015106s
Epoch: 44, loss: 1.1256338357925415, time: 1.8982649839999794s
Epoch: 45, loss: 1.151505708694458, time: 1.9230944999999338s
Valid at epoch 45
   GNN F1-binary-1: 0.6828	F1-binary-0: 0.9570	F1-macro: 0.8199	G-Mean: 0.8946	AUC: 0.9546
   GNN TP: 141	TN: 1456	FN: 23	FP: 108
Label1 F1: 0.6060	Accuracy: 0.9198	Recall: 0.5740	AUC: 0.8423	AP: 0.7532
  Saving model ...
Epoch: 46, loss: 1.0589483380317688, time: 1.8289098069999454s
Epoch: 47, loss: 1.1629931529362996, time: 1.8617719630001375s
Epoch: 48, loss: 1.0786784092585247, time: 1.7774888009989809s
Epoch: 49, loss: 1.1637773911158245, time: 1.8773396050000883s
Epoch: 50, loss: 1.1081569194793701, time: 1.8221005840005091s
Valid at epoch 50
   GNN F1-binary-1: 0.7143	F1-binary-0: 0.9634	F1-macro: 0.8389	G-Mean: 0.8976	AUC: 0.9542
   GNN TP: 140	TN: 1476	FN: 24	FP: 88
Label1 F1: 0.6732	Accuracy: 0.9278	Recall: 0.6201	AUC: 0.8418	AP: 0.7517
Restore model from epoch 45
Model path: ./results/unified/amazon/pcgnn/tuning_tr40/rho_0p2/20260909T112524687690Z_amazon_PCGNN_unified_tuning_amazon_tr40_rho0p2_seed72_seed72/checkpoints/amazon_PCGNN.pkl
   GNN F1-binary-1: 0.6987	F1-binary-0: 0.9576	F1-macro: 0.8281	G-Mean: 0.9167	AUC: 0.9704
   GNN TP: 298	TN: 2901	FN: 31	FP: 226
Label1 F1: 0.6279	Accuracy: 0.9222	Recall: 0.5901	AUC: 0.8899	AP: 0.8101
Structured run artifacts: ./results/unified/amazon/pcgnn/tuning_tr40/rho_0p2/20260909T112524687690Z_amazon_PCGNN_unified_tuning_amazon_tr40_rho0p2_seed72_seed72
Average training epoch time: 1.929398s
F1-Macro: 0.8281470967297542
AUC: 0.9704106696941921
G-Mean: 0.916684961858044
