**************** MODEL CONFIGURATION ****************
alpha                    -->   2
batch_size               -->   256
cuda_id                  -->   0
data_dir                 -->   ./data/
data_name                -->   amazon
emb_size                 -->   64
lr                       -->   0.005
model                    -->   PCGNN
multi_relation           -->   GNN
no_cuda                  -->   False
num_epochs               -->   51
optimizer                -->   adam
results_dir              -->   ./results/unified/amazon/pcgnn/tuning_tr40/rho_0p5
rho                      -->   0.5
run_mode                 -->   unified_tuning_amazon_tr40_rho0p5_seed72
save_dir                 -->   ./pytorch_models/
seed                     -->   72
split_path               -->   ./shared/splits/amazon/amazon_TR40_seed2.npz
test_ratio               -->   0.6666666666666666
thres                    -->   0.4
train_ratio              -->   0.4
valid_epochs             -->   5
weight_decay             -->   0.0005
**************** MODEL CONFIGURATION ****************
Run on amazon, postive/total num: 821.0/11944, train num 3455,valid num 1728, test num 3456, test positive num 329.0
Classification threshold: 0.4
Feature dimension: 25
Model: PCGNN, multi-relation aggregator: GNN, emb_size: 64.
/kaggle/working/pcgnn_clean_restart/PC-GNN-COMP8851-Instrumented/src/model_handler.py:258: UserWarning: The torch.cuda.*DtypeTensor constructors are no longer recommended. It's best to use methods such as torch.tensor(data, dtype=*, device='cuda') to create tensors. (Triggered internally at /pytorch/torch/csrc/tensor/python_tensor.cpp:78.)
  batch_loss = gnn_model.loss(batch_nodes, Variable(torch.cuda.LongTensor(batch_label)))
Epoch: 0, loss: 1.907681902249654, time: 2.4093949220005015s
Valid at epoch 0
   GNN F1-binary-1: 0.3322	F1-binary-0: 0.7805	F1-macro: 0.5563	G-Mean: 0.7496	AUC: 0.8841
   GNN TP: 142	TN: 1015	FN: 22	FP: 549
Label1 F1: 0.4753	Accuracy: 0.9059	Recall: 0.5000	AUC: 0.3071	AP: 0.0635
  Saving model ...
Epoch: 1, loss: 1.757001797358195, time: 1.9569968479991076s
Epoch: 2, loss: 1.6852657794952393, time: 1.979071195999495s
Epoch: 3, loss: 1.6051135460535686, time: 1.8696496760003356s
Epoch: 4, loss: 1.5848238070805867, time: 2.740795113999411s
Epoch: 5, loss: 1.5512781143188477, time: 2.001258850999875s
Valid at epoch 5
   GNN F1-binary-1: 0.6598	F1-binary-0: 0.9566	F1-macro: 0.8082	G-Mean: 0.8587	AUC: 0.9180
   GNN TP: 129	TN: 1466	FN: 35	FP: 98
Label1 F1: 0.4753	Accuracy: 0.9059	Recall: 0.5000	AUC: 0.7210	AP: 0.1950
  Saving model ...
Epoch: 6, loss: 1.4796593586603801, time: 1.970532307999747s
Epoch: 7, loss: 1.3710859616597493, time: 2.0295352159992035s
Epoch: 8, loss: 1.3979933261871338, time: 2.0213636260014027s
Epoch: 9, loss: 1.39117427666982, time: 2.098746081999707s
Epoch: 10, loss: 1.3804539044698079, time: 1.968476644000475s
Valid at epoch 10
   GNN F1-binary-1: 0.6854	F1-binary-0: 0.9599	F1-macro: 0.8226	G-Mean: 0.8766	AUC: 0.9322
   GNN TP: 134	TN: 1471	FN: 30	FP: 93
Label1 F1: 0.4753	Accuracy: 0.9059	Recall: 0.5000	AUC: 0.8368	AP: 0.7104
  Saving model ...
Epoch: 11, loss: 1.3013228575388591, time: 2.087550182999621s
Epoch: 12, loss: 1.2836230993270874, time: 2.2097696010005166s
Epoch: 13, loss: 1.2453406651814778, time: 2.1644974400005594s
Epoch: 14, loss: 1.308549960454305, time: 2.0553303269989556s
Epoch: 15, loss: 1.2246874570846558, time: 2.065603678000116s
Valid at epoch 15
   GNN F1-binary-1: 0.7013	F1-binary-0: 0.9626	F1-macro: 0.8319	G-Mean: 0.8820	AUC: 0.9329
   GNN TP: 135	TN: 1478	FN: 29	FP: 86
Label1 F1: 0.4753	Accuracy: 0.9059	Recall: 0.5000	AUC: 0.8438	AP: 0.7481
  Saving model ...
Epoch: 16, loss: 1.1741888523101807, time: 2.049792099000115s
Epoch: 17, loss: 1.1449658870697021, time: 2.1063905139999406s
Epoch: 18, loss: 1.2027204434076946, time: 2.192516618000809s
Epoch: 19, loss: 1.1910480658213298, time: 2.1108371979989897s
Epoch: 20, loss: 1.1224261124928792, time: 2.1552299890008726s
Valid at epoch 20
   GNN F1-binary-1: 0.6700	F1-binary-0: 0.9568	F1-macro: 0.8134	G-Mean: 0.8739	AUC: 0.9270
   GNN TP: 134	TN: 1462	FN: 30	FP: 102
Label1 F1: 0.4753	Accuracy: 0.9059	Recall: 0.5000	AUC: 0.8447	AP: 0.7558
Epoch: 21, loss: 1.181273063023885, time: 2.0602490840010432s
Epoch: 22, loss: 1.08193701505661, time: 2.0896564400009083s
Epoch: 23, loss: 1.0658931334813435, time: 2.2381719699988025s
Epoch: 24, loss: 1.151022990544637, time: 2.151095269000507s
Epoch: 25, loss: 1.06105903784434, time: 2.872678140000062s
Valid at epoch 25
   GNN F1-binary-1: 0.6905	F1-binary-0: 0.9605	F1-macro: 0.8255	G-Mean: 0.8802	AUC: 0.9373
   GNN TP: 135	TN: 1472	FN: 29	FP: 92
Label1 F1: 0.4957	Accuracy: 0.9077	Recall: 0.5105	AUC: 0.8434	AP: 0.7557
  Saving model ...
Epoch: 26, loss: 1.0769699017206829, time: 2.033296785000857s
Epoch: 27, loss: 1.1087222496668498, time: 1.9649575439998443s
Epoch: 28, loss: 1.0147745211919148, time: 2.015603015999659s
Epoch: 29, loss: 1.0846829414367676, time: 2.1109617500005697s
Epoch: 30, loss: 1.070220907529195, time: 2.1509763239992026s
Valid at epoch 30
   GNN F1-binary-1: 0.7135	F1-binary-0: 0.9657	F1-macro: 0.8396	G-Mean: 0.8757	AUC: 0.9432
   GNN TP: 132	TN: 1490	FN: 32	FP: 74
Label1 F1: 0.5196	Accuracy: 0.9102	Recall: 0.5236	AUC: 0.8428	AP: 0.7548
  Saving model ...
Epoch: 31, loss: 1.08936603864034, time: 2.1843879940006445s
Epoch: 32, loss: 1.1034648418426514, time: 2.258414162999543s
Epoch: 33, loss: 1.0974280039469402, time: 2.1206162679991394s
Epoch: 34, loss: 1.0344212849934895, time: 2.256446784000218s
Epoch: 35, loss: 1.0271414518356323, time: 2.177688075000333s
Valid at epoch 35
   GNN F1-binary-1: 0.7627	F1-binary-0: 0.9729	F1-macro: 0.8678	G-Mean: 0.8912	AUC: 0.9381
   GNN TP: 135	TN: 1509	FN: 29	FP: 55
Label1 F1: 0.5409	Accuracy: 0.9124	Recall: 0.5351	AUC: 0.8420	AP: 0.7529
Epoch: 36, loss: 1.017035722732544, time: 2.1768303610006114s
Epoch: 37, loss: 1.054880936940511, time: 2.111768108999968s
Epoch: 38, loss: 0.9604241847991943, time: 2.1818888779998815s
Epoch: 39, loss: 1.0461899439493816, time: 2.0730519850003475s
Epoch: 40, loss: 1.0625637372334797, time: 2.1216493860010814s
Valid at epoch 40
   GNN F1-binary-1: 0.7670	F1-binary-0: 0.9747	F1-macro: 0.8708	G-Mean: 0.8774	AUC: 0.9513
   GNN TP: 130	TN: 1519	FN: 34	FP: 45
Label1 F1: 0.5604	Accuracy: 0.9146	Recall: 0.5464	AUC: 0.8423	AP: 0.7534
  Saving model ...
Epoch: 41, loss: 0.9376514355341593, time: 2.1182533060000424s
Epoch: 42, loss: 1.007250189781189, time: 2.1884036480005307s
Epoch: 43, loss: 1.0218249162038167, time: 2.0852117790000193s
Epoch: 44, loss: 1.0213195482889812, time: 2.958867683999415s
Epoch: 45, loss: 1.060705025990804, time: 2.1270552329988277s
Valid at epoch 45
   GNN F1-binary-1: 0.7253	F1-binary-0: 0.9677	F1-macro: 0.8465	G-Mean: 0.8774	AUC: 0.9468
   GNN TP: 132	TN: 1496	FN: 32	FP: 68
Label1 F1: 0.6060	Accuracy: 0.9198	Recall: 0.5740	AUC: 0.8423	AP: 0.7532
Epoch: 46, loss: 0.9835442105929056, time: 2.0199554299997544s
Epoch: 47, loss: 1.0785607894261677, time: 2.079677695999635s
Epoch: 48, loss: 0.9916053811709086, time: 2.019537758998922s
Epoch: 49, loss: 1.0421886841456096, time: 2.1620476829994004s
Epoch: 50, loss: 1.0217174887657166, time: 2.0255041519994847s
Valid at epoch 50
   GNN F1-binary-1: 0.7463	F1-binary-0: 0.9728	F1-macro: 0.8595	G-Mean: 0.8601	AUC: 0.9438
   GNN TP: 125	TN: 1518	FN: 39	FP: 46
Label1 F1: 0.6732	Accuracy: 0.9278	Recall: 0.6201	AUC: 0.8418	AP: 0.7517
Restore model from epoch 40
Model path: ./results/unified/amazon/pcgnn/tuning_tr40/rho_0p5/20260909T113022872149Z_amazon_PCGNN_unified_tuning_amazon_tr40_rho0p5_seed72_seed72/checkpoints/amazon_PCGNN.pkl
   GNN F1-binary-1: 0.7920	F1-binary-0: 0.9765	F1-macro: 0.8843	G-Mean: 0.9052	AUC: 0.9644
   GNN TP: 278	TN: 3032	FN: 51	FP: 95
Label1 F1: 0.5833	Accuracy: 0.9163	Recall: 0.5607	AUC: 0.8898	AP: 0.8105
Structured run artifacts: ./results/unified/amazon/pcgnn/tuning_tr40/rho_0p5/20260909T113022872149Z_amazon_PCGNN_unified_tuning_amazon_tr40_rho0p5_seed72_seed72
Average training epoch time: 2.144671s
F1-Macro: 0.8842561625170321
AUC: 0.9643695512075919
G-Mean: 0.9051594853654907
