nohup: ignoring input
/workspace/COMP8851-fraud-dataset-analysis/models/dga-gnn/dga_gnn_upstream/code
wandb: Tracking run with wandb version 0.13.10
wandb: W&B syncing is set to `offline` in this directory.  
wandb: Run `wandb online` or set WANDB_MODE=online to enable cloud syncing.
========================================
数据名称 fdcompcn
总样本数: 5317
欺诈样本数: 559
非欺诈样本数: 4758
欺诈样本占比: 10.51%
特征个数: 57

invest_bc2bc边关系下的统计信息:
边的个数: 10865
平均出度: 2.04
provide_bc2bc边关系下的统计信息:
边的个数: 6077
平均出度: 1.14
sale_bc2bc边关系下的统计信息:
边的个数: 6359
平均出度: 1.20

数据划分情况:
训练集: 2126 验证集: 1053 测试集: 2138
训练集: 39.98% 验证集: 19.80% 测试集: 40.21%
========================================
超参数设定：
dname: fdcompcn
project: dga_reproduction
model: dga_bin
bin_encoding: true
n_head: 2
n_hidden: 64
p: 0.3
k: 4
z: 0.025
seed: 2
bs: 256
lr: 0.001
weight_decay: 0.0005
max_epochs: 10000
patience: 25
usegpu: true
gpuid: 0
nowandb: true

n_etypes 3
n_classes 2
========================================
after bin_encoding： (5317, 265)
========================================
{'unclear_up': 0.025, 'unclear_down': 0.025}
GPU available: True (cuda), used: True
TPU available: False, using: 0 TPU cores
IPU available: False, using: 0 IPUs
HPU available: False, using: 0 HPUs
You are using a CUDA device ('NVIDIA RTX A6000') that has Tensor Cores. To properly utilize them, you should set `torch.set_float32_matmul_precision('medium' | 'high')` which will trade-off precision for performance. For more details, read https://pytorch.org/docs/stable/generated/torch.set_float32_matmul_precision.html#torch.set_float32_matmul_precision
LOCAL_RANK: 0 - CUDA_VISIBLE_DEVICES: [0]

  | Name | Type | Params
------------------------------
0 | dga  | DGA  | 117 K 
------------------------------
117 K     Trainable params
0         Non-trainable params
117 K     Total params
0.471     Total estimated model params size (MB)
Epoch 0: {'val_loss': '0.67734', 'g0': '0.00002', 'g1': '0.05315', 'flip_r': '0.00038', 'pmean': '0.48500', 'trn_auc': '0.47659', 'val_auc': '0.47542', 'tst_auc': '0.52909', 'trn_aps': '0.10152', 'val_aps': '0.09965', 'tst_aps': '0.12054', 'trn_loss0': '1.33038'}
Epoch 1: {'val_loss': '0.63658', 'g0': '0.00001', 'g1': '0.05316', 'flip_r': '0.00019', 'pmean': '0.45791', 'trn_auc': '0.49123', 'val_auc': '0.49590', 'tst_auc': '0.52388', 'trn_aps': '0.10674', 'val_aps': '0.11197', 'tst_aps': '0.12054', 'trn_loss0': '0.97216'}
Epoch 2: {'val_loss': '0.56292', 'g0': '0.00002', 'g1': '0.05315', 'flip_r': '0.00019', 'pmean': '0.40403', 'trn_auc': '0.50777', 'val_auc': '0.51657', 'tst_auc': '0.53582', 'trn_aps': '0.11265', 'val_aps': '0.12082', 'tst_aps': '0.12009', 'trn_loss0': '0.75767'}
Epoch 3: {'val_loss': '0.49203', 'g0': '0.00006', 'g1': '0.05311', 'flip_r': '0.00075', 'pmean': '0.34181', 'trn_auc': '0.51310', 'val_auc': '0.52109', 'tst_auc': '0.53625', 'trn_aps': '0.11083', 'val_aps': '0.12529', 'tst_aps': '0.12226', 'trn_loss0': '0.59976'}
Epoch 4: {'val_loss': '0.43734', 'g0': '0.00015', 'g1': '0.05302', 'flip_r': '0.00169', 'pmean': '0.28462', 'trn_auc': '0.51202', 'val_auc': '0.52867', 'tst_auc': '0.53130', 'trn_aps': '0.11098', 'val_aps': '0.12719', 'tst_aps': '0.12100', 'trn_loss0': '0.51947'}
Epoch 5: {'val_loss': '0.39337', 'g0': '0.00025', 'g1': '0.05292', 'flip_r': '0.00188', 'pmean': '0.22747', 'trn_auc': '0.51334', 'val_auc': '0.52944', 'tst_auc': '0.52333', 'trn_aps': '0.11013', 'val_aps': '0.12257', 'tst_aps': '0.11894', 'trn_loss0': '0.45632'}
Epoch 6: {'val_loss': '0.36619', 'g0': '0.00025', 'g1': '0.05292', 'flip_r': '0.00075', 'pmean': '0.18066', 'trn_auc': '0.51463', 'val_auc': '0.53174', 'tst_auc': '0.51762', 'trn_aps': '0.11059', 'val_aps': '0.12422', 'tst_aps': '0.11587', 'trn_loss0': '0.42195'}
Epoch 7: {'val_loss': '0.35243', 'g0': '0.00047', 'g1': '0.05270', 'flip_r': '0.00451', 'pmean': '0.14543', 'trn_auc': '0.52378', 'val_auc': '0.54895', 'tst_auc': '0.51356', 'trn_aps': '0.11285', 'val_aps': '0.15838', 'tst_aps': '0.11193', 'trn_loss0': '0.39345'}
Epoch 8: {'val_loss': '0.34744', 'g0': '0.00035', 'g1': '0.05282', 'flip_r': '0.00339', 'pmean': '0.13171', 'trn_auc': '0.53325', 'val_auc': '0.56576', 'tst_auc': '0.51736', 'trn_aps': '0.11519', 'val_aps': '0.16369', 'tst_aps': '0.11166', 'trn_loss0': '0.38352'}
Epoch 9: {'val_loss': '0.34538', 'g0': '0.00031', 'g1': '0.05286', 'flip_r': '0.00188', 'pmean': '0.11697', 'trn_auc': '0.53920', 'val_auc': '0.57183', 'tst_auc': '0.51684', 'trn_aps': '0.11850', 'val_aps': '0.17090', 'tst_aps': '0.11127', 'trn_loss0': '0.38092'}
Epoch 10: {'val_loss': '0.34593', 'g0': '0.00036', 'g1': '0.05281', 'flip_r': '0.00244', 'pmean': '0.11057', 'trn_auc': '0.54586', 'val_auc': '0.58163', 'tst_auc': '0.51712', 'trn_aps': '0.11806', 'val_aps': '0.16989', 'tst_aps': '0.11390', 'trn_loss0': '0.35845'}
Epoch 11: {'val_loss': '0.34716', 'g0': '0.00053', 'g1': '0.05264', 'flip_r': '0.00658', 'pmean': '0.10350', 'trn_auc': '0.53706', 'val_auc': '0.57767', 'tst_auc': '0.51413', 'trn_aps': '0.11531', 'val_aps': '0.17248', 'tst_aps': '0.10830', 'trn_loss0': '0.37370'}
Epoch 12: {'val_loss': '0.34528', 'g0': '0.00064', 'g1': '0.05253', 'flip_r': '0.00621', 'pmean': '0.09546', 'trn_auc': '0.54035', 'val_auc': '0.56047', 'tst_auc': '0.52157', 'trn_aps': '0.11624', 'val_aps': '0.16097', 'tst_aps': '0.11375', 'trn_loss0': '0.37572'}
Epoch 13: {'val_loss': '0.34253', 'g0': '0.00033', 'g1': '0.05284', 'flip_r': '0.00621', 'pmean': '0.09483', 'trn_auc': '0.55487', 'val_auc': '0.57697', 'tst_auc': '0.52666', 'trn_aps': '0.11931', 'val_aps': '0.16042', 'tst_aps': '0.12179', 'trn_loss0': '0.36817'}
Epoch 14: {'val_loss': '0.34254', 'g0': '0.00022', 'g1': '0.05295', 'flip_r': '0.00433', 'pmean': '0.10202', 'trn_auc': '0.56403', 'val_auc': '0.58391', 'tst_auc': '0.52346', 'trn_aps': '0.12036', 'val_aps': '0.17470', 'tst_aps': '0.11830', 'trn_loss0': '0.37720'}
Epoch 15: {'val_loss': '0.34470', 'g0': '0.00017', 'g1': '0.05300', 'flip_r': '0.00207', 'pmean': '0.11262', 'trn_auc': '0.55595', 'val_auc': '0.58743', 'tst_auc': '0.53605', 'trn_aps': '0.11704', 'val_aps': '0.14622', 'tst_aps': '0.11617', 'trn_loss0': '0.35737'}
Epoch 16: {'val_loss': '0.34161', 'g0': '0.00017', 'g1': '0.05300', 'flip_r': '0.00150', 'pmean': '0.10995', 'trn_auc': '0.55552', 'val_auc': '0.59205', 'tst_auc': '0.53330', 'trn_aps': '0.11721', 'val_aps': '0.14700', 'tst_aps': '0.11493', 'trn_loss0': '0.36410'}
Epoch 17: {'val_loss': '0.34084', 'g0': '0.00014', 'g1': '0.05303', 'flip_r': '0.00207', 'pmean': '0.11467', 'trn_auc': '0.55169', 'val_auc': '0.58982', 'tst_auc': '0.53715', 'trn_aps': '0.11725', 'val_aps': '0.14326', 'tst_aps': '0.11766', 'trn_loss0': '0.35791'}
Epoch 18: {'val_loss': '0.33947', 'g0': '0.00017', 'g1': '0.05300', 'flip_r': '0.00132', 'pmean': '0.10343', 'trn_auc': '0.55262', 'val_auc': '0.58588', 'tst_auc': '0.54450', 'trn_aps': '0.11776', 'val_aps': '0.13899', 'tst_aps': '0.11760', 'trn_loss0': '0.35652'}
Epoch 19: {'val_loss': '0.33836', 'g0': '0.00025', 'g1': '0.05292', 'flip_r': '0.00376', 'pmean': '0.09786', 'trn_auc': '0.56082', 'val_auc': '0.59923', 'tst_auc': '0.55421', 'trn_aps': '0.11941', 'val_aps': '0.13992', 'tst_aps': '0.12409', 'trn_loss0': '0.36088'}
Epoch 20: {'val_loss': '0.33887', 'g0': '0.00023', 'g1': '0.05294', 'flip_r': '0.00150', 'pmean': '0.10006', 'trn_auc': '0.56216', 'val_auc': '0.60307', 'tst_auc': '0.54923', 'trn_aps': '0.12165', 'val_aps': '0.14644', 'tst_aps': '0.12307', 'trn_loss0': '0.35832'}
Epoch 21: {'val_loss': '0.34160', 'g0': '0.00027', 'g1': '0.05290', 'flip_r': '0.00113', 'pmean': '0.08911', 'trn_auc': '0.55212', 'val_auc': '0.59359', 'tst_auc': '0.54862', 'trn_aps': '0.11642', 'val_aps': '0.13729', 'tst_aps': '0.12725', 'trn_loss0': '0.35865'}
Epoch 22: {'val_loss': '0.34094', 'g0': '0.00025', 'g1': '0.05292', 'flip_r': '0.00113', 'pmean': '0.08799', 'trn_auc': '0.55597', 'val_auc': '0.60026', 'tst_auc': '0.54898', 'trn_aps': '0.11742', 'val_aps': '0.15371', 'tst_aps': '0.12513', 'trn_loss0': '0.35177'}
Epoch 23: {'val_loss': '0.33965', 'g0': '0.00021', 'g1': '0.05296', 'flip_r': '0.00301', 'pmean': '0.09160', 'trn_auc': '0.55191', 'val_auc': '0.59809', 'tst_auc': '0.55394', 'trn_aps': '0.11596', 'val_aps': '0.15069', 'tst_aps': '0.12256', 'trn_loss0': '0.34985'}
Epoch 24: {'val_loss': '0.33792', 'g0': '0.00024', 'g1': '0.05293', 'flip_r': '0.00207', 'pmean': '0.09712', 'trn_auc': '0.56663', 'val_auc': '0.59526', 'tst_auc': '0.55737', 'trn_aps': '0.12013', 'val_aps': '0.14122', 'tst_aps': '0.12372', 'trn_loss0': '0.35390'}
Epoch 25: {'val_loss': '0.33715', 'g0': '0.00026', 'g1': '0.05291', 'flip_r': '0.00188', 'pmean': '0.09676', 'trn_auc': '0.57325', 'val_auc': '0.60344', 'tst_auc': '0.56184', 'trn_aps': '0.12197', 'val_aps': '0.15826', 'tst_aps': '0.12344', 'trn_loss0': '0.35735'}
Epoch 26: {'val_loss': '0.33899', 'g0': '0.00023', 'g1': '0.05294', 'flip_r': '0.00395', 'pmean': '0.09585', 'trn_auc': '0.57833', 'val_auc': '0.60353', 'tst_auc': '0.55453', 'trn_aps': '0.12374', 'val_aps': '0.15208', 'tst_aps': '0.12246', 'trn_loss0': '0.34402'}
Epoch 27: {'val_loss': '0.33744', 'g0': '0.00015', 'g1': '0.05302', 'flip_r': '0.00226', 'pmean': '0.09866', 'trn_auc': '0.58346', 'val_auc': '0.59939', 'tst_auc': '0.55622', 'trn_aps': '0.12494', 'val_aps': '0.14220', 'tst_aps': '0.12408', 'trn_loss0': '0.34988'}
Epoch 28: {'val_loss': '0.33814', 'g0': '0.00013', 'g1': '0.05304', 'flip_r': '0.00113', 'pmean': '0.09916', 'trn_auc': '0.57863', 'val_auc': '0.60308', 'tst_auc': '0.55975', 'trn_aps': '0.12352', 'val_aps': '0.14539', 'tst_aps': '0.12869', 'trn_loss0': '0.34831'}
Epoch 29: {'val_loss': '0.33727', 'g0': '0.00012', 'g1': '0.05305', 'flip_r': '0.00169', 'pmean': '0.10369', 'trn_auc': '0.58386', 'val_auc': '0.60509', 'tst_auc': '0.56013', 'trn_aps': '0.12502', 'val_aps': '0.14433', 'tst_aps': '0.12935', 'trn_loss0': '0.34307'}
Epoch 30: {'val_loss': '0.33701', 'g0': '0.00013', 'g1': '0.05304', 'flip_r': '0.00094', 'pmean': '0.10802', 'trn_auc': '0.58891', 'val_auc': '0.60145', 'tst_auc': '0.55901', 'trn_aps': '0.12720', 'val_aps': '0.14433', 'tst_aps': '0.13030', 'trn_loss0': '0.35163'}
Epoch 31: {'val_loss': '0.33572', 'g0': '0.00015', 'g1': '0.05302', 'flip_r': '0.00150', 'pmean': '0.11113', 'trn_auc': '0.59633', 'val_auc': '0.60236', 'tst_auc': '0.56889', 'trn_aps': '0.13040', 'val_aps': '0.14540', 'tst_aps': '0.13026', 'trn_loss0': '0.34905'}
Epoch 32: {'val_loss': '0.33450', 'g0': '0.00022', 'g1': '0.05295', 'flip_r': '0.00207', 'pmean': '0.11146', 'trn_auc': '0.61144', 'val_auc': '0.60589', 'tst_auc': '0.57760', 'trn_aps': '0.13710', 'val_aps': '0.15032', 'tst_aps': '0.13879', 'trn_loss0': '0.34206'}
Epoch 33: {'val_loss': '0.33383', 'g0': '0.00023', 'g1': '0.05294', 'flip_r': '0.00132', 'pmean': '0.10988', 'trn_auc': '0.61427', 'val_auc': '0.60866', 'tst_auc': '0.57751', 'trn_aps': '0.13934', 'val_aps': '0.15725', 'tst_aps': '0.13546', 'trn_loss0': '0.33904'}
Epoch 34: {'val_loss': '0.33345', 'g0': '0.00028', 'g1': '0.05289', 'flip_r': '0.00132', 'pmean': '0.10896', 'trn_auc': '0.62076', 'val_auc': '0.59931', 'tst_auc': '0.58115', 'trn_aps': '0.13994', 'val_aps': '0.15476', 'tst_aps': '0.13276', 'trn_loss0': '0.35051'}
Epoch 35: {'val_loss': '0.33398', 'g0': '0.00021', 'g1': '0.05296', 'flip_r': '0.00132', 'pmean': '0.10579', 'trn_auc': '0.61821', 'val_auc': '0.60484', 'tst_auc': '0.58008', 'trn_aps': '0.13908', 'val_aps': '0.15415', 'tst_aps': '0.13392', 'trn_loss0': '0.34486'}
Epoch 36: {'val_loss': '0.33415', 'g0': '0.00022', 'g1': '0.05295', 'flip_r': '0.00169', 'pmean': '0.10695', 'trn_auc': '0.61645', 'val_auc': '0.61950', 'tst_auc': '0.57987', 'trn_aps': '0.13705', 'val_aps': '0.15211', 'tst_aps': '0.13594', 'trn_loss0': '0.34153'}
Epoch 37: {'val_loss': '0.33425', 'g0': '0.00006', 'g1': '0.05311', 'flip_r': '0.00301', 'pmean': '0.10717', 'trn_auc': '0.61532', 'val_auc': '0.62718', 'tst_auc': '0.58169', 'trn_aps': '0.13511', 'val_aps': '0.15184', 'tst_aps': '0.13403', 'trn_loss0': '0.34204'}
Epoch 38: {'val_loss': '0.33396', 'g0': '0.00016', 'g1': '0.05301', 'flip_r': '0.00188', 'pmean': '0.10716', 'trn_auc': '0.62127', 'val_auc': '0.63038', 'tst_auc': '0.58650', 'trn_aps': '0.13849', 'val_aps': '0.15730', 'tst_aps': '0.13506', 'trn_loss0': '0.35069'}
Epoch 39: {'val_loss': '0.33389', 'g0': '0.00011', 'g1': '0.05306', 'flip_r': '0.00244', 'pmean': '0.11071', 'trn_auc': '0.62927', 'val_auc': '0.62882', 'tst_auc': '0.58919', 'trn_aps': '0.14070', 'val_aps': '0.15804', 'tst_aps': '0.13643', 'trn_loss0': '0.35102'}
Epoch 40: {'val_loss': '0.33540', 'g0': '0.00016', 'g1': '0.05301', 'flip_r': '0.00169', 'pmean': '0.11028', 'trn_auc': '0.62811', 'val_auc': '0.63352', 'tst_auc': '0.59238', 'trn_aps': '0.13888', 'val_aps': '0.15866', 'tst_aps': '0.13314', 'trn_loss0': '0.34487'}
Epoch 00041: reducing learning rate of group 0 to 5.0000e-04.
Epoch 41: {'val_loss': '0.33567', 'g0': '0.00012', 'g1': '0.05305', 'flip_r': '0.00226', 'pmean': '0.10901', 'trn_auc': '0.62659', 'val_auc': '0.63204', 'tst_auc': '0.58731', 'trn_aps': '0.13917', 'val_aps': '0.15903', 'tst_aps': '0.13532', 'trn_loss0': '0.34484'}
Epoch 42: {'val_loss': '0.33596', 'g0': '0.00013', 'g1': '0.05304', 'flip_r': '0.00094', 'pmean': '0.10702', 'trn_auc': '0.62729', 'val_auc': '0.63063', 'tst_auc': '0.59792', 'trn_aps': '0.13884', 'val_aps': '0.15817', 'tst_aps': '0.14059', 'trn_loss0': '0.34306'}
Epoch 43: {'val_loss': '0.33470', 'g0': '0.00011', 'g1': '0.05306', 'flip_r': '0.00038', 'pmean': '0.10961', 'trn_auc': '0.63303', 'val_auc': '0.63701', 'tst_auc': '0.59835', 'trn_aps': '0.13944', 'val_aps': '0.16295', 'tst_aps': '0.14053', 'trn_loss0': '0.33209'}
Epoch 44: {'val_loss': '0.33447', 'g0': '0.00016', 'g1': '0.05301', 'flip_r': '0.00132', 'pmean': '0.11060', 'trn_auc': '0.63882', 'val_auc': '0.63753', 'tst_auc': '0.59556', 'trn_aps': '0.14249', 'val_aps': '0.17159', 'tst_aps': '0.14098', 'trn_loss0': '0.33312'}
Epoch 45: {'val_loss': '0.33224', 'g0': '0.00017', 'g1': '0.05300', 'flip_r': '0.00132', 'pmean': '0.11282', 'trn_auc': '0.64203', 'val_auc': '0.64270', 'tst_auc': '0.60123', 'trn_aps': '0.14630', 'val_aps': '0.16784', 'tst_aps': '0.14238', 'trn_loss0': '0.33233'}
Epoch 46: {'val_loss': '0.33194', 'g0': '0.00011', 'g1': '0.05306', 'flip_r': '0.00188', 'pmean': '0.11205', 'trn_auc': '0.64733', 'val_auc': '0.64737', 'tst_auc': '0.61043', 'trn_aps': '0.14672', 'val_aps': '0.16507', 'tst_aps': '0.14669', 'trn_loss0': '0.34147'}
Epoch 47: {'val_loss': '0.33044', 'g0': '0.00010', 'g1': '0.05307', 'flip_r': '0.00132', 'pmean': '0.10863', 'trn_auc': '0.65374', 'val_auc': '0.64791', 'tst_auc': '0.61052', 'trn_aps': '0.14861', 'val_aps': '0.17799', 'tst_aps': '0.14015', 'trn_loss0': '0.33334'}
Epoch 48: {'val_loss': '0.33150', 'g0': '0.00008', 'g1': '0.05309', 'flip_r': '0.00188', 'pmean': '0.11138', 'trn_auc': '0.65306', 'val_auc': '0.63979', 'tst_auc': '0.61087', 'trn_aps': '0.14726', 'val_aps': '0.17241', 'tst_aps': '0.14007', 'trn_loss0': '0.33679'}
Epoch 49: {'val_loss': '0.32734', 'g0': '0.00016', 'g1': '0.05301', 'flip_r': '0.00188', 'pmean': '0.10548', 'trn_auc': '0.65968', 'val_auc': '0.65603', 'tst_auc': '0.61145', 'trn_aps': '0.15125', 'val_aps': '0.18746', 'tst_aps': '0.13634', 'trn_loss0': '0.33641'}
Epoch 50: {'val_loss': '0.32649', 'g0': '0.00017', 'g1': '0.05300', 'flip_r': '0.00169', 'pmean': '0.11047', 'trn_auc': '0.66987', 'val_auc': '0.67102', 'tst_auc': '0.61561', 'trn_aps': '0.15569', 'val_aps': '0.18544', 'tst_aps': '0.13962', 'trn_loss0': '0.33079'}
Epoch 51: {'val_loss': '0.32574', 'g0': '0.00018', 'g1': '0.05299', 'flip_r': '0.00282', 'pmean': '0.10933', 'trn_auc': '0.67042', 'val_auc': '0.66535', 'tst_auc': '0.61835', 'trn_aps': '0.15762', 'val_aps': '0.18540', 'tst_aps': '0.14153', 'trn_loss0': '0.33538'}
Epoch 52: {'val_loss': '0.32594', 'g0': '0.00022', 'g1': '0.05295', 'flip_r': '0.00226', 'pmean': '0.10867', 'trn_auc': '0.67233', 'val_auc': '0.66770', 'tst_auc': '0.61925', 'trn_aps': '0.15560', 'val_aps': '0.18294', 'tst_aps': '0.13872', 'trn_loss0': '0.33155'}
Epoch 53: {'val_loss': '0.32595', 'g0': '0.00021', 'g1': '0.05296', 'flip_r': '0.00094', 'pmean': '0.10697', 'trn_auc': '0.67018', 'val_auc': '0.66740', 'tst_auc': '0.61723', 'trn_aps': '0.15459', 'val_aps': '0.19289', 'tst_aps': '0.14050', 'trn_loss0': '0.33316'}
Epoch 54: {'val_loss': '0.32631', 'g0': '0.00023', 'g1': '0.05294', 'flip_r': '0.00150', 'pmean': '0.10410', 'trn_auc': '0.66909', 'val_auc': '0.67233', 'tst_auc': '0.61503', 'trn_aps': '0.15558', 'val_aps': '0.18572', 'tst_aps': '0.14262', 'trn_loss0': '0.33450'}
Epoch 55: {'val_loss': '0.32398', 'g0': '0.00028', 'g1': '0.05289', 'flip_r': '0.00169', 'pmean': '0.10173', 'trn_auc': '0.67694', 'val_auc': '0.67530', 'tst_auc': '0.62689', 'trn_aps': '0.15936', 'val_aps': '0.19498', 'tst_aps': '0.15175', 'trn_loss0': '0.33151'}
Epoch 56: {'val_loss': '0.32312', 'g0': '0.00023', 'g1': '0.05294', 'flip_r': '0.00207', 'pmean': '0.10407', 'trn_auc': '0.68357', 'val_auc': '0.67700', 'tst_auc': '0.62988', 'trn_aps': '0.16188', 'val_aps': '0.20232', 'tst_aps': '0.14923', 'trn_loss0': '0.33105'}
Epoch 57: {'val_loss': '0.32350', 'g0': '0.00023', 'g1': '0.05294', 'flip_r': '0.00226', 'pmean': '0.10028', 'trn_auc': '0.68270', 'val_auc': '0.67175', 'tst_auc': '0.62914', 'trn_aps': '0.16214', 'val_aps': '0.19382', 'tst_aps': '0.14762', 'trn_loss0': '0.32510'}
Epoch 58: {'val_loss': '0.32181', 'g0': '0.00027', 'g1': '0.05290', 'flip_r': '0.00226', 'pmean': '0.10171', 'trn_auc': '0.69451', 'val_auc': '0.67932', 'tst_auc': '0.63443', 'trn_aps': '0.16904', 'val_aps': '0.20441', 'tst_aps': '0.15365', 'trn_loss0': '0.33223'}
Epoch 59: {'val_loss': '0.32119', 'g0': '0.00027', 'g1': '0.05290', 'flip_r': '0.00188', 'pmean': '0.10013', 'trn_auc': '0.70065', 'val_auc': '0.68108', 'tst_auc': '0.63636', 'trn_aps': '0.17302', 'val_aps': '0.20765', 'tst_aps': '0.15714', 'trn_loss0': '0.33121'}
Epoch 60: {'val_loss': '0.32157', 'g0': '0.00025', 'g1': '0.05292', 'flip_r': '0.00150', 'pmean': '0.10185', 'trn_auc': '0.70030', 'val_auc': '0.68391', 'tst_auc': '0.63252', 'trn_aps': '0.17315', 'val_aps': '0.20985', 'tst_aps': '0.15536', 'trn_loss0': '0.32676'}
Epoch 61: {'val_loss': '0.32072', 'g0': '0.00028', 'g1': '0.05289', 'flip_r': '0.00282', 'pmean': '0.10335', 'trn_auc': '0.70278', 'val_auc': '0.68631', 'tst_auc': '0.63992', 'trn_aps': '0.17585', 'val_aps': '0.19937', 'tst_aps': '0.15958', 'trn_loss0': '0.32919'}
Epoch 62: {'val_loss': '0.32041', 'g0': '0.00032', 'g1': '0.05285', 'flip_r': '0.00376', 'pmean': '0.10407', 'trn_auc': '0.70836', 'val_auc': '0.69027', 'tst_auc': '0.64696', 'trn_aps': '0.18098', 'val_aps': '0.21043', 'tst_aps': '0.16679', 'trn_loss0': '0.33241'}
Epoch 63: {'val_loss': '0.31794', 'g0': '0.00027', 'g1': '0.05290', 'flip_r': '0.00244', 'pmean': '0.10423', 'trn_auc': '0.71712', 'val_auc': '0.69467', 'tst_auc': '0.65796', 'trn_aps': '0.18917', 'val_aps': '0.21664', 'tst_aps': '0.17484', 'trn_loss0': '0.32405'}
Epoch 64: {'val_loss': '0.31582', 'g0': '0.00031', 'g1': '0.05286', 'flip_r': '0.00263', 'pmean': '0.10342', 'trn_auc': '0.72862', 'val_auc': '0.70634', 'tst_auc': '0.66559', 'trn_aps': '0.19894', 'val_aps': '0.23536', 'tst_aps': '0.18109', 'trn_loss0': '0.32370'}
Epoch 65: {'val_loss': '0.31664', 'g0': '0.00030', 'g1': '0.05287', 'flip_r': '0.00320', 'pmean': '0.10456', 'trn_auc': '0.72786', 'val_auc': '0.70450', 'tst_auc': '0.66207', 'trn_aps': '0.19591', 'val_aps': '0.22530', 'tst_aps': '0.17762', 'trn_loss0': '0.32380'}
Epoch 66: {'val_loss': '0.31443', 'g0': '0.00033', 'g1': '0.05284', 'flip_r': '0.00282', 'pmean': '0.10570', 'trn_auc': '0.73704', 'val_auc': '0.71411', 'tst_auc': '0.67740', 'trn_aps': '0.20011', 'val_aps': '0.23475', 'tst_aps': '0.18941', 'trn_loss0': '0.33117'}
Epoch 67: {'val_loss': '0.31288', 'g0': '0.00058', 'g1': '0.05259', 'flip_r': '0.00809', 'pmean': '0.10378', 'trn_auc': '0.74561', 'val_auc': '0.72000', 'tst_auc': '0.68078', 'trn_aps': '0.20605', 'val_aps': '0.23628', 'tst_aps': '0.19279', 'trn_loss0': '0.31980'}
Epoch 68: {'val_loss': '0.31306', 'g0': '0.00082', 'g1': '0.05235', 'flip_r': '0.00639', 'pmean': '0.10398', 'trn_auc': '0.74001', 'val_auc': '0.71978', 'tst_auc': '0.67733', 'trn_aps': '0.20117', 'val_aps': '0.22553', 'tst_aps': '0.18641', 'trn_loss0': '0.32057'}
Epoch 69: {'val_loss': '0.31326', 'g0': '0.00077', 'g1': '0.05240', 'flip_r': '0.00357', 'pmean': '0.10501', 'trn_auc': '0.74491', 'val_auc': '0.72201', 'tst_auc': '0.66986', 'trn_aps': '0.20658', 'val_aps': '0.23131', 'tst_aps': '0.17604', 'trn_loss0': '0.31853'}
Epoch 70: {'val_loss': '0.31073', 'g0': '0.00085', 'g1': '0.05232', 'flip_r': '0.00752', 'pmean': '0.10466', 'trn_auc': '0.75449', 'val_auc': '0.72309', 'tst_auc': '0.68548', 'trn_aps': '0.21968', 'val_aps': '0.22810', 'tst_aps': '0.19780', 'trn_loss0': '0.31838'}
Epoch 71: {'val_loss': '0.30857', 'g0': '0.00092', 'g1': '0.05225', 'flip_r': '0.00696', 'pmean': '0.10325', 'trn_auc': '0.76100', 'val_auc': '0.73344', 'tst_auc': '0.68955', 'trn_aps': '0.22989', 'val_aps': '0.26815', 'tst_aps': '0.19923', 'trn_loss0': '0.31765'}
Epoch 72: {'val_loss': '0.30764', 'g0': '0.00119', 'g1': '0.05198', 'flip_r': '0.00884', 'pmean': '0.10410', 'trn_auc': '0.76575', 'val_auc': '0.73503', 'tst_auc': '0.68581', 'trn_aps': '0.23515', 'val_aps': '0.26977', 'tst_aps': '0.19854', 'trn_loss0': '0.32240'}
Epoch 73: {'val_loss': '0.31183', 'g0': '0.00145', 'g1': '0.05172', 'flip_r': '0.01204', 'pmean': '0.10197', 'trn_auc': '0.76534', 'val_auc': '0.73649', 'tst_auc': '0.68066', 'trn_aps': '0.23219', 'val_aps': '0.25982', 'tst_aps': '0.18950', 'trn_loss0': '0.32370'}
Epoch 74: {'val_loss': '0.31071', 'g0': '0.00214', 'g1': '0.05103', 'flip_r': '0.02050', 'pmean': '0.09744', 'trn_auc': '0.76983', 'val_auc': '0.72750', 'tst_auc': '0.68548', 'trn_aps': '0.23992', 'val_aps': '0.25379', 'tst_aps': '0.20038', 'trn_loss0': '0.31351'}
Epoch 75: {'val_loss': '0.30912', 'g0': '0.00176', 'g1': '0.05141', 'flip_r': '0.01580', 'pmean': '0.10334', 'trn_auc': '0.77621', 'val_auc': '0.73056', 'tst_auc': '0.69037', 'trn_aps': '0.25178', 'val_aps': '0.27470', 'tst_aps': '0.20334', 'trn_loss0': '0.31442'}
Epoch 76: {'val_loss': '0.30544', 'g0': '0.00178', 'g1': '0.05139', 'flip_r': '0.01128', 'pmean': '0.10426', 'trn_auc': '0.78271', 'val_auc': '0.73515', 'tst_auc': '0.69789', 'trn_aps': '0.26574', 'val_aps': '0.28305', 'tst_aps': '0.21450', 'trn_loss0': '0.31768'}
Epoch 77: {'val_loss': '0.30529', 'g0': '0.00237', 'g1': '0.05080', 'flip_r': '0.02125', 'pmean': '0.10138', 'trn_auc': '0.78731', 'val_auc': '0.74053', 'tst_auc': '0.69535', 'trn_aps': '0.26704', 'val_aps': '0.27848', 'tst_aps': '0.21799', 'trn_loss0': '0.30910'}
Epoch 78: {'val_loss': '0.30325', 'g0': '0.00255', 'g1': '0.05062', 'flip_r': '0.01279', 'pmean': '0.09921', 'trn_auc': '0.79158', 'val_auc': '0.74539', 'tst_auc': '0.70566', 'trn_aps': '0.27723', 'val_aps': '0.28257', 'tst_aps': '0.22853', 'trn_loss0': '0.31188'}
Epoch 79: {'val_loss': '0.30072', 'g0': '0.00241', 'g1': '0.05076', 'flip_r': '0.01693', 'pmean': '0.10043', 'trn_auc': '0.80095', 'val_auc': '0.74732', 'tst_auc': '0.71337', 'trn_aps': '0.28890', 'val_aps': '0.27246', 'tst_aps': '0.23768', 'trn_loss0': '0.30931'}
Epoch 80: {'val_loss': '0.29934', 'g0': '0.00351', 'g1': '0.04966', 'flip_r': '0.02671', 'pmean': '0.09625', 'trn_auc': '0.80497', 'val_auc': '0.75552', 'tst_auc': '0.71567', 'trn_aps': '0.29403', 'val_aps': '0.29192', 'tst_aps': '0.24298', 'trn_loss0': '0.30942'}
Epoch 81: {'val_loss': '0.29879', 'g0': '0.00461', 'g1': '0.04856', 'flip_r': '0.02595', 'pmean': '0.09086', 'trn_auc': '0.80801', 'val_auc': '0.75486', 'tst_auc': '0.71724', 'trn_aps': '0.30369', 'val_aps': '0.29424', 'tst_aps': '0.24917', 'trn_loss0': '0.30525'}
Epoch 82: {'val_loss': '0.29900', 'g0': '0.00565', 'g1': '0.04752', 'flip_r': '0.03047', 'pmean': '0.09269', 'trn_auc': '0.80413', 'val_auc': '0.74928', 'tst_auc': '0.71140', 'trn_aps': '0.30543', 'val_aps': '0.26919', 'tst_aps': '0.24193', 'trn_loss0': '0.30987'}
Epoch 83: {'val_loss': '0.29767', 'g0': '0.00589', 'g1': '0.04728', 'flip_r': '0.01204', 'pmean': '0.09555', 'trn_auc': '0.80995', 'val_auc': '0.75047', 'tst_auc': '0.71112', 'trn_aps': '0.31593', 'val_aps': '0.27679', 'tst_aps': '0.24192', 'trn_loss0': '0.30558'}
Epoch 84: {'val_loss': '0.29640', 'g0': '0.00637', 'g1': '0.04680', 'flip_r': '0.01580', 'pmean': '0.09341', 'trn_auc': '0.81953', 'val_auc': '0.74700', 'tst_auc': '0.71726', 'trn_aps': '0.33883', 'val_aps': '0.29531', 'tst_aps': '0.24799', 'trn_loss0': '0.29894'}
Epoch 85: {'val_loss': '0.29455', 'g0': '0.00657', 'g1': '0.04660', 'flip_r': '0.01204', 'pmean': '0.09470', 'trn_auc': '0.82331', 'val_auc': '0.75218', 'tst_auc': '0.72009', 'trn_aps': '0.34801', 'val_aps': '0.30930', 'tst_aps': '0.26246', 'trn_loss0': '0.30177'}
Epoch 86: {'val_loss': '0.29322', 'g0': '0.00674', 'g1': '0.04643', 'flip_r': '0.02088', 'pmean': '0.09344', 'trn_auc': '0.82511', 'val_auc': '0.75381', 'tst_auc': '0.72481', 'trn_aps': '0.35852', 'val_aps': '0.31178', 'tst_aps': '0.26930', 'trn_loss0': '0.30125'}
Epoch 87: {'val_loss': '0.29307', 'g0': '0.00738', 'g1': '0.04579', 'flip_r': '0.02633', 'pmean': '0.09384', 'trn_auc': '0.82376', 'val_auc': '0.75685', 'tst_auc': '0.72094', 'trn_aps': '0.35499', 'val_aps': '0.30581', 'tst_aps': '0.26802', 'trn_loss0': '0.29985'}
Epoch 88: {'val_loss': '0.29221', 'g0': '0.00815', 'g1': '0.04502', 'flip_r': '0.02125', 'pmean': '0.09422', 'trn_auc': '0.82770', 'val_auc': '0.75654', 'tst_auc': '0.72568', 'trn_aps': '0.35355', 'val_aps': '0.31366', 'tst_aps': '0.26034', 'trn_loss0': '0.30324'}
Epoch 89: {'val_loss': '0.28929', 'g0': '0.00709', 'g1': '0.04608', 'flip_r': '0.02821', 'pmean': '0.09974', 'trn_auc': '0.83321', 'val_auc': '0.76310', 'tst_auc': '0.73188', 'trn_aps': '0.36561', 'val_aps': '0.32626', 'tst_aps': '0.28650', 'trn_loss0': '0.29130'}
Epoch 90: {'val_loss': '0.28817', 'g0': '0.00775', 'g1': '0.04542', 'flip_r': '0.02106', 'pmean': '0.09827', 'trn_auc': '0.83402', 'val_auc': '0.76544', 'tst_auc': '0.73655', 'trn_aps': '0.36653', 'val_aps': '0.33121', 'tst_aps': '0.29086', 'trn_loss0': '0.29478'}
Epoch 91: {'val_loss': '0.28868', 'g0': '0.00869', 'g1': '0.04448', 'flip_r': '0.02708', 'pmean': '0.09449', 'trn_auc': '0.83415', 'val_auc': '0.76881', 'tst_auc': '0.73442', 'trn_aps': '0.36739', 'val_aps': '0.33181', 'tst_aps': '0.28048', 'trn_loss0': '0.28636'}
Epoch 92: {'val_loss': '0.28598', 'g0': '0.00842', 'g1': '0.04475', 'flip_r': '0.02426', 'pmean': '0.09383', 'trn_auc': '0.84406', 'val_auc': '0.76600', 'tst_auc': '0.74061', 'trn_aps': '0.40797', 'val_aps': '0.32906', 'tst_aps': '0.30182', 'trn_loss0': '0.29436'}
Epoch 93: {'val_loss': '0.28380', 'g0': '0.00730', 'g1': '0.04587', 'flip_r': '0.03310', 'pmean': '0.10014', 'trn_auc': '0.84998', 'val_auc': '0.76165', 'tst_auc': '0.74983', 'trn_aps': '0.42062', 'val_aps': '0.33648', 'tst_aps': '0.31223', 'trn_loss0': '0.29312'}
Epoch 94: {'val_loss': '0.28042', 'g0': '0.00779', 'g1': '0.04538', 'flip_r': '0.02238', 'pmean': '0.09670', 'trn_auc': '0.85147', 'val_auc': '0.77172', 'tst_auc': '0.75617', 'trn_aps': '0.42973', 'val_aps': '0.34638', 'tst_aps': '0.32321', 'trn_loss0': '0.29025'}
Epoch 95: {'val_loss': '0.27975', 'g0': '0.00804', 'g1': '0.04513', 'flip_r': '0.01749', 'pmean': '0.09933', 'trn_auc': '0.84928', 'val_auc': '0.77708', 'tst_auc': '0.75736', 'trn_aps': '0.43479', 'val_aps': '0.36042', 'tst_aps': '0.32810', 'trn_loss0': '0.28671'}
Epoch 96: {'val_loss': '0.27933', 'g0': '0.00939', 'g1': '0.04378', 'flip_r': '0.03404', 'pmean': '0.09272', 'trn_auc': '0.85027', 'val_auc': '0.78395', 'tst_auc': '0.75614', 'trn_aps': '0.44247', 'val_aps': '0.37297', 'tst_aps': '0.32334', 'trn_loss0': '0.28526'}
Epoch 97: {'val_loss': '0.27975', 'g0': '0.01176', 'g1': '0.04141', 'flip_r': '0.04721', 'pmean': '0.08631', 'trn_auc': '0.85305', 'val_auc': '0.77998', 'tst_auc': '0.75207', 'trn_aps': '0.45202', 'val_aps': '0.37233', 'tst_aps': '0.31571', 'trn_loss0': '0.27080'}
Epoch 98: {'val_loss': '0.27989', 'g0': '0.01195', 'g1': '0.04122', 'flip_r': '0.02577', 'pmean': '0.08904', 'trn_auc': '0.85461', 'val_auc': '0.77260', 'tst_auc': '0.74941', 'trn_aps': '0.45645', 'val_aps': '0.35881', 'tst_aps': '0.31069', 'trn_loss0': '0.28201'}
Epoch 99: {'val_loss': '0.27784', 'g0': '0.01018', 'g1': '0.04299', 'flip_r': '0.03856', 'pmean': '0.09401', 'trn_auc': '0.86026', 'val_auc': '0.77597', 'tst_auc': '0.75326', 'trn_aps': '0.47607', 'val_aps': '0.36135', 'tst_aps': '0.30877', 'trn_loss0': '0.27808'}
Epoch 100: {'val_loss': '0.27602', 'g0': '0.00992', 'g1': '0.04325', 'flip_r': '0.01918', 'pmean': '0.09919', 'trn_auc': '0.86474', 'val_auc': '0.77826', 'tst_auc': '0.75394', 'trn_aps': '0.50412', 'val_aps': '0.35685', 'tst_aps': '0.30994', 'trn_loss0': '0.27351'}
Epoch 101: {'val_loss': '0.27517', 'g0': '0.01034', 'g1': '0.04283', 'flip_r': '0.01956', 'pmean': '0.09488', 'trn_auc': '0.86779', 'val_auc': '0.78413', 'tst_auc': '0.75340', 'trn_aps': '0.49741', 'val_aps': '0.37706', 'tst_aps': '0.31080', 'trn_loss0': '0.28785'}
Epoch 102: {'val_loss': '0.27452', 'g0': '0.01042', 'g1': '0.04275', 'flip_r': '0.01429', 'pmean': '0.09205', 'trn_auc': '0.86985', 'val_auc': '0.78357', 'tst_auc': '0.75604', 'trn_aps': '0.50837', 'val_aps': '0.38547', 'tst_aps': '0.31172', 'trn_loss0': '0.27388'}
Epoch 103: {'val_loss': '0.27351', 'g0': '0.01027', 'g1': '0.04290', 'flip_r': '0.01787', 'pmean': '0.09402', 'trn_auc': '0.87109', 'val_auc': '0.77924', 'tst_auc': '0.75464', 'trn_aps': '0.52887', 'val_aps': '0.37955', 'tst_aps': '0.32204', 'trn_loss0': '0.27750'}
Epoch 104: {'val_loss': '0.27298', 'g0': '0.01053', 'g1': '0.04264', 'flip_r': '0.02069', 'pmean': '0.09321', 'trn_auc': '0.86994', 'val_auc': '0.78426', 'tst_auc': '0.75435', 'trn_aps': '0.52854', 'val_aps': '0.38877', 'tst_aps': '0.31804', 'trn_loss0': '0.27000'}
Epoch 105: {'val_loss': '0.26945', 'g0': '0.01044', 'g1': '0.04273', 'flip_r': '0.01411', 'pmean': '0.09885', 'trn_auc': '0.87453', 'val_auc': '0.78496', 'tst_auc': '0.76162', 'trn_aps': '0.54227', 'val_aps': '0.39051', 'tst_aps': '0.33050', 'trn_loss0': '0.26711'}
Epoch 106: {'val_loss': '0.26761', 'g0': '0.01078', 'g1': '0.04239', 'flip_r': '0.01279', 'pmean': '0.10303', 'trn_auc': '0.88033', 'val_auc': '0.78757', 'tst_auc': '0.76366', 'trn_aps': '0.55430', 'val_aps': '0.39607', 'tst_aps': '0.33574', 'trn_loss0': '0.28026'}
Epoch 107: {'val_loss': '0.27012', 'g0': '0.01129', 'g1': '0.04188', 'flip_r': '0.01711', 'pmean': '0.09355', 'trn_auc': '0.87750', 'val_auc': '0.78631', 'tst_auc': '0.75929', 'trn_aps': '0.55326', 'val_aps': '0.39234', 'tst_aps': '0.32773', 'trn_loss0': '0.27848'}
Epoch 108: {'val_loss': '0.26904', 'g0': '0.01165', 'g1': '0.04152', 'flip_r': '0.02257', 'pmean': '0.09425', 'trn_auc': '0.87896', 'val_auc': '0.78399', 'tst_auc': '0.76385', 'trn_aps': '0.56259', 'val_aps': '0.38142', 'tst_aps': '0.32863', 'trn_loss0': '0.26648'}
Epoch 109: {'val_loss': '0.26921', 'g0': '0.01149', 'g1': '0.04168', 'flip_r': '0.02295', 'pmean': '0.09314', 'trn_auc': '0.87850', 'val_auc': '0.78399', 'tst_auc': '0.76157', 'trn_aps': '0.56426', 'val_aps': '0.39086', 'tst_aps': '0.33297', 'trn_loss0': '0.27351'}
Epoch 110: {'val_loss': '0.26801', 'g0': '0.01168', 'g1': '0.04149', 'flip_r': '0.01561', 'pmean': '0.09175', 'trn_auc': '0.88222', 'val_auc': '0.78200', 'tst_auc': '0.76208', 'trn_aps': '0.57446', 'val_aps': '0.39753', 'tst_aps': '0.33446', 'trn_loss0': '0.27371'}
Epoch 111: {'val_loss': '0.26666', 'g0': '0.01141', 'g1': '0.04176', 'flip_r': '0.01448', 'pmean': '0.09461', 'trn_auc': '0.88404', 'val_auc': '0.77990', 'tst_auc': '0.76495', 'trn_aps': '0.57583', 'val_aps': '0.39474', 'tst_aps': '0.34162', 'trn_loss0': '0.26982'}
Epoch 112: {'val_loss': '0.26570', 'g0': '0.01195', 'g1': '0.04122', 'flip_r': '0.01467', 'pmean': '0.09220', 'trn_auc': '0.88691', 'val_auc': '0.77804', 'tst_auc': '0.76809', 'trn_aps': '0.58058', 'val_aps': '0.39116', 'tst_aps': '0.34284', 'trn_loss0': '0.26142'}
Epoch 113: {'val_loss': '0.26668', 'g0': '0.01426', 'g1': '0.03891', 'flip_r': '0.04834', 'pmean': '0.08953', 'trn_auc': '0.88646', 'val_auc': '0.77236', 'tst_auc': '0.76134', 'trn_aps': '0.58187', 'val_aps': '0.37755', 'tst_aps': '0.34164', 'trn_loss0': '0.25712'}
Epoch 114: {'val_loss': '0.26381', 'g0': '0.01436', 'g1': '0.03881', 'flip_r': '0.02182', 'pmean': '0.09215', 'trn_auc': '0.88974', 'val_auc': '0.77572', 'tst_auc': '0.76276', 'trn_aps': '0.59117', 'val_aps': '0.38614', 'tst_aps': '0.34670', 'trn_loss0': '0.26178'}
Epoch 115: {'val_loss': '0.26495', 'g0': '0.01544', 'g1': '0.03773', 'flip_r': '0.02784', 'pmean': '0.08663', 'trn_auc': '0.88880', 'val_auc': '0.78017', 'tst_auc': '0.76140', 'trn_aps': '0.59058', 'val_aps': '0.38277', 'tst_aps': '0.34370', 'trn_loss0': '0.25967'}
Epoch 116: {'val_loss': '0.26493', 'g0': '0.01638', 'g1': '0.03679', 'flip_r': '0.02295', 'pmean': '0.08591', 'trn_auc': '0.88889', 'val_auc': '0.77881', 'tst_auc': '0.76300', 'trn_aps': '0.59194', 'val_aps': '0.38147', 'tst_aps': '0.34617', 'trn_loss0': '0.26107'}
Epoch 117: {'val_loss': '0.26002', 'g0': '0.01408', 'g1': '0.03909', 'flip_r': '0.05868', 'pmean': '0.09557', 'trn_auc': '0.89355', 'val_auc': '0.78981', 'tst_auc': '0.76808', 'trn_aps': '0.60049', 'val_aps': '0.39163', 'tst_aps': '0.36134', 'trn_loss0': '0.25745'}
Epoch 118: {'val_loss': '0.26059', 'g0': '0.01395', 'g1': '0.03922', 'flip_r': '0.01523', 'pmean': '0.09197', 'trn_auc': '0.89493', 'val_auc': '0.78364', 'tst_auc': '0.76728', 'trn_aps': '0.60400', 'val_aps': '0.39289', 'tst_aps': '0.35840', 'trn_loss0': '0.25275'}
Epoch 119: {'val_loss': '0.25987', 'g0': '0.01418', 'g1': '0.03899', 'flip_r': '0.01523', 'pmean': '0.09211', 'trn_auc': '0.89758', 'val_auc': '0.78520', 'tst_auc': '0.76875', 'trn_aps': '0.60811', 'val_aps': '0.39809', 'tst_aps': '0.35955', 'trn_loss0': '0.26255'}
Epoch 120: {'val_loss': '0.26222', 'g0': '0.01385', 'g1': '0.03932', 'flip_r': '0.01749', 'pmean': '0.08972', 'trn_auc': '0.89743', 'val_auc': '0.78290', 'tst_auc': '0.76594', 'trn_aps': '0.61025', 'val_aps': '0.39340', 'tst_aps': '0.35345', 'trn_loss0': '0.24710'}
Epoch 121: {'val_loss': '0.25757', 'g0': '0.01412', 'g1': '0.03905', 'flip_r': '0.02802', 'pmean': '0.09369', 'trn_auc': '0.90185', 'val_auc': '0.78854', 'tst_auc': '0.77498', 'trn_aps': '0.61597', 'val_aps': '0.40483', 'tst_aps': '0.36503', 'trn_loss0': '0.26299'}
Epoch 122: {'val_loss': '0.25671', 'g0': '0.01475', 'g1': '0.03842', 'flip_r': '0.01975', 'pmean': '0.09211', 'trn_auc': '0.90411', 'val_auc': '0.78974', 'tst_auc': '0.77245', 'trn_aps': '0.62406', 'val_aps': '0.40528', 'tst_aps': '0.36781', 'trn_loss0': '0.25879'}
Epoch 123: {'val_loss': '0.25432', 'g0': '0.01468', 'g1': '0.03849', 'flip_r': '0.03555', 'pmean': '0.09842', 'trn_auc': '0.90202', 'val_auc': '0.79139', 'tst_auc': '0.78310', 'trn_aps': '0.62593', 'val_aps': '0.40614', 'tst_aps': '0.38132', 'trn_loss0': '0.24552'}
Epoch 124: {'val_loss': '0.25628', 'g0': '0.01532', 'g1': '0.03785', 'flip_r': '0.01843', 'pmean': '0.09086', 'trn_auc': '0.90039', 'val_auc': '0.78715', 'tst_auc': '0.78135', 'trn_aps': '0.62733', 'val_aps': '0.39551', 'tst_aps': '0.37837', 'trn_loss0': '0.25383'}
Epoch 125: {'val_loss': '0.25500', 'g0': '0.01540', 'g1': '0.03777', 'flip_r': '0.01617', 'pmean': '0.09329', 'trn_auc': '0.90402', 'val_auc': '0.78720', 'tst_auc': '0.77771', 'trn_aps': '0.63820', 'val_aps': '0.40052', 'tst_aps': '0.37790', 'trn_loss0': '0.24890'}
Epoch 126: {'val_loss': '0.25397', 'g0': '0.01597', 'g1': '0.03720', 'flip_r': '0.02765', 'pmean': '0.09100', 'trn_auc': '0.90648', 'val_auc': '0.79028', 'tst_auc': '0.77540', 'trn_aps': '0.64243', 'val_aps': '0.40502', 'tst_aps': '0.37611', 'trn_loss0': '0.24024'}
Epoch 127: {'val_loss': '0.25155', 'g0': '0.01691', 'g1': '0.03626', 'flip_r': '0.02633', 'pmean': '0.09488', 'trn_auc': '0.90694', 'val_auc': '0.79364', 'tst_auc': '0.77712', 'trn_aps': '0.64911', 'val_aps': '0.40177', 'tst_aps': '0.38497', 'trn_loss0': '0.23535'}
Epoch 128: {'val_loss': '0.25211', 'g0': '0.01664', 'g1': '0.03653', 'flip_r': '0.02012', 'pmean': '0.09239', 'trn_auc': '0.90785', 'val_auc': '0.79202', 'tst_auc': '0.77576', 'trn_aps': '0.64967', 'val_aps': '0.39780', 'tst_aps': '0.38577', 'trn_loss0': '0.24071'}
Epoch 129: {'val_loss': '0.25082', 'g0': '0.01779', 'g1': '0.03538', 'flip_r': '0.02915', 'pmean': '0.09122', 'trn_auc': '0.90991', 'val_auc': '0.79446', 'tst_auc': '0.77774', 'trn_aps': '0.64810', 'val_aps': '0.40304', 'tst_aps': '0.38895', 'trn_loss0': '0.23675'}
Epoch 130: {'val_loss': '0.25181', 'g0': '0.01790', 'g1': '0.03527', 'flip_r': '0.02088', 'pmean': '0.08987', 'trn_auc': '0.90929', 'val_auc': '0.79442', 'tst_auc': '0.77638', 'trn_aps': '0.65051', 'val_aps': '0.40672', 'tst_aps': '0.38763', 'trn_loss0': '0.25285'}
Epoch 131: {'val_loss': '0.25181', 'g0': '0.01721', 'g1': '0.03596', 'flip_r': '0.02840', 'pmean': '0.08773', 'trn_auc': '0.91122', 'val_auc': '0.79614', 'tst_auc': '0.77726', 'trn_aps': '0.65475', 'val_aps': '0.40493', 'tst_aps': '0.39127', 'trn_loss0': '0.24398'}
Epoch 132: {'val_loss': '0.25433', 'g0': '0.01802', 'g1': '0.03515', 'flip_r': '0.02238', 'pmean': '0.08235', 'trn_auc': '0.91054', 'val_auc': '0.79485', 'tst_auc': '0.77609', 'trn_aps': '0.65154', 'val_aps': '0.40524', 'tst_aps': '0.38872', 'trn_loss0': '0.22927'}
Epoch 133: {'val_loss': '0.25283', 'g0': '0.01736', 'g1': '0.03581', 'flip_r': '0.02144', 'pmean': '0.08408', 'trn_auc': '0.91247', 'val_auc': '0.79701', 'tst_auc': '0.77984', 'trn_aps': '0.65688', 'val_aps': '0.40521', 'tst_aps': '0.39332', 'trn_loss0': '0.24704'}
Epoch 134: {'val_loss': '0.25117', 'g0': '0.01754', 'g1': '0.03563', 'flip_r': '0.02219', 'pmean': '0.08619', 'trn_auc': '0.91732', 'val_auc': '0.80158', 'tst_auc': '0.77626', 'trn_aps': '0.66276', 'val_aps': '0.40229', 'tst_aps': '0.38982', 'trn_loss0': '0.22921'}
Epoch 135: {'val_loss': '0.24897', 'g0': '0.01763', 'g1': '0.03554', 'flip_r': '0.02238', 'pmean': '0.08881', 'trn_auc': '0.92038', 'val_auc': '0.79798', 'tst_auc': '0.77935', 'trn_aps': '0.67143', 'val_aps': '0.39701', 'tst_aps': '0.40086', 'trn_loss0': '0.23036'}
Epoch 136: {'val_loss': '0.24808', 'g0': '0.01750', 'g1': '0.03567', 'flip_r': '0.01523', 'pmean': '0.08975', 'trn_auc': '0.92231', 'val_auc': '0.79714', 'tst_auc': '0.78143', 'trn_aps': '0.67967', 'val_aps': '0.39519', 'tst_aps': '0.40317', 'trn_loss0': '0.24230'}
Epoch 137: {'val_loss': '0.24873', 'g0': '0.01717', 'g1': '0.03600', 'flip_r': '0.02689', 'pmean': '0.09087', 'trn_auc': '0.92318', 'val_auc': '0.79731', 'tst_auc': '0.78144', 'trn_aps': '0.68286', 'val_aps': '0.39676', 'tst_aps': '0.39963', 'trn_loss0': '0.23276'}
Epoch 138: {'val_loss': '0.24807', 'g0': '0.01809', 'g1': '0.03508', 'flip_r': '0.02370', 'pmean': '0.08648', 'trn_auc': '0.92443', 'val_auc': '0.79759', 'tst_auc': '0.78023', 'trn_aps': '0.68116', 'val_aps': '0.40817', 'tst_aps': '0.40252', 'trn_loss0': '0.23337'}
Epoch 139: {'val_loss': '0.24659', 'g0': '0.01805', 'g1': '0.03512', 'flip_r': '0.01505', 'pmean': '0.08821', 'trn_auc': '0.92480', 'val_auc': '0.79759', 'tst_auc': '0.77952', 'trn_aps': '0.68924', 'val_aps': '0.40806', 'tst_aps': '0.40537', 'trn_loss0': '0.23638'}
Epoch 140: {'val_loss': '0.24695', 'g0': '0.01864', 'g1': '0.03453', 'flip_r': '0.01862', 'pmean': '0.08883', 'trn_auc': '0.92489', 'val_auc': '0.79567', 'tst_auc': '0.77769', 'trn_aps': '0.69216', 'val_aps': '0.39614', 'tst_aps': '0.39590', 'trn_loss0': '0.23226'}
Epoch 141: {'val_loss': '0.24756', 'g0': '0.01881', 'g1': '0.03436', 'flip_r': '0.01523', 'pmean': '0.08686', 'trn_auc': '0.92637', 'val_auc': '0.79745', 'tst_auc': '0.77727', 'trn_aps': '0.69529', 'val_aps': '0.40186', 'tst_aps': '0.39608', 'trn_loss0': '0.22672'}
Epoch 142: {'val_loss': '0.24887', 'g0': '0.01965', 'g1': '0.03352', 'flip_r': '0.01881', 'pmean': '0.08241', 'trn_auc': '0.92795', 'val_auc': '0.79913', 'tst_auc': '0.77586', 'trn_aps': '0.69682', 'val_aps': '0.40075', 'tst_aps': '0.39552', 'trn_loss0': '0.22635'}
Epoch 143: {'val_loss': '0.24970', 'g0': '0.02005', 'g1': '0.03312', 'flip_r': '0.02784', 'pmean': '0.08170', 'trn_auc': '0.92661', 'val_auc': '0.79428', 'tst_auc': '0.77418', 'trn_aps': '0.69345', 'val_aps': '0.39740', 'tst_aps': '0.39748', 'trn_loss0': '0.22915'}
Epoch 144: {'val_loss': '0.24819', 'g0': '0.01946', 'g1': '0.03371', 'flip_r': '0.02125', 'pmean': '0.08377', 'trn_auc': '0.92774', 'val_auc': '0.79395', 'tst_auc': '0.77669', 'trn_aps': '0.69222', 'val_aps': '0.39459', 'tst_aps': '0.40146', 'trn_loss0': '0.23756'}
Epoch 145: {'val_loss': '0.24699', 'g0': '0.01941', 'g1': '0.03376', 'flip_r': '0.02050', 'pmean': '0.08586', 'trn_auc': '0.92912', 'val_auc': '0.79409', 'tst_auc': '0.77957', 'trn_aps': '0.69169', 'val_aps': '0.39026', 'tst_aps': '0.40151', 'trn_loss0': '0.23132'}
Epoch 00146: reducing learning rate of group 0 to 2.5000e-04.
Epoch 146: {'val_loss': '0.24641', 'g0': '0.01947', 'g1': '0.03370', 'flip_r': '0.00752', 'pmean': '0.08631', 'trn_auc': '0.93094', 'val_auc': '0.79453', 'tst_auc': '0.77861', 'trn_aps': '0.69906', 'val_aps': '0.38975', 'tst_aps': '0.40359', 'trn_loss0': '0.22063'}
Epoch 147: {'val_loss': '0.24652', 'g0': '0.01867', 'g1': '0.03450', 'flip_r': '0.01768', 'pmean': '0.08816', 'trn_auc': '0.93004', 'val_auc': '0.79464', 'tst_auc': '0.77795', 'trn_aps': '0.69715', 'val_aps': '0.39258', 'tst_aps': '0.40262', 'trn_loss0': '0.23188'}
Epoch 148: {'val_loss': '0.24724', 'g0': '0.01900', 'g1': '0.03417', 'flip_r': '0.00959', 'pmean': '0.08622', 'trn_auc': '0.93053', 'val_auc': '0.79268', 'tst_auc': '0.77870', 'trn_aps': '0.69831', 'val_aps': '0.39209', 'tst_aps': '0.39944', 'trn_loss0': '0.22897'}
Epoch 149: {'val_loss': '0.25036', 'g0': '0.01902', 'g1': '0.03415', 'flip_r': '0.01016', 'pmean': '0.08238', 'trn_auc': '0.92938', 'val_auc': '0.79055', 'tst_auc': '0.77491', 'trn_aps': '0.69319', 'val_aps': '0.39412', 'tst_aps': '0.39274', 'trn_loss0': '0.23211'}
Epoch 150: {'val_loss': '0.24900', 'g0': '0.01870', 'g1': '0.03447', 'flip_r': '0.01392', 'pmean': '0.08690', 'trn_auc': '0.92872', 'val_auc': '0.79015', 'tst_auc': '0.77442', 'trn_aps': '0.69020', 'val_aps': '0.39189', 'tst_aps': '0.39547', 'trn_loss0': '0.22598'}
Epoch 151: {'val_loss': '0.24767', 'g0': '0.01886', 'g1': '0.03431', 'flip_r': '0.00602', 'pmean': '0.08928', 'trn_auc': '0.92990', 'val_auc': '0.79214', 'tst_auc': '0.77425', 'trn_aps': '0.69152', 'val_aps': '0.39260', 'tst_aps': '0.39655', 'trn_loss0': '0.21593'}
Epoch 152: {'val_loss': '0.24676', 'g0': '0.01888', 'g1': '0.03429', 'flip_r': '0.00639', 'pmean': '0.09025', 'trn_auc': '0.92979', 'val_auc': '0.79322', 'tst_auc': '0.77669', 'trn_aps': '0.69390', 'val_aps': '0.39131', 'tst_aps': '0.39745', 'trn_loss0': '0.21359'}
Epoch 00153: reducing learning rate of group 0 to 1.2500e-04.
Epoch 153: {'val_loss': '0.24530', 'g0': '0.01887', 'g1': '0.03430', 'flip_r': '0.00621', 'pmean': '0.09359', 'trn_auc': '0.93139', 'val_auc': '0.79378', 'tst_auc': '0.77707', 'trn_aps': '0.69924', 'val_aps': '0.39118', 'tst_aps': '0.40049', 'trn_loss0': '0.22363'}
Epoch 154: {'val_loss': '0.24642', 'g0': '0.01899', 'g1': '0.03418', 'flip_r': '0.00790', 'pmean': '0.08950', 'trn_auc': '0.93139', 'val_auc': '0.79183', 'tst_auc': '0.77555', 'trn_aps': '0.70176', 'val_aps': '0.39692', 'tst_aps': '0.40091', 'trn_loss0': '0.22835'}
Epoch 155: {'val_loss': '0.24729', 'g0': '0.01912', 'g1': '0.03405', 'flip_r': '0.00922', 'pmean': '0.08724', 'trn_auc': '0.93202', 'val_auc': '0.79110', 'tst_auc': '0.77312', 'trn_aps': '0.70648', 'val_aps': '0.39144', 'tst_aps': '0.39837', 'trn_loss0': '0.23066'}
Epoch 156: {'val_loss': '0.24652', 'g0': '0.01931', 'g1': '0.03386', 'flip_r': '0.00959', 'pmean': '0.08700', 'trn_auc': '0.93332', 'val_auc': '0.79247', 'tst_auc': '0.77244', 'trn_aps': '0.70952', 'val_aps': '0.39405', 'tst_aps': '0.40056', 'trn_loss0': '0.21550'}
Epoch 157: {'val_loss': '0.24789', 'g0': '0.01921', 'g1': '0.03396', 'flip_r': '0.00828', 'pmean': '0.08568', 'trn_auc': '0.93150', 'val_auc': '0.79321', 'tst_auc': '0.77218', 'trn_aps': '0.70488', 'val_aps': '0.39080', 'tst_aps': '0.39885', 'trn_loss0': '0.22211'}
Epoch 158: {'val_loss': '0.24680', 'g0': '0.01912', 'g1': '0.03405', 'flip_r': '0.00997', 'pmean': '0.08598', 'trn_auc': '0.93251', 'val_auc': '0.79537', 'tst_auc': '0.77371', 'trn_aps': '0.70705', 'val_aps': '0.39232', 'tst_aps': '0.40074', 'trn_loss0': '0.22527'}
Epoch 159: {'val_loss': '0.24752', 'g0': '0.01914', 'g1': '0.03403', 'flip_r': '0.00828', 'pmean': '0.08553', 'trn_auc': '0.93245', 'val_auc': '0.79083', 'tst_auc': '0.77414', 'trn_aps': '0.70654', 'val_aps': '0.38948', 'tst_aps': '0.40030', 'trn_loss0': '0.22289'}
Epoch 00160: reducing learning rate of group 0 to 6.2500e-05.
Epoch 160: {'val_loss': '0.24718', 'g0': '0.01950', 'g1': '0.03367', 'flip_r': '0.00903', 'pmean': '0.08417', 'trn_auc': '0.93395', 'val_auc': '0.79179', 'tst_auc': '0.77282', 'trn_aps': '0.71102', 'val_aps': '0.38986', 'tst_aps': '0.40072', 'trn_loss0': '0.21818'}
Epoch 161: {'val_loss': '0.24612', 'g0': '0.01925', 'g1': '0.03392', 'flip_r': '0.00884', 'pmean': '0.08732', 'trn_auc': '0.93325', 'val_auc': '0.79431', 'tst_auc': '0.77390', 'trn_aps': '0.70742', 'val_aps': '0.39178', 'tst_aps': '0.40120', 'trn_loss0': '0.23241'}
Epoch 162: {'val_loss': '0.24725', 'g0': '0.01925', 'g1': '0.03392', 'flip_r': '0.01053', 'pmean': '0.08628', 'trn_auc': '0.93298', 'val_auc': '0.79188', 'tst_auc': '0.77072', 'trn_aps': '0.70832', 'val_aps': '0.38878', 'tst_aps': '0.39772', 'trn_loss0': '0.21430'}
Epoch 163: {'val_loss': '0.24717', 'g0': '0.01913', 'g1': '0.03404', 'flip_r': '0.00527', 'pmean': '0.08606', 'trn_auc': '0.93256', 'val_auc': '0.79068', 'tst_auc': '0.77303', 'trn_aps': '0.70892', 'val_aps': '0.39096', 'tst_aps': '0.39868', 'trn_loss0': '0.22650'}
Epoch 164: {'val_loss': '0.24575', 'g0': '0.01931', 'g1': '0.03386', 'flip_r': '0.00865', 'pmean': '0.08743', 'trn_auc': '0.93335', 'val_auc': '0.79433', 'tst_auc': '0.77318', 'trn_aps': '0.70965', 'val_aps': '0.39254', 'tst_aps': '0.40217', 'trn_loss0': '0.21749'}
Epoch 165: {'val_loss': '0.24560', 'g0': '0.01913', 'g1': '0.03404', 'flip_r': '0.00677', 'pmean': '0.08828', 'trn_auc': '0.93316', 'val_auc': '0.79622', 'tst_auc': '0.77542', 'trn_aps': '0.71153', 'val_aps': '0.39686', 'tst_aps': '0.40411', 'trn_loss0': '0.21919'}
Epoch 00166: reducing learning rate of group 0 to 3.1250e-05.
Epoch 166: {'val_loss': '0.24479', 'g0': '0.01918', 'g1': '0.03399', 'flip_r': '0.00508', 'pmean': '0.09039', 'trn_auc': '0.93282', 'val_auc': '0.79740', 'tst_auc': '0.77469', 'trn_aps': '0.71059', 'val_aps': '0.39623', 'tst_aps': '0.40131', 'trn_loss0': '0.22013'}
Epoch 167: {'val_loss': '0.24578', 'g0': '0.01919', 'g1': '0.03398', 'flip_r': '0.00395', 'pmean': '0.09035', 'trn_auc': '0.93304', 'val_auc': '0.79611', 'tst_auc': '0.77143', 'trn_aps': '0.70813', 'val_aps': '0.39250', 'tst_aps': '0.40056', 'trn_loss0': '0.22481'}
Epoch 168: {'val_loss': '0.24594', 'g0': '0.01922', 'g1': '0.03395', 'flip_r': '0.00545', 'pmean': '0.08891', 'trn_auc': '0.93264', 'val_auc': '0.79744', 'tst_auc': '0.77301', 'trn_aps': '0.70941', 'val_aps': '0.39452', 'tst_aps': '0.40135', 'trn_loss0': '0.21989'}
Epoch 169: {'val_loss': '0.24547', 'g0': '0.01940', 'g1': '0.03377', 'flip_r': '0.00715', 'pmean': '0.08775', 'trn_auc': '0.93253', 'val_auc': '0.79874', 'tst_auc': '0.77528', 'trn_aps': '0.70575', 'val_aps': '0.39751', 'tst_aps': '0.40275', 'trn_loss0': '0.22295'}
Epoch 170: {'val_loss': '0.24746', 'g0': '0.01939', 'g1': '0.03378', 'flip_r': '0.00621', 'pmean': '0.08530', 'trn_auc': '0.93141', 'val_auc': '0.79466', 'tst_auc': '0.77335', 'trn_aps': '0.70645', 'val_aps': '0.39474', 'tst_aps': '0.39894', 'trn_loss0': '0.21756'}
Epoch 171: {'val_loss': '0.24640', 'g0': '0.01939', 'g1': '0.03378', 'flip_r': '0.00602', 'pmean': '0.08768', 'trn_auc': '0.93206', 'val_auc': '0.79662', 'tst_auc': '0.77287', 'trn_aps': '0.70982', 'val_aps': '0.39854', 'tst_aps': '0.39757', 'trn_loss0': '0.22152'}
Epoch 172: {'val_loss': '0.24632', 'g0': '0.01936', 'g1': '0.03381', 'flip_r': '0.00846', 'pmean': '0.08667', 'trn_auc': '0.93325', 'val_auc': '0.79467', 'tst_auc': '0.77324', 'trn_aps': '0.70922', 'val_aps': '0.39175', 'tst_aps': '0.40085', 'trn_loss0': '0.21712'}
Epoch 00173: reducing learning rate of group 0 to 1.5625e-05.
Epoch 173: {'val_loss': '0.24502', 'g0': '0.01976', 'g1': '0.03341', 'flip_r': '0.00940', 'pmean': '0.08676', 'trn_auc': '0.93446', 'val_auc': '0.79915', 'tst_auc': '0.77502', 'trn_aps': '0.71134', 'val_aps': '0.39542', 'tst_aps': '0.39940', 'trn_loss0': '0.23016'}
Epoch 174: {'val_loss': '0.24698', 'g0': '0.01962', 'g1': '0.03355', 'flip_r': '0.00903', 'pmean': '0.08378', 'trn_auc': '0.93282', 'val_auc': '0.79756', 'tst_auc': '0.77510', 'trn_aps': '0.70840', 'val_aps': '0.39951', 'tst_aps': '0.39954', 'trn_loss0': '0.21080'}
Epoch 175: {'val_loss': '0.24546', 'g0': '0.01952', 'g1': '0.03365', 'flip_r': '0.00715', 'pmean': '0.08498', 'trn_auc': '0.93515', 'val_auc': '0.79861', 'tst_auc': '0.77667', 'trn_aps': '0.71242', 'val_aps': '0.39691', 'tst_aps': '0.40151', 'trn_loss0': '0.20835'}
Epoch 176: {'val_loss': '0.24667', 'g0': '0.01961', 'g1': '0.03356', 'flip_r': '0.00884', 'pmean': '0.08347', 'trn_auc': '0.93405', 'val_auc': '0.79845', 'tst_auc': '0.77430', 'trn_aps': '0.71162', 'val_aps': '0.40118', 'tst_aps': '0.39799', 'trn_loss0': '0.21749'}
Epoch 177: {'val_loss': '0.24671', 'g0': '0.01942', 'g1': '0.03375', 'flip_r': '0.00733', 'pmean': '0.08467', 'trn_auc': '0.93405', 'val_auc': '0.79476', 'tst_auc': '0.77417', 'trn_aps': '0.71217', 'val_aps': '0.39527', 'tst_aps': '0.39679', 'trn_loss0': '0.22295'}
Epoch 178: {'val_loss': '0.24678', 'g0': '0.01959', 'g1': '0.03358', 'flip_r': '0.00658', 'pmean': '0.08319', 'trn_auc': '0.93452', 'val_auc': '0.79606', 'tst_auc': '0.77465', 'trn_aps': '0.71247', 'val_aps': '0.39791', 'tst_aps': '0.39698', 'trn_loss0': '0.21573'}
Epoch 00179: reducing learning rate of group 0 to 7.8125e-06.
Epoch 179: {'val_loss': '0.24565', 'g0': '0.01990', 'g1': '0.03327', 'flip_r': '0.01335', 'pmean': '0.08417', 'trn_auc': '0.93427', 'val_auc': '0.79869', 'tst_auc': '0.77489', 'trn_aps': '0.71435', 'val_aps': '0.39651', 'tst_aps': '0.39885', 'trn_loss0': '0.21364'}
Epoch 180: {'val_loss': '0.24601', 'g0': '0.01950', 'g1': '0.03367', 'flip_r': '0.01128', 'pmean': '0.08721', 'trn_auc': '0.93385', 'val_auc': '0.79851', 'tst_auc': '0.77264', 'trn_aps': '0.71156', 'val_aps': '0.39545', 'tst_aps': '0.39629', 'trn_loss0': '0.22837'}
Epoch 181: {'val_loss': '0.24603', 'g0': '0.01949', 'g1': '0.03368', 'flip_r': '0.00658', 'pmean': '0.08681', 'trn_auc': '0.93454', 'val_auc': '0.79337', 'tst_auc': '0.77409', 'trn_aps': '0.71289', 'val_aps': '0.39352', 'tst_aps': '0.39907', 'trn_loss0': '0.22740'}
Epoch 182: {'val_loss': '0.24590', 'g0': '0.01938', 'g1': '0.03379', 'flip_r': '0.00583', 'pmean': '0.08817', 'trn_auc': '0.93316', 'val_auc': '0.79378', 'tst_auc': '0.77555', 'trn_aps': '0.70912', 'val_aps': '0.39489', 'tst_aps': '0.39799', 'trn_loss0': '0.21228'}
Epoch 183: {'val_loss': '0.24483', 'g0': '0.01956', 'g1': '0.03361', 'flip_r': '0.00828', 'pmean': '0.08702', 'trn_auc': '0.93522', 'val_auc': '0.79594', 'tst_auc': '0.77547', 'trn_aps': '0.71372', 'val_aps': '0.39657', 'tst_aps': '0.40026', 'trn_loss0': '0.22645'}
Epoch 184: {'val_loss': '0.24579', 'g0': '0.01937', 'g1': '0.03380', 'flip_r': '0.00733', 'pmean': '0.08701', 'trn_auc': '0.93393', 'val_auc': '0.79541', 'tst_auc': '0.77598', 'trn_aps': '0.71279', 'val_aps': '0.39520', 'tst_aps': '0.40221', 'trn_loss0': '0.21502'}
Epoch 00185: reducing learning rate of group 0 to 3.9063e-06.
Epoch 185: {'val_loss': '0.24606', 'g0': '0.01953', 'g1': '0.03364', 'flip_r': '0.00677', 'pmean': '0.08522', 'trn_auc': '0.93359', 'val_auc': '0.79504', 'tst_auc': '0.77604', 'trn_aps': '0.71310', 'val_aps': '0.39761', 'tst_aps': '0.40164', 'trn_loss0': '0.21748'}
Epoch 186: {'val_loss': '0.24750', 'g0': '0.01952', 'g1': '0.03365', 'flip_r': '0.00884', 'pmean': '0.08349', 'trn_auc': '0.93366', 'val_auc': '0.79248', 'tst_auc': '0.77470', 'trn_aps': '0.71045', 'val_aps': '0.39465', 'tst_aps': '0.40121', 'trn_loss0': '0.22567'}
Epoch 187: {'val_loss': '0.24717', 'g0': '0.01957', 'g1': '0.03360', 'flip_r': '0.00809', 'pmean': '0.08409', 'trn_auc': '0.93408', 'val_auc': '0.79702', 'tst_auc': '0.77427', 'trn_aps': '0.71218', 'val_aps': '0.39668', 'tst_aps': '0.39958', 'trn_loss0': '0.22683'}
Epoch 188: {'val_loss': '0.24587', 'g0': '0.01942', 'g1': '0.03375', 'flip_r': '0.00696', 'pmean': '0.08853', 'trn_auc': '0.93343', 'val_auc': '0.79318', 'tst_auc': '0.77290', 'trn_aps': '0.71030', 'val_aps': '0.39222', 'tst_aps': '0.40461', 'trn_loss0': '0.22495'}
Epoch 189: {'val_loss': '0.24411', 'g0': '0.01961', 'g1': '0.03356', 'flip_r': '0.00583', 'pmean': '0.08865', 'trn_auc': '0.93564', 'val_auc': '0.79809', 'tst_auc': '0.77580', 'trn_aps': '0.71786', 'val_aps': '0.40026', 'tst_aps': '0.40314', 'trn_loss0': '0.22716'}
Epoch 190: {'val_loss': '0.24511', 'g0': '0.01980', 'g1': '0.03337', 'flip_r': '0.00733', 'pmean': '0.08630', 'trn_auc': '0.93529', 'val_auc': '0.79952', 'tst_auc': '0.77352', 'trn_aps': '0.71377', 'val_aps': '0.39859', 'tst_aps': '0.40244', 'trn_loss0': '0.21853'}
Epoch 191: {'val_loss': '0.24590', 'g0': '0.01980', 'g1': '0.03337', 'flip_r': '0.00639', 'pmean': '0.08535', 'trn_auc': '0.93534', 'val_auc': '0.79918', 'tst_auc': '0.77255', 'trn_aps': '0.71486', 'val_aps': '0.39470', 'tst_aps': '0.39870', 'trn_loss0': '0.21914'}
Epoch 192: {'val_loss': '0.24695', 'g0': '0.01951', 'g1': '0.03366', 'flip_r': '0.00884', 'pmean': '0.08664', 'trn_auc': '0.93447', 'val_auc': '0.79345', 'tst_auc': '0.77091', 'trn_aps': '0.71168', 'val_aps': '0.38991', 'tst_aps': '0.39603', 'trn_loss0': '0.22378'}
Epoch 193: {'val_loss': '0.24570', 'g0': '0.01948', 'g1': '0.03369', 'flip_r': '0.00395', 'pmean': '0.08816', 'trn_auc': '0.93456', 'val_auc': '0.79485', 'tst_auc': '0.77337', 'trn_aps': '0.71592', 'val_aps': '0.39025', 'tst_aps': '0.39775', 'trn_loss0': '0.21295'}
Epoch 194: {'val_loss': '0.24549', 'g0': '0.01960', 'g1': '0.03357', 'flip_r': '0.00489', 'pmean': '0.08793', 'trn_auc': '0.93462', 'val_auc': '0.79852', 'tst_auc': '0.77325', 'trn_aps': '0.71345', 'val_aps': '0.39229', 'tst_aps': '0.39723', 'trn_loss0': '0.22103'}
Epoch 195: {'val_loss': '0.24710', 'g0': '0.01959', 'g1': '0.03358', 'flip_r': '0.00583', 'pmean': '0.08536', 'trn_auc': '0.93364', 'val_auc': '0.79866', 'tst_auc': '0.77261', 'trn_aps': '0.71038', 'val_aps': '0.39471', 'tst_aps': '0.39603', 'trn_loss0': '0.22757'}
Epoch 00196: reducing learning rate of group 0 to 1.9531e-06.
Epoch 196: {'val_loss': '0.24582', 'g0': '0.01948', 'g1': '0.03369', 'flip_r': '0.00508', 'pmean': '0.08727', 'trn_auc': '0.93418', 'val_auc': '0.79612', 'tst_auc': '0.77587', 'trn_aps': '0.71250', 'val_aps': '0.39331', 'tst_aps': '0.40055', 'trn_loss0': '0.22901'}
Epoch 197: {'val_loss': '0.24537', 'g0': '0.01948', 'g1': '0.03369', 'flip_r': '0.00339', 'pmean': '0.08746', 'trn_auc': '0.93401', 'val_auc': '0.79860', 'tst_auc': '0.77586', 'trn_aps': '0.71317', 'val_aps': '0.39545', 'tst_aps': '0.40071', 'trn_loss0': '0.21489'}
Epoch 198: {'val_loss': '0.24661', 'g0': '0.01955', 'g1': '0.03362', 'flip_r': '0.00545', 'pmean': '0.08579', 'trn_auc': '0.93516', 'val_auc': '0.79574', 'tst_auc': '0.77274', 'trn_aps': '0.71686', 'val_aps': '0.39056', 'tst_aps': '0.39671', 'trn_loss0': '0.21209'}
Epoch 199: {'val_loss': '0.24700', 'g0': '0.01930', 'g1': '0.03387', 'flip_r': '0.00621', 'pmean': '0.08801', 'trn_auc': '0.93285', 'val_auc': '0.79212', 'tst_auc': '0.77378', 'trn_aps': '0.70974', 'val_aps': '0.39104', 'tst_aps': '0.39973', 'trn_loss0': '0.21793'}
Epoch 200: {'val_loss': '0.24485', 'g0': '0.01944', 'g1': '0.03373', 'flip_r': '0.00301', 'pmean': '0.09155', 'trn_auc': '0.93408', 'val_auc': '0.79393', 'tst_auc': '0.77431', 'trn_aps': '0.71254', 'val_aps': '0.38916', 'tst_aps': '0.40110', 'trn_loss0': '0.22088'}
Epoch 201: {'val_loss': '0.24546', 'g0': '0.01943', 'g1': '0.03374', 'flip_r': '0.00395', 'pmean': '0.09014', 'trn_auc': '0.93332', 'val_auc': '0.79555', 'tst_auc': '0.77265', 'trn_aps': '0.71159', 'val_aps': '0.39187', 'tst_aps': '0.39915', 'trn_loss0': '0.21565'}
Epoch 00202: reducing learning rate of group 0 to 9.7656e-07.
Epoch 202: {'val_loss': '0.24599', 'g0': '0.01957', 'g1': '0.03360', 'flip_r': '0.00414', 'pmean': '0.08745', 'trn_auc': '0.93403', 'val_auc': '0.79684', 'tst_auc': '0.77337', 'trn_aps': '0.71350', 'val_aps': '0.39732', 'tst_aps': '0.39610', 'trn_loss0': '0.22625'}
Epoch 203: {'val_loss': '0.24472', 'g0': '0.01967', 'g1': '0.03350', 'flip_r': '0.00564', 'pmean': '0.08967', 'trn_auc': '0.93413', 'val_auc': '0.79805', 'tst_auc': '0.77290', 'trn_aps': '0.71226', 'val_aps': '0.39598', 'tst_aps': '0.40076', 'trn_loss0': '0.21886'}
Epoch 204: {'val_loss': '0.24418', 'g0': '0.01968', 'g1': '0.03349', 'flip_r': '0.00545', 'pmean': '0.08930', 'trn_auc': '0.93452', 'val_auc': '0.79713', 'tst_auc': '0.77839', 'trn_aps': '0.71361', 'val_aps': '0.39761', 'tst_aps': '0.40492', 'trn_loss0': '0.22289'}
Epoch 205: {'val_loss': '0.24584', 'g0': '0.01953', 'g1': '0.03364', 'flip_r': '0.00508', 'pmean': '0.08605', 'trn_auc': '0.93464', 'val_auc': '0.79649', 'tst_auc': '0.77634', 'trn_aps': '0.71413', 'val_aps': '0.39882', 'tst_aps': '0.40082', 'trn_loss0': '0.22562'}
Epoch 206: {'val_loss': '0.24474', 'g0': '0.01952', 'g1': '0.03365', 'flip_r': '0.00433', 'pmean': '0.08980', 'trn_auc': '0.93451', 'val_auc': '0.79855', 'tst_auc': '0.77524', 'trn_aps': '0.71083', 'val_aps': '0.39435', 'tst_aps': '0.40325', 'trn_loss0': '0.22740'}
Epoch 207: {'val_loss': '0.24538', 'g0': '0.01955', 'g1': '0.03362', 'flip_r': '0.00508', 'pmean': '0.08917', 'trn_auc': '0.93412', 'val_auc': '0.79608', 'tst_auc': '0.77420', 'trn_aps': '0.70943', 'val_aps': '0.39561', 'tst_aps': '0.39830', 'trn_loss0': '0.22466'}
Epoch 00208: reducing learning rate of group 0 to 4.8828e-07.
Epoch 208: {'val_loss': '0.24578', 'g0': '0.01948', 'g1': '0.03369', 'flip_r': '0.00357', 'pmean': '0.08801', 'trn_auc': '0.93476', 'val_auc': '0.79742', 'tst_auc': '0.77282', 'trn_aps': '0.71308', 'val_aps': '0.39104', 'tst_aps': '0.39898', 'trn_loss0': '0.21850'}
Epoch 209: {'val_loss': '0.24499', 'g0': '0.01949', 'g1': '0.03368', 'flip_r': '0.00433', 'pmean': '0.08865', 'trn_auc': '0.93499', 'val_auc': '0.79735', 'tst_auc': '0.77520', 'trn_aps': '0.71417', 'val_aps': '0.39157', 'tst_aps': '0.40162', 'trn_loss0': '0.21908'}
Epoch 210: {'val_loss': '0.24434', 'g0': '0.01957', 'g1': '0.03360', 'flip_r': '0.00339', 'pmean': '0.08979', 'trn_auc': '0.93503', 'val_auc': '0.79868', 'tst_auc': '0.77696', 'trn_aps': '0.71383', 'val_aps': '0.39494', 'tst_aps': '0.40219', 'trn_loss0': '0.22271'}
Epoch 211: {'val_loss': '0.24543', 'g0': '0.01953', 'g1': '0.03364', 'flip_r': '0.00376', 'pmean': '0.08886', 'trn_auc': '0.93467', 'val_auc': '0.79472', 'tst_auc': '0.77611', 'trn_aps': '0.71131', 'val_aps': '0.39552', 'tst_aps': '0.40321', 'trn_loss0': '0.21054'}
Epoch 212: {'val_loss': '0.24517', 'g0': '0.01957', 'g1': '0.03360', 'flip_r': '0.00451', 'pmean': '0.08743', 'trn_auc': '0.93460', 'val_auc': '0.79855', 'tst_auc': '0.77551', 'trn_aps': '0.71387', 'val_aps': '0.39500', 'tst_aps': '0.40042', 'trn_loss0': '0.22762'}
Epoch 213: {'val_loss': '0.24386', 'g0': '0.01967', 'g1': '0.03350', 'flip_r': '0.00376', 'pmean': '0.09130', 'trn_auc': '0.93469', 'val_auc': '0.79800', 'tst_auc': '0.77480', 'trn_aps': '0.71394', 'val_aps': '0.39350', 'tst_aps': '0.40266', 'trn_loss0': '0.21613'}
Epoch 214: {'val_loss': '0.24519', 'g0': '0.01965', 'g1': '0.03352', 'flip_r': '0.00451', 'pmean': '0.08822', 'trn_auc': '0.93487', 'val_auc': '0.79500', 'tst_auc': '0.77266', 'trn_aps': '0.71496', 'val_aps': '0.39205', 'tst_aps': '0.39894', 'trn_loss0': '0.22050'}
Epoch 215: {'val_loss': '0.24568', 'g0': '0.01958', 'g1': '0.03359', 'flip_r': '0.00583', 'pmean': '0.08857', 'trn_auc': '0.93335', 'val_auc': '0.79617', 'tst_auc': '0.77202', 'trn_aps': '0.70960', 'val_aps': '0.39663', 'tst_aps': '0.39674', 'trn_loss0': '0.22468'}
Epoch 216: {'val_loss': '0.24392', 'g0': '0.01938', 'g1': '0.03379', 'flip_r': '0.00564', 'pmean': '0.09218', 'trn_auc': '0.93318', 'val_auc': '0.79699', 'tst_auc': '0.77773', 'trn_aps': '0.70920', 'val_aps': '0.39425', 'tst_aps': '0.40292', 'trn_loss0': '0.22389'}
Epoch 217: {'val_loss': '0.24404', 'g0': '0.01941', 'g1': '0.03376', 'flip_r': '0.00621', 'pmean': '0.09307', 'trn_auc': '0.93391', 'val_auc': '0.79810', 'tst_auc': '0.77563', 'trn_aps': '0.71050', 'val_aps': '0.39563', 'tst_aps': '0.40151', 'trn_loss0': '0.21734'}
Epoch 218: {'val_loss': '0.24422', 'g0': '0.01953', 'g1': '0.03364', 'flip_r': '0.00639', 'pmean': '0.09156', 'trn_auc': '0.93428', 'val_auc': '0.79674', 'tst_auc': '0.77650', 'trn_aps': '0.71177', 'val_aps': '0.39529', 'tst_aps': '0.40137', 'trn_loss0': '0.21623'}
Epoch 219: {'val_loss': '0.24497', 'g0': '0.01950', 'g1': '0.03367', 'flip_r': '0.00282', 'pmean': '0.08986', 'trn_auc': '0.93391', 'val_auc': '0.79717', 'tst_auc': '0.77412', 'trn_aps': '0.71172', 'val_aps': '0.39508', 'tst_aps': '0.39850', 'trn_loss0': '0.21958'}
Epoch 00220: reducing learning rate of group 0 to 2.4414e-07.
Epoch 220: {'val_loss': '0.24494', 'g0': '0.01958', 'g1': '0.03359', 'flip_r': '0.00564', 'pmean': '0.08923', 'trn_auc': '0.93464', 'val_auc': '0.79736', 'tst_auc': '0.77337', 'trn_aps': '0.71429', 'val_aps': '0.39154', 'tst_aps': '0.39495', 'trn_loss0': '0.22520'}
Epoch 221: {'val_loss': '0.24536', 'g0': '0.01965', 'g1': '0.03352', 'flip_r': '0.00621', 'pmean': '0.08757', 'trn_auc': '0.93530', 'val_auc': '0.79699', 'tst_auc': '0.77259', 'trn_aps': '0.71436', 'val_aps': '0.39551', 'tst_aps': '0.39578', 'trn_loss0': '0.22002'}
Epoch 222: {'val_loss': '0.24732', 'g0': '0.01946', 'g1': '0.03371', 'flip_r': '0.00771', 'pmean': '0.08512', 'trn_auc': '0.93328', 'val_auc': '0.79494', 'tst_auc': '0.77401', 'trn_aps': '0.71023', 'val_aps': '0.40025', 'tst_aps': '0.39529', 'trn_loss0': '0.20674'}
Epoch 223: {'val_loss': '0.24785', 'g0': '0.01951', 'g1': '0.03366', 'flip_r': '0.00470', 'pmean': '0.08429', 'trn_auc': '0.93159', 'val_auc': '0.79618', 'tst_auc': '0.77420', 'trn_aps': '0.70745', 'val_aps': '0.39583', 'tst_aps': '0.39790', 'trn_loss0': '0.21853'}
Epoch 224: {'val_loss': '0.24552', 'g0': '0.01961', 'g1': '0.03356', 'flip_r': '0.00489', 'pmean': '0.08621', 'trn_auc': '0.93392', 'val_auc': '0.79858', 'tst_auc': '0.77625', 'trn_aps': '0.71321', 'val_aps': '0.39453', 'tst_aps': '0.40252', 'trn_loss0': '0.21300'}
Epoch 225: {'val_loss': '0.24662', 'g0': '0.01948', 'g1': '0.03369', 'flip_r': '0.00320', 'pmean': '0.08697', 'trn_auc': '0.93334', 'val_auc': '0.79560', 'tst_auc': '0.77538', 'trn_aps': '0.71080', 'val_aps': '0.40160', 'tst_aps': '0.39907', 'trn_loss0': '0.22161'}
Epoch 00226: reducing learning rate of group 0 to 1.2207e-07.
Epoch 226: {'val_loss': '0.24638', 'g0': '0.01958', 'g1': '0.03359', 'flip_r': '0.00376', 'pmean': '0.08725', 'trn_auc': '0.93333', 'val_auc': '0.79516', 'tst_auc': '0.77282', 'trn_aps': '0.71008', 'val_aps': '0.39831', 'tst_aps': '0.40071', 'trn_loss0': '0.21998'}
Epoch 227: {'val_loss': '0.24544', 'g0': '0.01949', 'g1': '0.03368', 'flip_r': '0.00470', 'pmean': '0.08843', 'trn_auc': '0.93430', 'val_auc': '0.79695', 'tst_auc': '0.77372', 'trn_aps': '0.71072', 'val_aps': '0.39656', 'tst_aps': '0.40298', 'trn_loss0': '0.21591'}
Epoch 228: {'val_loss': '0.24526', 'g0': '0.01952', 'g1': '0.03365', 'flip_r': '0.00470', 'pmean': '0.08880', 'trn_auc': '0.93454', 'val_auc': '0.79625', 'tst_auc': '0.77265', 'trn_aps': '0.71368', 'val_aps': '0.39830', 'tst_aps': '0.39920', 'trn_loss0': '0.21988'}
Epoch 229: {'val_loss': '0.24529', 'g0': '0.01952', 'g1': '0.03365', 'flip_r': '0.00376', 'pmean': '0.08801', 'trn_auc': '0.93346', 'val_auc': '0.79920', 'tst_auc': '0.77478', 'trn_aps': '0.70970', 'val_aps': '0.39972', 'tst_aps': '0.40354', 'trn_loss0': '0.22471'}
Epoch 230: {'val_loss': '0.24435', 'g0': '0.01965', 'g1': '0.03352', 'flip_r': '0.00433', 'pmean': '0.08817', 'trn_auc': '0.93493', 'val_auc': '0.80039', 'tst_auc': '0.77665', 'trn_aps': '0.71451', 'val_aps': '0.39432', 'tst_aps': '0.40306', 'trn_loss0': '0.21532'}
Epoch 231: {'val_loss': '0.24548', 'g0': '0.01951', 'g1': '0.03366', 'flip_r': '0.00489', 'pmean': '0.08679', 'trn_auc': '0.93481', 'val_auc': '0.79806', 'tst_auc': '0.77487', 'trn_aps': '0.71349', 'val_aps': '0.39311', 'tst_aps': '0.40127', 'trn_loss0': '0.21892'}
Epoch 00232: reducing learning rate of group 0 to 6.1035e-08.
Epoch 232: {'val_loss': '0.24517', 'g0': '0.01951', 'g1': '0.03366', 'flip_r': '0.00339', 'pmean': '0.08819', 'trn_auc': '0.93461', 'val_auc': '0.79635', 'tst_auc': '0.77554', 'trn_aps': '0.71266', 'val_aps': '0.39312', 'tst_aps': '0.39999', 'trn_loss0': '0.21862'}
Epoch 233: {'val_loss': '0.24525', 'g0': '0.01960', 'g1': '0.03357', 'flip_r': '0.00508', 'pmean': '0.08704', 'trn_auc': '0.93461', 'val_auc': '0.79761', 'tst_auc': '0.77467', 'trn_aps': '0.71461', 'val_aps': '0.39743', 'tst_aps': '0.39875', 'trn_loss0': '0.23118'}
Epoch 234: {'val_loss': '0.24468', 'g0': '0.01951', 'g1': '0.03366', 'flip_r': '0.00470', 'pmean': '0.09018', 'trn_auc': '0.93474', 'val_auc': '0.79616', 'tst_auc': '0.77429', 'trn_aps': '0.71354', 'val_aps': '0.39406', 'tst_aps': '0.39879', 'trn_loss0': '0.20707'}
Epoch 235: {'val_loss': '0.24433', 'g0': '0.01953', 'g1': '0.03364', 'flip_r': '0.00451', 'pmean': '0.09103', 'trn_auc': '0.93452', 'val_auc': '0.79870', 'tst_auc': '0.77572', 'trn_aps': '0.71096', 'val_aps': '0.39276', 'tst_aps': '0.39992', 'trn_loss0': '0.22719'}
Epoch 236: {'val_loss': '0.24455', 'g0': '0.01958', 'g1': '0.03359', 'flip_r': '0.00470', 'pmean': '0.08966', 'trn_auc': '0.93419', 'val_auc': '0.80026', 'tst_auc': '0.77690', 'trn_aps': '0.70985', 'val_aps': '0.39742', 'tst_aps': '0.40105', 'trn_loss0': '0.21588'}
Epoch 237: {'val_loss': '0.24500', 'g0': '0.01951', 'g1': '0.03366', 'flip_r': '0.00433', 'pmean': '0.09045', 'trn_auc': '0.93384', 'val_auc': '0.79641', 'tst_auc': '0.77620', 'trn_aps': '0.71111', 'val_aps': '0.39345', 'tst_aps': '0.40068', 'trn_loss0': '0.22381'}
Epoch 00238: reducing learning rate of group 0 to 3.0518e-08.
Epoch 238: {'val_loss': '0.24582', 'g0': '0.01957', 'g1': '0.03360', 'flip_r': '0.00414', 'pmean': '0.08695', 'trn_auc': '0.93462', 'val_auc': '0.79365', 'tst_auc': '0.77529', 'trn_aps': '0.71513', 'val_aps': '0.39379', 'tst_aps': '0.39990', 'trn_loss0': '0.23138'}
training time elapsed 158.76s
Evaluating model in ./lightning_logs/vqs8o5io/checkpoints/epoch=213-step=1926.ckpt
  0%|          | 0/1 [00:00<?, ?it/s]100%|██████████| 1/1 [00:00<00:00, 55.59it/s]
{'final_trn/auc': '0.93757', 'final_trn/aps': '0.73087', 'final_trn/mf1': '0.82681', 'final_trn/th1': '0.25250', 'final_trn/gme': '0.86790', 'final_trn/th2': '0.12533', 'final_trn/rec': '0.63393', 'final_trn/pre': '0.74346'}
{'final_val/auc': '0.79377', 'final_val/aps': '0.40978', 'final_val/mf1': '0.69715', 'final_val/th1': '0.21357', 'final_val/gme': '0.71828', 'final_val/th2': '0.08739', 'final_val/rec': '0.42342', 'final_val/pre': '0.47475'}
{'final_tst/auc': '0.78383', 'final_tst/aps': '0.39002', 'final_tst/mf1': '0.68070', 'final_tst/th1': '0.21357', 'final_tst/gme': '0.62115', 'final_tst/th2': '0.08739', 'final_tst/rec': '0.41071', 'final_tst/pre': '0.44231'}
wandb: Waiting for W&B process to finish... (success).
wandb: 
wandb: Run history:
wandb:               epoch ▁▁▁▂▂▂▂▂▂▃▃▃▃▃▃▄▄▄▄▄▅▅▅▅▅▅▆▆▆▆▆▇▇▇▇▇▇███
wandb:       final_trn/aps ▁
wandb:       final_trn/auc ▁
wandb:       final_trn/gme ▁
wandb:       final_trn/mf1 ▁
wandb:       final_trn/pre ▁
wandb:       final_trn/rec ▁
wandb:       final_trn/th1 ▁
wandb:       final_trn/th2 ▁
wandb:       final_tst/aps ▁
wandb:       final_tst/auc ▁
wandb:       final_tst/gme ▁
wandb:       final_tst/mf1 ▁
wandb:       final_tst/pre ▁
wandb:       final_tst/rec ▁
wandb:       final_tst/th1 ▁
wandb:       final_tst/th2 ▁
wandb:       final_val/aps ▁
wandb:       final_val/auc ▁
wandb:       final_val/gme ▁
wandb:       final_val/mf1 ▁
wandb:       final_val/pre ▁
wandb:       final_val/rec ▁
wandb:       final_val/th1 ▁
wandb:       final_val/th2 ▁
wandb:              flip_r ▁▂▂▂▁▁▁▁▁▁▁▂▃▃▃▅█▄▄▅▅▅▄▃▄▂▂▂▂▂▂▂▂▂▂▂▂▂▂▂
wandb:                  g0 ▁▁▁▁▁▁▁▁▁▁▁▁▂▂▃▄▅▅▅▇▆▇▇▇████████████████
wandb:                  g1 ████████████▇▇▆▅▄▄▄▂▃▂▂▂▁▁▁▁▁▁▁▁▁▁▁▁▁▁▁▁
wandb:               pmean █▂▁▁▁▂▁▁▁▁▁▁▁▁▁▁▁▁▁▁▁▁▁▁▁▁▁▁▁▁▁▁▁▁▁▁▁▁▁▁
wandb: trainer/global_step ▁▁▁▂▂▂▂▂▂▃▃▃▃▃▃▄▄▄▄▄▅▅▅▅▅▅▆▆▆▆▆▇▇▇▇▇▇███
wandb:             trn_aps ▁▁▁▁▁▁▁▁▂▂▂▂▂▃▄▄▅▆▆▇▇▇▇█████████████████
wandb:             trn_auc ▁▂▂▂▂▃▃▃▄▄▄▅▅▆▆▆▇▇▇▇▇███████████████████
wandb:           trn_loss0 █▃▂▂▂▂▂▂▂▂▂▂▂▂▂▂▂▂▂▁▂▁▁▁▁▁▁▁▁▁▁▁▁▁▁▁▁▁▁▁
wandb:             tst_aps ▁▁▁▁▁▁▂▂▂▂▂▃▃▄▅▅▆▆▆▇▇███████████████████
wandb:             tst_auc ▁▁▁▂▂▂▃▃▄▄▄▅▅▆▆▇▇▇██████████████████████
wandb:        unclear_down ▁
wandb:          unclear_up ▁
wandb:             val_aps ▁▂▂▂▂▂▂▂▃▃▃▄▄▅▆▆▇▇█▇████████████████████
wandb:             val_auc ▁▂▃▃▃▃▄▄▅▅▅▆▇▇▇▇████████████████████████
wandb:            val_loss █▃▃▃▃▃▃▃▂▂▂▂▂▂▂▂▂▂▁▁▁▁▁▁▁▁▁▁▁▁▁▁▁▁▁▁▁▁▁▁
wandb: 
wandb: Run summary:
wandb:               epoch 238
wandb:       final_trn/aps 0.73087
wandb:       final_trn/auc 0.93757
wandb:       final_trn/gme 0.8679
wandb:       final_trn/mf1 0.82681
wandb:       final_trn/pre 0.74346
wandb:       final_trn/rec 0.63393
wandb:       final_trn/th1 0.2525
wandb:       final_trn/th2 0.12533
wandb:       final_tst/aps 0.39002
wandb:       final_tst/auc 0.78383
wandb:       final_tst/gme 0.62115
wandb:       final_tst/mf1 0.6807
wandb:       final_tst/pre 0.44231
wandb:       final_tst/rec 0.41071
wandb:       final_tst/th1 0.21357
wandb:       final_tst/th2 0.08739
wandb:       final_val/aps 0.40978
wandb:       final_val/auc 0.79377
wandb:       final_val/gme 0.71828
wandb:       final_val/mf1 0.69715
wandb:       final_val/pre 0.47475
wandb:       final_val/rec 0.42342
wandb:       final_val/th1 0.21357
wandb:       final_val/th2 0.08739
wandb:              flip_r 0.00414
wandb:                  g0 0.01957
wandb:                  g1 0.0336
wandb:               pmean 0.08695
wandb: trainer/global_step 2150
wandb:             trn_aps 0.71513
wandb:             trn_auc 0.93462
wandb:           trn_loss0 0.23138
wandb:             tst_aps 0.3999
wandb:             tst_auc 0.77529
wandb:        unclear_down 0.025
wandb:          unclear_up 0.025
wandb:             val_aps 0.39379
wandb:             val_auc 0.79365
wandb:            val_loss 0.24582
wandb: 
wandb: You can sync this run to the cloud by running:
wandb: wandb sync /workspace/COMP8851-fraud-dataset-analysis/models/dga-gnn/dga_gnn_upstream/code/wandb/offline-run-20260916_095524-vqs8o5io
wandb: Find logs at: ./wandb/offline-run-20260916_095524-vqs8o5io/logs
==============================
==============================
