=== Run: splitgnn_amazon_unified_tr10_seed72_a6000_20260918T003503Z ===
Result dir: /workspace/splitgnn_vast/results/splitgnn/amazon/unified/tr10/seed_72
Split overlap checks: PASSED
train=1194 valid=2389 test=4777
Model source commit: 32fbdb836781d5c02523844a7079425f89be8831
Config SHA256: d3763a01b0102f54b3dc3e8b049498c8fcefd07da403ed3fb40b48db7a05b680
Split SHA256: 194b49f7cac03b0081747e62cd5d422718e854d4350e200337c19b7663dca8dc
epoch 0: loss=1.7105 val_auprc=0.1050 val_auc=0.5984 val_f1_macro=0.0642 (best_epoch=0, best_auprc=0.1050)
epoch 1: loss=1.6749 val_auprc=0.1474 val_auc=0.7011 val_f1_macro=0.3269 (best_epoch=1, best_auprc=0.1474)
epoch 2: loss=1.5720 val_auprc=0.1305 val_auc=0.6577 val_f1_macro=0.4822 (best_epoch=1, best_auprc=0.1474)
epoch 3: loss=1.8681 val_auprc=0.0610 val_auc=0.3070 val_f1_macro=0.4167 (best_epoch=1, best_auprc=0.1474)
epoch 4: loss=1.4463 val_auprc=0.0605 val_auc=0.4723 val_f1_macro=0.3117 (best_epoch=1, best_auprc=0.1474)
epoch 5: loss=1.3734 val_auprc=0.2258 val_auc=0.7469 val_f1_macro=0.3190 (best_epoch=5, best_auprc=0.2258)
epoch 6: loss=1.3327 val_auprc=0.1846 val_auc=0.7398 val_f1_macro=0.3187 (best_epoch=5, best_auprc=0.2258)
epoch 7: loss=1.3981 val_auprc=0.2414 val_auc=0.7650 val_f1_macro=0.3246 (best_epoch=7, best_auprc=0.2414)
epoch 8: loss=1.2935 val_auprc=0.2680 val_auc=0.7526 val_f1_macro=0.3263 (best_epoch=8, best_auprc=0.2680)
epoch 9: loss=1.2991 val_auprc=0.3047 val_auc=0.7596 val_f1_macro=0.3364 (best_epoch=9, best_auprc=0.3047)
epoch 10: loss=1.2379 val_auprc=0.3224 val_auc=0.7684 val_f1_macro=0.4308 (best_epoch=10, best_auprc=0.3224)
epoch 11: loss=1.2439 val_auprc=0.3259 val_auc=0.7689 val_f1_macro=0.5709 (best_epoch=11, best_auprc=0.3259)
epoch 12: loss=1.1481 val_auprc=0.3421 val_auc=0.7766 val_f1_macro=0.6084 (best_epoch=12, best_auprc=0.3421)
epoch 13: loss=1.1901 val_auprc=0.3626 val_auc=0.8069 val_f1_macro=0.6603 (best_epoch=13, best_auprc=0.3626)
epoch 14: loss=1.1754 val_auprc=0.3621 val_auc=0.8043 val_f1_macro=0.5555 (best_epoch=13, best_auprc=0.3626)
epoch 15: loss=1.1966 val_auprc=0.3706 val_auc=0.8104 val_f1_macro=0.6759 (best_epoch=15, best_auprc=0.3706)
epoch 16: loss=1.1493 val_auprc=0.3677 val_auc=0.8184 val_f1_macro=0.6734 (best_epoch=15, best_auprc=0.3706)
epoch 17: loss=1.1363 val_auprc=0.3698 val_auc=0.8036 val_f1_macro=0.6418 (best_epoch=15, best_auprc=0.3706)
epoch 18: loss=1.1980 val_auprc=0.3738 val_auc=0.8123 val_f1_macro=0.6620 (best_epoch=18, best_auprc=0.3738)
epoch 19: loss=1.1159 val_auprc=0.3764 val_auc=0.8275 val_f1_macro=0.6801 (best_epoch=19, best_auprc=0.3764)
epoch 20: loss=1.1129 val_auprc=0.3848 val_auc=0.8365 val_f1_macro=0.6595 (best_epoch=20, best_auprc=0.3848)
epoch 21: loss=1.1113 val_auprc=0.3844 val_auc=0.8418 val_f1_macro=0.6364 (best_epoch=20, best_auprc=0.3848)
epoch 22: loss=1.1002 val_auprc=0.3862 val_auc=0.8448 val_f1_macro=0.6623 (best_epoch=22, best_auprc=0.3862)
epoch 23: loss=1.0652 val_auprc=0.3935 val_auc=0.8494 val_f1_macro=0.6861 (best_epoch=23, best_auprc=0.3935)
epoch 24: loss=0.9757 val_auprc=0.3978 val_auc=0.8599 val_f1_macro=0.6671 (best_epoch=24, best_auprc=0.3978)
epoch 25: loss=0.9714 val_auprc=0.3932 val_auc=0.8450 val_f1_macro=0.7005 (best_epoch=24, best_auprc=0.3978)
epoch 26: loss=1.0724 val_auprc=0.3997 val_auc=0.8448 val_f1_macro=0.6811 (best_epoch=26, best_auprc=0.3997)
epoch 27: loss=1.1075 val_auprc=0.3974 val_auc=0.8597 val_f1_macro=0.6170 (best_epoch=26, best_auprc=0.3997)
epoch 28: loss=1.0048 val_auprc=0.3988 val_auc=0.8693 val_f1_macro=0.5785 (best_epoch=26, best_auprc=0.3997)
epoch 29: loss=1.0723 val_auprc=0.4000 val_auc=0.8727 val_f1_macro=0.6712 (best_epoch=29, best_auprc=0.4000)
epoch 30: loss=1.0062 val_auprc=0.3936 val_auc=0.8709 val_f1_macro=0.6990 (best_epoch=29, best_auprc=0.4000)
epoch 31: loss=1.1442 val_auprc=0.3946 val_auc=0.8687 val_f1_macro=0.7146 (best_epoch=29, best_auprc=0.4000)
epoch 32: loss=1.1555 val_auprc=0.3878 val_auc=0.8703 val_f1_macro=0.6707 (best_epoch=29, best_auprc=0.4000)
epoch 33: loss=1.0662 val_auprc=0.3801 val_auc=0.8692 val_f1_macro=0.4768 (best_epoch=29, best_auprc=0.4000)
epoch 34: loss=1.0875 val_auprc=0.3751 val_auc=0.8629 val_f1_macro=0.3678 (best_epoch=29, best_auprc=0.4000)
epoch 35: loss=1.1367 val_auprc=0.3746 val_auc=0.8594 val_f1_macro=0.3497 (best_epoch=29, best_auprc=0.4000)
epoch 36: loss=1.0858 val_auprc=0.3868 val_auc=0.8654 val_f1_macro=0.4068 (best_epoch=29, best_auprc=0.4000)
epoch 37: loss=0.9982 val_auprc=0.4065 val_auc=0.8659 val_f1_macro=0.5082 (best_epoch=37, best_auprc=0.4065)
epoch 38: loss=0.9680 val_auprc=0.4201 val_auc=0.8692 val_f1_macro=0.5996 (best_epoch=38, best_auprc=0.4201)
epoch 39: loss=0.9811 val_auprc=0.4178 val_auc=0.8709 val_f1_macro=0.6354 (best_epoch=38, best_auprc=0.4201)
epoch 40: loss=0.9158 val_auprc=0.4195 val_auc=0.8742 val_f1_macro=0.6400 (best_epoch=38, best_auprc=0.4201)
epoch 41: loss=0.9437 val_auprc=0.4208 val_auc=0.8758 val_f1_macro=0.6231 (best_epoch=41, best_auprc=0.4208)
epoch 42: loss=0.9034 val_auprc=0.4189 val_auc=0.8753 val_f1_macro=0.5915 (best_epoch=41, best_auprc=0.4208)
epoch 43: loss=0.9236 val_auprc=0.4192 val_auc=0.8768 val_f1_macro=0.5448 (best_epoch=41, best_auprc=0.4208)
epoch 44: loss=1.2092 val_auprc=0.3981 val_auc=0.8600 val_f1_macro=0.6029 (best_epoch=41, best_auprc=0.4208)
epoch 45: loss=1.0317 val_auprc=0.3887 val_auc=0.8535 val_f1_macro=0.6579 (best_epoch=41, best_auprc=0.4208)
epoch 46: loss=1.1999 val_auprc=0.3816 val_auc=0.8611 val_f1_macro=0.6108 (best_epoch=41, best_auprc=0.4208)
epoch 47: loss=1.1033 val_auprc=0.3860 val_auc=0.8676 val_f1_macro=0.5416 (best_epoch=41, best_auprc=0.4208)
epoch 48: loss=0.9664 val_auprc=0.3871 val_auc=0.8616 val_f1_macro=0.4685 (best_epoch=41, best_auprc=0.4208)
epoch 49: loss=0.9748 val_auprc=0.3922 val_auc=0.8462 val_f1_macro=0.4352 (best_epoch=41, best_auprc=0.4208)
epoch 50: loss=1.0755 val_auprc=0.3973 val_auc=0.8379 val_f1_macro=0.4855 (best_epoch=41, best_auprc=0.4208)
epoch 51: loss=1.0262 val_auprc=0.3921 val_auc=0.8344 val_f1_macro=0.5484 (best_epoch=41, best_auprc=0.4208)
epoch 52: loss=0.9604 val_auprc=0.3901 val_auc=0.8381 val_f1_macro=0.5940 (best_epoch=41, best_auprc=0.4208)
epoch 53: loss=1.0176 val_auprc=0.3936 val_auc=0.8533 val_f1_macro=0.6161 (best_epoch=41, best_auprc=0.4208)
epoch 54: loss=1.0095 val_auprc=0.4043 val_auc=0.8663 val_f1_macro=0.6150 (best_epoch=41, best_auprc=0.4208)
epoch 55: loss=0.9289 val_auprc=0.4178 val_auc=0.8737 val_f1_macro=0.5684 (best_epoch=41, best_auprc=0.4208)
epoch 56: loss=0.8753 val_auprc=0.4300 val_auc=0.8791 val_f1_macro=0.5491 (best_epoch=56, best_auprc=0.4300)
epoch 57: loss=0.9224 val_auprc=0.4400 val_auc=0.8817 val_f1_macro=0.5384 (best_epoch=57, best_auprc=0.4400)
epoch 58: loss=0.8892 val_auprc=0.4467 val_auc=0.8833 val_f1_macro=0.5395 (best_epoch=58, best_auprc=0.4467)
epoch 59: loss=0.9087 val_auprc=0.4481 val_auc=0.8828 val_f1_macro=0.5572 (best_epoch=59, best_auprc=0.4481)
epoch 60: loss=0.9412 val_auprc=0.4487 val_auc=0.8829 val_f1_macro=0.5789 (best_epoch=60, best_auprc=0.4487)
epoch 61: loss=0.9319 val_auprc=0.4514 val_auc=0.8839 val_f1_macro=0.5874 (best_epoch=61, best_auprc=0.4514)
epoch 62: loss=0.8875 val_auprc=0.4511 val_auc=0.8836 val_f1_macro=0.5986 (best_epoch=61, best_auprc=0.4514)
epoch 63: loss=0.8370 val_auprc=0.4543 val_auc=0.8833 val_f1_macro=0.5974 (best_epoch=63, best_auprc=0.4543)
epoch 64: loss=0.9064 val_auprc=0.4542 val_auc=0.8831 val_f1_macro=0.5973 (best_epoch=63, best_auprc=0.4543)
epoch 65: loss=0.8376 val_auprc=0.4543 val_auc=0.8823 val_f1_macro=0.6002 (best_epoch=63, best_auprc=0.4543)
epoch 66: loss=0.8901 val_auprc=0.4495 val_auc=0.8792 val_f1_macro=0.6032 (best_epoch=63, best_auprc=0.4543)
epoch 67: loss=0.8155 val_auprc=0.4450 val_auc=0.8788 val_f1_macro=0.6036 (best_epoch=63, best_auprc=0.4543)
epoch 68: loss=0.8332 val_auprc=0.4327 val_auc=0.8729 val_f1_macro=0.6196 (best_epoch=63, best_auprc=0.4543)
epoch 69: loss=0.8294 val_auprc=0.4025 val_auc=0.8689 val_f1_macro=0.6078 (best_epoch=63, best_auprc=0.4543)
epoch 70: loss=0.8013 val_auprc=0.3709 val_auc=0.8652 val_f1_macro=0.5924 (best_epoch=63, best_auprc=0.4543)
epoch 71: loss=0.8885 val_auprc=0.3724 val_auc=0.8673 val_f1_macro=0.6038 (best_epoch=63, best_auprc=0.4543)
epoch 72: loss=0.8030 val_auprc=0.4041 val_auc=0.8758 val_f1_macro=0.6111 (best_epoch=63, best_auprc=0.4543)
epoch 73: loss=0.8013 val_auprc=0.4230 val_auc=0.8810 val_f1_macro=0.5906 (best_epoch=63, best_auprc=0.4543)
epoch 74: loss=0.8695 val_auprc=0.4175 val_auc=0.8791 val_f1_macro=0.6332 (best_epoch=63, best_auprc=0.4543)
epoch 75: loss=0.8476 val_auprc=0.4162 val_auc=0.8757 val_f1_macro=0.6371 (best_epoch=63, best_auprc=0.4543)
epoch 76: loss=0.9230 val_auprc=0.4104 val_auc=0.8748 val_f1_macro=0.6299 (best_epoch=63, best_auprc=0.4543)
epoch 77: loss=0.9415 val_auprc=0.4014 val_auc=0.8746 val_f1_macro=0.5726 (best_epoch=63, best_auprc=0.4543)
epoch 78: loss=0.9087 val_auprc=0.3929 val_auc=0.8732 val_f1_macro=0.5232 (best_epoch=63, best_auprc=0.4543)
epoch 79: loss=0.9060 val_auprc=0.3836 val_auc=0.8682 val_f1_macro=0.5102 (best_epoch=63, best_auprc=0.4543)
epoch 80: loss=0.9041 val_auprc=0.3988 val_auc=0.8675 val_f1_macro=0.5536 (best_epoch=63, best_auprc=0.4543)
epoch 81: loss=0.8837 val_auprc=0.4064 val_auc=0.8678 val_f1_macro=0.5805 (best_epoch=63, best_auprc=0.4543)
epoch 82: loss=0.9394 val_auprc=0.4142 val_auc=0.8751 val_f1_macro=0.5369 (best_epoch=63, best_auprc=0.4543)
epoch 83: loss=0.9038 val_auprc=0.4221 val_auc=0.8767 val_f1_macro=0.5164 (best_epoch=63, best_auprc=0.4543)
Early stopping at epoch 83 (no improvement for 20 epochs)
Selected threshold (best val macro-F1): 0.80 (val F1=0.7341)
TEST metrics: {'auprc': 0.49825553038649056, 'auc': 0.9034285588978614, 'f1_macro': 0.7543287714189719, 'recall': 0.5152439024390244, 'threshold_used': 0.8, 'best_epoch': 63}