/workspace/COMP8851-fraud-dataset-analysis
========================================
数据名称 tfinance
总样本数: 39357
欺诈样本数: 1804
非欺诈样本数: 37553
欺诈样本占比: 4.58%
特征个数: 10

_E边关系下的统计信息:
边的个数: 42445086
平均出度: 1078.46

数据划分情况:
训练集: 15742 验证集: 7792 测试集: 15823
训练集: 40.00% 验证集: 19.80% 测试集: 40.20%
========================================
超参数设定：
dname: tfinance
project: dga_reproduction
model: dga_bin
bin_encoding: true
n_head: 1
n_hidden: 64
p: 0.3
k: 4
z: 0.025
seed: 2
bs: 64
lr: 0.001
weight_decay: 0.0005
max_epochs: 10000
patience: 25
usegpu: true
gpuid: 0
nowandb: true

n_etypes 1
n_classes 2
========================================
after bin_encoding： (39357, 50)
========================================
{'unclear_up': 0.025, 'unclear_down': 0.025}
trainable_parameters 43428
GPU available: True (cuda), used: True
TPU available: False, using: 0 TPU cores
IPU available: False, using: 0 IPUs
HPU available: False, using: 0 HPUs
You are using a CUDA device ('NVIDIA RTX A6000') that has Tensor Cores. To properly utilize them, you should set `torch.set_float32_matmul_precision('medium' | 'high')` which will trade-off precision for performance. For more details, read https://pytorch.org/docs/stable/generated/torch.set_float32_matmul_precision.html#torch.set_float32_matmul_precision
LOCAL_RANK: 0 - CUDA_VISIBLE_DEVICES: [0]

  | Name | Type | Params
------------------------------
0 | dga  | DGA  | 43.4 K
------------------------------
43.4 K    Trainable params
0         Non-trainable params
43.4 K    Total params
0.174     Total estimated model params size (MB)
Protocol-safe validation sanity check: partial loader accepted
Protocol-safe validation: {"epoch": 0, "flip_r": 0.6659298218868308, "g0": 0.648652082221714, "g1": 0.35134791777828595, "pmean": 0.059649836272001266, "val_aps": 0.7963226359927745, "val_auc": 0.9319222241687528, "val_loss": 0.08215980976819992}
Epoch 0: {'val_loss': '0.08216', 'val_auc': '0.93192', 'val_aps': '0.79632', 'g0': '0.64865', 'g1': '0.35135', 'flip_r': '0.66593', 'pmean': '0.05965', 'trn_loss0': '0.12941'}
Protocol-safe validation: {"epoch": 1, "flip_r": 0.29265441979825696, "g0": 0.9034987422821862, "g1": 0.09650125771781386, "pmean": 0.03493862971663475, "val_aps": 0.7782368323698271, "val_auc": 0.9484993190282166, "val_loss": 0.07294437289237976}
Epoch 1: {'val_loss': '0.07294', 'val_auc': '0.94850', 'val_aps': '0.77824', 'g0': '0.90350', 'g1': '0.09650', 'flip_r': '0.29265', 'pmean': '0.03494', 'trn_loss0': '0.08657'}
Protocol-safe validation: {"epoch": 2, "flip_r": 0.04339761668826384, "g0": 0.9281449297456615, "g1": 0.07185507025433849, "pmean": 0.03898928686976433, "val_aps": 0.8642964680831745, "val_auc": 0.9482864564790274, "val_loss": 0.058668214827775955}
Epoch 2: {'val_loss': '0.05867', 'val_auc': '0.94829', 'val_aps': '0.86430', 'g0': '0.92814', 'g1': '0.07186', 'flip_r': '0.04340', 'pmean': '0.03899', 'trn_loss0': '0.07573'}
Protocol-safe validation: {"epoch": 3, "flip_r": 0.034453845567497525, "g0": 0.9153390756409279, "g1": 0.08466092435907209, "pmean": 0.040876392275094986, "val_aps": 0.8704224824134605, "val_auc": 0.9591609071335326, "val_loss": 0.05557408183813095}
Epoch 3: {'val_loss': '0.05557', 'val_auc': '0.95916', 'val_aps': '0.87042', 'g0': '0.91534', 'g1': '0.08466', 'flip_r': '0.03445', 'pmean': '0.04088', 'trn_loss0': '0.06792'}
Protocol-safe validation: {"epoch": 4, "flip_r": 0.024595370582107375, "g0": 0.9144751886576721, "g1": 0.08552481134232792, "pmean": 0.039578430354595184, "val_aps": 0.8698956167150831, "val_auc": 0.9591936841986288, "val_loss": 0.05738643929362297}
Epoch 4: {'val_loss': '0.05739', 'val_auc': '0.95919', 'val_aps': '0.86990', 'g0': '0.91448', 'g1': '0.08552', 'flip_r': '0.02460', 'pmean': '0.03958', 'trn_loss0': '0.06179'}
Protocol-safe validation: {"epoch": 5, "flip_r": 0.023528216073379578, "g0": 0.9236222273039103, "g1": 0.07637777269608964, "pmean": 0.03788886219263077, "val_aps": 0.8543233727183563, "val_auc": 0.9598040157555962, "val_loss": 0.05861833319067955}
Epoch 5: {'val_loss': '0.05862', 'val_auc': '0.95980', 'val_aps': '0.85432', 'g0': '0.92362', 'g1': '0.07638', 'flip_r': '0.02353', 'pmean': '0.03789', 'trn_loss0': '0.05930'}
Protocol-safe validation: {"epoch": 6, "flip_r": 0.030617171024214244, "g0": 0.9119089361485886, "g1": 0.08809106385141144, "pmean": 0.044248949736356735, "val_aps": 0.8728268513965337, "val_auc": 0.9555659789134215, "val_loss": 0.05372738838195801}
Epoch 6: {'val_loss': '0.05373', 'val_auc': '0.95557', 'val_aps': '0.87283', 'g0': '0.91191', 'g1': '0.08809', 'flip_r': '0.03062', 'pmean': '0.04425', 'trn_loss0': '0.05540'}
Protocol-safe validation: {"epoch": 7, "flip_r": 0.03399649363518561, "g0": 0.9434154025967426, "g1": 0.056584597403257365, "pmean": 0.04070882871747017, "val_aps": 0.8694060829540713, "val_auc": 0.9555987559785177, "val_loss": 0.05561951920390129}
Epoch 7: {'val_loss': '0.05562', 'val_auc': '0.95560', 'val_aps': '0.86941', 'g0': '0.94342', 'g1': '0.05658', 'flip_r': '0.03400', 'pmean': '0.04071', 'trn_loss0': '0.05735'}
Protocol-safe validation: {"epoch": 8, "flip_r": 0.03709632339863302, "g0": 0.9182102294382194, "g1": 0.08178977056178062, "pmean": 0.03864794597029686, "val_aps": 0.8651198103853733, "val_auc": 0.9528839107936383, "val_loss": 0.057777803391218185}
Epoch 8: {'val_loss': '0.05778', 'val_auc': '0.95288', 'val_aps': '0.86512', 'g0': '0.91821', 'g1': '0.08179', 'flip_r': '0.03710', 'pmean': '0.03865', 'trn_loss0': '0.05534'}
Protocol-safe validation: {"epoch": 9, "flip_r": 0.03285311380440582, "g0": 0.9295678024239652, "g1": 0.07043219757603476, "pmean": 0.042648352682590485, "val_aps": 0.8851485752949588, "val_auc": 0.959904984186008, "val_loss": 0.05033773556351662}
Epoch 9: {'val_loss': '0.05034', 'val_auc': '0.95990', 'val_aps': '0.88515', 'g0': '0.92957', 'g1': '0.07043', 'flip_r': '0.03285', 'pmean': '0.04265', 'trn_loss0': '0.05442'}
Protocol-safe validation: {"epoch": 10, "flip_r": 0.016820387732804837, "g0": 0.9365805320527479, "g1": 0.06341946794725208, "pmean": 0.04069089516997337, "val_aps": 0.8917788711003435, "val_auc": 0.9681135668793408, "val_loss": 0.048165809363126755}
Epoch 10: {'val_loss': '0.04817', 'val_auc': '0.96811', 'val_aps': '0.89178', 'g0': '0.93658', 'g1': '0.06342', 'flip_r': '0.01682', 'pmean': '0.04069', 'trn_loss0': '0.05580'}
Protocol-safe validation: {"epoch": 11, "flip_r": 0.010773178850013975, "g0": 0.9335315191706685, "g1": 0.0664684808293315, "pmean": 0.04267830401659012, "val_aps": 0.8920342920266, "val_auc": 0.9681410694741919, "val_loss": 0.04733170196413994}
Epoch 11: {'val_loss': '0.04733', 'val_auc': '0.96814', 'val_aps': '0.89203', 'g0': '0.93353', 'g1': '0.06647', 'flip_r': '0.01077', 'pmean': '0.04268', 'trn_loss0': '0.05226'}
Protocol-safe validation: {"epoch": 12, "flip_r": 0.009960108748126128, "g0": 0.9345478567980283, "g1": 0.0654521432019717, "pmean": 0.042638324201107025, "val_aps": 0.8919205875438518, "val_auc": 0.9663262749619014, "val_loss": 0.04796149581670761}
Epoch 12: {'val_loss': '0.04796', 'val_auc': '0.96633', 'val_aps': '0.89192', 'g0': '0.93455', 'g1': '0.06545', 'flip_r': '0.00996', 'pmean': '0.04264', 'trn_loss0': '0.05368'}
Protocol-safe validation: {"epoch": 13, "flip_r": 0.020733287598140103, "g0": 0.9268745077114617, "g1": 0.07312549228853825, "pmean": 0.04196204990148544, "val_aps": 0.8802760530290437, "val_auc": 0.962366278051234, "val_loss": 0.05174540355801582}
Epoch 13: {'val_loss': '0.05175', 'val_auc': '0.96237', 'val_aps': '0.88028', 'g0': '0.92687', 'g1': '0.07313', 'flip_r': '0.02073', 'pmean': '0.04196', 'trn_loss0': '0.05179'}
Protocol-safe validation: {"epoch": 14, "flip_r": 0.0239347511243235, "g0": 0.9290596336102853, "g1": 0.07094036638971467, "pmean": 0.042248472571372986, "val_aps": 0.8877955693503171, "val_auc": 0.9624563207932804, "val_loss": 0.04950955510139465}
Epoch 14: {'val_loss': '0.04951', 'val_auc': '0.96246', 'val_aps': '0.88780', 'g0': '0.92906', 'g1': '0.07094', 'flip_r': '0.02393', 'pmean': '0.04225', 'trn_loss0': '0.05167'}
Protocol-safe validation: {"epoch": 15, "flip_r": 0.02101278044566405, "g0": 0.9261884798129939, "g1": 0.07381152018700612, "pmean": 0.04251373931765556, "val_aps": 0.8901271348857378, "val_auc": 0.9627938868889857, "val_loss": 0.04849722981452942}
Epoch 15: {'val_loss': '0.04850', 'val_auc': '0.96279', 'val_aps': '0.89013', 'g0': '0.92619', 'g1': '0.07381', 'flip_r': '0.02101', 'pmean': '0.04251', 'trn_loss0': '0.05067'}
Protocol-safe validation: {"epoch": 16, "flip_r": 0.01643926112254491, "g0": 0.9281957466270295, "g1": 0.0718042533729705, "pmean": 0.0418538972735405, "val_aps": 0.896144853322137, "val_auc": 0.9630455544692659, "val_loss": 0.04717186465859413}
Epoch 16: {'val_loss': '0.04717', 'val_auc': '0.96305', 'val_aps': '0.89614', 'g0': '0.92820', 'g1': '0.07180', 'flip_r': '0.01644', 'pmean': '0.04185', 'trn_loss0': '0.05148'}
Protocol-safe validation: {"epoch": 17, "flip_r": 0.015194247529029143, "g0": 0.9263155220164139, "g1": 0.07368447798358614, "pmean": 0.045268625020980835, "val_aps": 0.8958051869626416, "val_auc": 0.9657543716881507, "val_loss": 0.04693978652358055}
Epoch 17: {'val_loss': '0.04694', 'val_auc': '0.96575', 'val_aps': '0.89581', 'g0': '0.92632', 'g1': '0.07368', 'flip_r': '0.01519', 'pmean': '0.04527', 'trn_loss0': '0.05072'}
Protocol-safe validation: {"epoch": 18, "flip_r": 0.05943034275986483, "g0": 0.8693752064435806, "g1": 0.13062479355641946, "pmean": 0.04973287135362625, "val_aps": 0.8945706604729882, "val_auc": 0.9639437214024819, "val_loss": 0.0476379320025444}
Epoch 18: {'val_loss': '0.04764', 'val_auc': '0.96394', 'val_aps': '0.89457', 'g0': '0.86938', 'g1': '0.13062', 'flip_r': '0.05943', 'pmean': '0.04973', 'trn_loss0': '0.04975'}
Protocol-safe validation: {"epoch": 19, "flip_r": 0.04835226262164291, "g0": 0.904362629265442, "g1": 0.09563737073455802, "pmean": 0.050452280789613724, "val_aps": 0.8968455020922369, "val_auc": 0.9651828451622747, "val_loss": 0.048411816358566284}
Epoch 19: {'val_loss': '0.04841', 'val_auc': '0.96518', 'val_aps': '0.89685', 'g0': '0.90436', 'g1': '0.09564', 'flip_r': '0.04835', 'pmean': '0.05045', 'trn_loss0': '0.04801'}
Protocol-safe validation: {"epoch": 20, "flip_r": 0.025179764717839268, "g0": 0.9188708488960032, "g1": 0.08112915110399675, "pmean": 0.046162474900484085, "val_aps": 0.8987750637701262, "val_auc": 0.9662271902708628, "val_loss": 0.04624984413385391}
Epoch 20: {'val_loss': '0.04625', 'val_auc': '0.96623', 'val_aps': '0.89878', 'g0': '0.91887', 'g1': '0.08113', 'flip_r': '0.02518', 'pmean': '0.04616', 'trn_loss0': '0.04950'}
Protocol-safe validation: {"epoch": 21, "flip_r": 0.026729679599562975, "g0": 0.9046421221129659, "g1": 0.09535787788703408, "pmean": 0.05130309984087944, "val_aps": 0.8950350117965697, "val_auc": 0.9616900156161995, "val_loss": 0.05037037283182144}
Epoch 21: {'val_loss': '0.05037', 'val_auc': '0.96169', 'val_aps': '0.89504', 'g0': '0.90464', 'g1': '0.09536', 'flip_r': '0.02673', 'pmean': '0.05130', 'trn_loss0': '0.05004'}
Protocol-safe validation: {"epoch": 22, "flip_r": 0.029346748990014482, "g0": 0.9266204233046218, "g1": 0.0733795766953782, "pmean": 0.04414217919111252, "val_aps": 0.9011253019422252, "val_auc": 0.9658854799485362, "val_loss": 0.04568631201982498}
Epoch 22: {'val_loss': '0.04569', 'val_auc': '0.96589', 'val_aps': '0.90113', 'g0': '0.92662', 'g1': '0.07338', 'flip_r': '0.02935', 'pmean': '0.04414', 'trn_loss0': '0.04888'}
Protocol-safe validation: {"epoch": 23, "flip_r": 0.016718753970068858, "g0": 0.9323119140178368, "g1": 0.06768808598216328, "pmean": 0.04311194643378258, "val_aps": 0.8982702053795871, "val_auc": 0.9603985239018269, "val_loss": 0.04615114629268646}
Epoch 23: {'val_loss': '0.04615', 'val_auc': '0.96040', 'val_aps': '0.89827', 'g0': '0.93231', 'g1': '0.06769', 'flip_r': '0.01672', 'pmean': '0.04311', 'trn_loss0': '0.04717'}
Protocol-safe validation: {"epoch": 24, "flip_r": 0.020352160987880175, "g0": 0.9242066214396423, "g1": 0.07579337856035775, "pmean": 0.047499895095825195, "val_aps": 0.8998884054419921, "val_auc": 0.9645186386592297, "val_loss": 0.046419061720371246}
Epoch 24: {'val_loss': '0.04642', 'val_auc': '0.96452', 'val_aps': '0.89989', 'g0': '0.92421', 'g1': '0.07579', 'flip_r': '0.02035', 'pmean': '0.04750', 'trn_loss0': '0.04749'}
Protocol-safe validation: {"epoch": 25, "flip_r": 0.04154280051833219, "g0": 0.8839342429555098, "g1": 0.11606575704449018, "pmean": 0.050240688025951385, "val_aps": 0.901776889407885, "val_auc": 0.9675744406706867, "val_loss": 0.046100858598947525}
Epoch 25: {'val_loss': '0.04610', 'val_auc': '0.96757', 'val_aps': '0.90178', 'g0': '0.88393', 'g1': '0.11607', 'flip_r': '0.04154', 'pmean': '0.05024', 'trn_loss0': '0.04838'}
Protocol-safe validation: {"epoch": 26, "flip_r": 0.03628325329674518, "g0": 0.9170668496074396, "g1": 0.08293315039256041, "pmean": 0.046919822692871094, "val_aps": 0.8996759884371863, "val_auc": 0.9605209669610951, "val_loss": 0.04627859219908714}
Epoch 26: {'val_loss': '0.04628', 'val_auc': '0.96052', 'val_aps': '0.89968', 'g0': '0.91707', 'g1': '0.08293', 'flip_r': '0.03628', 'pmean': '0.04692', 'trn_loss0': '0.04842'}
Protocol-safe validation: {"epoch": 27, "flip_r": 0.02111441420840003, "g0": 0.9223263968290266, "g1": 0.0776736031709734, "pmean": 0.041097115725278854, "val_aps": 0.8934715083774688, "val_auc": 0.9676595856903621, "val_loss": 0.04858829081058502}
Epoch 27: {'val_loss': '0.04859', 'val_auc': '0.96766', 'val_aps': '0.89347', 'g0': '0.92233', 'g1': '0.07767', 'flip_r': '0.02111', 'pmean': '0.04110', 'trn_loss0': '0.04929'}
Protocol-safe validation: {"epoch": 28, "flip_r": 0.02894021393907056, "g0": 0.925807353202734, "g1": 0.07419264679726605, "pmean": 0.0461142435669899, "val_aps": 0.895030416470926, "val_auc": 0.9589781844143171, "val_loss": 0.04816664010286331}
Epoch 28: {'val_loss': '0.04817', 'val_auc': '0.95898', 'val_aps': '0.89503', 'g0': '0.92581', 'g1': '0.07419', 'flip_r': '0.02894', 'pmean': '0.04611', 'trn_loss0': '0.04833'}
Epoch 00029: reducing learning rate of group 0 to 5.0000e-04.
Protocol-safe validation: {"epoch": 29, "flip_r": 0.011027263256853928, "g0": 0.9242828467616943, "g1": 0.07571715323830576, "pmean": 0.046444885432720184, "val_aps": 0.9004955391067292, "val_auc": 0.9644545915205356, "val_loss": 0.0456341877579689}
Epoch 29: {'val_loss': '0.04563', 'val_auc': '0.96445', 'val_aps': '0.90050', 'g0': '0.92428', 'g1': '0.07572', 'flip_r': '0.01103', 'pmean': '0.04644', 'trn_loss0': '0.04864'}
Protocol-safe validation: {"epoch": 30, "flip_r": 0.013542698884569455, "g0": 0.9151612165561399, "g1": 0.08483878344386005, "pmean": 0.04896595701575279, "val_aps": 0.8991428463324597, "val_auc": 0.9669237970911296, "val_loss": 0.04670112207531929}
Epoch 30: {'val_loss': '0.04670', 'val_auc': '0.96692', 'val_aps': '0.89914', 'g0': '0.91516', 'g1': '0.08484', 'flip_r': '0.01354', 'pmean': '0.04897', 'trn_loss0': '0.04552'}
Protocol-safe validation: {"epoch": 31, "flip_r": 0.01819244352974058, "g0": 0.9282719719490815, "g1": 0.07172802805091852, "pmean": 0.04227408021688461, "val_aps": 0.8999747307811738, "val_auc": 0.9666936041397056, "val_loss": 0.04545443132519722}
Epoch 31: {'val_loss': '0.04545', 'val_auc': '0.96669', 'val_aps': '0.89997', 'g0': '0.92827', 'g1': '0.07173', 'flip_r': '0.01819', 'pmean': '0.04227', 'trn_loss0': '0.04659'}
Protocol-safe validation: {"epoch": 32, "flip_r": 0.012424727494473663, "g0": 0.9185913560484793, "g1": 0.0814086439515207, "pmean": 0.04724588990211487, "val_aps": 0.9004251574233546, "val_auc": 0.9661897038573332, "val_loss": 0.045305535197257996}
Epoch 32: {'val_loss': '0.04531', 'val_auc': '0.96619', 'val_aps': '0.90043', 'g0': '0.91859', 'g1': '0.08141', 'flip_r': '0.01242', 'pmean': '0.04725', 'trn_loss0': '0.04615'}
Protocol-safe validation: {"epoch": 33, "flip_r": 0.010900221053433952, "g0": 0.9248672408974261, "g1": 0.07513275910257387, "pmean": 0.044539351016283035, "val_aps": 0.898571293894594, "val_auc": 0.9640842483597339, "val_loss": 0.04553819075226784}
Epoch 33: {'val_loss': '0.04554', 'val_auc': '0.96408', 'val_aps': '0.89857', 'g0': '0.92487', 'g1': '0.07513', 'flip_r': '0.01090', 'pmean': '0.04454', 'trn_loss0': '0.04369'}
Protocol-safe validation: {"epoch": 34, "flip_r": 0.01669334552938486, "g0": 0.9234189597784384, "g1": 0.0765810402215616, "pmean": 0.04576713219285011, "val_aps": 0.8979103312673921, "val_auc": 0.9624845768838806, "val_loss": 0.046226195991039276}
Epoch 34: {'val_loss': '0.04623', 'val_auc': '0.96248', 'val_aps': '0.89791', 'g0': '0.92342', 'g1': '0.07658', 'flip_r': '0.01669', 'pmean': '0.04577', 'trn_loss0': '0.04546'}
Protocol-safe validation: {"epoch": 35, "flip_r": 0.010417460680438041, "g0": 0.9197601443199431, "g1": 0.08023985568005691, "pmean": 0.046637482941150665, "val_aps": 0.8978478229462836, "val_auc": 0.9611158518552008, "val_loss": 0.04628720507025719}
Epoch 35: {'val_loss': '0.04629', 'val_auc': '0.96112', 'val_aps': '0.89785', 'g0': '0.91976', 'g1': '0.08024', 'flip_r': '0.01042', 'pmean': '0.04664', 'trn_loss0': '0.04553'}
Protocol-safe validation: {"epoch": 36, "flip_r": 0.00802906725614249, "g0": 0.9218944533373987, "g1": 0.07810554666260132, "pmean": 0.045919470489025116, "val_aps": 0.8999468764073917, "val_auc": 0.9618286588340784, "val_loss": 0.04530356824398041}
Epoch 36: {'val_loss': '0.04530', 'val_auc': '0.96183', 'val_aps': '0.89995', 'g0': '0.92189', 'g1': '0.07811', 'flip_r': '0.00803', 'pmean': '0.04592', 'trn_loss0': '0.04554'}
Protocol-safe validation: {"epoch": 37, "flip_r": 0.012221459969001702, "g0": 0.9130777244200523, "g1": 0.08692227557994765, "pmean": 0.047369085252285004, "val_aps": 0.9015529035024434, "val_auc": 0.9628063195688497, "val_loss": 0.04506971314549446}
Epoch 37: {'val_loss': '0.04507', 'val_auc': '0.96281', 'val_aps': '0.90155', 'g0': '0.91308', 'g1': '0.08692', 'flip_r': '0.01222', 'pmean': '0.04737', 'trn_loss0': '0.04598'}
Protocol-safe validation: {"epoch": 38, "flip_r": 0.033742409228345656, "g0": 0.9012882079426786, "g1": 0.09871179205732145, "pmean": 0.04583039879798889, "val_aps": 0.9018706490747566, "val_auc": 0.9656240169235146, "val_loss": 0.04539281502366066}
Epoch 38: {'val_loss': '0.04539', 'val_auc': '0.96562', 'val_aps': '0.90187', 'g0': '0.90129', 'g1': '0.09871', 'flip_r': '0.03374', 'pmean': '0.04583', 'trn_loss0': '0.04560'}
Protocol-safe validation: {"epoch": 39, "flip_r": 0.021038188886348046, "g0": 0.9094697258429251, "g1": 0.09053027415707499, "pmean": 0.044916730374097824, "val_aps": 0.8994517234689581, "val_auc": 0.9642756362800669, "val_loss": 0.044924359768629074}
Epoch 39: {'val_loss': '0.04492', 'val_auc': '0.96428', 'val_aps': '0.89945', 'g0': '0.90947', 'g1': '0.09053', 'flip_r': '0.02104', 'pmean': '0.04492', 'trn_loss0': '0.04573'}
Protocol-safe validation: {"epoch": 40, "flip_r": 0.033335874177401734, "g0": 0.9270015499148817, "g1": 0.07299845008511828, "pmean": 0.04277915507555008, "val_aps": 0.8996578807545238, "val_auc": 0.9668510847513182, "val_loss": 0.04504993185400963}
Epoch 40: {'val_loss': '0.04505', 'val_auc': '0.96685', 'val_aps': '0.89966', 'g0': '0.92700', 'g1': '0.07300', 'flip_r': '0.03334', 'pmean': '0.04278', 'trn_loss0': '0.04511'}
Protocol-safe validation: {"epoch": 41, "flip_r": 0.018497344817948524, "g0": 0.91465304774246, "g1": 0.08534695225753995, "pmean": 0.04561376944184303, "val_aps": 0.9034988286277643, "val_auc": 0.9686775584477234, "val_loss": 0.044063691049814224}
Epoch 41: {'val_loss': '0.04406', 'val_auc': '0.96868', 'val_aps': '0.90350', 'g0': '0.91465', 'g1': '0.08535', 'flip_r': '0.01850', 'pmean': '0.04561', 'trn_loss0': '0.04382'}
Protocol-safe validation: {"epoch": 42, "flip_r": 0.009985517188810123, "g0": 0.9132555835048403, "g1": 0.0867444164951597, "pmean": 0.04675786569714546, "val_aps": 0.9011740322712658, "val_auc": 0.9643472183762543, "val_loss": 0.0449690967798233}
Epoch 42: {'val_loss': '0.04497', 'val_auc': '0.96435', 'val_aps': '0.90117', 'g0': '0.91326', 'g1': '0.08674', 'flip_r': '0.00999', 'pmean': '0.04676', 'trn_loss0': '0.04487'}
Protocol-safe validation: {"epoch": 43, "flip_r": 0.015448331935869095, "g0": 0.9186421729298473, "g1": 0.08135782707015271, "pmean": 0.04609404876828194, "val_aps": 0.9033306491813535, "val_auc": 0.9661601291491715, "val_loss": 0.044165775179862976}
Epoch 43: {'val_loss': '0.04417', 'val_auc': '0.96616', 'val_aps': '0.90333', 'g0': '0.91864', 'g1': '0.08136', 'flip_r': '0.01545', 'pmean': '0.04609', 'trn_loss0': '0.04331'}
Protocol-safe validation: {"epoch": 44, "flip_r": 0.021902075869603882, "g0": 0.8991793073659069, "g1": 0.10082069263409305, "pmean": 0.04952491447329521, "val_aps": 0.9006410688866043, "val_auc": 0.9648633629645537, "val_loss": 0.04631508141756058}
Epoch 44: {'val_loss': '0.04632', 'val_auc': '0.96486', 'val_aps': '0.90064', 'g0': '0.89918', 'g1': '0.10082', 'flip_r': '0.02190', 'pmean': '0.04952', 'trn_loss0': '0.04454'}
Protocol-safe validation: {"epoch": 45, "flip_r": 0.02106359732703204, "g0": 0.9151612165561399, "g1": 0.08483878344386005, "pmean": 0.04505877569317818, "val_aps": 0.9008792379884148, "val_auc": 0.9632041653245023, "val_loss": 0.04529517889022827}
Epoch 45: {'val_loss': '0.04530', 'val_auc': '0.96320', 'val_aps': '0.90088', 'g0': '0.91516', 'g1': '0.08484', 'flip_r': '0.02106', 'pmean': '0.04506', 'trn_loss0': '0.04484'}
Protocol-safe validation: {"epoch": 46, "flip_r": 0.02329954010722362, "g0": 0.9206240313031989, "g1": 0.07937596869680108, "pmean": 0.04565803334116936, "val_aps": 0.8997930154815118, "val_auc": 0.9645391714183993, "val_loss": 0.04507371410727501}
Epoch 46: {'val_loss': '0.04507', 'val_auc': '0.96454', 'val_aps': '0.89979', 'g0': '0.92062', 'g1': '0.07938', 'flip_r': '0.02330', 'pmean': '0.04566', 'trn_loss0': '0.04293'}
Protocol-safe validation: {"epoch": 47, "flip_r": 0.018649795462052494, "g0": 0.9141194704880962, "g1": 0.08588052951190385, "pmean": 0.046515170484781265, "val_aps": 0.9034935359428219, "val_auc": 0.9663032933415465, "val_loss": 0.04444136843085289}
Epoch 47: {'val_loss': '0.04444', 'val_auc': '0.96630', 'val_aps': '0.90349', 'g0': '0.91412', 'g1': '0.08588', 'flip_r': '0.01865', 'pmean': '0.04652', 'trn_loss0': '0.04446'}
Epoch 00048: reducing learning rate of group 0 to 2.5000e-04.
Protocol-safe validation: {"epoch": 48, "flip_r": 0.011510023629849837, "g0": 0.9175496099804356, "g1": 0.0824503900195645, "pmean": 0.047042012214660645, "val_aps": 0.9034580166503823, "val_auc": 0.9662803117211917, "val_loss": 0.04474254325032234}
Epoch 48: {'val_loss': '0.04474', 'val_auc': '0.96628', 'val_aps': '0.90346', 'g0': '0.91755', 'g1': '0.08245', 'flip_r': '0.01151', 'pmean': '0.04704', 'trn_loss0': '0.04130'}
Protocol-safe validation: {"epoch": 49, "flip_r": 0.011560840511217826, "g0": 0.9189470742180552, "g1": 0.08105292578194476, "pmean": 0.04691363871097565, "val_aps": 0.9015078954516745, "val_auc": 0.9643136878154087, "val_loss": 0.045692913234233856}
Epoch 49: {'val_loss': '0.04569', 'val_auc': '0.96431', 'val_aps': '0.90151', 'g0': '0.91895', 'g1': '0.08105', 'flip_r': '0.01156', 'pmean': '0.04691', 'trn_loss0': '0.04226'}
Protocol-safe validation: {"epoch": 50, "flip_r": 0.009223263968290266, "g0": 0.9142465126915161, "g1": 0.08575348730848388, "pmean": 0.04640753194689751, "val_aps": 0.9011799377890735, "val_auc": 0.9639904381389409, "val_loss": 0.044922493398189545}
Epoch 50: {'val_loss': '0.04492', 'val_auc': '0.96399', 'val_aps': '0.90118', 'g0': '0.91425', 'g1': '0.08575', 'flip_r': '0.00922', 'pmean': '0.04641', 'trn_loss0': '0.04195'}
Protocol-safe validation: {"epoch": 51, "flip_r": 0.01255176969789364, "g0": 0.9039306857738141, "g1": 0.09606931422618593, "pmean": 0.048024751245975494, "val_aps": 0.9033852351050167, "val_auc": 0.9658176653310955, "val_loss": 0.044824063777923584}
Epoch 51: {'val_loss': '0.04482', 'val_auc': '0.96582', 'val_aps': '0.90339', 'g0': '0.90393', 'g1': '0.09607', 'flip_r': '0.01255', 'pmean': '0.04802', 'trn_loss0': '0.04172'}
Protocol-safe validation: {"epoch": 52, "flip_r": 0.028559087328810632, "g0": 0.8835022994638819, "g1": 0.1164977005361181, "pmean": 0.04896356165409088, "val_aps": 0.9020657486428634, "val_auc": 0.9643163250505312, "val_loss": 0.0455232709646225}
Epoch 52: {'val_loss': '0.04552', 'val_auc': '0.96432', 'val_aps': '0.90207', 'g0': '0.88350', 'g1': '0.11650', 'flip_r': '0.02856', 'pmean': '0.04896', 'trn_loss0': '0.04224'}
Protocol-safe validation: {"epoch": 53, "flip_r": 0.029499199634118452, "g0": 0.9076149096729934, "g1": 0.09238509032700663, "pmean": 0.04776868596673012, "val_aps": 0.9035899230678026, "val_auc": 0.9656338123682559, "val_loss": 0.0450894758105278}
Epoch 53: {'val_loss': '0.04509', 'val_auc': '0.96563', 'val_aps': '0.90359', 'g0': '0.90761', 'g1': '0.09239', 'flip_r': '0.02950', 'pmean': '0.04777', 'trn_loss0': '0.04112'}
Epoch 00054: reducing learning rate of group 0 to 1.2500e-04.
Protocol-safe validation: {"epoch": 54, "flip_r": 0.009655207459918184, "g0": 0.9143735548949361, "g1": 0.0856264451050639, "pmean": 0.046164799481630325, "val_aps": 0.9020880615459461, "val_auc": 0.9641298348525693, "val_loss": 0.04510131850838661}
Epoch 54: {'val_loss': '0.04510', 'val_auc': '0.96413', 'val_aps': '0.90209', 'g0': '0.91437', 'g1': '0.08563', 'flip_r': '0.00966', 'pmean': '0.04616', 'trn_loss0': '0.04219'}
Protocol-safe validation: {"epoch": 55, "flip_r": 0.008511827629138399, "g0": 0.9102319790634449, "g1": 0.08976802093655513, "pmean": 0.04662881791591644, "val_aps": 0.9020778629163608, "val_auc": 0.9649176146585062, "val_loss": 0.044857654720544815}
Epoch 55: {'val_loss': '0.04486', 'val_auc': '0.96492', 'val_aps': '0.90208', 'g0': '0.91023', 'g1': '0.08977', 'flip_r': '0.00851', 'pmean': '0.04663', 'trn_loss0': '0.03970'}
Protocol-safe validation: {"epoch": 56, "flip_r": 0.012983713189521559, "g0": 0.9002972787560027, "g1": 0.09970272124399726, "pmean": 0.04778952896595001, "val_aps": 0.9020678337318022, "val_auc": 0.9645355923135899, "val_loss": 0.04505375400185585}
Epoch 56: {'val_loss': '0.04505', 'val_auc': '0.96454', 'val_aps': '0.90207', 'g0': '0.90030', 'g1': '0.09970', 'flip_r': '0.01298', 'pmean': '0.04779', 'trn_loss0': '0.04157'}
Protocol-safe validation: {"epoch": 57, "flip_r": 0.010544502883858017, "g0": 0.8961557029245115, "g1": 0.10384429707548848, "pmean": 0.04967483878135681, "val_aps": 0.9036614327339295, "val_auc": 0.9646150861151453, "val_loss": 0.04546996206045151}
Epoch 57: {'val_loss': '0.04547', 'val_auc': '0.96462', 'val_aps': '0.90366', 'g0': '0.89616', 'g1': '0.10384', 'flip_r': '0.01054', 'pmean': '0.04967', 'trn_loss0': '0.04009'}
Protocol-safe validation: {"epoch": 58, "flip_r": 0.013974642376197373, "g0": 0.9048453896384379, "g1": 0.09515461036156211, "pmean": 0.04927946999669075, "val_aps": 0.9040326410238577, "val_auc": 0.9644512007896636, "val_loss": 0.04551462456583977}
Epoch 58: {'val_loss': '0.04551', 'val_auc': '0.96445', 'val_aps': '0.90403', 'g0': '0.90485', 'g1': '0.09515', 'flip_r': '0.01397', 'pmean': '0.04928', 'trn_loss0': '0.04024'}
Protocol-safe validation: {"epoch": 59, "flip_r": 0.009833066544706151, "g0": 0.9014660670274666, "g1": 0.09853393297253348, "pmean": 0.047946345061063766, "val_aps": 0.9036807968014906, "val_auc": 0.9652540505105877, "val_loss": 0.044810377061367035}
Epoch 59: {'val_loss': '0.04481', 'val_auc': '0.96525', 'val_aps': '0.90368', 'g0': '0.90147', 'g1': '0.09853', 'flip_r': '0.00983', 'pmean': '0.04795', 'trn_loss0': '0.04057'}
Epoch 00060: reducing learning rate of group 0 to 6.2500e-05.
Protocol-safe validation: {"epoch": 60, "flip_r": 0.013314022918413496, "g0": 0.8963335620092995, "g1": 0.10366643799070051, "pmean": 0.048494163900613785, "val_aps": 0.9029360588625368, "val_auc": 0.9646094348970253, "val_loss": 0.04517035931348801}
Epoch 60: {'val_loss': '0.04517', 'val_auc': '0.96461', 'val_aps': '0.90294', 'g0': '0.89633', 'g1': '0.10367', 'flip_r': '0.01331', 'pmean': '0.04849', 'trn_loss0': '0.04134'}
Protocol-safe validation: {"epoch": 61, "flip_r": 0.00866427827324237, "g0": 0.898696546992911, "g1": 0.10130345300708896, "pmean": 0.04966418445110321, "val_aps": 0.9037606861528834, "val_auc": 0.964610941888524, "val_loss": 0.04575789347290993}
Epoch 61: {'val_loss': '0.04576', 'val_auc': '0.96461', 'val_aps': '0.90376', 'g0': '0.89870', 'g1': '0.10130', 'flip_r': '0.00866', 'pmean': '0.04966', 'trn_loss0': '0.03830'}
Protocol-safe validation: {"epoch": 62, "flip_r": 0.00802906725614249, "g0": 0.8969179561450313, "g1": 0.10308204385496862, "pmean": 0.049237191677093506, "val_aps": 0.9028241170354863, "val_auc": 0.964545764506206, "val_loss": 0.04552550986409187}
Epoch 62: {'val_loss': '0.04553', 'val_auc': '0.96455', 'val_aps': '0.90282', 'g0': '0.89692', 'g1': '0.10308', 'flip_r': '0.00803', 'pmean': '0.04924', 'trn_loss0': '0.03928'}
Protocol-safe validation: {"epoch": 63, "flip_r": 0.011255939223009884, "g0": 0.9077673603170974, "g1": 0.09223263968290266, "pmean": 0.047385916113853455, "val_aps": 0.9027384329033747, "val_auc": 0.9640718156798698, "val_loss": 0.04497378692030907}
Epoch 63: {'val_loss': '0.04497', 'val_auc': '0.96407', 'val_aps': '0.90274', 'g0': '0.90777', 'g1': '0.09223', 'flip_r': '0.01126', 'pmean': '0.04739', 'trn_loss0': '0.03895'}
Protocol-safe validation: {"epoch": 64, "flip_r": 0.004853012170643088, "g0": 0.9066747973676855, "g1": 0.09332520263231446, "pmean": 0.047937601804733276, "val_aps": 0.9023232608154758, "val_auc": 0.9635714945023067, "val_loss": 0.0451446995139122}
Epoch 64: {'val_loss': '0.04514', 'val_auc': '0.96357', 'val_aps': '0.90232', 'g0': '0.90667', 'g1': '0.09333', 'flip_r': '0.00485', 'pmean': '0.04794', 'trn_loss0': '0.03920'}
Protocol-safe validation: {"epoch": 65, "flip_r": 0.008206926340930457, "g0": 0.8996366592982189, "g1": 0.10036334070178113, "pmean": 0.04836779087781906, "val_aps": 0.9013685959606327, "val_auc": 0.9631872116701421, "val_loss": 0.04519941285252571}
Epoch 65: {'val_loss': '0.04520', 'val_auc': '0.96319', 'val_aps': '0.90137', 'g0': '0.89964', 'g1': '0.10036', 'flip_r': '0.00821', 'pmean': '0.04837', 'trn_loss0': '0.03934'}
Epoch 00066: reducing learning rate of group 0 to 3.1250e-05.
Protocol-safe validation: {"epoch": 66, "flip_r": 0.0038366745432832786, "g0": 0.898544096348807, "g1": 0.10145590365119293, "pmean": 0.04884636402130127, "val_aps": 0.9010749743632399, "val_auc": 0.9629962004976839, "val_loss": 0.045715585350990295}
Epoch 66: {'val_loss': '0.04572', 'val_auc': '0.96300', 'val_aps': '0.90107', 'g0': '0.89854', 'g1': '0.10146', 'flip_r': '0.00384', 'pmean': '0.04885', 'trn_loss0': '0.03845'}
Protocol-safe validation: {"epoch": 67, "flip_r": 0.0034809563737073458, "g0": 0.898569504789491, "g1": 0.10143049521050893, "pmean": 0.04884405434131622, "val_aps": 0.9017638635956995, "val_auc": 0.9630971689280959, "val_loss": 0.04549688845872879}
Epoch 67: {'val_loss': '0.04550', 'val_auc': '0.96310', 'val_aps': '0.90176', 'g0': '0.89857', 'g1': '0.10143', 'flip_r': '0.00348', 'pmean': '0.04884', 'trn_loss0': '0.03977'}
Protocol-safe validation: {"epoch": 68, "flip_r": 0.004166984272175217, "g0": 0.8969433645857153, "g1": 0.10305663541428463, "pmean": 0.048647429794073105, "val_aps": 0.901306433146829, "val_auc": 0.9631069643728374, "val_loss": 0.04535287618637085}
Epoch 68: {'val_loss': '0.04535', 'val_auc': '0.96311', 'val_aps': '0.90131', 'g0': '0.89694', 'g1': '0.10306', 'flip_r': '0.00417', 'pmean': '0.04865', 'trn_loss0': '0.03925'}
Protocol-safe validation: {"epoch": 69, "flip_r": 0.004192392712859211, "g0": 0.8942754783138959, "g1": 0.10572452168610412, "pmean": 0.04957611858844757, "val_aps": 0.9015794738004829, "val_auc": 0.9629830143220703, "val_loss": 0.04577285423874855}
Epoch 69: {'val_loss': '0.04577', 'val_auc': '0.96298', 'val_aps': '0.90158', 'g0': '0.89428', 'g1': '0.10572', 'flip_r': '0.00419', 'pmean': '0.04958', 'trn_loss0': '0.03826'}
Protocol-safe validation: {"epoch": 70, "flip_r": 0.00398912518738725, "g0": 0.8961302944838275, "g1": 0.10386970551617247, "pmean": 0.04912533983588219, "val_aps": 0.9011619322321125, "val_auc": 0.9626819927702083, "val_loss": 0.045592986047267914}
Epoch 70: {'val_loss': '0.04559', 'val_auc': '0.96268', 'val_aps': '0.90116', 'g0': '0.89613', 'g1': '0.10387', 'flip_r': '0.00399', 'pmean': '0.04913', 'trn_loss0': '0.03752'}
Protocol-safe validation: {"epoch": 71, "flip_r": 0.00973143278197017, "g0": 0.9054043753334858, "g1": 0.09459562466651422, "pmean": 0.048121340572834015, "val_aps": 0.902024685926608, "val_auc": 0.9635485128819516, "val_loss": 0.04511057585477829}
Epoch 71: {'val_loss': '0.04511', 'val_auc': '0.96355', 'val_aps': '0.90202', 'g0': '0.90540', 'g1': '0.09460', 'flip_r': '0.00973', 'pmean': '0.04812', 'trn_loss0': '0.03855'}
Epoch 00072: reducing learning rate of group 0 to 1.5625e-05.
Protocol-safe validation: {"epoch": 72, "flip_r": 0.0079782503747745, "g0": 0.8975277587214473, "g1": 0.10247224127855274, "pmean": 0.049339693039655685, "val_aps": 0.902577130967679, "val_auc": 0.9642119658892474, "val_loss": 0.04544627666473389}
Epoch 72: {'val_loss': '0.04545', 'val_auc': '0.96421', 'val_aps': '0.90258', 'g0': '0.89753', 'g1': '0.10247', 'flip_r': '0.00798', 'pmean': '0.04934', 'trn_loss0': '0.03926'}
Protocol-safe validation: {"epoch": 73, "flip_r": 0.005310364102955002, "g0": 0.9018217851970425, "g1": 0.09817821480295755, "pmean": 0.04855057969689369, "val_aps": 0.9023866025444294, "val_auc": 0.9641923749997645, "val_loss": 0.04502995312213898}
Epoch 73: {'val_loss': '0.04503', 'val_auc': '0.96419', 'val_aps': '0.90239', 'g0': '0.90182', 'g1': '0.09818', 'flip_r': '0.00531', 'pmean': '0.04855', 'trn_loss0': '0.03687'}
Protocol-safe validation: {"epoch": 74, "flip_r": 0.006402927052366796, "g0": 0.8955204919074117, "g1": 0.10447950809258835, "pmean": 0.04921800270676613, "val_aps": 0.9021006411788158, "val_auc": 0.9641784353284015, "val_loss": 0.0452713780105114}
Epoch 74: {'val_loss': '0.04527', 'val_auc': '0.96418', 'val_aps': '0.90210', 'g0': '0.89552', 'g1': '0.10448', 'flip_r': '0.00640', 'pmean': '0.04922', 'trn_loss0': '0.03851'}
Protocol-safe validation: {"epoch": 75, "flip_r": 0.012983713189521559, "g0": 0.9083517544528292, "g1": 0.09164824554717077, "pmean": 0.04719819873571396, "val_aps": 0.9020014321501841, "val_auc": 0.9632697194546951, "val_loss": 0.04458220675587654}
Epoch 75: {'val_loss': '0.04458', 'val_auc': '0.96327', 'val_aps': '0.90200', 'g0': '0.90835', 'g1': '0.09165', 'flip_r': '0.01298', 'pmean': '0.04720', 'trn_loss0': '0.03816'}
Protocol-safe validation: {"epoch": 76, "flip_r": 0.016947429936224813, "g0": 0.8915059582793404, "g1": 0.1084940417206596, "pmean": 0.04996832087635994, "val_aps": 0.9028959580673448, "val_auc": 0.9644625032259037, "val_loss": 0.04561315476894379}
Epoch 76: {'val_loss': '0.04561', 'val_auc': '0.96446', 'val_aps': '0.90290', 'g0': '0.89151', 'g1': '0.10849', 'flip_r': '0.01695', 'pmean': '0.04997', 'trn_loss0': '0.03813'}
Protocol-safe validation: {"epoch": 77, "flip_r": 0.007749574408618543, "g0": 0.898899814518383, "g1": 0.10110018548161699, "pmean": 0.04871094599366188, "val_aps": 0.9024261850779602, "val_auc": 0.9639256375044976, "val_loss": 0.04503118246793747}
Epoch 77: {'val_loss': '0.04503', 'val_auc': '0.96393', 'val_aps': '0.90243', 'g0': '0.89890', 'g1': '0.10110', 'flip_r': '0.00775', 'pmean': '0.04871', 'trn_loss0': '0.03777'}
Epoch 00078: reducing learning rate of group 0 to 7.8125e-06.
Protocol-safe validation: {"epoch": 78, "flip_r": 0.007165180272886653, "g0": 0.8918362680082323, "g1": 0.10816373199176767, "pmean": 0.049494341015815735, "val_aps": 0.9022215525648163, "val_auc": 0.9638502879295634, "val_loss": 0.04542948305606842}
Epoch 78: {'val_loss': '0.04543', 'val_auc': '0.96385', 'val_aps': '0.90222', 'g0': '0.89184', 'g1': '0.10816', 'flip_r': '0.00717', 'pmean': '0.04949', 'trn_loss0': '0.03793'}
Protocol-safe validation: {"epoch": 79, "flip_r": 0.005818532916634906, "g0": 0.8972482658739234, "g1": 0.10275173412607669, "pmean": 0.048967473208904266, "val_aps": 0.9020575643774533, "val_auc": 0.96358468067792, "val_loss": 0.04533574357628822}
Epoch 79: {'val_loss': '0.04534', 'val_auc': '0.96358', 'val_aps': '0.90206', 'g0': '0.89725', 'g1': '0.10275', 'flip_r': '0.00582', 'pmean': '0.04897', 'trn_loss0': '0.03808'}
Protocol-safe validation: {"epoch": 80, "flip_r": 0.004649744645171126, "g0": 0.9012373910613106, "g1": 0.09876260893868943, "pmean": 0.04829990863800049, "val_aps": 0.9020718463274403, "val_auc": 0.9635963598620351, "val_loss": 0.0450238361954689}
Epoch 80: {'val_loss': '0.04502', 'val_auc': '0.96360', 'val_aps': '0.90207', 'g0': '0.90124', 'g1': '0.09876', 'flip_r': '0.00465', 'pmean': '0.04830', 'trn_loss0': '0.03890'}
Protocol-safe validation: {"epoch": 81, "flip_r": 0.0027949284752394744, "g0": 0.8996620677389029, "g1": 0.10033793226109713, "pmean": 0.04871022701263428, "val_aps": 0.901695387679075, "val_auc": 0.9632761241685646, "val_loss": 0.04529470205307007}
Epoch 81: {'val_loss': '0.04529', 'val_auc': '0.96328', 'val_aps': '0.90170', 'g0': '0.89966', 'g1': '0.10034', 'flip_r': '0.00279', 'pmean': '0.04871', 'trn_loss0': '0.03765'}
Protocol-safe validation: {"epoch": 82, "flip_r": 0.00345554793302335, "g0": 0.8973244911959753, "g1": 0.10267550880402469, "pmean": 0.04917636886239052, "val_aps": 0.9025887800655567, "val_auc": 0.9635496431255757, "val_loss": 0.04529006779193878}
Epoch 82: {'val_loss': '0.04529', 'val_auc': '0.96355', 'val_aps': '0.90259', 'g0': '0.89732', 'g1': '0.10268', 'flip_r': '0.00346', 'pmean': '0.04918', 'trn_loss0': '0.03901'}
Protocol-safe validation: {"epoch": 83, "flip_r": 0.007266814035622634, "g0": 0.8909215641436085, "g1": 0.10907843585639149, "pmean": 0.04972173273563385, "val_aps": 0.9022540244267542, "val_auc": 0.9640175639859171, "val_loss": 0.045562777668237686}
Epoch 83: {'val_loss': '0.04556', 'val_auc': '0.96402', 'val_aps': '0.90225', 'g0': '0.89092', 'g1': '0.10908', 'flip_r': '0.00727', 'pmean': '0.04972', 'trn_loss0': '0.03866'}
Epoch 00084: reducing learning rate of group 0 to 3.9063e-06.
training time elapsed 1089.55s
Evaluating model in /workspace/COMP8851-fraud-dataset-analysis/models/dga-gnn/tfinance/evidence/benchmark/protocol_safe_default_seed2_parallel_accuracy/checkpoints/tfinance-seed2-best-epoch=0058-val_aps=0.904033.ckpt
  0%|          | 0/2 [00:00<?, ?it/s]100%|██████████| 2/2 [00:00<00:00, 14.63it/s]100%|██████████| 2/2 [00:00<00:00, 14.59it/s]
{'final_trn/auc': '0.98939', 'final_trn/aps': '0.94098', 'final_trn/mf1': '0.94257', 'final_trn/th1': '0.71098', 'final_trn/gme': '0.95868', 'final_trn/th2': '0.04747', 'final_trn/rec': '0.82825', 'final_trn/pre': '0.95987'}
{'final_val/auc': '0.96453', 'final_val/aps': '0.90392', 'final_val/mf1': '0.93569', 'final_val/th1': '0.76243', 'final_val/gme': '0.93573', 'final_val/th2': '0.03911', 'final_val/rec': '0.81513', 'final_val/pre': '0.94481'}
{'final_tst/auc': '0.97645', 'final_tst/aps': '0.90406', 'final_tst/mf1': '0.91982', 'final_tst/th1': '0.76243', 'final_tst/gme': '0.87701', 'final_tst/th2': '0.03911', 'final_tst/rec': '0.77103', 'final_tst/pre': '0.93792'}
{'final_tst/fraud_f1': '0.84633'}
structured_result /workspace/COMP8851-fraud-dataset-analysis/models/dga-gnn/tfinance/evidence/benchmark/protocol_safe_default_seed2_parallel_accuracy/result.json
==============================
==============================
