**************** MODEL CONFIGURATION ****************
alpha                    -->   2
batch_size               -->   1024
cuda_id                  -->   0
data_dir                 -->   ./data/
data_name                -->   yelp
emb_size                 -->   64
lr                       -->   0.01
model                    -->   PCGNN
multi_relation           -->   GNN
no_cuda                  -->   False
num_epochs               -->   100
optimizer                -->   adam
results_dir              -->   ./results/unified-final/yelpchi/pcgnn/tr30/seed2
rho                      -->   0.4
run_mode                 -->   unified_final_yelpchi_tr30_kaggle_t4_seed2_rho0p4
save_dir                 -->   ./pytorch_models/
seed                     -->   2
split_path               -->   ./shared/splits/yelpchi/yelpchi_tr30_split_seed2.npz
test_ratio               -->   0.67
thres                    -->   0.5
train_ratio              -->   0.3
valid_epochs             -->   5
weight_decay             -->   0.001
**************** MODEL CONFIGURATION ****************
Run on yelp, postive/total num: 6677/45954, train num 13786,valid num 9099, test num 18474, test positive num 2684
Classification threshold: 0.5
Feature dimension: 32
Model: PCGNN, multi-relation aggregator: GNN, emb_size: 64.
/kaggle/working/pcgnn_clean_restart/PC-GNN-COMP8851-Instrumented/src/model_handler.py:258: UserWarning: The torch.cuda.*DtypeTensor constructors are no longer recommended. It's best to use methods such as torch.tensor(data, dtype=*, device='cuda') to create tensors. (Triggered internally at /pytorch/torch/csrc/tensor/python_tensor.cpp:78.)
  batch_loss = gnn_model.loss(batch_nodes, Variable(torch.cuda.LongTensor(batch_label)))
Epoch: 0, loss: 2.0720109939575195, time: 9.673910579000221s
Valid at epoch 0
/usr/local/lib/python3.12/dist-packages/sklearn/metrics/_classification.py:1565: UndefinedMetricWarning: Recall is ill-defined and being set to 0.0 in labels with no true samples. Use `zero_division` parameter to control this behavior.
  _warn_prf(average, modifier, f"{metric.capitalize()} is", len(result))
   GNN F1-binary-1: 0.3717	F1-binary-0: 0.8160	F1-macro: 0.5938	G-Mean: 0.6541	AUC: 0.7148
   GNN TP: 766	TN: 5743	FN: 556	FP: 2034
Label1 F1: 0.0937	Accuracy: 0.1559	Recall: 0.4444	AUC: 0.5061	AP: 0.1519
  Saving model ...
Epoch: 1, loss: 2.0562168955802917, time: 9.378223040999728s
Epoch: 2, loss: 2.0304036140441895, time: 9.129162671999438s
Epoch: 3, loss: 2.0061442255973816, time: 9.171021945998291s
Epoch: 4, loss: 1.9652960300445557, time: 9.511006359000021s
Epoch: 5, loss: 1.9448782801628113, time: 9.356732772999749s
Valid at epoch 5
/usr/local/lib/python3.12/dist-packages/sklearn/metrics/_classification.py:1565: UndefinedMetricWarning: Recall is ill-defined and being set to 0.0 in labels with no true samples. Use `zero_division` parameter to control this behavior.
  _warn_prf(average, modifier, f"{metric.capitalize()} is", len(result))
   GNN F1-binary-1: 0.3570	F1-binary-0: 0.6912	F1-macro: 0.5241	G-Mean: 0.6600	AUC: 0.7516
   GNN TP: 1054	TN: 4249	FN: 268	FP: 3528
Label1 F1: 0.0937	Accuracy: 0.1559	Recall: 0.4444	AUC: 0.6524	AP: 0.2615
  Saving model ...
Epoch: 6, loss: 1.9078359603881836, time: 9.206090211000628s
Epoch: 7, loss: 1.925668627023697, time: 9.504870529000982s
Epoch: 8, loss: 1.9116895496845245, time: 9.250787983999544s
Epoch: 9, loss: 1.9245801270008087, time: 8.922493785999905s
Epoch: 10, loss: 1.9202295541763306, time: 9.596003385000586s
Valid at epoch 10
/usr/local/lib/python3.12/dist-packages/sklearn/metrics/_classification.py:1565: UndefinedMetricWarning: Recall is ill-defined and being set to 0.0 in labels with no true samples. Use `zero_division` parameter to control this behavior.
  _warn_prf(average, modifier, f"{metric.capitalize()} is", len(result))
   GNN F1-binary-1: 0.3635	F1-binary-0: 0.6964	F1-macro: 0.5299	G-Mean: 0.6676	AUC: 0.7626
   GNN TP: 1068	TN: 4290	FN: 254	FP: 3487
Label1 F1: 0.0982	Accuracy: 0.1597	Recall: 0.4466	AUC: 0.6895	AP: 0.2944
  Saving model ...
Epoch: 11, loss: 1.9133554995059967, time: 9.04781909600024s
Epoch: 12, loss: 1.9039198160171509, time: 9.048251088001052s
Epoch: 13, loss: 1.904238760471344, time: 9.48976422800115s
Epoch: 14, loss: 1.895723670721054, time: 9.050968409001143s
Epoch: 15, loss: 1.8871237337589264, time: 9.738649242000974s
Valid at epoch 15
/usr/local/lib/python3.12/dist-packages/sklearn/metrics/_classification.py:1565: UndefinedMetricWarning: Recall is ill-defined and being set to 0.0 in labels with no true samples. Use `zero_division` parameter to control this behavior.
  _warn_prf(average, modifier, f"{metric.capitalize()} is", len(result))
   GNN F1-binary-1: 0.4324	F1-binary-0: 0.8443	F1-macro: 0.6383	G-Mean: 0.7047	AUC: 0.7706
   GNN TP: 847	TN: 6028	FN: 475	FP: 1749
Label1 F1: 0.1527	Accuracy: 0.2019	Recall: 0.4746	AUC: 0.6999	AP: 0.3042
  Saving model ...
Epoch: 16, loss: 1.8715454936027527, time: 9.701858731999891s
Epoch: 17, loss: 1.8892921805381775, time: 9.121116218999305s
Epoch: 18, loss: 1.8578755855560303, time: 9.118544578999717s
Epoch: 19, loss: 1.8735120296478271, time: 9.81500397200034s
Epoch: 20, loss: 1.8659065067768097, time: 8.98033015100009s
Valid at epoch 20
/usr/local/lib/python3.12/dist-packages/sklearn/metrics/_classification.py:1565: UndefinedMetricWarning: Recall is ill-defined and being set to 0.0 in labels with no true samples. Use `zero_division` parameter to control this behavior.
  _warn_prf(average, modifier, f"{metric.capitalize()} is", len(result))
   GNN F1-binary-1: 0.4119	F1-binary-0: 0.7963	F1-macro: 0.6041	G-Mean: 0.7104	AUC: 0.7764
   GNN TP: 964	TN: 5382	FN: 358	FP: 2395
Label1 F1: 0.2933	Accuracy: 0.3752	Recall: 0.5365	AUC: 0.7050	AP: 0.3077
  Saving model ...
Epoch: 21, loss: 1.8627649545669556, time: 8.972114475000126s
Epoch: 22, loss: 1.8595443367958069, time: 9.538432414999988s
Epoch: 23, loss: 1.8772883713245392, time: 9.025120837999566s
Epoch: 24, loss: 1.8619952499866486, time: 8.874086261999764s
Epoch: 25, loss: 1.870127558708191, time: 9.448059451000518s
Valid at epoch 25
/usr/local/lib/python3.12/dist-packages/sklearn/metrics/_classification.py:1565: UndefinedMetricWarning: Recall is ill-defined and being set to 0.0 in labels with no true samples. Use `zero_division` parameter to control this behavior.
  _warn_prf(average, modifier, f"{metric.capitalize()} is", len(result))
   GNN F1-binary-1: 0.3511	F1-binary-0: 0.6472	F1-macro: 0.4991	G-Mean: 0.6461	AUC: 0.7788
   GNN TP: 1125	TN: 3815	FN: 197	FP: 3962
Label1 F1: 0.3086	Accuracy: 0.3989	Recall: 0.5283	AUC: 0.7089	AP: 0.3122
  Saving model ...
Epoch: 26, loss: 1.8737910091876984, time: 9.086088143001689s
Epoch: 27, loss: 1.869671881198883, time: 8.841572616000121s
Epoch: 28, loss: 1.851210117340088, time: 9.446477031999166s
Epoch: 29, loss: 1.8766331374645233, time: 9.084111951999148s
Epoch: 30, loss: 1.8528549075126648, time: 8.923552505999396s
Valid at epoch 30
/usr/local/lib/python3.12/dist-packages/sklearn/metrics/_classification.py:1565: UndefinedMetricWarning: Recall is ill-defined and being set to 0.0 in labels with no true samples. Use `zero_division` parameter to control this behavior.
  _warn_prf(average, modifier, f"{metric.capitalize()} is", len(result))
   GNN F1-binary-1: 0.4147	F1-binary-0: 0.7961	F1-macro: 0.6054	G-Mean: 0.7138	AUC: 0.7862
   GNN TP: 975	TN: 5372	FN: 347	FP: 2405
Label1 F1: 0.3489	Accuracy: 0.4626	Recall: 0.5364	AUC: 0.7129	AP: 0.3165
  Saving model ...
Epoch: 31, loss: 1.8233713805675507, time: 9.442032324999673s
Epoch: 32, loss: 1.8328289985656738, time: 8.924179781999555s
Epoch: 33, loss: 1.8243518769741058, time: 8.985287340001378s
Epoch: 34, loss: 1.8412351608276367, time: 9.605870093999329s
Epoch: 35, loss: 1.8346579670906067, time: 9.228494046999913s
Valid at epoch 35
/usr/local/lib/python3.12/dist-packages/sklearn/metrics/_classification.py:1565: UndefinedMetricWarning: Recall is ill-defined and being set to 0.0 in labels with no true samples. Use `zero_division` parameter to control this behavior.
  _warn_prf(average, modifier, f"{metric.capitalize()} is", len(result))
   GNN F1-binary-1: 0.4360	F1-binary-0: 0.8323	F1-macro: 0.6342	G-Mean: 0.7184	AUC: 0.7886
   GNN TP: 909	TN: 5838	FN: 413	FP: 1939
Label1 F1: 0.3009	Accuracy: 0.3862	Recall: 0.5411	AUC: 0.7150	AP: 0.3197
  Saving model ...
Epoch: 36, loss: 1.8238373398780823, time: 9.123960881999665s
Epoch: 37, loss: 1.8365751504898071, time: 9.609985434000919s
Epoch: 38, loss: 1.8333198726177216, time: 9.248095954999371s
Epoch: 39, loss: 1.8235087394714355, time: 8.968026747001204s
Epoch: 40, loss: 1.839042454957962, time: 9.653867149001599s
Valid at epoch 40
/usr/local/lib/python3.12/dist-packages/sklearn/metrics/_classification.py:1565: UndefinedMetricWarning: Recall is ill-defined and being set to 0.0 in labels with no true samples. Use `zero_division` parameter to control this behavior.
  _warn_prf(average, modifier, f"{metric.capitalize()} is", len(result))
   GNN F1-binary-1: 0.4609	F1-binary-0: 0.8680	F1-macro: 0.6644	G-Mean: 0.7135	AUC: 0.7947
   GNN TP: 825	TN: 6344	FN: 497	FP: 1433
Label1 F1: 0.3781	Accuracy: 0.5155	Recall: 0.5447	AUC: 0.7164	AP: 0.3213
  Saving model ...
Epoch: 41, loss: 1.8167877197265625, time: 8.969707965999987s
Epoch: 42, loss: 1.8110409379005432, time: 9.093133669999588s
Epoch: 43, loss: 1.8251948356628418, time: 9.678882511998381s
Epoch: 44, loss: 1.8148057460784912, time: 9.265610028000083s
Epoch: 45, loss: 1.8042060434818268, time: 8.936822596000638s
Valid at epoch 45
/usr/local/lib/python3.12/dist-packages/sklearn/metrics/_classification.py:1565: UndefinedMetricWarning: Recall is ill-defined and being set to 0.0 in labels with no true samples. Use `zero_division` parameter to control this behavior.
  _warn_prf(average, modifier, f"{metric.capitalize()} is", len(result))
   GNN F1-binary-1: 0.4338	F1-binary-0: 0.8260	F1-macro: 0.6299	G-Mean: 0.7204	AUC: 0.7973
   GNN TP: 928	TN: 5749	FN: 394	FP: 2028
Label1 F1: 0.3109	Accuracy: 0.3999	Recall: 0.5318	AUC: 0.7174	AP: 0.3234
  Saving model ...
Epoch: 46, loss: 1.8294159173965454, time: 9.507298795999304s
Epoch: 47, loss: 1.8182248175144196, time: 9.089753737000137s
Epoch: 48, loss: 1.8141959309577942, time: 8.93184097700032s
Epoch: 49, loss: 1.7965415120124817, time: 9.709628034999696s
Epoch: 50, loss: 1.8101223409175873, time: 9.19028317000084s
Valid at epoch 50
/usr/local/lib/python3.12/dist-packages/sklearn/metrics/_classification.py:1565: UndefinedMetricWarning: Recall is ill-defined and being set to 0.0 in labels with no true samples. Use `zero_division` parameter to control this behavior.
  _warn_prf(average, modifier, f"{metric.capitalize()} is", len(result))
   GNN F1-binary-1: 0.4087	F1-binary-0: 0.7674	F1-macro: 0.5881	G-Mean: 0.7154	AUC: 0.8040
   GNN TP: 1050	TN: 5011	FN: 272	FP: 2766
Label1 F1: 0.3882	Accuracy: 0.5357	Recall: 0.5525	AUC: 0.7187	AP: 0.3257
  Saving model ...
Epoch: 51, loss: 1.7896260917186737, time: 9.24642644999949s
Epoch: 52, loss: 1.7788608968257904, time: 9.838494266999987s
Epoch: 53, loss: 1.7908077239990234, time: 9.120576055000129s
Epoch: 54, loss: 1.7939856350421906, time: 9.031955193999238s
Epoch: 55, loss: 1.7800267040729523, time: 9.591057645999172s
Valid at epoch 55
/usr/local/lib/python3.12/dist-packages/sklearn/metrics/_classification.py:1565: UndefinedMetricWarning: Recall is ill-defined and being set to 0.0 in labels with no true samples. Use `zero_division` parameter to control this behavior.
  _warn_prf(average, modifier, f"{metric.capitalize()} is", len(result))
   GNN F1-binary-1: 0.4341	F1-binary-0: 0.8051	F1-macro: 0.6196	G-Mean: 0.7324	AUC: 0.8090
   GNN TP: 1012	TN: 5449	FN: 310	FP: 2328
Label1 F1: 0.3939	Accuracy: 0.5486	Recall: 0.5569	AUC: 0.7207	AP: 0.3271
  Saving model ...
Epoch: 56, loss: 1.7853803634643555, time: 9.280439252999713s
Epoch: 57, loss: 1.7658728063106537, time: 9.263607880999189s
Epoch: 58, loss: 1.7829422056674957, time: 9.679297927999869s
Epoch: 59, loss: 1.7807269096374512, time: 9.154121077999662s
Epoch: 60, loss: 1.7829510271549225, time: 9.360296074000871s
Valid at epoch 60
/usr/local/lib/python3.12/dist-packages/sklearn/metrics/_classification.py:1565: UndefinedMetricWarning: Recall is ill-defined and being set to 0.0 in labels with no true samples. Use `zero_division` parameter to control this behavior.
  _warn_prf(average, modifier, f"{metric.capitalize()} is", len(result))
   GNN F1-binary-1: 0.4632	F1-binary-0: 0.8499	F1-macro: 0.6565	G-Mean: 0.7358	AUC: 0.8129
   GNN TP: 921	TN: 6043	FN: 401	FP: 1734
Label1 F1: 0.3695	Accuracy: 0.4996	Recall: 0.5545	AUC: 0.7226	AP: 0.3275
  Saving model ...
Epoch: 61, loss: 1.7973142266273499, time: 9.559490890998859s
Epoch: 62, loss: 1.7719839215278625, time: 9.176372531999732s
Epoch: 63, loss: 1.7624848783016205, time: 9.131755255999451s
Epoch: 64, loss: 1.7620343565940857, time: 9.759710302998428s
Epoch: 65, loss: 1.7831060290336609, time: 9.115477473998908s
Valid at epoch 65
/usr/local/lib/python3.12/dist-packages/sklearn/metrics/_classification.py:1565: UndefinedMetricWarning: Recall is ill-defined and being set to 0.0 in labels with no true samples. Use `zero_division` parameter to control this behavior.
  _warn_prf(average, modifier, f"{metric.capitalize()} is", len(result))
   GNN F1-binary-1: 0.4445	F1-binary-0: 0.8144	F1-macro: 0.6294	G-Mean: 0.7398	AUC: 0.8171
   GNN TP: 1013	TN: 5554	FN: 309	FP: 2223
Label1 F1: 0.3414	Accuracy: 0.4489	Recall: 0.5289	AUC: 0.7241	AP: 0.3301
  Saving model ...
Epoch: 66, loss: 1.7993903160095215, time: 9.074313016000815s
Epoch: 67, loss: 1.7733684182167053, time: 9.131945551000172s
Epoch: 68, loss: 1.7810306549072266, time: 9.61051656699965s
Epoch: 69, loss: 1.7775095999240875, time: 9.060995750000075s
Epoch: 70, loss: 1.7823231220245361, time: 9.5902859229991s
Valid at epoch 70
/usr/local/lib/python3.12/dist-packages/sklearn/metrics/_classification.py:1565: UndefinedMetricWarning: Recall is ill-defined and being set to 0.0 in labels with no true samples. Use `zero_division` parameter to control this behavior.
  _warn_prf(average, modifier, f"{metric.capitalize()} is", len(result))
   GNN F1-binary-1: 0.4903	F1-binary-0: 0.9040	F1-macro: 0.6972	G-Mean: 0.6899	AUC: 0.8219
   GNN TP: 707	TN: 6922	FN: 615	FP: 855
Label1 F1: 0.3706	Accuracy: 0.5010	Recall: 0.5550	AUC: 0.7261	AP: 0.3330
  Saving model ...
Epoch: 71, loss: 1.7940196096897125, time: 9.925405423000484s
Epoch: 72, loss: 1.7725486159324646, time: 9.123382077001224s
Epoch: 73, loss: 1.7773747444152832, time: 9.022722071000317s
Epoch: 74, loss: 1.7721551358699799, time: 9.63511338599892s
Epoch: 75, loss: 1.7656340599060059, time: 9.229436782999983s
Valid at epoch 75
/usr/local/lib/python3.12/dist-packages/sklearn/metrics/_classification.py:1565: UndefinedMetricWarning: Recall is ill-defined and being set to 0.0 in labels with no true samples. Use `zero_division` parameter to control this behavior.
  _warn_prf(average, modifier, f"{metric.capitalize()} is", len(result))
   GNN F1-binary-1: 0.4946	F1-binary-0: 0.8906	F1-macro: 0.6926	G-Mean: 0.7204	AUC: 0.8229
   GNN TP: 801	TN: 6661	FN: 521	FP: 1116
Label1 F1: 0.3662	Accuracy: 0.4929	Recall: 0.5511	AUC: 0.7276	AP: 0.3362
  Saving model ...
Epoch: 76, loss: 1.7788374722003937, time: 9.083513778999986s
Epoch: 77, loss: 1.7470548748970032, time: 9.613123282999368s
Epoch: 78, loss: 1.774775505065918, time: 8.95255614999951s
Epoch: 79, loss: 1.767112135887146, time: 9.09609822099992s
Epoch: 80, loss: 1.7619888484477997, time: 9.474830134000513s
Valid at epoch 80
/usr/local/lib/python3.12/dist-packages/sklearn/metrics/_classification.py:1565: UndefinedMetricWarning: Recall is ill-defined and being set to 0.0 in labels with no true samples. Use `zero_division` parameter to control this behavior.
  _warn_prf(average, modifier, f"{metric.capitalize()} is", len(result))
   GNN F1-binary-1: 0.4739	F1-binary-0: 0.8579	F1-macro: 0.6659	G-Mean: 0.7404	AUC: 0.8239
   GNN TP: 917	TN: 6146	FN: 405	FP: 1631
Label1 F1: 0.4193	Accuracy: 0.6062	Recall: 0.5341	AUC: 0.7286	AP: 0.3381
  Saving model ...
Epoch: 81, loss: 1.7593174278736115, time: 9.501824217999456s
Epoch: 82, loss: 1.7494812309741974, time: 9.112190857000314s
Epoch: 83, loss: 1.7544970512390137, time: 9.70702008599983s
Epoch: 84, loss: 1.7711180746555328, time: 8.991872943999624s
Epoch: 85, loss: 1.769183486700058, time: 9.032024846999775s
Valid at epoch 85
/usr/local/lib/python3.12/dist-packages/sklearn/metrics/_classification.py:1565: UndefinedMetricWarning: Recall is ill-defined and being set to 0.0 in labels with no true samples. Use `zero_division` parameter to control this behavior.
  _warn_prf(average, modifier, f"{metric.capitalize()} is", len(result))
   GNN F1-binary-1: 0.4027	F1-binary-0: 0.7264	F1-macro: 0.5645	G-Mean: 0.7124	AUC: 0.8282
   GNN TP: 1151	TN: 4533	FN: 171	FP: 3244
Label1 F1: 0.3911	Accuracy: 0.5429	Recall: 0.5723	AUC: 0.7301	AP: 0.3398
  Saving model ...
Epoch: 86, loss: 1.7575058043003082, time: 9.006786268999349s
Epoch: 87, loss: 1.7532877027988434, time: 9.613868414000535s
Epoch: 88, loss: 1.7532348334789276, time: 9.316402460999598s
Epoch: 89, loss: 1.7459974884986877, time: 9.283797938000134s
Epoch: 90, loss: 1.7487049996852875, time: 9.625690243001372s
Valid at epoch 90
/usr/local/lib/python3.12/dist-packages/sklearn/metrics/_classification.py:1565: UndefinedMetricWarning: Recall is ill-defined and being set to 0.0 in labels with no true samples. Use `zero_division` parameter to control this behavior.
  _warn_prf(average, modifier, f"{metric.capitalize()} is", len(result))
   GNN F1-binary-1: 0.4823	F1-binary-0: 0.8726	F1-macro: 0.6774	G-Mean: 0.7330	AUC: 0.8278
   GNN TP: 867	TN: 6371	FN: 455	FP: 1406
Label1 F1: 0.3802	Accuracy: 0.5205	Recall: 0.5624	AUC: 0.7317	AP: 0.3413
Epoch: 91, loss: 1.7456590235233307, time: 9.251007282999126s
Epoch: 92, loss: 1.7438863813877106, time: 9.081371100999604s
Epoch: 93, loss: 1.7297430336475372, time: 9.657535259000724s
Epoch: 94, loss: 1.755573332309723, time: 8.93381544299882s
Epoch: 95, loss: 1.738549381494522, time: 8.982721299000332s
Valid at epoch 95
/usr/local/lib/python3.12/dist-packages/sklearn/metrics/_classification.py:1565: UndefinedMetricWarning: Recall is ill-defined and being set to 0.0 in labels with no true samples. Use `zero_division` parameter to control this behavior.
  _warn_prf(average, modifier, f"{metric.capitalize()} is", len(result))
   GNN F1-binary-1: 0.4535	F1-binary-0: 0.8198	F1-macro: 0.6366	G-Mean: 0.7471	AUC: 0.8326
   GNN TP: 1023	TN: 5610	FN: 299	FP: 2167
Label1 F1: 0.3826	Accuracy: 0.5258	Recall: 0.5464	AUC: 0.7328	AP: 0.3425
  Saving model ...
Epoch: 96, loss: 1.7343076467514038, time: 9.126068573999873s
Epoch: 97, loss: 1.7673658430576324, time: 9.367535788000168s
Epoch: 98, loss: 1.7625766694545746, time: 8.894130507998852s
Epoch: 99, loss: 1.7378979921340942, time: 9.600592495000456s
Restore model from epoch 95
Model path: ./results/unified-final/yelpchi/pcgnn/tr30/seed2/20260909T072441845500Z_yelp_PCGNN_unified_final_yelpchi_tr30_kaggle_t4_seed2_rho0p4_seed2/checkpoints/yelp_PCGNN.pkl
/usr/local/lib/python3.12/dist-packages/sklearn/metrics/_classification.py:1565: UndefinedMetricWarning: Recall is ill-defined and being set to 0.0 in labels with no true samples. Use `zero_division` parameter to control this behavior.
  _warn_prf(average, modifier, f"{metric.capitalize()} is", len(result))
/usr/local/lib/python3.12/dist-packages/sklearn/metrics/_classification.py:1565: UndefinedMetricWarning: Recall is ill-defined and being set to 0.0 in labels with no true samples. Use `zero_division` parameter to control this behavior.
  _warn_prf(average, modifier, f"{metric.capitalize()} is", len(result))
/usr/local/lib/python3.12/dist-packages/sklearn/metrics/_classification.py:1565: UndefinedMetricWarning: Recall is ill-defined and being set to 0.0 in labels with no true samples. Use `zero_division` parameter to control this behavior.
  _warn_prf(average, modifier, f"{metric.capitalize()} is", len(result))
/usr/local/lib/python3.12/dist-packages/sklearn/metrics/_classification.py:1565: UndefinedMetricWarning: Recall is ill-defined and being set to 0.0 in labels with no true samples. Use `zero_division` parameter to control this behavior.
  _warn_prf(average, modifier, f"{metric.capitalize()} is", len(result))
/usr/local/lib/python3.12/dist-packages/sklearn/metrics/_classification.py:1565: UndefinedMetricWarning: Recall is ill-defined and being set to 0.0 in labels with no true samples. Use `zero_division` parameter to control this behavior.
  _warn_prf(average, modifier, f"{metric.capitalize()} is", len(result))
   GNN F1-binary-1: 0.4639	F1-binary-0: 0.8255	F1-macro: 0.6447	G-Mean: 0.7559	AUC: 0.8366
   GNN TP: 2105	TN: 11504	FN: 579	FP: 4286
Label1 F1: 0.3678	Accuracy: 0.5301	Recall: 0.4804	AUC: 0.7460	AP: 0.3427
Structured run artifacts: ./results/unified-final/yelpchi/pcgnn/tr30/seed2/20260909T072441845500Z_yelp_PCGNN_unified_final_yelpchi_tr30_kaggle_t4_seed2_rho0p4_seed2
Average training epoch time: 9.282346s
F1-Macro: 0.644685087289367
AUC: 0.836616949454889
G-Mean: 0.755906649720879
