=== Run: splitgnn_tfinance_unified_tr10_seed72_a6000_20260918T023417Z ===
Result dir: /workspace/splitgnn_vast/results/splitgnn/tfinance/unified/tr10/seed_72
Split overlap checks: PASSED
train=3935 valid=7872 test=15743
Model source commit: 32fbdb836781d5c02523844a7079425f89be8831
Config SHA256: c689319a8a0d38de768f688b85093f8279c1ee7f6ee0f1818951ed4725683092
Split SHA256: e7f78da52dc324c283f864744cd85105fe1c5d0feab065727930a50ba1c1971c
epoch 0: loss=1.7065 val_auprc=0.0270 val_auc=0.2235 val_f1_macro=0.0438 (best_epoch=0, best_auprc=0.0270)
epoch 1: loss=1.6899 val_auprc=0.2261 val_auc=0.7479 val_f1_macro=0.0438 (best_epoch=1, best_auprc=0.2261)
epoch 2: loss=1.6752 val_auprc=0.4759 val_auc=0.8751 val_f1_macro=0.0438 (best_epoch=2, best_auprc=0.4759)
epoch 3: loss=1.6603 val_auprc=0.5995 val_auc=0.8972 val_f1_macro=0.6451 (best_epoch=3, best_auprc=0.5995)
epoch 4: loss=1.6436 val_auprc=0.6626 val_auc=0.8988 val_f1_macro=0.8446 (best_epoch=4, best_auprc=0.6626)
epoch 5: loss=1.6287 val_auprc=0.6734 val_auc=0.8966 val_f1_macro=0.8506 (best_epoch=5, best_auprc=0.6734)
epoch 6: loss=1.6035 val_auprc=0.6797 val_auc=0.8941 val_f1_macro=0.7969 (best_epoch=6, best_auprc=0.6797)
epoch 7: loss=1.5717 val_auprc=0.6847 val_auc=0.8916 val_f1_macro=0.6854 (best_epoch=7, best_auprc=0.6847)
epoch 8: loss=1.5303 val_auprc=0.7016 val_auc=0.8910 val_f1_macro=0.6024 (best_epoch=8, best_auprc=0.7016)
epoch 9: loss=1.4931 val_auprc=0.7040 val_auc=0.8900 val_f1_macro=0.5751 (best_epoch=9, best_auprc=0.7040)
epoch 10: loss=1.4475 val_auprc=0.7000 val_auc=0.8887 val_f1_macro=0.5857 (best_epoch=9, best_auprc=0.7040)
epoch 11: loss=1.3879 val_auprc=0.6930 val_auc=0.8876 val_f1_macro=0.6075 (best_epoch=9, best_auprc=0.7040)
epoch 12: loss=1.3465 val_auprc=0.6799 val_auc=0.8866 val_f1_macro=0.6336 (best_epoch=9, best_auprc=0.7040)
epoch 13: loss=1.2837 val_auprc=0.6606 val_auc=0.8857 val_f1_macro=0.6510 (best_epoch=9, best_auprc=0.7040)
epoch 14: loss=1.2285 val_auprc=0.6214 val_auc=0.8852 val_f1_macro=0.6617 (best_epoch=9, best_auprc=0.7040)
epoch 15: loss=1.1766 val_auprc=0.5816 val_auc=0.8846 val_f1_macro=0.6610 (best_epoch=9, best_auprc=0.7040)
epoch 16: loss=1.1142 val_auprc=0.5385 val_auc=0.8839 val_f1_macro=0.6514 (best_epoch=9, best_auprc=0.7040)
epoch 17: loss=1.0799 val_auprc=0.5164 val_auc=0.8842 val_f1_macro=0.6402 (best_epoch=9, best_auprc=0.7040)
epoch 18: loss=1.0520 val_auprc=0.5416 val_auc=0.8864 val_f1_macro=0.6248 (best_epoch=9, best_auprc=0.7040)
epoch 19: loss=1.0087 val_auprc=0.5839 val_auc=0.8891 val_f1_macro=0.6120 (best_epoch=9, best_auprc=0.7040)
epoch 20: loss=1.0042 val_auprc=0.6283 val_auc=0.8923 val_f1_macro=0.6144 (best_epoch=9, best_auprc=0.7040)
epoch 21: loss=1.0045 val_auprc=0.6548 val_auc=0.8954 val_f1_macro=0.6251 (best_epoch=9, best_auprc=0.7040)
epoch 22: loss=0.9467 val_auprc=0.6881 val_auc=0.8983 val_f1_macro=0.6384 (best_epoch=9, best_auprc=0.7040)
epoch 23: loss=0.9743 val_auprc=0.7103 val_auc=0.9013 val_f1_macro=0.6518 (best_epoch=23, best_auprc=0.7103)
epoch 24: loss=0.9140 val_auprc=0.7195 val_auc=0.9043 val_f1_macro=0.6645 (best_epoch=24, best_auprc=0.7195)
epoch 25: loss=0.8627 val_auprc=0.7265 val_auc=0.9074 val_f1_macro=0.6743 (best_epoch=25, best_auprc=0.7265)
epoch 26: loss=0.8227 val_auprc=0.7327 val_auc=0.9107 val_f1_macro=0.6699 (best_epoch=26, best_auprc=0.7327)
epoch 27: loss=0.7797 val_auprc=0.7384 val_auc=0.9142 val_f1_macro=0.6629 (best_epoch=27, best_auprc=0.7384)
epoch 28: loss=0.8108 val_auprc=0.7441 val_auc=0.9177 val_f1_macro=0.6641 (best_epoch=28, best_auprc=0.7441)
epoch 29: loss=0.8274 val_auprc=0.7501 val_auc=0.9210 val_f1_macro=0.6787 (best_epoch=29, best_auprc=0.7501)
epoch 30: loss=0.7478 val_auprc=0.7561 val_auc=0.9243 val_f1_macro=0.6964 (best_epoch=30, best_auprc=0.7561)
epoch 31: loss=0.7469 val_auprc=0.7626 val_auc=0.9278 val_f1_macro=0.7156 (best_epoch=31, best_auprc=0.7626)
epoch 32: loss=0.7505 val_auprc=0.7702 val_auc=0.9315 val_f1_macro=0.7358 (best_epoch=32, best_auprc=0.7702)
epoch 33: loss=0.7334 val_auprc=0.7780 val_auc=0.9350 val_f1_macro=0.7574 (best_epoch=33, best_auprc=0.7780)
epoch 34: loss=0.7317 val_auprc=0.7862 val_auc=0.9384 val_f1_macro=0.7714 (best_epoch=34, best_auprc=0.7862)
epoch 35: loss=0.7183 val_auprc=0.7949 val_auc=0.9413 val_f1_macro=0.7851 (best_epoch=35, best_auprc=0.7949)
epoch 36: loss=0.6892 val_auprc=0.8027 val_auc=0.9437 val_f1_macro=0.7903 (best_epoch=36, best_auprc=0.8027)
epoch 37: loss=0.7010 val_auprc=0.8100 val_auc=0.9456 val_f1_macro=0.7862 (best_epoch=37, best_auprc=0.8100)
epoch 38: loss=0.7000 val_auprc=0.8165 val_auc=0.9471 val_f1_macro=0.7857 (best_epoch=38, best_auprc=0.8165)
epoch 39: loss=0.6622 val_auprc=0.8218 val_auc=0.9482 val_f1_macro=0.7799 (best_epoch=39, best_auprc=0.8218)
epoch 40: loss=0.6656 val_auprc=0.8263 val_auc=0.9491 val_f1_macro=0.7808 (best_epoch=40, best_auprc=0.8263)
epoch 41: loss=0.6664 val_auprc=0.8309 val_auc=0.9500 val_f1_macro=0.7871 (best_epoch=41, best_auprc=0.8309)
epoch 42: loss=0.6684 val_auprc=0.8352 val_auc=0.9508 val_f1_macro=0.7952 (best_epoch=42, best_auprc=0.8352)
epoch 43: loss=0.6465 val_auprc=0.8389 val_auc=0.9515 val_f1_macro=0.7991 (best_epoch=43, best_auprc=0.8389)
epoch 44: loss=0.6316 val_auprc=0.8424 val_auc=0.9522 val_f1_macro=0.8012 (best_epoch=44, best_auprc=0.8424)
epoch 45: loss=0.6357 val_auprc=0.8456 val_auc=0.9528 val_f1_macro=0.8016 (best_epoch=45, best_auprc=0.8456)
epoch 46: loss=0.6317 val_auprc=0.8486 val_auc=0.9534 val_f1_macro=0.7975 (best_epoch=46, best_auprc=0.8486)
epoch 47: loss=0.6557 val_auprc=0.8524 val_auc=0.9541 val_f1_macro=0.8024 (best_epoch=47, best_auprc=0.8524)
epoch 48: loss=0.6299 val_auprc=0.8557 val_auc=0.9549 val_f1_macro=0.8110 (best_epoch=48, best_auprc=0.8557)
epoch 49: loss=0.6310 val_auprc=0.8592 val_auc=0.9557 val_f1_macro=0.8190 (best_epoch=49, best_auprc=0.8592)
epoch 50: loss=0.6193 val_auprc=0.8616 val_auc=0.9563 val_f1_macro=0.8174 (best_epoch=50, best_auprc=0.8616)
epoch 51: loss=0.6115 val_auprc=0.8637 val_auc=0.9569 val_f1_macro=0.8159 (best_epoch=51, best_auprc=0.8637)
epoch 52: loss=0.6213 val_auprc=0.8653 val_auc=0.9573 val_f1_macro=0.8177 (best_epoch=52, best_auprc=0.8653)
epoch 53: loss=0.5950 val_auprc=0.8665 val_auc=0.9577 val_f1_macro=0.8147 (best_epoch=53, best_auprc=0.8665)
epoch 54: loss=0.6344 val_auprc=0.8678 val_auc=0.9581 val_f1_macro=0.8147 (best_epoch=54, best_auprc=0.8678)
epoch 55: loss=0.5958 val_auprc=0.8685 val_auc=0.9584 val_f1_macro=0.8185 (best_epoch=55, best_auprc=0.8685)
epoch 56: loss=0.6121 val_auprc=0.8695 val_auc=0.9587 val_f1_macro=0.8235 (best_epoch=56, best_auprc=0.8695)
epoch 57: loss=0.5817 val_auprc=0.8697 val_auc=0.9589 val_f1_macro=0.8197 (best_epoch=57, best_auprc=0.8697)
epoch 58: loss=0.5935 val_auprc=0.8697 val_auc=0.9589 val_f1_macro=0.8129 (best_epoch=58, best_auprc=0.8697)
epoch 59: loss=0.6050 val_auprc=0.8694 val_auc=0.9589 val_f1_macro=0.8031 (best_epoch=58, best_auprc=0.8697)
epoch 60: loss=0.5656 val_auprc=0.8689 val_auc=0.9588 val_f1_macro=0.7922 (best_epoch=58, best_auprc=0.8697)
epoch 61: loss=0.5942 val_auprc=0.8680 val_auc=0.9587 val_f1_macro=0.7892 (best_epoch=58, best_auprc=0.8697)
epoch 62: loss=0.5679 val_auprc=0.8666 val_auc=0.9585 val_f1_macro=0.7853 (best_epoch=58, best_auprc=0.8697)
epoch 63: loss=0.5814 val_auprc=0.8658 val_auc=0.9584 val_f1_macro=0.7821 (best_epoch=58, best_auprc=0.8697)
epoch 64: loss=0.5722 val_auprc=0.8654 val_auc=0.9583 val_f1_macro=0.7876 (best_epoch=58, best_auprc=0.8697)
epoch 65: loss=0.5891 val_auprc=0.8662 val_auc=0.9585 val_f1_macro=0.7966 (best_epoch=58, best_auprc=0.8697)
epoch 66: loss=0.5655 val_auprc=0.8672 val_auc=0.9587 val_f1_macro=0.8017 (best_epoch=58, best_auprc=0.8697)
epoch 67: loss=0.5669 val_auprc=0.8683 val_auc=0.9590 val_f1_macro=0.8074 (best_epoch=58, best_auprc=0.8697)
epoch 68: loss=0.5664 val_auprc=0.8692 val_auc=0.9592 val_f1_macro=0.8121 (best_epoch=58, best_auprc=0.8697)
epoch 69: loss=0.5695 val_auprc=0.8696 val_auc=0.9593 val_f1_macro=0.8057 (best_epoch=58, best_auprc=0.8697)
epoch 70: loss=0.5760 val_auprc=0.8699 val_auc=0.9594 val_f1_macro=0.8053 (best_epoch=70, best_auprc=0.8699)
epoch 71: loss=0.5824 val_auprc=0.8701 val_auc=0.9595 val_f1_macro=0.8081 (best_epoch=71, best_auprc=0.8701)
epoch 72: loss=0.5742 val_auprc=0.8701 val_auc=0.9595 val_f1_macro=0.8187 (best_epoch=72, best_auprc=0.8701)
epoch 73: loss=0.5602 val_auprc=0.8699 val_auc=0.9595 val_f1_macro=0.8237 (best_epoch=72, best_auprc=0.8701)
epoch 74: loss=0.5445 val_auprc=0.8699 val_auc=0.9594 val_f1_macro=0.8240 (best_epoch=72, best_auprc=0.8701)
epoch 75: loss=0.5612 val_auprc=0.8698 val_auc=0.9593 val_f1_macro=0.8292 (best_epoch=72, best_auprc=0.8701)
epoch 76: loss=0.5564 val_auprc=0.8695 val_auc=0.9591 val_f1_macro=0.8233 (best_epoch=72, best_auprc=0.8701)
epoch 77: loss=0.5734 val_auprc=0.8690 val_auc=0.9589 val_f1_macro=0.8154 (best_epoch=72, best_auprc=0.8701)
epoch 78: loss=0.5879 val_auprc=0.8682 val_auc=0.9586 val_f1_macro=0.8089 (best_epoch=72, best_auprc=0.8701)
epoch 79: loss=0.5786 val_auprc=0.8673 val_auc=0.9583 val_f1_macro=0.8032 (best_epoch=72, best_auprc=0.8701)
epoch 80: loss=0.5606 val_auprc=0.8663 val_auc=0.9580 val_f1_macro=0.7985 (best_epoch=72, best_auprc=0.8701)
epoch 81: loss=0.5531 val_auprc=0.8656 val_auc=0.9578 val_f1_macro=0.7968 (best_epoch=72, best_auprc=0.8701)
epoch 82: loss=0.5545 val_auprc=0.8655 val_auc=0.9577 val_f1_macro=0.7975 (best_epoch=72, best_auprc=0.8701)
epoch 83: loss=0.5418 val_auprc=0.8654 val_auc=0.9576 val_f1_macro=0.7935 (best_epoch=72, best_auprc=0.8701)
epoch 84: loss=0.5519 val_auprc=0.8656 val_auc=0.9577 val_f1_macro=0.7886 (best_epoch=72, best_auprc=0.8701)
epoch 85: loss=0.5599 val_auprc=0.8658 val_auc=0.9577 val_f1_macro=0.7909 (best_epoch=72, best_auprc=0.8701)
epoch 86: loss=0.5427 val_auprc=0.8662 val_auc=0.9577 val_f1_macro=0.7915 (best_epoch=72, best_auprc=0.8701)
epoch 87: loss=0.5548 val_auprc=0.8669 val_auc=0.9579 val_f1_macro=0.7968 (best_epoch=72, best_auprc=0.8701)
epoch 88: loss=0.5448 val_auprc=0.8676 val_auc=0.9581 val_f1_macro=0.8015 (best_epoch=72, best_auprc=0.8701)
epoch 89: loss=0.5465 val_auprc=0.8682 val_auc=0.9584 val_f1_macro=0.8012 (best_epoch=72, best_auprc=0.8701)
epoch 90: loss=0.5876 val_auprc=0.8685 val_auc=0.9585 val_f1_macro=0.8195 (best_epoch=72, best_auprc=0.8701)
epoch 91: loss=0.5493 val_auprc=0.8684 val_auc=0.9587 val_f1_macro=0.8307 (best_epoch=72, best_auprc=0.8701)
epoch 92: loss=0.5465 val_auprc=0.8686 val_auc=0.9588 val_f1_macro=0.8340 (best_epoch=72, best_auprc=0.8701)
Early stopping at epoch 92 (no improvement for 20 epochs)
Selected threshold (best val macro-F1): 0.95 (val F1=0.9285)
TEST metrics: {'auprc': 0.8284478144392299, 'auc': 0.944259246657634, 'f1_macro': 0.8959995454976009, 'recall': 0.7229916897506925, 'threshold_used': 0.9500000000000001, 'best_epoch': 72}