=== Run: splitgnn_tsocial_unified_tr40_seed2_a6000_20260919T063510Z ===
Result dir: /workspace/splitgnn_vast/results/splitgnn/tsocial/unified/tr40/seed_2
No existing split file at /workspace/splitgnn_vast/splits/tsocial_seed2_nested_splits.npz, generating now.
Split overlap checks: PASSED
train=346864 valid=173432 test=346864
Model source commit: 32fbdb836781d5c02523844a7079425f89be8831
Config SHA256: c3a58e7ce2750201049630e8cae4b207153d8e460bd0e90874d5cf3d97303605
Split SHA256: 197cd8a496ca269cfa2affeea08837bb97bc55181f878b36cc724036ba6d001b
epoch 0: loss=1.7003 val_auprc=0.0322 val_auc=0.5571 val_f1_macro=0.0293 (best_epoch=0, best_auprc=0.0322)
epoch 1: loss=1.6924 val_auprc=0.0966 val_auc=0.7566 val_f1_macro=0.4082 (best_epoch=1, best_auprc=0.0966)
epoch 2: loss=1.6859 val_auprc=0.1587 val_auc=0.8009 val_f1_macro=0.5011 (best_epoch=2, best_auprc=0.1587)
epoch 3: loss=1.6787 val_auprc=0.1892 val_auc=0.8105 val_f1_macro=0.5088 (best_epoch=3, best_auprc=0.1892)
epoch 4: loss=1.6695 val_auprc=0.2076 val_auc=0.8143 val_f1_macro=0.5043 (best_epoch=4, best_auprc=0.2076)
epoch 5: loss=1.6587 val_auprc=0.2170 val_auc=0.8168 val_f1_macro=0.5035 (best_epoch=5, best_auprc=0.2170)
epoch 6: loss=1.6452 val_auprc=0.2223 val_auc=0.8177 val_f1_macro=0.5049 (best_epoch=6, best_auprc=0.2223)
epoch 7: loss=1.6298 val_auprc=0.2260 val_auc=0.8180 val_f1_macro=0.5052 (best_epoch=7, best_auprc=0.2260)
epoch 8: loss=1.6115 val_auprc=0.2292 val_auc=0.8181 val_f1_macro=0.5062 (best_epoch=8, best_auprc=0.2292)
epoch 9: loss=1.5933 val_auprc=0.2318 val_auc=0.8179 val_f1_macro=0.5076 (best_epoch=9, best_auprc=0.2318)
epoch 10: loss=1.5750 val_auprc=0.2342 val_auc=0.8176 val_f1_macro=0.5081 (best_epoch=10, best_auprc=0.2342)
epoch 11: loss=1.5512 val_auprc=0.2360 val_auc=0.8175 val_f1_macro=0.5063 (best_epoch=11, best_auprc=0.2360)
epoch 12: loss=1.5308 val_auprc=0.2379 val_auc=0.8177 val_f1_macro=0.5016 (best_epoch=12, best_auprc=0.2379)
epoch 13: loss=1.5114 val_auprc=0.2404 val_auc=0.8184 val_f1_macro=0.4943 (best_epoch=13, best_auprc=0.2404)
epoch 14: loss=1.4976 val_auprc=0.2426 val_auc=0.8192 val_f1_macro=0.4878 (best_epoch=14, best_auprc=0.2426)
epoch 15: loss=1.4863 val_auprc=0.2450 val_auc=0.8204 val_f1_macro=0.4845 (best_epoch=15, best_auprc=0.2450)
epoch 16: loss=1.4842 val_auprc=0.2478 val_auc=0.8218 val_f1_macro=0.4851 (best_epoch=16, best_auprc=0.2478)
epoch 17: loss=1.4779 val_auprc=0.2504 val_auc=0.8237 val_f1_macro=0.4873 (best_epoch=17, best_auprc=0.2504)
epoch 18: loss=1.4620 val_auprc=0.2525 val_auc=0.8259 val_f1_macro=0.4877 (best_epoch=18, best_auprc=0.2525)
epoch 19: loss=1.4515 val_auprc=0.2543 val_auc=0.8282 val_f1_macro=0.4880 (best_epoch=19, best_auprc=0.2543)
epoch 20: loss=1.4360 val_auprc=0.2571 val_auc=0.8310 val_f1_macro=0.4886 (best_epoch=20, best_auprc=0.2571)
epoch 21: loss=1.4117 val_auprc=0.2601 val_auc=0.8339 val_f1_macro=0.4914 (best_epoch=21, best_auprc=0.2601)
epoch 22: loss=1.3879 val_auprc=0.2646 val_auc=0.8372 val_f1_macro=0.4935 (best_epoch=22, best_auprc=0.2646)
epoch 23: loss=1.3672 val_auprc=0.2685 val_auc=0.8401 val_f1_macro=0.4925 (best_epoch=23, best_auprc=0.2685)
epoch 24: loss=1.3518 val_auprc=0.2721 val_auc=0.8412 val_f1_macro=0.4889 (best_epoch=24, best_auprc=0.2721)
epoch 25: loss=1.3423 val_auprc=0.2747 val_auc=0.8414 val_f1_macro=0.4895 (best_epoch=25, best_auprc=0.2747)
epoch 26: loss=1.3220 val_auprc=0.2763 val_auc=0.8412 val_f1_macro=0.4912 (best_epoch=26, best_auprc=0.2763)
epoch 27: loss=1.3101 val_auprc=0.2774 val_auc=0.8412 val_f1_macro=0.4925 (best_epoch=27, best_auprc=0.2774)
epoch 28: loss=1.3046 val_auprc=0.2780 val_auc=0.8415 val_f1_macro=0.4940 (best_epoch=28, best_auprc=0.2780)
epoch 29: loss=1.2923 val_auprc=0.2796 val_auc=0.8425 val_f1_macro=0.4940 (best_epoch=29, best_auprc=0.2796)
epoch 30: loss=1.2753 val_auprc=0.2816 val_auc=0.8440 val_f1_macro=0.4944 (best_epoch=30, best_auprc=0.2816)
epoch 31: loss=1.2679 val_auprc=0.2845 val_auc=0.8459 val_f1_macro=0.4973 (best_epoch=31, best_auprc=0.2845)
epoch 32: loss=1.2536 val_auprc=0.2880 val_auc=0.8475 val_f1_macro=0.4985 (best_epoch=32, best_auprc=0.2880)
epoch 33: loss=1.2446 val_auprc=0.2916 val_auc=0.8491 val_f1_macro=0.4983 (best_epoch=33, best_auprc=0.2916)
epoch 34: loss=1.2376 val_auprc=0.2957 val_auc=0.8510 val_f1_macro=0.5004 (best_epoch=34, best_auprc=0.2957)
epoch 35: loss=1.2231 val_auprc=0.3002 val_auc=0.8523 val_f1_macro=0.5009 (best_epoch=35, best_auprc=0.3002)
epoch 36: loss=1.2157 val_auprc=0.3031 val_auc=0.8533 val_f1_macro=0.4986 (best_epoch=36, best_auprc=0.3031)
epoch 37: loss=1.2088 val_auprc=0.3044 val_auc=0.8538 val_f1_macro=0.4986 (best_epoch=37, best_auprc=0.3044)
epoch 38: loss=1.2043 val_auprc=0.3050 val_auc=0.8542 val_f1_macro=0.5030 (best_epoch=38, best_auprc=0.3050)
epoch 39: loss=1.2003 val_auprc=0.3058 val_auc=0.8545 val_f1_macro=0.5112 (best_epoch=39, best_auprc=0.3058)
epoch 40: loss=1.1923 val_auprc=0.3060 val_auc=0.8548 val_f1_macro=0.5192 (best_epoch=40, best_auprc=0.3060)
epoch 41: loss=1.1887 val_auprc=0.3068 val_auc=0.8551 val_f1_macro=0.5222 (best_epoch=41, best_auprc=0.3068)
epoch 42: loss=1.1820 val_auprc=0.3079 val_auc=0.8559 val_f1_macro=0.5198 (best_epoch=42, best_auprc=0.3079)
epoch 43: loss=1.1805 val_auprc=0.3099 val_auc=0.8568 val_f1_macro=0.5159 (best_epoch=43, best_auprc=0.3099)
epoch 44: loss=1.1743 val_auprc=0.3124 val_auc=0.8581 val_f1_macro=0.5160 (best_epoch=44, best_auprc=0.3124)
epoch 45: loss=1.1710 val_auprc=0.3156 val_auc=0.8598 val_f1_macro=0.5196 (best_epoch=45, best_auprc=0.3156)
epoch 46: loss=1.1626 val_auprc=0.3182 val_auc=0.8613 val_f1_macro=0.5226 (best_epoch=46, best_auprc=0.3182)
epoch 47: loss=1.1633 val_auprc=0.3193 val_auc=0.8619 val_f1_macro=0.5217 (best_epoch=47, best_auprc=0.3193)
epoch 48: loss=1.1538 val_auprc=0.3194 val_auc=0.8622 val_f1_macro=0.5173 (best_epoch=48, best_auprc=0.3194)
epoch 49: loss=1.1521 val_auprc=0.3195 val_auc=0.8625 val_f1_macro=0.5147 (best_epoch=49, best_auprc=0.3195)
epoch 50: loss=1.1490 val_auprc=0.3206 val_auc=0.8632 val_f1_macro=0.5152 (best_epoch=50, best_auprc=0.3206)
epoch 51: loss=1.1467 val_auprc=0.3227 val_auc=0.8644 val_f1_macro=0.5195 (best_epoch=51, best_auprc=0.3227)
epoch 52: loss=1.1504 val_auprc=0.3253 val_auc=0.8658 val_f1_macro=0.5237 (best_epoch=52, best_auprc=0.3253)
epoch 53: loss=1.1425 val_auprc=0.3284 val_auc=0.8672 val_f1_macro=0.5207 (best_epoch=53, best_auprc=0.3284)
epoch 54: loss=1.1408 val_auprc=0.3311 val_auc=0.8685 val_f1_macro=0.5144 (best_epoch=54, best_auprc=0.3311)
epoch 55: loss=1.1385 val_auprc=0.3344 val_auc=0.8698 val_f1_macro=0.5119 (best_epoch=55, best_auprc=0.3344)
epoch 56: loss=1.1343 val_auprc=0.3371 val_auc=0.8712 val_f1_macro=0.5138 (best_epoch=56, best_auprc=0.3371)
epoch 57: loss=1.1289 val_auprc=0.3399 val_auc=0.8725 val_f1_macro=0.5188 (best_epoch=57, best_auprc=0.3399)
epoch 58: loss=1.1279 val_auprc=0.3424 val_auc=0.8737 val_f1_macro=0.5239 (best_epoch=58, best_auprc=0.3424)
epoch 59: loss=1.1267 val_auprc=0.3448 val_auc=0.8748 val_f1_macro=0.5261 (best_epoch=59, best_auprc=0.3448)
epoch 60: loss=1.1233 val_auprc=0.3462 val_auc=0.8759 val_f1_macro=0.5245 (best_epoch=60, best_auprc=0.3462)
epoch 61: loss=1.1241 val_auprc=0.3484 val_auc=0.8772 val_f1_macro=0.5250 (best_epoch=61, best_auprc=0.3484)
epoch 62: loss=1.1208 val_auprc=0.3516 val_auc=0.8788 val_f1_macro=0.5273 (best_epoch=62, best_auprc=0.3516)
epoch 63: loss=1.1132 val_auprc=0.3545 val_auc=0.8804 val_f1_macro=0.5289 (best_epoch=63, best_auprc=0.3545)
epoch 64: loss=1.1134 val_auprc=0.3576 val_auc=0.8823 val_f1_macro=0.5286 (best_epoch=64, best_auprc=0.3576)
epoch 65: loss=1.1130 val_auprc=0.3604 val_auc=0.8838 val_f1_macro=0.5301 (best_epoch=65, best_auprc=0.3604)
epoch 66: loss=1.1109 val_auprc=0.3633 val_auc=0.8852 val_f1_macro=0.5325 (best_epoch=66, best_auprc=0.3633)
epoch 67: loss=1.1109 val_auprc=0.3646 val_auc=0.8865 val_f1_macro=0.5363 (best_epoch=67, best_auprc=0.3646)
epoch 68: loss=1.1071 val_auprc=0.3654 val_auc=0.8875 val_f1_macro=0.5350 (best_epoch=68, best_auprc=0.3654)
epoch 69: loss=1.1052 val_auprc=0.3662 val_auc=0.8885 val_f1_macro=0.5316 (best_epoch=69, best_auprc=0.3662)
epoch 70: loss=1.1022 val_auprc=0.3682 val_auc=0.8896 val_f1_macro=0.5335 (best_epoch=70, best_auprc=0.3682)
epoch 71: loss=1.0945 val_auprc=0.3708 val_auc=0.8907 val_f1_macro=0.5378 (best_epoch=71, best_auprc=0.3708)
epoch 72: loss=1.1013 val_auprc=0.3741 val_auc=0.8917 val_f1_macro=0.5430 (best_epoch=72, best_auprc=0.3741)
epoch 73: loss=1.1020 val_auprc=0.3774 val_auc=0.8927 val_f1_macro=0.5500 (best_epoch=73, best_auprc=0.3774)
epoch 74: loss=1.0927 val_auprc=0.3786 val_auc=0.8935 val_f1_macro=0.5472 (best_epoch=74, best_auprc=0.3786)
epoch 75: loss=1.0983 val_auprc=0.3797 val_auc=0.8941 val_f1_macro=0.5446 (best_epoch=75, best_auprc=0.3797)
epoch 76: loss=1.0973 val_auprc=0.3813 val_auc=0.8949 val_f1_macro=0.5492 (best_epoch=76, best_auprc=0.3813)
epoch 77: loss=1.0930 val_auprc=0.3840 val_auc=0.8955 val_f1_macro=0.5536 (best_epoch=77, best_auprc=0.3840)
epoch 78: loss=1.0886 val_auprc=0.3855 val_auc=0.8961 val_f1_macro=0.5502 (best_epoch=78, best_auprc=0.3855)
epoch 79: loss=1.0946 val_auprc=0.3891 val_auc=0.8969 val_f1_macro=0.5567 (best_epoch=79, best_auprc=0.3891)
epoch 80: loss=1.0868 val_auprc=0.3917 val_auc=0.8977 val_f1_macro=0.5586 (best_epoch=80, best_auprc=0.3917)
epoch 81: loss=1.0900 val_auprc=0.3938 val_auc=0.8988 val_f1_macro=0.5549 (best_epoch=81, best_auprc=0.3938)
epoch 82: loss=1.0827 val_auprc=0.3956 val_auc=0.8996 val_f1_macro=0.5542 (best_epoch=82, best_auprc=0.3956)
epoch 83: loss=1.0819 val_auprc=0.3969 val_auc=0.9002 val_f1_macro=0.5561 (best_epoch=83, best_auprc=0.3969)
epoch 84: loss=1.0808 val_auprc=0.3998 val_auc=0.9010 val_f1_macro=0.5617 (best_epoch=84, best_auprc=0.3998)
epoch 85: loss=1.0801 val_auprc=0.4013 val_auc=0.9017 val_f1_macro=0.5615 (best_epoch=85, best_auprc=0.4013)
epoch 86: loss=1.0805 val_auprc=0.4032 val_auc=0.9024 val_f1_macro=0.5579 (best_epoch=86, best_auprc=0.4032)
epoch 87: loss=1.0781 val_auprc=0.4057 val_auc=0.9031 val_f1_macro=0.5593 (best_epoch=87, best_auprc=0.4057)
epoch 88: loss=1.0754 val_auprc=0.4099 val_auc=0.9041 val_f1_macro=0.5644 (best_epoch=88, best_auprc=0.4099)
epoch 89: loss=1.0808 val_auprc=0.4130 val_auc=0.9051 val_f1_macro=0.5668 (best_epoch=89, best_auprc=0.4130)
epoch 90: loss=1.0734 val_auprc=0.4153 val_auc=0.9060 val_f1_macro=0.5643 (best_epoch=90, best_auprc=0.4153)
epoch 91: loss=1.0779 val_auprc=0.4180 val_auc=0.9068 val_f1_macro=0.5675 (best_epoch=91, best_auprc=0.4180)
epoch 92: loss=1.0710 val_auprc=0.4195 val_auc=0.9077 val_f1_macro=0.5688 (best_epoch=92, best_auprc=0.4195)
epoch 93: loss=1.0687 val_auprc=0.4211 val_auc=0.9085 val_f1_macro=0.5685 (best_epoch=93, best_auprc=0.4211)
epoch 94: loss=1.0707 val_auprc=0.4241 val_auc=0.9094 val_f1_macro=0.5709 (best_epoch=94, best_auprc=0.4241)
epoch 95: loss=1.0663 val_auprc=0.4269 val_auc=0.9101 val_f1_macro=0.5689 (best_epoch=95, best_auprc=0.4269)
epoch 96: loss=1.0647 val_auprc=0.4303 val_auc=0.9107 val_f1_macro=0.5717 (best_epoch=96, best_auprc=0.4303)
epoch 97: loss=1.0642 val_auprc=0.4342 val_auc=0.9113 val_f1_macro=0.5752 (best_epoch=97, best_auprc=0.4342)
epoch 98: loss=1.0621 val_auprc=0.4358 val_auc=0.9119 val_f1_macro=0.5693 (best_epoch=98, best_auprc=0.4358)
epoch 99: loss=1.0654 val_auprc=0.4390 val_auc=0.9127 val_f1_macro=0.5777 (best_epoch=99, best_auprc=0.4390)
Selected threshold (best val macro-F1): 0.90 (val F1=0.7210)
TEST metrics: {'auprc': 0.4586087590195199, 'auc': 0.916174537358541, 'f1_macro': 0.7235923776997221, 'recall': 0.38519651907812946, 'threshold_used': 0.9000000000000001, 'best_epoch': 99}