=== Run: splitgnn_elliptic_unified_tr20_seed42_a6000_20260918T034915Z ===
Result dir: /workspace/splitgnn_vast/results/splitgnn/elliptic/unified/tr20/seed_42
Split overlap checks: PASSED
train=9313 valid=9313 test=18626
Model source commit: 32fbdb836781d5c02523844a7079425f89be8831
Config SHA256: 172f04823e62c3362bd20be8e5fa53c1b0a954a2c287c0588c82eb5757ef9425
Split SHA256: 77008be57543be620a444bf233a229fe6f09d3d5b4fcf427a8481f7972e5ebf5
epoch 0: loss=1.7085 val_auprc=0.1273 val_auc=0.5762 val_f1_macro=0.4818 (best_epoch=0, best_auprc=0.1273)
epoch 1: loss=1.6792 val_auprc=0.1271 val_auc=0.5758 val_f1_macro=0.4859 (best_epoch=0, best_auprc=0.1273)
epoch 2: loss=1.6817 val_auprc=0.1279 val_auc=0.5745 val_f1_macro=0.4993 (best_epoch=2, best_auprc=0.1279)
epoch 3: loss=1.6698 val_auprc=0.1297 val_auc=0.5750 val_f1_macro=0.5290 (best_epoch=3, best_auprc=0.1297)
epoch 4: loss=1.6489 val_auprc=0.1282 val_auc=0.5695 val_f1_macro=0.1738 (best_epoch=3, best_auprc=0.1297)
epoch 5: loss=1.6646 val_auprc=0.1269 val_auc=0.5649 val_f1_macro=0.1469 (best_epoch=3, best_auprc=0.1297)
epoch 6: loss=1.6551 val_auprc=0.1263 val_auc=0.5604 val_f1_macro=0.1540 (best_epoch=3, best_auprc=0.1297)
epoch 7: loss=1.6213 val_auprc=0.1282 val_auc=0.5625 val_f1_macro=0.1733 (best_epoch=3, best_auprc=0.1297)
epoch 8: loss=1.6097 val_auprc=0.1339 val_auc=0.5645 val_f1_macro=0.1992 (best_epoch=8, best_auprc=0.1339)
epoch 9: loss=1.5995 val_auprc=0.1429 val_auc=0.5711 val_f1_macro=0.2557 (best_epoch=9, best_auprc=0.1429)
epoch 10: loss=1.5992 val_auprc=0.1530 val_auc=0.5794 val_f1_macro=0.3704 (best_epoch=10, best_auprc=0.1530)
epoch 11: loss=1.5993 val_auprc=0.1674 val_auc=0.5859 val_f1_macro=0.4629 (best_epoch=11, best_auprc=0.1674)
epoch 12: loss=1.5487 val_auprc=0.1791 val_auc=0.5957 val_f1_macro=0.4933 (best_epoch=12, best_auprc=0.1791)
epoch 13: loss=1.5481 val_auprc=0.1911 val_auc=0.6086 val_f1_macro=0.5419 (best_epoch=13, best_auprc=0.1911)
epoch 14: loss=1.5358 val_auprc=0.1952 val_auc=0.6127 val_f1_macro=0.5588 (best_epoch=14, best_auprc=0.1952)
epoch 15: loss=1.5002 val_auprc=0.2003 val_auc=0.6192 val_f1_macro=0.5606 (best_epoch=15, best_auprc=0.2003)
epoch 16: loss=1.4884 val_auprc=0.2041 val_auc=0.6278 val_f1_macro=0.5575 (best_epoch=16, best_auprc=0.2041)
epoch 17: loss=1.4913 val_auprc=0.2068 val_auc=0.6343 val_f1_macro=0.5560 (best_epoch=17, best_auprc=0.2068)
epoch 18: loss=1.4290 val_auprc=0.2079 val_auc=0.6386 val_f1_macro=0.5432 (best_epoch=18, best_auprc=0.2079)
epoch 19: loss=1.4414 val_auprc=0.2095 val_auc=0.6461 val_f1_macro=0.5247 (best_epoch=19, best_auprc=0.2095)
epoch 20: loss=1.3736 val_auprc=0.2116 val_auc=0.6558 val_f1_macro=0.5114 (best_epoch=20, best_auprc=0.2116)
epoch 21: loss=1.4688 val_auprc=0.2104 val_auc=0.6643 val_f1_macro=0.5012 (best_epoch=20, best_auprc=0.2116)
epoch 22: loss=1.3440 val_auprc=0.2123 val_auc=0.6693 val_f1_macro=0.4935 (best_epoch=22, best_auprc=0.2123)
epoch 23: loss=1.3576 val_auprc=0.2160 val_auc=0.6733 val_f1_macro=0.4919 (best_epoch=23, best_auprc=0.2160)
epoch 24: loss=1.2929 val_auprc=0.2231 val_auc=0.6787 val_f1_macro=0.4918 (best_epoch=24, best_auprc=0.2231)
epoch 25: loss=1.2861 val_auprc=0.2287 val_auc=0.6848 val_f1_macro=0.4911 (best_epoch=25, best_auprc=0.2287)
epoch 26: loss=1.3199 val_auprc=0.2354 val_auc=0.6916 val_f1_macro=0.4936 (best_epoch=26, best_auprc=0.2354)
epoch 27: loss=1.2712 val_auprc=0.2409 val_auc=0.6982 val_f1_macro=0.4986 (best_epoch=27, best_auprc=0.2409)
epoch 28: loss=1.2543 val_auprc=0.2470 val_auc=0.7040 val_f1_macro=0.5025 (best_epoch=28, best_auprc=0.2470)
epoch 29: loss=1.2579 val_auprc=0.2566 val_auc=0.7098 val_f1_macro=0.5051 (best_epoch=29, best_auprc=0.2566)
epoch 30: loss=1.2005 val_auprc=0.2719 val_auc=0.7165 val_f1_macro=0.5053 (best_epoch=30, best_auprc=0.2719)
epoch 31: loss=1.2502 val_auprc=0.2828 val_auc=0.7186 val_f1_macro=0.5015 (best_epoch=31, best_auprc=0.2828)
epoch 32: loss=1.2137 val_auprc=0.2890 val_auc=0.7217 val_f1_macro=0.5068 (best_epoch=32, best_auprc=0.2890)
epoch 33: loss=1.1939 val_auprc=0.2949 val_auc=0.7245 val_f1_macro=0.5021 (best_epoch=33, best_auprc=0.2949)
epoch 34: loss=1.1226 val_auprc=0.2957 val_auc=0.7261 val_f1_macro=0.5160 (best_epoch=34, best_auprc=0.2957)
epoch 35: loss=1.1277 val_auprc=0.2943 val_auc=0.7302 val_f1_macro=0.5256 (best_epoch=34, best_auprc=0.2957)
epoch 36: loss=1.1332 val_auprc=0.2911 val_auc=0.7341 val_f1_macro=0.5416 (best_epoch=34, best_auprc=0.2957)
epoch 37: loss=1.1496 val_auprc=0.2918 val_auc=0.7401 val_f1_macro=0.5402 (best_epoch=34, best_auprc=0.2957)
epoch 38: loss=1.1564 val_auprc=0.2910 val_auc=0.7436 val_f1_macro=0.5459 (best_epoch=34, best_auprc=0.2957)
epoch 39: loss=1.1368 val_auprc=0.2908 val_auc=0.7466 val_f1_macro=0.5501 (best_epoch=34, best_auprc=0.2957)
epoch 40: loss=1.2916 val_auprc=0.2893 val_auc=0.7473 val_f1_macro=0.5611 (best_epoch=34, best_auprc=0.2957)
epoch 41: loss=1.1254 val_auprc=0.2921 val_auc=0.7487 val_f1_macro=0.5657 (best_epoch=34, best_auprc=0.2957)
epoch 42: loss=1.0527 val_auprc=0.2960 val_auc=0.7505 val_f1_macro=0.5664 (best_epoch=42, best_auprc=0.2960)
epoch 43: loss=1.1577 val_auprc=0.3000 val_auc=0.7532 val_f1_macro=0.5606 (best_epoch=43, best_auprc=0.3000)
epoch 44: loss=1.0233 val_auprc=0.3065 val_auc=0.7574 val_f1_macro=0.5595 (best_epoch=44, best_auprc=0.3065)
epoch 45: loss=1.1565 val_auprc=0.3120 val_auc=0.7606 val_f1_macro=0.5702 (best_epoch=45, best_auprc=0.3120)
epoch 46: loss=1.1452 val_auprc=0.3175 val_auc=0.7635 val_f1_macro=0.5816 (best_epoch=46, best_auprc=0.3175)
epoch 47: loss=1.0418 val_auprc=0.3230 val_auc=0.7665 val_f1_macro=0.5873 (best_epoch=47, best_auprc=0.3230)
epoch 48: loss=1.1568 val_auprc=0.3295 val_auc=0.7679 val_f1_macro=0.5814 (best_epoch=48, best_auprc=0.3295)
epoch 49: loss=1.0470 val_auprc=0.3332 val_auc=0.7680 val_f1_macro=0.5725 (best_epoch=49, best_auprc=0.3332)
epoch 50: loss=1.0573 val_auprc=0.3374 val_auc=0.7694 val_f1_macro=0.5709 (best_epoch=50, best_auprc=0.3374)
epoch 51: loss=0.9969 val_auprc=0.3396 val_auc=0.7710 val_f1_macro=0.5726 (best_epoch=51, best_auprc=0.3396)
epoch 52: loss=1.0207 val_auprc=0.3423 val_auc=0.7747 val_f1_macro=0.5778 (best_epoch=52, best_auprc=0.3423)
epoch 53: loss=1.0630 val_auprc=0.3419 val_auc=0.7774 val_f1_macro=0.5851 (best_epoch=52, best_auprc=0.3423)
epoch 54: loss=1.0304 val_auprc=0.3423 val_auc=0.7809 val_f1_macro=0.5942 (best_epoch=54, best_auprc=0.3423)
epoch 55: loss=1.0460 val_auprc=0.3415 val_auc=0.7826 val_f1_macro=0.5943 (best_epoch=54, best_auprc=0.3423)
epoch 56: loss=1.0254 val_auprc=0.3424 val_auc=0.7845 val_f1_macro=0.5938 (best_epoch=56, best_auprc=0.3424)
epoch 57: loss=1.0524 val_auprc=0.3439 val_auc=0.7875 val_f1_macro=0.5961 (best_epoch=57, best_auprc=0.3439)
epoch 58: loss=1.0573 val_auprc=0.3474 val_auc=0.7908 val_f1_macro=0.6012 (best_epoch=58, best_auprc=0.3474)
epoch 59: loss=0.9813 val_auprc=0.3540 val_auc=0.7954 val_f1_macro=0.6112 (best_epoch=59, best_auprc=0.3540)
epoch 60: loss=0.9813 val_auprc=0.3627 val_auc=0.7993 val_f1_macro=0.6172 (best_epoch=60, best_auprc=0.3627)
epoch 61: loss=0.9591 val_auprc=0.3729 val_auc=0.8024 val_f1_macro=0.6186 (best_epoch=61, best_auprc=0.3729)
epoch 62: loss=0.9901 val_auprc=0.3838 val_auc=0.8047 val_f1_macro=0.6169 (best_epoch=62, best_auprc=0.3838)
epoch 63: loss=0.9558 val_auprc=0.3929 val_auc=0.8081 val_f1_macro=0.6221 (best_epoch=63, best_auprc=0.3929)
epoch 64: loss=0.9648 val_auprc=0.3994 val_auc=0.8126 val_f1_macro=0.6368 (best_epoch=64, best_auprc=0.3994)
epoch 65: loss=0.8990 val_auprc=0.4071 val_auc=0.8176 val_f1_macro=0.6545 (best_epoch=65, best_auprc=0.4071)
epoch 66: loss=0.9283 val_auprc=0.4117 val_auc=0.8213 val_f1_macro=0.6582 (best_epoch=66, best_auprc=0.4117)
epoch 67: loss=0.9670 val_auprc=0.4166 val_auc=0.8223 val_f1_macro=0.6461 (best_epoch=67, best_auprc=0.4166)
epoch 68: loss=1.0040 val_auprc=0.4206 val_auc=0.8219 val_f1_macro=0.6396 (best_epoch=68, best_auprc=0.4206)
epoch 69: loss=0.9282 val_auprc=0.4224 val_auc=0.8225 val_f1_macro=0.6378 (best_epoch=69, best_auprc=0.4224)
epoch 70: loss=0.9317 val_auprc=0.4254 val_auc=0.8259 val_f1_macro=0.6556 (best_epoch=70, best_auprc=0.4254)
epoch 71: loss=0.9127 val_auprc=0.4254 val_auc=0.8270 val_f1_macro=0.6645 (best_epoch=70, best_auprc=0.4254)
epoch 72: loss=0.9924 val_auprc=0.4261 val_auc=0.8264 val_f1_macro=0.6600 (best_epoch=72, best_auprc=0.4261)
epoch 73: loss=0.8520 val_auprc=0.4310 val_auc=0.8250 val_f1_macro=0.6369 (best_epoch=73, best_auprc=0.4310)
epoch 74: loss=0.9595 val_auprc=0.4378 val_auc=0.8267 val_f1_macro=0.6385 (best_epoch=74, best_auprc=0.4378)
epoch 75: loss=0.8887 val_auprc=0.4451 val_auc=0.8311 val_f1_macro=0.6615 (best_epoch=75, best_auprc=0.4451)
epoch 76: loss=0.9447 val_auprc=0.4530 val_auc=0.8338 val_f1_macro=0.6643 (best_epoch=76, best_auprc=0.4530)
epoch 77: loss=0.8647 val_auprc=0.4596 val_auc=0.8359 val_f1_macro=0.6639 (best_epoch=77, best_auprc=0.4596)
epoch 78: loss=0.9197 val_auprc=0.4650 val_auc=0.8368 val_f1_macro=0.6655 (best_epoch=78, best_auprc=0.4650)
epoch 79: loss=0.8774 val_auprc=0.4714 val_auc=0.8369 val_f1_macro=0.6467 (best_epoch=79, best_auprc=0.4714)
epoch 80: loss=0.8366 val_auprc=0.4718 val_auc=0.8376 val_f1_macro=0.6421 (best_epoch=80, best_auprc=0.4718)
epoch 81: loss=0.8881 val_auprc=0.4707 val_auc=0.8404 val_f1_macro=0.6543 (best_epoch=80, best_auprc=0.4718)
epoch 82: loss=0.8370 val_auprc=0.4697 val_auc=0.8429 val_f1_macro=0.6534 (best_epoch=80, best_auprc=0.4718)
epoch 83: loss=0.8924 val_auprc=0.4713 val_auc=0.8463 val_f1_macro=0.6603 (best_epoch=80, best_auprc=0.4718)
epoch 84: loss=0.9423 val_auprc=0.4728 val_auc=0.8486 val_f1_macro=0.6584 (best_epoch=84, best_auprc=0.4728)
epoch 85: loss=0.8450 val_auprc=0.4768 val_auc=0.8506 val_f1_macro=0.6614 (best_epoch=85, best_auprc=0.4768)
epoch 86: loss=0.8471 val_auprc=0.4769 val_auc=0.8523 val_f1_macro=0.6698 (best_epoch=86, best_auprc=0.4769)
epoch 87: loss=0.9443 val_auprc=0.4801 val_auc=0.8534 val_f1_macro=0.6724 (best_epoch=87, best_auprc=0.4801)
epoch 88: loss=0.8770 val_auprc=0.4873 val_auc=0.8540 val_f1_macro=0.6620 (best_epoch=88, best_auprc=0.4873)
epoch 89: loss=0.8157 val_auprc=0.4922 val_auc=0.8547 val_f1_macro=0.6691 (best_epoch=89, best_auprc=0.4922)
epoch 90: loss=0.8692 val_auprc=0.4955 val_auc=0.8561 val_f1_macro=0.6831 (best_epoch=90, best_auprc=0.4955)
epoch 91: loss=0.8272 val_auprc=0.4999 val_auc=0.8574 val_f1_macro=0.6906 (best_epoch=91, best_auprc=0.4999)
epoch 92: loss=0.8528 val_auprc=0.5056 val_auc=0.8594 val_f1_macro=0.6924 (best_epoch=92, best_auprc=0.5056)
epoch 93: loss=0.8765 val_auprc=0.5122 val_auc=0.8611 val_f1_macro=0.6877 (best_epoch=93, best_auprc=0.5122)
epoch 94: loss=0.8581 val_auprc=0.5169 val_auc=0.8624 val_f1_macro=0.6796 (best_epoch=94, best_auprc=0.5169)
epoch 95: loss=0.8656 val_auprc=0.5199 val_auc=0.8635 val_f1_macro=0.6749 (best_epoch=95, best_auprc=0.5199)
epoch 96: loss=0.8564 val_auprc=0.5202 val_auc=0.8651 val_f1_macro=0.6859 (best_epoch=96, best_auprc=0.5202)
epoch 97: loss=0.7918 val_auprc=0.5216 val_auc=0.8669 val_f1_macro=0.6937 (best_epoch=97, best_auprc=0.5216)
epoch 98: loss=0.8151 val_auprc=0.5257 val_auc=0.8680 val_f1_macro=0.6879 (best_epoch=98, best_auprc=0.5257)
epoch 99: loss=0.8508 val_auprc=0.5283 val_auc=0.8688 val_f1_macro=0.6864 (best_epoch=99, best_auprc=0.5283)
Selected threshold (best val macro-F1): 0.70 (val F1=0.7517)
TEST metrics: {'auprc': 0.5518351946843344, 'auc': 0.882367703393376, 'f1_macro': 0.7656778547099461, 'recall': 0.6611661166116611, 'threshold_used': 0.7000000000000001, 'best_epoch': 99}