=== Run: splitgnn_elliptic_unified_tr10_seed2_a6000_20260918T035022Z ===
Result dir: /workspace/splitgnn_vast/results/splitgnn/elliptic/unified/tr10/seed_2
Split overlap checks: PASSED
train=4656 valid=9313 test=18626
Model source commit: 32fbdb836781d5c02523844a7079425f89be8831
Config SHA256: 675f57c0b46aa8377960af8cd30dffc113ab0bbb532f30c0c4d6d569573c7b35
Split SHA256: 77008be57543be620a444bf233a229fe6f09d3d5b4fcf427a8481f7972e5ebf5
epoch 0: loss=1.7219 val_auprc=0.1140 val_auc=0.5417 val_f1_macro=0.0899 (best_epoch=0, best_auprc=0.1140)
epoch 1: loss=1.6646 val_auprc=0.1307 val_auc=0.5667 val_f1_macro=0.0910 (best_epoch=1, best_auprc=0.1307)
epoch 2: loss=1.6153 val_auprc=0.1310 val_auc=0.5594 val_f1_macro=0.0935 (best_epoch=2, best_auprc=0.1310)
epoch 3: loss=1.6373 val_auprc=0.1304 val_auc=0.5602 val_f1_macro=0.0976 (best_epoch=2, best_auprc=0.1310)
epoch 4: loss=1.5930 val_auprc=0.1404 val_auc=0.5890 val_f1_macro=0.1090 (best_epoch=4, best_auprc=0.1404)
epoch 5: loss=1.5593 val_auprc=0.1409 val_auc=0.5829 val_f1_macro=0.1869 (best_epoch=5, best_auprc=0.1409)
epoch 6: loss=1.5087 val_auprc=0.1372 val_auc=0.5743 val_f1_macro=0.5375 (best_epoch=5, best_auprc=0.1409)
epoch 7: loss=1.5209 val_auprc=0.1407 val_auc=0.5774 val_f1_macro=0.5366 (best_epoch=5, best_auprc=0.1409)
epoch 8: loss=1.4787 val_auprc=0.1479 val_auc=0.5895 val_f1_macro=0.5355 (best_epoch=8, best_auprc=0.1479)
epoch 9: loss=1.3868 val_auprc=0.1518 val_auc=0.6020 val_f1_macro=0.5409 (best_epoch=9, best_auprc=0.1518)
epoch 10: loss=1.3991 val_auprc=0.1549 val_auc=0.6109 val_f1_macro=0.5447 (best_epoch=10, best_auprc=0.1549)
epoch 11: loss=1.3889 val_auprc=0.1582 val_auc=0.6200 val_f1_macro=0.5512 (best_epoch=11, best_auprc=0.1582)
epoch 12: loss=1.3571 val_auprc=0.1607 val_auc=0.6267 val_f1_macro=0.5573 (best_epoch=12, best_auprc=0.1607)
epoch 13: loss=1.3600 val_auprc=0.1627 val_auc=0.6311 val_f1_macro=0.5562 (best_epoch=13, best_auprc=0.1627)
epoch 14: loss=1.2816 val_auprc=0.1648 val_auc=0.6340 val_f1_macro=0.5586 (best_epoch=14, best_auprc=0.1648)
epoch 15: loss=1.2724 val_auprc=0.1665 val_auc=0.6381 val_f1_macro=0.5567 (best_epoch=15, best_auprc=0.1665)
epoch 16: loss=1.2611 val_auprc=0.1696 val_auc=0.6431 val_f1_macro=0.5587 (best_epoch=16, best_auprc=0.1696)
epoch 17: loss=1.2685 val_auprc=0.1723 val_auc=0.6473 val_f1_macro=0.5581 (best_epoch=17, best_auprc=0.1723)
epoch 18: loss=1.3301 val_auprc=0.1741 val_auc=0.6500 val_f1_macro=0.5576 (best_epoch=18, best_auprc=0.1741)
epoch 19: loss=1.1818 val_auprc=0.1743 val_auc=0.6495 val_f1_macro=0.5521 (best_epoch=19, best_auprc=0.1743)
epoch 20: loss=1.3604 val_auprc=0.1737 val_auc=0.6467 val_f1_macro=0.5451 (best_epoch=19, best_auprc=0.1743)
epoch 21: loss=1.2541 val_auprc=0.1737 val_auc=0.6455 val_f1_macro=0.5280 (best_epoch=19, best_auprc=0.1743)
epoch 22: loss=1.2548 val_auprc=0.1756 val_auc=0.6484 val_f1_macro=0.5185 (best_epoch=22, best_auprc=0.1756)
epoch 23: loss=1.1454 val_auprc=0.1778 val_auc=0.6523 val_f1_macro=0.5172 (best_epoch=23, best_auprc=0.1778)
epoch 24: loss=1.1317 val_auprc=0.1799 val_auc=0.6565 val_f1_macro=0.5183 (best_epoch=24, best_auprc=0.1799)
epoch 25: loss=1.1447 val_auprc=0.1823 val_auc=0.6607 val_f1_macro=0.5287 (best_epoch=25, best_auprc=0.1823)
epoch 26: loss=1.1199 val_auprc=0.1842 val_auc=0.6630 val_f1_macro=0.5395 (best_epoch=26, best_auprc=0.1842)
epoch 27: loss=1.0764 val_auprc=0.1851 val_auc=0.6650 val_f1_macro=0.5524 (best_epoch=27, best_auprc=0.1851)
epoch 28: loss=1.0965 val_auprc=0.1866 val_auc=0.6666 val_f1_macro=0.5620 (best_epoch=28, best_auprc=0.1866)
epoch 29: loss=1.1131 val_auprc=0.1872 val_auc=0.6679 val_f1_macro=0.5636 (best_epoch=29, best_auprc=0.1872)
epoch 30: loss=1.1096 val_auprc=0.1890 val_auc=0.6700 val_f1_macro=0.5637 (best_epoch=30, best_auprc=0.1890)
epoch 31: loss=0.9951 val_auprc=0.1915 val_auc=0.6717 val_f1_macro=0.5623 (best_epoch=31, best_auprc=0.1915)
epoch 32: loss=1.0428 val_auprc=0.1935 val_auc=0.6743 val_f1_macro=0.5625 (best_epoch=32, best_auprc=0.1935)
epoch 33: loss=1.0680 val_auprc=0.1969 val_auc=0.6775 val_f1_macro=0.5609 (best_epoch=33, best_auprc=0.1969)
epoch 34: loss=0.9553 val_auprc=0.2024 val_auc=0.6811 val_f1_macro=0.5611 (best_epoch=34, best_auprc=0.2024)
epoch 35: loss=1.0109 val_auprc=0.2081 val_auc=0.6847 val_f1_macro=0.5548 (best_epoch=35, best_auprc=0.2081)
epoch 36: loss=1.0086 val_auprc=0.2136 val_auc=0.6882 val_f1_macro=0.5513 (best_epoch=36, best_auprc=0.2136)
epoch 37: loss=0.9707 val_auprc=0.2164 val_auc=0.6915 val_f1_macro=0.5488 (best_epoch=37, best_auprc=0.2164)
epoch 38: loss=0.9918 val_auprc=0.2203 val_auc=0.6947 val_f1_macro=0.5484 (best_epoch=38, best_auprc=0.2203)
epoch 39: loss=1.0411 val_auprc=0.2258 val_auc=0.6992 val_f1_macro=0.5448 (best_epoch=39, best_auprc=0.2258)
epoch 40: loss=0.9423 val_auprc=0.2302 val_auc=0.7036 val_f1_macro=0.5426 (best_epoch=40, best_auprc=0.2302)
epoch 41: loss=0.9800 val_auprc=0.2334 val_auc=0.7081 val_f1_macro=0.5517 (best_epoch=41, best_auprc=0.2334)
epoch 42: loss=0.8827 val_auprc=0.2328 val_auc=0.7124 val_f1_macro=0.5591 (best_epoch=41, best_auprc=0.2334)
epoch 43: loss=0.9018 val_auprc=0.2321 val_auc=0.7173 val_f1_macro=0.5607 (best_epoch=41, best_auprc=0.2334)
epoch 44: loss=0.8827 val_auprc=0.2366 val_auc=0.7229 val_f1_macro=0.5632 (best_epoch=44, best_auprc=0.2366)
epoch 45: loss=0.9361 val_auprc=0.2428 val_auc=0.7299 val_f1_macro=0.5659 (best_epoch=45, best_auprc=0.2428)
epoch 46: loss=0.9830 val_auprc=0.2511 val_auc=0.7377 val_f1_macro=0.5575 (best_epoch=46, best_auprc=0.2511)
epoch 47: loss=0.9426 val_auprc=0.2570 val_auc=0.7441 val_f1_macro=0.5517 (best_epoch=47, best_auprc=0.2570)
epoch 48: loss=0.9194 val_auprc=0.2626 val_auc=0.7499 val_f1_macro=0.5657 (best_epoch=48, best_auprc=0.2626)
epoch 49: loss=0.8499 val_auprc=0.2695 val_auc=0.7549 val_f1_macro=0.5861 (best_epoch=49, best_auprc=0.2695)
epoch 50: loss=0.9542 val_auprc=0.2776 val_auc=0.7588 val_f1_macro=0.5745 (best_epoch=50, best_auprc=0.2776)
epoch 51: loss=0.8474 val_auprc=0.2864 val_auc=0.7621 val_f1_macro=0.5592 (best_epoch=51, best_auprc=0.2864)
epoch 52: loss=0.9487 val_auprc=0.2964 val_auc=0.7671 val_f1_macro=0.5643 (best_epoch=52, best_auprc=0.2964)
epoch 53: loss=0.8970 val_auprc=0.2955 val_auc=0.7676 val_f1_macro=0.5926 (best_epoch=52, best_auprc=0.2964)
epoch 54: loss=0.8558 val_auprc=0.2966 val_auc=0.7695 val_f1_macro=0.6016 (best_epoch=54, best_auprc=0.2966)
epoch 55: loss=1.0878 val_auprc=0.3042 val_auc=0.7736 val_f1_macro=0.5996 (best_epoch=55, best_auprc=0.3042)
epoch 56: loss=0.7633 val_auprc=0.3135 val_auc=0.7767 val_f1_macro=0.5742 (best_epoch=56, best_auprc=0.3135)
epoch 57: loss=0.8264 val_auprc=0.3210 val_auc=0.7795 val_f1_macro=0.5454 (best_epoch=57, best_auprc=0.3210)
epoch 58: loss=0.8489 val_auprc=0.3206 val_auc=0.7818 val_f1_macro=0.5639 (best_epoch=57, best_auprc=0.3210)
epoch 59: loss=0.8065 val_auprc=0.3195 val_auc=0.7844 val_f1_macro=0.5952 (best_epoch=57, best_auprc=0.3210)
epoch 60: loss=1.0165 val_auprc=0.3166 val_auc=0.7855 val_f1_macro=0.6016 (best_epoch=57, best_auprc=0.3210)
epoch 61: loss=0.7500 val_auprc=0.3262 val_auc=0.7904 val_f1_macro=0.5940 (best_epoch=61, best_auprc=0.3262)
epoch 62: loss=0.7412 val_auprc=0.3376 val_auc=0.7951 val_f1_macro=0.5685 (best_epoch=62, best_auprc=0.3376)
epoch 63: loss=0.7687 val_auprc=0.3450 val_auc=0.7989 val_f1_macro=0.5614 (best_epoch=63, best_auprc=0.3450)
epoch 64: loss=0.8021 val_auprc=0.3492 val_auc=0.8011 val_f1_macro=0.5685 (best_epoch=64, best_auprc=0.3492)
epoch 65: loss=0.7831 val_auprc=0.3510 val_auc=0.8027 val_f1_macro=0.5898 (best_epoch=65, best_auprc=0.3510)
epoch 66: loss=0.7686 val_auprc=0.3516 val_auc=0.8034 val_f1_macro=0.6019 (best_epoch=66, best_auprc=0.3516)
epoch 67: loss=0.8148 val_auprc=0.3569 val_auc=0.8061 val_f1_macro=0.5971 (best_epoch=67, best_auprc=0.3569)
epoch 68: loss=0.8953 val_auprc=0.3663 val_auc=0.8099 val_f1_macro=0.5823 (best_epoch=68, best_auprc=0.3663)
epoch 69: loss=0.8397 val_auprc=0.3742 val_auc=0.8134 val_f1_macro=0.5737 (best_epoch=69, best_auprc=0.3742)
epoch 70: loss=0.7271 val_auprc=0.3789 val_auc=0.8148 val_f1_macro=0.5815 (best_epoch=70, best_auprc=0.3789)
epoch 71: loss=0.6882 val_auprc=0.3824 val_auc=0.8157 val_f1_macro=0.5963 (best_epoch=71, best_auprc=0.3824)
epoch 72: loss=0.7018 val_auprc=0.3827 val_auc=0.8178 val_f1_macro=0.6032 (best_epoch=72, best_auprc=0.3827)
epoch 73: loss=0.7051 val_auprc=0.3835 val_auc=0.8200 val_f1_macro=0.6096 (best_epoch=73, best_auprc=0.3835)
epoch 74: loss=0.9294 val_auprc=0.3887 val_auc=0.8235 val_f1_macro=0.6093 (best_epoch=74, best_auprc=0.3887)
epoch 75: loss=0.8080 val_auprc=0.3968 val_auc=0.8266 val_f1_macro=0.6006 (best_epoch=75, best_auprc=0.3968)
epoch 76: loss=0.7511 val_auprc=0.4027 val_auc=0.8293 val_f1_macro=0.6020 (best_epoch=76, best_auprc=0.4027)
epoch 77: loss=0.7100 val_auprc=0.4074 val_auc=0.8318 val_f1_macro=0.6043 (best_epoch=77, best_auprc=0.4074)
epoch 78: loss=0.7442 val_auprc=0.4113 val_auc=0.8333 val_f1_macro=0.6059 (best_epoch=78, best_auprc=0.4113)
epoch 79: loss=0.8019 val_auprc=0.4120 val_auc=0.8340 val_f1_macro=0.6056 (best_epoch=79, best_auprc=0.4120)
epoch 80: loss=0.8336 val_auprc=0.4123 val_auc=0.8342 val_f1_macro=0.6113 (best_epoch=80, best_auprc=0.4123)
epoch 81: loss=0.7499 val_auprc=0.4160 val_auc=0.8353 val_f1_macro=0.6160 (best_epoch=81, best_auprc=0.4160)
epoch 82: loss=0.7140 val_auprc=0.4196 val_auc=0.8365 val_f1_macro=0.6164 (best_epoch=82, best_auprc=0.4196)
epoch 83: loss=0.7755 val_auprc=0.4291 val_auc=0.8388 val_f1_macro=0.6140 (best_epoch=83, best_auprc=0.4291)
epoch 84: loss=0.8326 val_auprc=0.4406 val_auc=0.8419 val_f1_macro=0.6115 (best_epoch=84, best_auprc=0.4406)
epoch 85: loss=0.7464 val_auprc=0.4472 val_auc=0.8442 val_f1_macro=0.6184 (best_epoch=85, best_auprc=0.4472)
epoch 86: loss=0.7821 val_auprc=0.4543 val_auc=0.8471 val_f1_macro=0.6183 (best_epoch=86, best_auprc=0.4543)
epoch 87: loss=0.6843 val_auprc=0.4611 val_auc=0.8505 val_f1_macro=0.6218 (best_epoch=87, best_auprc=0.4611)
epoch 88: loss=0.7807 val_auprc=0.4661 val_auc=0.8534 val_f1_macro=0.6208 (best_epoch=88, best_auprc=0.4661)
epoch 89: loss=0.7499 val_auprc=0.4686 val_auc=0.8557 val_f1_macro=0.6256 (best_epoch=89, best_auprc=0.4686)
epoch 90: loss=0.7948 val_auprc=0.4662 val_auc=0.8559 val_f1_macro=0.6422 (best_epoch=89, best_auprc=0.4686)
epoch 91: loss=0.7862 val_auprc=0.4706 val_auc=0.8580 val_f1_macro=0.6375 (best_epoch=91, best_auprc=0.4706)
epoch 92: loss=0.8009 val_auprc=0.4819 val_auc=0.8616 val_f1_macro=0.6200 (best_epoch=92, best_auprc=0.4819)
epoch 93: loss=0.7786 val_auprc=0.4860 val_auc=0.8644 val_f1_macro=0.6398 (best_epoch=93, best_auprc=0.4860)
epoch 94: loss=0.7139 val_auprc=0.4828 val_auc=0.8631 val_f1_macro=0.6532 (best_epoch=93, best_auprc=0.4860)
epoch 95: loss=0.7218 val_auprc=0.4824 val_auc=0.8618 val_f1_macro=0.6475 (best_epoch=93, best_auprc=0.4860)
epoch 96: loss=0.7041 val_auprc=0.4866 val_auc=0.8599 val_f1_macro=0.6377 (best_epoch=96, best_auprc=0.4866)
epoch 97: loss=0.7189 val_auprc=0.4847 val_auc=0.8580 val_f1_macro=0.6336 (best_epoch=96, best_auprc=0.4866)
epoch 98: loss=0.6455 val_auprc=0.4788 val_auc=0.8560 val_f1_macro=0.6227 (best_epoch=96, best_auprc=0.4866)
epoch 99: loss=0.8343 val_auprc=0.4725 val_auc=0.8542 val_f1_macro=0.6244 (best_epoch=96, best_auprc=0.4866)
Selected threshold (best val macro-F1): 0.75 (val F1=0.7272)
TEST metrics: {'auprc': 0.4827964836851144, 'auc': 0.8658316420647301, 'f1_macro': 0.7391518454887844, 'recall': 0.5346534653465347, 'threshold_used': 0.7500000000000001, 'best_epoch': 96}