=== Run: splitgnn_tsocial_unified_tr30_seed2_a6000_20260919T063826Z ===
Result dir: /workspace/splitgnn_vast/results/splitgnn/tsocial/unified/tr30/seed_2
Split overlap checks: PASSED
train=260148 valid=173432 test=346864
Model source commit: 32fbdb836781d5c02523844a7079425f89be8831
Config SHA256: 65fe4b10ef07cc454daf7a06dd742ab1f7a1f74f1e1ff1b7d7ff0e4bba76f01d
Split SHA256: 197cd8a496ca269cfa2affeea08837bb97bc55181f878b36cc724036ba6d001b
epoch 0: loss=1.7003 val_auprc=0.0322 val_auc=0.5587 val_f1_macro=0.0293 (best_epoch=0, best_auprc=0.0322)
epoch 1: loss=1.6926 val_auprc=0.1000 val_auc=0.7595 val_f1_macro=0.3912 (best_epoch=1, best_auprc=0.1000)
epoch 2: loss=1.6858 val_auprc=0.1625 val_auc=0.8015 val_f1_macro=0.4937 (best_epoch=2, best_auprc=0.1625)
epoch 3: loss=1.6787 val_auprc=0.1914 val_auc=0.8107 val_f1_macro=0.5057 (best_epoch=3, best_auprc=0.1914)
epoch 4: loss=1.6701 val_auprc=0.2083 val_auc=0.8143 val_f1_macro=0.5040 (best_epoch=4, best_auprc=0.2083)
epoch 5: loss=1.6585 val_auprc=0.2167 val_auc=0.8167 val_f1_macro=0.5003 (best_epoch=5, best_auprc=0.2167)
epoch 6: loss=1.6454 val_auprc=0.2216 val_auc=0.8179 val_f1_macro=0.5046 (best_epoch=6, best_auprc=0.2216)
epoch 7: loss=1.6300 val_auprc=0.2252 val_auc=0.8183 val_f1_macro=0.5051 (best_epoch=7, best_auprc=0.2252)
epoch 8: loss=1.6125 val_auprc=0.2283 val_auc=0.8184 val_f1_macro=0.5063 (best_epoch=8, best_auprc=0.2283)
epoch 9: loss=1.5950 val_auprc=0.2308 val_auc=0.8181 val_f1_macro=0.5075 (best_epoch=9, best_auprc=0.2308)
epoch 10: loss=1.5743 val_auprc=0.2332 val_auc=0.8178 val_f1_macro=0.5072 (best_epoch=10, best_auprc=0.2332)
epoch 11: loss=1.5483 val_auprc=0.2354 val_auc=0.8177 val_f1_macro=0.5050 (best_epoch=11, best_auprc=0.2354)
epoch 12: loss=1.5337 val_auprc=0.2377 val_auc=0.8179 val_f1_macro=0.5010 (best_epoch=12, best_auprc=0.2377)
epoch 13: loss=1.5114 val_auprc=0.2401 val_auc=0.8185 val_f1_macro=0.4937 (best_epoch=13, best_auprc=0.2401)
epoch 14: loss=1.4993 val_auprc=0.2426 val_auc=0.8194 val_f1_macro=0.4866 (best_epoch=14, best_auprc=0.2426)
epoch 15: loss=1.4835 val_auprc=0.2453 val_auc=0.8205 val_f1_macro=0.4828 (best_epoch=15, best_auprc=0.2453)
epoch 16: loss=1.4799 val_auprc=0.2476 val_auc=0.8219 val_f1_macro=0.4838 (best_epoch=16, best_auprc=0.2476)
epoch 17: loss=1.4719 val_auprc=0.2502 val_auc=0.8238 val_f1_macro=0.4851 (best_epoch=17, best_auprc=0.2502)
epoch 18: loss=1.4660 val_auprc=0.2522 val_auc=0.8260 val_f1_macro=0.4855 (best_epoch=18, best_auprc=0.2522)
epoch 19: loss=1.4540 val_auprc=0.2538 val_auc=0.8284 val_f1_macro=0.4864 (best_epoch=19, best_auprc=0.2538)
epoch 20: loss=1.4343 val_auprc=0.2560 val_auc=0.8309 val_f1_macro=0.4881 (best_epoch=20, best_auprc=0.2560)
epoch 21: loss=1.4053 val_auprc=0.2586 val_auc=0.8336 val_f1_macro=0.4889 (best_epoch=21, best_auprc=0.2586)
epoch 22: loss=1.3888 val_auprc=0.2625 val_auc=0.8366 val_f1_macro=0.4883 (best_epoch=22, best_auprc=0.2625)
epoch 23: loss=1.3664 val_auprc=0.2663 val_auc=0.8392 val_f1_macro=0.4874 (best_epoch=23, best_auprc=0.2663)
epoch 24: loss=1.3533 val_auprc=0.2694 val_auc=0.8403 val_f1_macro=0.4865 (best_epoch=24, best_auprc=0.2694)
epoch 25: loss=1.3447 val_auprc=0.2721 val_auc=0.8404 val_f1_macro=0.4868 (best_epoch=25, best_auprc=0.2721)
epoch 26: loss=1.3279 val_auprc=0.2737 val_auc=0.8402 val_f1_macro=0.4868 (best_epoch=26, best_auprc=0.2737)
epoch 27: loss=1.3148 val_auprc=0.2748 val_auc=0.8402 val_f1_macro=0.4857 (best_epoch=27, best_auprc=0.2748)
epoch 28: loss=1.3063 val_auprc=0.2759 val_auc=0.8405 val_f1_macro=0.4849 (best_epoch=28, best_auprc=0.2759)
epoch 29: loss=1.2927 val_auprc=0.2776 val_auc=0.8417 val_f1_macro=0.4868 (best_epoch=29, best_auprc=0.2776)
epoch 30: loss=1.2754 val_auprc=0.2802 val_auc=0.8436 val_f1_macro=0.4902 (best_epoch=30, best_auprc=0.2802)
epoch 31: loss=1.2666 val_auprc=0.2833 val_auc=0.8453 val_f1_macro=0.4930 (best_epoch=31, best_auprc=0.2833)
epoch 32: loss=1.2575 val_auprc=0.2866 val_auc=0.8473 val_f1_macro=0.4929 (best_epoch=32, best_auprc=0.2866)
epoch 33: loss=1.2456 val_auprc=0.2901 val_auc=0.8488 val_f1_macro=0.4925 (best_epoch=33, best_auprc=0.2901)
epoch 34: loss=1.2244 val_auprc=0.2939 val_auc=0.8505 val_f1_macro=0.4907 (best_epoch=34, best_auprc=0.2939)
epoch 35: loss=1.2312 val_auprc=0.2975 val_auc=0.8517 val_f1_macro=0.4921 (best_epoch=35, best_auprc=0.2975)
epoch 36: loss=1.2180 val_auprc=0.3006 val_auc=0.8529 val_f1_macro=0.4941 (best_epoch=36, best_auprc=0.3006)
epoch 37: loss=1.2151 val_auprc=0.3022 val_auc=0.8534 val_f1_macro=0.4957 (best_epoch=37, best_auprc=0.3022)
epoch 38: loss=1.2089 val_auprc=0.3028 val_auc=0.8538 val_f1_macro=0.4987 (best_epoch=38, best_auprc=0.3028)
epoch 39: loss=1.2017 val_auprc=0.3034 val_auc=0.8541 val_f1_macro=0.5052 (best_epoch=39, best_auprc=0.3034)
epoch 40: loss=1.1996 val_auprc=0.3036 val_auc=0.8542 val_f1_macro=0.5116 (best_epoch=40, best_auprc=0.3036)
epoch 41: loss=1.1868 val_auprc=0.3044 val_auc=0.8546 val_f1_macro=0.5170 (best_epoch=41, best_auprc=0.3044)
epoch 42: loss=1.1908 val_auprc=0.3059 val_auc=0.8553 val_f1_macro=0.5195 (best_epoch=42, best_auprc=0.3059)
epoch 43: loss=1.1805 val_auprc=0.3077 val_auc=0.8560 val_f1_macro=0.5185 (best_epoch=43, best_auprc=0.3077)
epoch 44: loss=1.1821 val_auprc=0.3103 val_auc=0.8572 val_f1_macro=0.5187 (best_epoch=44, best_auprc=0.3103)
epoch 45: loss=1.1719 val_auprc=0.3125 val_auc=0.8584 val_f1_macro=0.5181 (best_epoch=45, best_auprc=0.3125)
epoch 46: loss=1.1679 val_auprc=0.3142 val_auc=0.8594 val_f1_macro=0.5178 (best_epoch=46, best_auprc=0.3142)
epoch 47: loss=1.1623 val_auprc=0.3149 val_auc=0.8599 val_f1_macro=0.5176 (best_epoch=47, best_auprc=0.3149)
epoch 48: loss=1.1586 val_auprc=0.3153 val_auc=0.8601 val_f1_macro=0.5165 (best_epoch=48, best_auprc=0.3153)
epoch 49: loss=1.1557 val_auprc=0.3157 val_auc=0.8604 val_f1_macro=0.5151 (best_epoch=49, best_auprc=0.3157)
epoch 50: loss=1.1546 val_auprc=0.3163 val_auc=0.8608 val_f1_macro=0.5143 (best_epoch=50, best_auprc=0.3163)
epoch 51: loss=1.1545 val_auprc=0.3180 val_auc=0.8618 val_f1_macro=0.5175 (best_epoch=51, best_auprc=0.3180)
epoch 52: loss=1.1486 val_auprc=0.3201 val_auc=0.8630 val_f1_macro=0.5183 (best_epoch=52, best_auprc=0.3201)
epoch 53: loss=1.1487 val_auprc=0.3234 val_auc=0.8644 val_f1_macro=0.5192 (best_epoch=53, best_auprc=0.3234)
epoch 54: loss=1.1438 val_auprc=0.3259 val_auc=0.8656 val_f1_macro=0.5185 (best_epoch=54, best_auprc=0.3259)
epoch 55: loss=1.1417 val_auprc=0.3281 val_auc=0.8667 val_f1_macro=0.5157 (best_epoch=55, best_auprc=0.3281)
epoch 56: loss=1.1380 val_auprc=0.3304 val_auc=0.8677 val_f1_macro=0.5131 (best_epoch=56, best_auprc=0.3304)
epoch 57: loss=1.1399 val_auprc=0.3330 val_auc=0.8690 val_f1_macro=0.5148 (best_epoch=57, best_auprc=0.3330)
epoch 58: loss=1.1342 val_auprc=0.3350 val_auc=0.8700 val_f1_macro=0.5181 (best_epoch=58, best_auprc=0.3350)
epoch 59: loss=1.1330 val_auprc=0.3373 val_auc=0.8710 val_f1_macro=0.5211 (best_epoch=59, best_auprc=0.3373)
epoch 60: loss=1.1323 val_auprc=0.3382 val_auc=0.8717 val_f1_macro=0.5211 (best_epoch=60, best_auprc=0.3382)
epoch 61: loss=1.1299 val_auprc=0.3398 val_auc=0.8726 val_f1_macro=0.5217 (best_epoch=61, best_auprc=0.3398)
epoch 62: loss=1.1257 val_auprc=0.3418 val_auc=0.8737 val_f1_macro=0.5199 (best_epoch=62, best_auprc=0.3418)
epoch 63: loss=1.1221 val_auprc=0.3444 val_auc=0.8752 val_f1_macro=0.5204 (best_epoch=63, best_auprc=0.3444)
epoch 64: loss=1.1206 val_auprc=0.3479 val_auc=0.8770 val_f1_macro=0.5246 (best_epoch=64, best_auprc=0.3479)
epoch 65: loss=1.1175 val_auprc=0.3506 val_auc=0.8784 val_f1_macro=0.5270 (best_epoch=65, best_auprc=0.3506)
epoch 66: loss=1.1189 val_auprc=0.3530 val_auc=0.8797 val_f1_macro=0.5269 (best_epoch=66, best_auprc=0.3530)
epoch 67: loss=1.1183 val_auprc=0.3549 val_auc=0.8810 val_f1_macro=0.5256 (best_epoch=67, best_auprc=0.3549)
epoch 68: loss=1.1149 val_auprc=0.3572 val_auc=0.8823 val_f1_macro=0.5271 (best_epoch=68, best_auprc=0.3572)
epoch 69: loss=1.1103 val_auprc=0.3594 val_auc=0.8835 val_f1_macro=0.5282 (best_epoch=69, best_auprc=0.3594)
epoch 70: loss=1.1158 val_auprc=0.3615 val_auc=0.8847 val_f1_macro=0.5313 (best_epoch=70, best_auprc=0.3615)
epoch 71: loss=1.1158 val_auprc=0.3636 val_auc=0.8859 val_f1_macro=0.5386 (best_epoch=71, best_auprc=0.3636)
epoch 72: loss=1.1115 val_auprc=0.3653 val_auc=0.8870 val_f1_macro=0.5397 (best_epoch=72, best_auprc=0.3653)
epoch 73: loss=1.1021 val_auprc=0.3661 val_auc=0.8880 val_f1_macro=0.5333 (best_epoch=73, best_auprc=0.3661)
epoch 74: loss=1.1085 val_auprc=0.3672 val_auc=0.8890 val_f1_macro=0.5324 (best_epoch=74, best_auprc=0.3672)
epoch 75: loss=1.1036 val_auprc=0.3705 val_auc=0.8901 val_f1_macro=0.5382 (best_epoch=75, best_auprc=0.3705)
epoch 76: loss=1.1107 val_auprc=0.3743 val_auc=0.8912 val_f1_macro=0.5461 (best_epoch=76, best_auprc=0.3743)
epoch 77: loss=1.1029 val_auprc=0.3766 val_auc=0.8919 val_f1_macro=0.5448 (best_epoch=77, best_auprc=0.3766)
epoch 78: loss=1.1000 val_auprc=0.3768 val_auc=0.8926 val_f1_macro=0.5376 (best_epoch=78, best_auprc=0.3768)
epoch 79: loss=1.0990 val_auprc=0.3784 val_auc=0.8934 val_f1_macro=0.5392 (best_epoch=79, best_auprc=0.3784)
epoch 80: loss=1.0984 val_auprc=0.3821 val_auc=0.8945 val_f1_macro=0.5504 (best_epoch=80, best_auprc=0.3821)
epoch 81: loss=1.0973 val_auprc=0.3842 val_auc=0.8952 val_f1_macro=0.5530 (best_epoch=81, best_auprc=0.3842)
epoch 82: loss=1.0912 val_auprc=0.3848 val_auc=0.8958 val_f1_macro=0.5503 (best_epoch=82, best_auprc=0.3848)
epoch 83: loss=1.0956 val_auprc=0.3860 val_auc=0.8964 val_f1_macro=0.5535 (best_epoch=83, best_auprc=0.3860)
epoch 84: loss=1.0924 val_auprc=0.3870 val_auc=0.8970 val_f1_macro=0.5528 (best_epoch=84, best_auprc=0.3870)
epoch 85: loss=1.0851 val_auprc=0.3883 val_auc=0.8977 val_f1_macro=0.5500 (best_epoch=85, best_auprc=0.3883)
epoch 86: loss=1.0894 val_auprc=0.3926 val_auc=0.8986 val_f1_macro=0.5603 (best_epoch=86, best_auprc=0.3926)
epoch 87: loss=1.0842 val_auprc=0.3963 val_auc=0.8995 val_f1_macro=0.5626 (best_epoch=87, best_auprc=0.3963)
epoch 88: loss=1.0832 val_auprc=0.3981 val_auc=0.9004 val_f1_macro=0.5557 (best_epoch=88, best_auprc=0.3981)
epoch 89: loss=1.0893 val_auprc=0.4002 val_auc=0.9012 val_f1_macro=0.5532 (best_epoch=89, best_auprc=0.4002)
epoch 90: loss=1.0851 val_auprc=0.4032 val_auc=0.9019 val_f1_macro=0.5589 (best_epoch=90, best_auprc=0.4032)
epoch 91: loss=1.0878 val_auprc=0.4054 val_auc=0.9027 val_f1_macro=0.5605 (best_epoch=91, best_auprc=0.4054)
epoch 92: loss=1.0829 val_auprc=0.4069 val_auc=0.9035 val_f1_macro=0.5581 (best_epoch=92, best_auprc=0.4069)
epoch 93: loss=1.0791 val_auprc=0.4087 val_auc=0.9043 val_f1_macro=0.5571 (best_epoch=93, best_auprc=0.4087)
epoch 94: loss=1.0847 val_auprc=0.4124 val_auc=0.9053 val_f1_macro=0.5683 (best_epoch=94, best_auprc=0.4124)
epoch 95: loss=1.0767 val_auprc=0.4140 val_auc=0.9063 val_f1_macro=0.5624 (best_epoch=95, best_auprc=0.4140)
epoch 96: loss=1.0793 val_auprc=0.4171 val_auc=0.9073 val_f1_macro=0.5626 (best_epoch=96, best_auprc=0.4171)
epoch 97: loss=1.0751 val_auprc=0.4208 val_auc=0.9082 val_f1_macro=0.5695 (best_epoch=97, best_auprc=0.4208)
epoch 98: loss=1.0701 val_auprc=0.4233 val_auc=0.9089 val_f1_macro=0.5685 (best_epoch=98, best_auprc=0.4233)
epoch 99: loss=1.0724 val_auprc=0.4247 val_auc=0.9094 val_f1_macro=0.5626 (best_epoch=99, best_auprc=0.4247)
Selected threshold (best val macro-F1): 0.90 (val F1=0.7185)
TEST metrics: {'auprc': 0.4441404874228843, 'auc': 0.9130582892565648, 'f1_macro': 0.7203562962536414, 'recall': 0.3873960026776322, 'threshold_used': 0.9000000000000001, 'best_epoch': 99}