=== Run: splitgnn_tsocial_unified_tr10_seed42_a6000_20260919T064506Z ===
Result dir: /workspace/splitgnn_vast/results/splitgnn/tsocial/unified/tr10/seed_42
Split overlap checks: PASSED
train=86716 valid=173432 test=346864
Model source commit: 32fbdb836781d5c02523844a7079425f89be8831
Config SHA256: 0f0672fafffc35dec8f0f391fb63b0c2a2a6b546c5d46f1b3dd606aadc4071e1
Split SHA256: 197cd8a496ca269cfa2affeea08837bb97bc55181f878b36cc724036ba6d001b
epoch 0: loss=1.7207 val_auprc=0.0571 val_auc=0.7149 val_f1_macro=0.4923 (best_epoch=0, best_auprc=0.0571)
epoch 1: loss=1.7073 val_auprc=0.1065 val_auc=0.7816 val_f1_macro=0.4923 (best_epoch=1, best_auprc=0.1065)
epoch 2: loss=1.7001 val_auprc=0.1711 val_auc=0.8002 val_f1_macro=0.4923 (best_epoch=2, best_auprc=0.1711)
epoch 3: loss=1.6949 val_auprc=0.2137 val_auc=0.8085 val_f1_macro=0.4923 (best_epoch=3, best_auprc=0.2137)
epoch 4: loss=1.6884 val_auprc=0.2224 val_auc=0.8092 val_f1_macro=0.4942 (best_epoch=4, best_auprc=0.2224)
epoch 5: loss=1.6827 val_auprc=0.2218 val_auc=0.8075 val_f1_macro=0.5746 (best_epoch=4, best_auprc=0.2224)
epoch 6: loss=1.6743 val_auprc=0.2304 val_auc=0.8094 val_f1_macro=0.5830 (best_epoch=6, best_auprc=0.2304)
epoch 7: loss=1.6646 val_auprc=0.2348 val_auc=0.8099 val_f1_macro=0.4503 (best_epoch=7, best_auprc=0.2348)
epoch 8: loss=1.6538 val_auprc=0.2370 val_auc=0.8094 val_f1_macro=0.3988 (best_epoch=8, best_auprc=0.2370)
epoch 9: loss=1.6400 val_auprc=0.2377 val_auc=0.8087 val_f1_macro=0.3841 (best_epoch=9, best_auprc=0.2377)
epoch 10: loss=1.6253 val_auprc=0.2373 val_auc=0.8080 val_f1_macro=0.3925 (best_epoch=9, best_auprc=0.2377)
epoch 11: loss=1.6125 val_auprc=0.2355 val_auc=0.8073 val_f1_macro=0.4154 (best_epoch=9, best_auprc=0.2377)
epoch 12: loss=1.5913 val_auprc=0.2340 val_auc=0.8069 val_f1_macro=0.4387 (best_epoch=9, best_auprc=0.2377)
epoch 13: loss=1.5715 val_auprc=0.2327 val_auc=0.8062 val_f1_macro=0.4568 (best_epoch=9, best_auprc=0.2377)
epoch 14: loss=1.5432 val_auprc=0.2319 val_auc=0.8056 val_f1_macro=0.4702 (best_epoch=9, best_auprc=0.2377)
epoch 15: loss=1.5261 val_auprc=0.2320 val_auc=0.8051 val_f1_macro=0.4801 (best_epoch=9, best_auprc=0.2377)
epoch 16: loss=1.4921 val_auprc=0.2331 val_auc=0.8054 val_f1_macro=0.4860 (best_epoch=9, best_auprc=0.2377)
epoch 17: loss=1.4809 val_auprc=0.2357 val_auc=0.8063 val_f1_macro=0.4904 (best_epoch=9, best_auprc=0.2377)
epoch 18: loss=1.4638 val_auprc=0.2392 val_auc=0.8081 val_f1_macro=0.4934 (best_epoch=18, best_auprc=0.2392)
epoch 19: loss=1.4481 val_auprc=0.2429 val_auc=0.8105 val_f1_macro=0.4967 (best_epoch=19, best_auprc=0.2429)
epoch 20: loss=1.4306 val_auprc=0.2468 val_auc=0.8134 val_f1_macro=0.4991 (best_epoch=20, best_auprc=0.2468)
epoch 21: loss=1.4246 val_auprc=0.2509 val_auc=0.8167 val_f1_macro=0.5018 (best_epoch=21, best_auprc=0.2509)
epoch 22: loss=1.3976 val_auprc=0.2541 val_auc=0.8202 val_f1_macro=0.5009 (best_epoch=22, best_auprc=0.2541)
epoch 23: loss=1.4046 val_auprc=0.2573 val_auc=0.8231 val_f1_macro=0.4979 (best_epoch=23, best_auprc=0.2573)
epoch 24: loss=1.3750 val_auprc=0.2599 val_auc=0.8255 val_f1_macro=0.4942 (best_epoch=24, best_auprc=0.2599)
epoch 25: loss=1.3587 val_auprc=0.2619 val_auc=0.8273 val_f1_macro=0.4925 (best_epoch=25, best_auprc=0.2619)
epoch 26: loss=1.3323 val_auprc=0.2629 val_auc=0.8284 val_f1_macro=0.4910 (best_epoch=26, best_auprc=0.2629)
epoch 27: loss=1.3203 val_auprc=0.2637 val_auc=0.8294 val_f1_macro=0.4926 (best_epoch=27, best_auprc=0.2637)
epoch 28: loss=1.3224 val_auprc=0.2641 val_auc=0.8309 val_f1_macro=0.5002 (best_epoch=28, best_auprc=0.2641)
epoch 29: loss=1.3005 val_auprc=0.2647 val_auc=0.8323 val_f1_macro=0.5073 (best_epoch=29, best_auprc=0.2647)
epoch 30: loss=1.2952 val_auprc=0.2652 val_auc=0.8338 val_f1_macro=0.5113 (best_epoch=30, best_auprc=0.2652)
epoch 31: loss=1.2855 val_auprc=0.2654 val_auc=0.8349 val_f1_macro=0.5107 (best_epoch=31, best_auprc=0.2654)
epoch 32: loss=1.2670 val_auprc=0.2664 val_auc=0.8358 val_f1_macro=0.5037 (best_epoch=32, best_auprc=0.2664)
epoch 33: loss=1.2600 val_auprc=0.2679 val_auc=0.8367 val_f1_macro=0.4941 (best_epoch=33, best_auprc=0.2679)
epoch 34: loss=1.2615 val_auprc=0.2694 val_auc=0.8373 val_f1_macro=0.4857 (best_epoch=34, best_auprc=0.2694)
epoch 35: loss=1.2454 val_auprc=0.2707 val_auc=0.8382 val_f1_macro=0.4844 (best_epoch=35, best_auprc=0.2707)
epoch 36: loss=1.2452 val_auprc=0.2719 val_auc=0.8392 val_f1_macro=0.4891 (best_epoch=36, best_auprc=0.2719)
epoch 37: loss=1.2147 val_auprc=0.2732 val_auc=0.8403 val_f1_macro=0.4931 (best_epoch=37, best_auprc=0.2732)
epoch 38: loss=1.2167 val_auprc=0.2746 val_auc=0.8412 val_f1_macro=0.4949 (best_epoch=38, best_auprc=0.2746)
epoch 39: loss=1.2158 val_auprc=0.2761 val_auc=0.8420 val_f1_macro=0.4931 (best_epoch=39, best_auprc=0.2761)
epoch 40: loss=1.2206 val_auprc=0.2778 val_auc=0.8430 val_f1_macro=0.4900 (best_epoch=40, best_auprc=0.2778)
epoch 41: loss=1.2148 val_auprc=0.2793 val_auc=0.8438 val_f1_macro=0.4849 (best_epoch=41, best_auprc=0.2793)
epoch 42: loss=1.2019 val_auprc=0.2811 val_auc=0.8450 val_f1_macro=0.4822 (best_epoch=42, best_auprc=0.2811)
epoch 43: loss=1.1950 val_auprc=0.2827 val_auc=0.8463 val_f1_macro=0.4839 (best_epoch=43, best_auprc=0.2827)
epoch 44: loss=1.2019 val_auprc=0.2847 val_auc=0.8475 val_f1_macro=0.4875 (best_epoch=44, best_auprc=0.2847)
epoch 45: loss=1.1938 val_auprc=0.2867 val_auc=0.8488 val_f1_macro=0.4934 (best_epoch=45, best_auprc=0.2867)
epoch 46: loss=1.1820 val_auprc=0.2887 val_auc=0.8497 val_f1_macro=0.4997 (best_epoch=46, best_auprc=0.2887)
epoch 47: loss=1.1867 val_auprc=0.2906 val_auc=0.8505 val_f1_macro=0.5063 (best_epoch=47, best_auprc=0.2906)
epoch 48: loss=1.1750 val_auprc=0.2922 val_auc=0.8512 val_f1_macro=0.5079 (best_epoch=48, best_auprc=0.2922)
epoch 49: loss=1.1765 val_auprc=0.2939 val_auc=0.8519 val_f1_macro=0.5068 (best_epoch=49, best_auprc=0.2939)
epoch 50: loss=1.1729 val_auprc=0.2957 val_auc=0.8526 val_f1_macro=0.5051 (best_epoch=50, best_auprc=0.2957)
epoch 51: loss=1.1742 val_auprc=0.2976 val_auc=0.8536 val_f1_macro=0.5043 (best_epoch=51, best_auprc=0.2976)
epoch 52: loss=1.1642 val_auprc=0.2999 val_auc=0.8548 val_f1_macro=0.5042 (best_epoch=52, best_auprc=0.2999)
epoch 53: loss=1.1645 val_auprc=0.3026 val_auc=0.8564 val_f1_macro=0.5065 (best_epoch=53, best_auprc=0.3026)
epoch 54: loss=1.1579 val_auprc=0.3047 val_auc=0.8579 val_f1_macro=0.5077 (best_epoch=54, best_auprc=0.3047)
epoch 55: loss=1.1649 val_auprc=0.3063 val_auc=0.8591 val_f1_macro=0.5086 (best_epoch=55, best_auprc=0.3063)
epoch 56: loss=1.1591 val_auprc=0.3071 val_auc=0.8601 val_f1_macro=0.5083 (best_epoch=56, best_auprc=0.3071)
epoch 57: loss=1.1608 val_auprc=0.3078 val_auc=0.8609 val_f1_macro=0.5081 (best_epoch=57, best_auprc=0.3078)
epoch 58: loss=1.1426 val_auprc=0.3089 val_auc=0.8619 val_f1_macro=0.5104 (best_epoch=58, best_auprc=0.3089)
epoch 59: loss=1.1436 val_auprc=0.3099 val_auc=0.8630 val_f1_macro=0.5150 (best_epoch=59, best_auprc=0.3099)
epoch 60: loss=1.1560 val_auprc=0.3122 val_auc=0.8646 val_f1_macro=0.5195 (best_epoch=60, best_auprc=0.3122)
epoch 61: loss=1.1310 val_auprc=0.3149 val_auc=0.8661 val_f1_macro=0.5198 (best_epoch=61, best_auprc=0.3149)
epoch 62: loss=1.1406 val_auprc=0.3170 val_auc=0.8673 val_f1_macro=0.5169 (best_epoch=62, best_auprc=0.3170)
epoch 63: loss=1.1328 val_auprc=0.3184 val_auc=0.8679 val_f1_macro=0.5087 (best_epoch=63, best_auprc=0.3184)
epoch 64: loss=1.1464 val_auprc=0.3204 val_auc=0.8688 val_f1_macro=0.5050 (best_epoch=64, best_auprc=0.3204)
epoch 65: loss=1.1423 val_auprc=0.3228 val_auc=0.8699 val_f1_macro=0.5042 (best_epoch=65, best_auprc=0.3228)
epoch 66: loss=1.1441 val_auprc=0.3266 val_auc=0.8715 val_f1_macro=0.5094 (best_epoch=66, best_auprc=0.3266)
epoch 67: loss=1.1290 val_auprc=0.3296 val_auc=0.8725 val_f1_macro=0.5117 (best_epoch=67, best_auprc=0.3296)
epoch 68: loss=1.1297 val_auprc=0.3325 val_auc=0.8735 val_f1_macro=0.5122 (best_epoch=68, best_auprc=0.3325)
epoch 69: loss=1.1292 val_auprc=0.3349 val_auc=0.8743 val_f1_macro=0.5061 (best_epoch=69, best_auprc=0.3349)
epoch 70: loss=1.1245 val_auprc=0.3387 val_auc=0.8757 val_f1_macro=0.5046 (best_epoch=70, best_auprc=0.3387)
epoch 71: loss=1.1200 val_auprc=0.3424 val_auc=0.8773 val_f1_macro=0.5090 (best_epoch=71, best_auprc=0.3424)
epoch 72: loss=1.1353 val_auprc=0.3464 val_auc=0.8787 val_f1_macro=0.5169 (best_epoch=72, best_auprc=0.3464)
epoch 73: loss=1.1238 val_auprc=0.3503 val_auc=0.8799 val_f1_macro=0.5269 (best_epoch=73, best_auprc=0.3503)
epoch 74: loss=1.1161 val_auprc=0.3536 val_auc=0.8808 val_f1_macro=0.5266 (best_epoch=74, best_auprc=0.3536)
epoch 75: loss=1.1288 val_auprc=0.3566 val_auc=0.8817 val_f1_macro=0.5232 (best_epoch=75, best_auprc=0.3566)
epoch 76: loss=1.1145 val_auprc=0.3600 val_auc=0.8828 val_f1_macro=0.5192 (best_epoch=76, best_auprc=0.3600)
epoch 77: loss=1.1207 val_auprc=0.3618 val_auc=0.8835 val_f1_macro=0.5183 (best_epoch=77, best_auprc=0.3618)
epoch 78: loss=1.1143 val_auprc=0.3643 val_auc=0.8843 val_f1_macro=0.5225 (best_epoch=78, best_auprc=0.3643)
epoch 79: loss=1.1141 val_auprc=0.3664 val_auc=0.8851 val_f1_macro=0.5283 (best_epoch=79, best_auprc=0.3664)
epoch 80: loss=1.1217 val_auprc=0.3691 val_auc=0.8863 val_f1_macro=0.5375 (best_epoch=80, best_auprc=0.3691)
epoch 81: loss=1.1197 val_auprc=0.3716 val_auc=0.8876 val_f1_macro=0.5376 (best_epoch=81, best_auprc=0.3716)
epoch 82: loss=1.1149 val_auprc=0.3741 val_auc=0.8890 val_f1_macro=0.5319 (best_epoch=82, best_auprc=0.3741)
epoch 83: loss=1.1114 val_auprc=0.3759 val_auc=0.8903 val_f1_macro=0.5306 (best_epoch=83, best_auprc=0.3759)
epoch 84: loss=1.0980 val_auprc=0.3792 val_auc=0.8919 val_f1_macro=0.5380 (best_epoch=84, best_auprc=0.3792)
epoch 85: loss=1.1053 val_auprc=0.3812 val_auc=0.8931 val_f1_macro=0.5461 (best_epoch=85, best_auprc=0.3812)
epoch 86: loss=1.1051 val_auprc=0.3799 val_auc=0.8932 val_f1_macro=0.5396 (best_epoch=85, best_auprc=0.3812)
epoch 87: loss=1.1095 val_auprc=0.3793 val_auc=0.8934 val_f1_macro=0.5337 (best_epoch=85, best_auprc=0.3812)
epoch 88: loss=1.1007 val_auprc=0.3831 val_auc=0.8944 val_f1_macro=0.5409 (best_epoch=88, best_auprc=0.3831)
epoch 89: loss=1.1007 val_auprc=0.3840 val_auc=0.8947 val_f1_macro=0.5381 (best_epoch=89, best_auprc=0.3840)
epoch 90: loss=1.1017 val_auprc=0.3848 val_auc=0.8952 val_f1_macro=0.5366 (best_epoch=90, best_auprc=0.3848)
epoch 91: loss=1.0875 val_auprc=0.3849 val_auc=0.8962 val_f1_macro=0.5344 (best_epoch=91, best_auprc=0.3849)
epoch 92: loss=1.1017 val_auprc=0.3891 val_auc=0.8980 val_f1_macro=0.5555 (best_epoch=92, best_auprc=0.3891)
epoch 93: loss=1.0910 val_auprc=0.3918 val_auc=0.8992 val_f1_macro=0.5651 (best_epoch=93, best_auprc=0.3918)
epoch 94: loss=1.1026 val_auprc=0.3918 val_auc=0.8996 val_f1_macro=0.5515 (best_epoch=93, best_auprc=0.3918)
epoch 95: loss=1.1035 val_auprc=0.3932 val_auc=0.9002 val_f1_macro=0.5441 (best_epoch=95, best_auprc=0.3932)
epoch 96: loss=1.0967 val_auprc=0.3974 val_auc=0.9012 val_f1_macro=0.5489 (best_epoch=96, best_auprc=0.3974)
epoch 97: loss=1.0953 val_auprc=0.4016 val_auc=0.9020 val_f1_macro=0.5593 (best_epoch=97, best_auprc=0.4016)
epoch 98: loss=1.0914 val_auprc=0.4027 val_auc=0.9019 val_f1_macro=0.5549 (best_epoch=98, best_auprc=0.4027)
epoch 99: loss=1.0934 val_auprc=0.4019 val_auc=0.9018 val_f1_macro=0.5438 (best_epoch=98, best_auprc=0.4027)
Selected threshold (best val macro-F1): 0.85 (val F1=0.7142)
TEST metrics: {'auprc': 0.4229379186142943, 'auc': 0.9064425951917906, 'f1_macro': 0.719935810919059, 'recall': 0.4517548053935163, 'threshold_used': 0.8500000000000001, 'best_epoch': 98}