=== Run: splitgnn_amazon_unified_tr20_seed42_a6000_20260917T235357Z ===
Result dir: /workspace/splitgnn_vast/results/splitgnn/amazon/unified/tr20/seed_42
Split overlap checks: PASSED
train=2388 valid=2389 test=4777
Model source commit: 32fbdb836781d5c02523844a7079425f89be8831
Config SHA256: c0e8777512b99cfb1051eedbc411bc5a90dd5cf70ed76e991f07e4b0b23467a6
Split SHA256: 194b49f7cac03b0081747e62cd5d422718e854d4350e200337c19b7663dca8dc
epoch 0: loss=1.7135 val_auprc=0.0535 val_auc=0.4040 val_f1_macro=0.4822 (best_epoch=0, best_auprc=0.0535)
epoch 1: loss=1.8342 val_auprc=0.0458 val_auc=0.2891 val_f1_macro=0.0642 (best_epoch=0, best_auprc=0.0535)
epoch 2: loss=1.6362 val_auprc=0.0775 val_auc=0.5737 val_f1_macro=0.3070 (best_epoch=2, best_auprc=0.0775)
epoch 3: loss=1.4621 val_auprc=0.1501 val_auc=0.6283 val_f1_macro=0.3510 (best_epoch=3, best_auprc=0.1501)
epoch 4: loss=1.4155 val_auprc=0.1500 val_auc=0.7028 val_f1_macro=0.3142 (best_epoch=3, best_auprc=0.1501)
epoch 5: loss=1.4126 val_auprc=0.1343 val_auc=0.6883 val_f1_macro=0.2755 (best_epoch=3, best_auprc=0.1501)
epoch 6: loss=1.4027 val_auprc=0.1431 val_auc=0.6697 val_f1_macro=0.3160 (best_epoch=3, best_auprc=0.1501)
epoch 7: loss=1.3451 val_auprc=0.2015 val_auc=0.7039 val_f1_macro=0.3255 (best_epoch=7, best_auprc=0.2015)
epoch 8: loss=1.3377 val_auprc=0.2745 val_auc=0.7462 val_f1_macro=0.3296 (best_epoch=8, best_auprc=0.2745)
epoch 9: loss=1.3028 val_auprc=0.0954 val_auc=0.4923 val_f1_macro=0.5377 (best_epoch=8, best_auprc=0.2745)
epoch 10: loss=1.3843 val_auprc=0.2535 val_auc=0.7204 val_f1_macro=0.4745 (best_epoch=8, best_auprc=0.2745)
epoch 11: loss=1.2968 val_auprc=0.3442 val_auc=0.7706 val_f1_macro=0.3142 (best_epoch=11, best_auprc=0.3442)
epoch 12: loss=1.2716 val_auprc=0.3705 val_auc=0.7752 val_f1_macro=0.3659 (best_epoch=12, best_auprc=0.3705)
epoch 13: loss=1.2461 val_auprc=0.3830 val_auc=0.7819 val_f1_macro=0.5964 (best_epoch=13, best_auprc=0.3830)
epoch 14: loss=1.1772 val_auprc=0.3801 val_auc=0.7841 val_f1_macro=0.6421 (best_epoch=13, best_auprc=0.3830)
epoch 15: loss=1.1490 val_auprc=0.3852 val_auc=0.8035 val_f1_macro=0.6803 (best_epoch=15, best_auprc=0.3852)
epoch 16: loss=1.1198 val_auprc=0.3918 val_auc=0.8283 val_f1_macro=0.6985 (best_epoch=16, best_auprc=0.3918)
epoch 17: loss=1.1474 val_auprc=0.3899 val_auc=0.8295 val_f1_macro=0.7281 (best_epoch=16, best_auprc=0.3918)
epoch 18: loss=1.1821 val_auprc=0.4071 val_auc=0.8417 val_f1_macro=0.6804 (best_epoch=18, best_auprc=0.4071)
epoch 19: loss=1.1159 val_auprc=0.4075 val_auc=0.8445 val_f1_macro=0.6489 (best_epoch=19, best_auprc=0.4075)
epoch 20: loss=1.1140 val_auprc=0.4017 val_auc=0.8407 val_f1_macro=0.6558 (best_epoch=19, best_auprc=0.4075)
epoch 21: loss=1.0842 val_auprc=0.3784 val_auc=0.8324 val_f1_macro=0.6454 (best_epoch=19, best_auprc=0.4075)
epoch 22: loss=1.1194 val_auprc=0.4022 val_auc=0.8436 val_f1_macro=0.5766 (best_epoch=19, best_auprc=0.4075)
epoch 23: loss=1.0824 val_auprc=0.4160 val_auc=0.8482 val_f1_macro=0.5850 (best_epoch=23, best_auprc=0.4160)
epoch 24: loss=1.0823 val_auprc=0.4227 val_auc=0.8552 val_f1_macro=0.6076 (best_epoch=24, best_auprc=0.4227)
epoch 25: loss=1.0707 val_auprc=0.4318 val_auc=0.8594 val_f1_macro=0.6280 (best_epoch=25, best_auprc=0.4318)
epoch 26: loss=1.0310 val_auprc=0.3697 val_auc=0.8487 val_f1_macro=0.5700 (best_epoch=25, best_auprc=0.4318)
epoch 27: loss=1.0329 val_auprc=0.3568 val_auc=0.8471 val_f1_macro=0.6240 (best_epoch=25, best_auprc=0.4318)
epoch 28: loss=0.9650 val_auprc=0.3547 val_auc=0.8382 val_f1_macro=0.6533 (best_epoch=25, best_auprc=0.4318)
epoch 29: loss=1.0104 val_auprc=0.3768 val_auc=0.8468 val_f1_macro=0.6651 (best_epoch=25, best_auprc=0.4318)
epoch 30: loss=0.9307 val_auprc=0.3841 val_auc=0.8560 val_f1_macro=0.5990 (best_epoch=25, best_auprc=0.4318)
epoch 31: loss=0.9499 val_auprc=0.4126 val_auc=0.8334 val_f1_macro=0.7029 (best_epoch=25, best_auprc=0.4318)
epoch 32: loss=1.0734 val_auprc=0.4162 val_auc=0.8403 val_f1_macro=0.6839 (best_epoch=25, best_auprc=0.4318)
epoch 33: loss=0.9953 val_auprc=0.4161 val_auc=0.8599 val_f1_macro=0.6470 (best_epoch=25, best_auprc=0.4318)
epoch 34: loss=1.0125 val_auprc=0.4170 val_auc=0.8644 val_f1_macro=0.6013 (best_epoch=25, best_auprc=0.4318)
epoch 35: loss=1.0598 val_auprc=0.4218 val_auc=0.8653 val_f1_macro=0.6918 (best_epoch=25, best_auprc=0.4318)
epoch 36: loss=0.9818 val_auprc=0.4237 val_auc=0.8559 val_f1_macro=0.7220 (best_epoch=25, best_auprc=0.4318)
epoch 37: loss=1.0363 val_auprc=0.4280 val_auc=0.8566 val_f1_macro=0.7286 (best_epoch=25, best_auprc=0.4318)
epoch 38: loss=0.9840 val_auprc=0.4307 val_auc=0.8575 val_f1_macro=0.6903 (best_epoch=25, best_auprc=0.4318)
epoch 39: loss=0.9122 val_auprc=0.4402 val_auc=0.8630 val_f1_macro=0.6747 (best_epoch=39, best_auprc=0.4402)
epoch 40: loss=0.9189 val_auprc=0.4424 val_auc=0.8660 val_f1_macro=0.6795 (best_epoch=40, best_auprc=0.4424)
epoch 41: loss=0.9737 val_auprc=0.4490 val_auc=0.8711 val_f1_macro=0.6873 (best_epoch=41, best_auprc=0.4490)
epoch 42: loss=0.9676 val_auprc=0.4496 val_auc=0.8714 val_f1_macro=0.6955 (best_epoch=42, best_auprc=0.4496)
epoch 43: loss=0.9422 val_auprc=0.4484 val_auc=0.8716 val_f1_macro=0.6931 (best_epoch=42, best_auprc=0.4496)
epoch 44: loss=0.9366 val_auprc=0.4506 val_auc=0.8722 val_f1_macro=0.6890 (best_epoch=44, best_auprc=0.4506)
epoch 45: loss=0.9813 val_auprc=0.4520 val_auc=0.8761 val_f1_macro=0.7300 (best_epoch=45, best_auprc=0.4520)
epoch 46: loss=0.9917 val_auprc=0.4475 val_auc=0.8737 val_f1_macro=0.7276 (best_epoch=45, best_auprc=0.4520)
epoch 47: loss=1.0649 val_auprc=0.4479 val_auc=0.8695 val_f1_macro=0.7044 (best_epoch=45, best_auprc=0.4520)
epoch 48: loss=1.0176 val_auprc=0.4578 val_auc=0.8663 val_f1_macro=0.6557 (best_epoch=48, best_auprc=0.4578)
epoch 49: loss=1.0692 val_auprc=0.4629 val_auc=0.8665 val_f1_macro=0.5961 (best_epoch=49, best_auprc=0.4629)
epoch 50: loss=0.9894 val_auprc=0.4584 val_auc=0.8671 val_f1_macro=0.5803 (best_epoch=49, best_auprc=0.4629)
epoch 51: loss=1.0325 val_auprc=0.4454 val_auc=0.8648 val_f1_macro=0.6317 (best_epoch=49, best_auprc=0.4629)
epoch 52: loss=1.0089 val_auprc=0.3978 val_auc=0.8566 val_f1_macro=0.6621 (best_epoch=49, best_auprc=0.4629)
epoch 53: loss=1.0049 val_auprc=0.3733 val_auc=0.8537 val_f1_macro=0.6862 (best_epoch=49, best_auprc=0.4629)
epoch 54: loss=1.0293 val_auprc=0.3957 val_auc=0.8593 val_f1_macro=0.6803 (best_epoch=49, best_auprc=0.4629)
epoch 55: loss=1.0590 val_auprc=0.4268 val_auc=0.8677 val_f1_macro=0.6709 (best_epoch=49, best_auprc=0.4629)
epoch 56: loss=0.9726 val_auprc=0.4538 val_auc=0.8736 val_f1_macro=0.6408 (best_epoch=49, best_auprc=0.4629)
epoch 57: loss=0.9509 val_auprc=0.4639 val_auc=0.8728 val_f1_macro=0.6076 (best_epoch=57, best_auprc=0.4639)
epoch 58: loss=0.9313 val_auprc=0.4667 val_auc=0.8740 val_f1_macro=0.6111 (best_epoch=58, best_auprc=0.4667)
epoch 59: loss=1.0658 val_auprc=0.4693 val_auc=0.8790 val_f1_macro=0.6494 (best_epoch=59, best_auprc=0.4693)
epoch 60: loss=1.0002 val_auprc=0.4755 val_auc=0.8821 val_f1_macro=0.6859 (best_epoch=60, best_auprc=0.4755)
epoch 61: loss=0.9612 val_auprc=0.4752 val_auc=0.8827 val_f1_macro=0.7014 (best_epoch=60, best_auprc=0.4755)
epoch 62: loss=0.9798 val_auprc=0.4769 val_auc=0.8814 val_f1_macro=0.7012 (best_epoch=62, best_auprc=0.4769)
epoch 63: loss=0.9878 val_auprc=0.4785 val_auc=0.8815 val_f1_macro=0.6893 (best_epoch=63, best_auprc=0.4785)
epoch 64: loss=0.9517 val_auprc=0.4825 val_auc=0.8826 val_f1_macro=0.6324 (best_epoch=64, best_auprc=0.4825)
epoch 65: loss=0.8735 val_auprc=0.4809 val_auc=0.8822 val_f1_macro=0.6180 (best_epoch=64, best_auprc=0.4825)
epoch 66: loss=0.8619 val_auprc=0.4803 val_auc=0.8817 val_f1_macro=0.6158 (best_epoch=64, best_auprc=0.4825)
epoch 67: loss=0.8859 val_auprc=0.4765 val_auc=0.8805 val_f1_macro=0.6197 (best_epoch=64, best_auprc=0.4825)
epoch 68: loss=0.8900 val_auprc=0.4750 val_auc=0.8794 val_f1_macro=0.6339 (best_epoch=64, best_auprc=0.4825)
epoch 69: loss=0.8999 val_auprc=0.4708 val_auc=0.8751 val_f1_macro=0.6425 (best_epoch=64, best_auprc=0.4825)
epoch 70: loss=0.8700 val_auprc=0.4670 val_auc=0.8724 val_f1_macro=0.6196 (best_epoch=64, best_auprc=0.4825)
epoch 71: loss=0.8507 val_auprc=0.4647 val_auc=0.8721 val_f1_macro=0.5696 (best_epoch=64, best_auprc=0.4825)
epoch 72: loss=0.8956 val_auprc=0.4631 val_auc=0.8752 val_f1_macro=0.5414 (best_epoch=64, best_auprc=0.4825)
epoch 73: loss=0.8743 val_auprc=0.4620 val_auc=0.8788 val_f1_macro=0.5557 (best_epoch=64, best_auprc=0.4825)
epoch 74: loss=0.8177 val_auprc=0.4603 val_auc=0.8804 val_f1_macro=0.5858 (best_epoch=64, best_auprc=0.4825)
epoch 75: loss=0.8351 val_auprc=0.4631 val_auc=0.8799 val_f1_macro=0.6491 (best_epoch=64, best_auprc=0.4825)
epoch 76: loss=0.8448 val_auprc=0.4623 val_auc=0.8793 val_f1_macro=0.6468 (best_epoch=64, best_auprc=0.4825)
epoch 77: loss=0.8569 val_auprc=0.4523 val_auc=0.8783 val_f1_macro=0.5805 (best_epoch=64, best_auprc=0.4825)
epoch 78: loss=0.9065 val_auprc=0.4563 val_auc=0.8755 val_f1_macro=0.5906 (best_epoch=64, best_auprc=0.4825)
epoch 79: loss=0.8189 val_auprc=0.4543 val_auc=0.8725 val_f1_macro=0.5928 (best_epoch=64, best_auprc=0.4825)
epoch 80: loss=0.8556 val_auprc=0.4540 val_auc=0.8729 val_f1_macro=0.6114 (best_epoch=64, best_auprc=0.4825)
epoch 81: loss=0.8731 val_auprc=0.4573 val_auc=0.8778 val_f1_macro=0.6076 (best_epoch=64, best_auprc=0.4825)
epoch 82: loss=0.8767 val_auprc=0.4635 val_auc=0.8812 val_f1_macro=0.5964 (best_epoch=64, best_auprc=0.4825)
epoch 83: loss=0.8601 val_auprc=0.4578 val_auc=0.8811 val_f1_macro=0.5928 (best_epoch=64, best_auprc=0.4825)
epoch 84: loss=0.8086 val_auprc=0.4543 val_auc=0.8819 val_f1_macro=0.6043 (best_epoch=64, best_auprc=0.4825)
Early stopping at epoch 84 (no improvement for 20 epochs)
Selected threshold (best val macro-F1): 0.80 (val F1=0.7403)
TEST metrics: {'auprc': 0.5529025511151231, 'auc': 0.9082659024499888, 'f1_macro': 0.7490809350033191, 'recall': 0.45121951219512196, 'threshold_used': 0.8, 'best_epoch': 64}