=== Run: splitgnn_tfinance_unified_tr10_seed42_a6000_20260918T022339Z ===
Result dir: /workspace/splitgnn_vast/results/splitgnn/tfinance/unified/tr10/seed_42
Split overlap checks: PASSED
train=3935 valid=7872 test=15743
Model source commit: 32fbdb836781d5c02523844a7079425f89be8831
Config SHA256: 91025fe4acb81a2454e96c90562a7724ab33d7c35f0fd6a2ca239bdabf90a115
Split SHA256: e7f78da52dc324c283f864744cd85105fe1c5d0feab065727930a50ba1c1971c
epoch 0: loss=1.7186 val_auprc=0.1645 val_auc=0.7589 val_f1_macro=0.4883 (best_epoch=0, best_auprc=0.1645)
epoch 1: loss=1.7015 val_auprc=0.5073 val_auc=0.8601 val_f1_macro=0.4883 (best_epoch=1, best_auprc=0.5073)
epoch 2: loss=1.6850 val_auprc=0.5920 val_auc=0.8722 val_f1_macro=0.4883 (best_epoch=2, best_auprc=0.5920)
epoch 3: loss=1.6672 val_auprc=0.6363 val_auc=0.8771 val_f1_macro=0.4883 (best_epoch=3, best_auprc=0.6363)
epoch 4: loss=1.6496 val_auprc=0.6598 val_auc=0.8795 val_f1_macro=0.8388 (best_epoch=4, best_auprc=0.6598)
epoch 5: loss=1.6250 val_auprc=0.6724 val_auc=0.8808 val_f1_macro=0.7245 (best_epoch=5, best_auprc=0.6724)
epoch 6: loss=1.5993 val_auprc=0.6780 val_auc=0.8819 val_f1_macro=0.6734 (best_epoch=6, best_auprc=0.6780)
epoch 7: loss=1.5708 val_auprc=0.6803 val_auc=0.8817 val_f1_macro=0.6598 (best_epoch=7, best_auprc=0.6803)
epoch 8: loss=1.5204 val_auprc=0.6824 val_auc=0.8792 val_f1_macro=0.6570 (best_epoch=8, best_auprc=0.6824)
epoch 9: loss=1.4766 val_auprc=0.6846 val_auc=0.8782 val_f1_macro=0.6588 (best_epoch=9, best_auprc=0.6846)
epoch 10: loss=1.4301 val_auprc=0.6882 val_auc=0.8782 val_f1_macro=0.6469 (best_epoch=10, best_auprc=0.6882)
epoch 11: loss=1.3780 val_auprc=0.6889 val_auc=0.8782 val_f1_macro=0.6348 (best_epoch=11, best_auprc=0.6889)
epoch 12: loss=1.3283 val_auprc=0.6884 val_auc=0.8787 val_f1_macro=0.6227 (best_epoch=11, best_auprc=0.6889)
epoch 13: loss=1.3052 val_auprc=0.6845 val_auc=0.8795 val_f1_macro=0.6246 (best_epoch=11, best_auprc=0.6889)
epoch 14: loss=1.2087 val_auprc=0.6773 val_auc=0.8804 val_f1_macro=0.6263 (best_epoch=11, best_auprc=0.6889)
epoch 15: loss=1.1755 val_auprc=0.6738 val_auc=0.8815 val_f1_macro=0.6278 (best_epoch=11, best_auprc=0.6889)
epoch 16: loss=1.1489 val_auprc=0.6803 val_auc=0.8827 val_f1_macro=0.6325 (best_epoch=11, best_auprc=0.6889)
epoch 17: loss=1.0836 val_auprc=0.6870 val_auc=0.8845 val_f1_macro=0.6330 (best_epoch=11, best_auprc=0.6889)
epoch 18: loss=1.0643 val_auprc=0.6973 val_auc=0.8867 val_f1_macro=0.6297 (best_epoch=18, best_auprc=0.6973)
epoch 19: loss=1.0167 val_auprc=0.7049 val_auc=0.8893 val_f1_macro=0.6239 (best_epoch=19, best_auprc=0.7049)
epoch 20: loss=0.9946 val_auprc=0.7108 val_auc=0.8921 val_f1_macro=0.6251 (best_epoch=20, best_auprc=0.7108)
epoch 21: loss=0.9708 val_auprc=0.7155 val_auc=0.8948 val_f1_macro=0.6343 (best_epoch=21, best_auprc=0.7155)
epoch 22: loss=0.9171 val_auprc=0.7202 val_auc=0.8977 val_f1_macro=0.6536 (best_epoch=22, best_auprc=0.7202)
epoch 23: loss=0.8834 val_auprc=0.7246 val_auc=0.9008 val_f1_macro=0.6688 (best_epoch=23, best_auprc=0.7246)
epoch 24: loss=0.8471 val_auprc=0.7292 val_auc=0.9042 val_f1_macro=0.6829 (best_epoch=24, best_auprc=0.7292)
epoch 25: loss=0.8658 val_auprc=0.7338 val_auc=0.9080 val_f1_macro=0.7059 (best_epoch=25, best_auprc=0.7338)
epoch 26: loss=0.7871 val_auprc=0.7387 val_auc=0.9119 val_f1_macro=0.7115 (best_epoch=26, best_auprc=0.7387)
epoch 27: loss=0.7932 val_auprc=0.7439 val_auc=0.9157 val_f1_macro=0.7182 (best_epoch=27, best_auprc=0.7439)
epoch 28: loss=0.7749 val_auprc=0.7493 val_auc=0.9195 val_f1_macro=0.7162 (best_epoch=28, best_auprc=0.7493)
epoch 29: loss=0.7502 val_auprc=0.7555 val_auc=0.9233 val_f1_macro=0.7207 (best_epoch=29, best_auprc=0.7555)
epoch 30: loss=0.7173 val_auprc=0.7616 val_auc=0.9268 val_f1_macro=0.7192 (best_epoch=30, best_auprc=0.7616)
epoch 31: loss=0.7421 val_auprc=0.7682 val_auc=0.9300 val_f1_macro=0.7282 (best_epoch=31, best_auprc=0.7682)
epoch 32: loss=0.7449 val_auprc=0.7753 val_auc=0.9331 val_f1_macro=0.7490 (best_epoch=32, best_auprc=0.7753)
epoch 33: loss=0.7228 val_auprc=0.7830 val_auc=0.9360 val_f1_macro=0.7715 (best_epoch=33, best_auprc=0.7830)
epoch 34: loss=0.7094 val_auprc=0.7903 val_auc=0.9382 val_f1_macro=0.7870 (best_epoch=34, best_auprc=0.7903)
epoch 35: loss=0.6782 val_auprc=0.7974 val_auc=0.9403 val_f1_macro=0.7951 (best_epoch=35, best_auprc=0.7974)
epoch 36: loss=0.6870 val_auprc=0.8039 val_auc=0.9420 val_f1_macro=0.7956 (best_epoch=36, best_auprc=0.8039)
epoch 37: loss=0.6577 val_auprc=0.8086 val_auc=0.9433 val_f1_macro=0.7859 (best_epoch=37, best_auprc=0.8086)
epoch 38: loss=0.7029 val_auprc=0.8136 val_auc=0.9445 val_f1_macro=0.7819 (best_epoch=38, best_auprc=0.8136)
epoch 39: loss=0.6796 val_auprc=0.8179 val_auc=0.9455 val_f1_macro=0.7817 (best_epoch=39, best_auprc=0.8179)
epoch 40: loss=0.6706 val_auprc=0.8222 val_auc=0.9464 val_f1_macro=0.7850 (best_epoch=40, best_auprc=0.8222)
epoch 41: loss=0.6471 val_auprc=0.8268 val_auc=0.9472 val_f1_macro=0.7959 (best_epoch=41, best_auprc=0.8268)
epoch 42: loss=0.6530 val_auprc=0.8309 val_auc=0.9480 val_f1_macro=0.8036 (best_epoch=42, best_auprc=0.8309)
epoch 43: loss=0.6217 val_auprc=0.8335 val_auc=0.9487 val_f1_macro=0.8018 (best_epoch=43, best_auprc=0.8335)
epoch 44: loss=0.6379 val_auprc=0.8351 val_auc=0.9492 val_f1_macro=0.7912 (best_epoch=44, best_auprc=0.8351)
epoch 45: loss=0.6547 val_auprc=0.8372 val_auc=0.9496 val_f1_macro=0.7863 (best_epoch=45, best_auprc=0.8372)
epoch 46: loss=0.6382 val_auprc=0.8396 val_auc=0.9500 val_f1_macro=0.7832 (best_epoch=46, best_auprc=0.8396)
epoch 47: loss=0.6147 val_auprc=0.8418 val_auc=0.9503 val_f1_macro=0.7816 (best_epoch=47, best_auprc=0.8418)
epoch 48: loss=0.6139 val_auprc=0.8442 val_auc=0.9506 val_f1_macro=0.7842 (best_epoch=48, best_auprc=0.8442)
epoch 49: loss=0.5938 val_auprc=0.8465 val_auc=0.9508 val_f1_macro=0.7862 (best_epoch=49, best_auprc=0.8465)
epoch 50: loss=0.6572 val_auprc=0.8491 val_auc=0.9511 val_f1_macro=0.7945 (best_epoch=50, best_auprc=0.8491)
epoch 51: loss=0.6225 val_auprc=0.8523 val_auc=0.9514 val_f1_macro=0.8129 (best_epoch=51, best_auprc=0.8523)
epoch 52: loss=0.6055 val_auprc=0.8543 val_auc=0.9517 val_f1_macro=0.8221 (best_epoch=52, best_auprc=0.8543)
epoch 53: loss=0.6069 val_auprc=0.8555 val_auc=0.9519 val_f1_macro=0.8256 (best_epoch=53, best_auprc=0.8555)
epoch 54: loss=0.6144 val_auprc=0.8567 val_auc=0.9522 val_f1_macro=0.8264 (best_epoch=54, best_auprc=0.8567)
epoch 55: loss=0.6179 val_auprc=0.8573 val_auc=0.9523 val_f1_macro=0.8217 (best_epoch=55, best_auprc=0.8573)
epoch 56: loss=0.6268 val_auprc=0.8577 val_auc=0.9524 val_f1_macro=0.8182 (best_epoch=56, best_auprc=0.8577)
epoch 57: loss=0.6266 val_auprc=0.8582 val_auc=0.9526 val_f1_macro=0.8099 (best_epoch=57, best_auprc=0.8582)
epoch 58: loss=0.5867 val_auprc=0.8581 val_auc=0.9527 val_f1_macro=0.7982 (best_epoch=57, best_auprc=0.8582)
epoch 59: loss=0.5968 val_auprc=0.8581 val_auc=0.9530 val_f1_macro=0.7870 (best_epoch=57, best_auprc=0.8582)
epoch 60: loss=0.5838 val_auprc=0.8584 val_auc=0.9532 val_f1_macro=0.7804 (best_epoch=60, best_auprc=0.8584)
epoch 61: loss=0.6048 val_auprc=0.8591 val_auc=0.9534 val_f1_macro=0.7785 (best_epoch=61, best_auprc=0.8591)
epoch 62: loss=0.5513 val_auprc=0.8599 val_auc=0.9537 val_f1_macro=0.7773 (best_epoch=62, best_auprc=0.8599)
epoch 63: loss=0.5629 val_auprc=0.8602 val_auc=0.9538 val_f1_macro=0.7747 (best_epoch=63, best_auprc=0.8602)
epoch 64: loss=0.6139 val_auprc=0.8614 val_auc=0.9541 val_f1_macro=0.7811 (best_epoch=64, best_auprc=0.8614)
epoch 65: loss=0.5687 val_auprc=0.8627 val_auc=0.9543 val_f1_macro=0.7858 (best_epoch=65, best_auprc=0.8627)
epoch 66: loss=0.6092 val_auprc=0.8637 val_auc=0.9545 val_f1_macro=0.7926 (best_epoch=66, best_auprc=0.8637)
epoch 67: loss=0.5797 val_auprc=0.8648 val_auc=0.9548 val_f1_macro=0.7932 (best_epoch=67, best_auprc=0.8648)
epoch 68: loss=0.5839 val_auprc=0.8651 val_auc=0.9550 val_f1_macro=0.7832 (best_epoch=68, best_auprc=0.8651)
epoch 69: loss=0.5963 val_auprc=0.8655 val_auc=0.9552 val_f1_macro=0.7818 (best_epoch=69, best_auprc=0.8655)
epoch 70: loss=0.5683 val_auprc=0.8657 val_auc=0.9554 val_f1_macro=0.7744 (best_epoch=70, best_auprc=0.8657)
epoch 71: loss=0.5622 val_auprc=0.8662 val_auc=0.9555 val_f1_macro=0.7743 (best_epoch=71, best_auprc=0.8662)
epoch 72: loss=0.5856 val_auprc=0.8669 val_auc=0.9557 val_f1_macro=0.7772 (best_epoch=72, best_auprc=0.8669)
epoch 73: loss=0.5853 val_auprc=0.8680 val_auc=0.9559 val_f1_macro=0.7884 (best_epoch=73, best_auprc=0.8680)
epoch 74: loss=0.5753 val_auprc=0.8691 val_auc=0.9561 val_f1_macro=0.8000 (best_epoch=74, best_auprc=0.8691)
epoch 75: loss=0.5624 val_auprc=0.8702 val_auc=0.9562 val_f1_macro=0.8155 (best_epoch=75, best_auprc=0.8702)
epoch 76: loss=0.5603 val_auprc=0.8711 val_auc=0.9564 val_f1_macro=0.8266 (best_epoch=76, best_auprc=0.8711)
epoch 77: loss=0.5586 val_auprc=0.8716 val_auc=0.9566 val_f1_macro=0.8170 (best_epoch=77, best_auprc=0.8716)
epoch 78: loss=0.5616 val_auprc=0.8722 val_auc=0.9569 val_f1_macro=0.8078 (best_epoch=78, best_auprc=0.8722)
epoch 79: loss=0.5405 val_auprc=0.8724 val_auc=0.9571 val_f1_macro=0.7893 (best_epoch=79, best_auprc=0.8724)
epoch 80: loss=0.5628 val_auprc=0.8727 val_auc=0.9573 val_f1_macro=0.7784 (best_epoch=80, best_auprc=0.8727)
epoch 81: loss=0.5911 val_auprc=0.8737 val_auc=0.9575 val_f1_macro=0.7935 (best_epoch=81, best_auprc=0.8737)
epoch 82: loss=0.5445 val_auprc=0.8741 val_auc=0.9576 val_f1_macro=0.8026 (best_epoch=82, best_auprc=0.8741)
epoch 83: loss=0.5625 val_auprc=0.8744 val_auc=0.9576 val_f1_macro=0.8180 (best_epoch=83, best_auprc=0.8744)
epoch 84: loss=0.5688 val_auprc=0.8748 val_auc=0.9577 val_f1_macro=0.8229 (best_epoch=84, best_auprc=0.8748)
epoch 85: loss=0.5489 val_auprc=0.8752 val_auc=0.9579 val_f1_macro=0.8233 (best_epoch=85, best_auprc=0.8752)
epoch 86: loss=0.5596 val_auprc=0.8755 val_auc=0.9580 val_f1_macro=0.8217 (best_epoch=86, best_auprc=0.8755)
epoch 87: loss=0.5557 val_auprc=0.8756 val_auc=0.9581 val_f1_macro=0.8210 (best_epoch=87, best_auprc=0.8756)
epoch 88: loss=0.5754 val_auprc=0.8761 val_auc=0.9582 val_f1_macro=0.8233 (best_epoch=88, best_auprc=0.8761)
epoch 89: loss=0.5419 val_auprc=0.8765 val_auc=0.9583 val_f1_macro=0.8213 (best_epoch=89, best_auprc=0.8765)
epoch 90: loss=0.5435 val_auprc=0.8764 val_auc=0.9583 val_f1_macro=0.8121 (best_epoch=89, best_auprc=0.8765)
epoch 91: loss=0.5611 val_auprc=0.8760 val_auc=0.9583 val_f1_macro=0.8032 (best_epoch=89, best_auprc=0.8765)
epoch 92: loss=0.5141 val_auprc=0.8755 val_auc=0.9582 val_f1_macro=0.7965 (best_epoch=89, best_auprc=0.8765)
epoch 93: loss=0.5665 val_auprc=0.8759 val_auc=0.9581 val_f1_macro=0.8128 (best_epoch=89, best_auprc=0.8765)
epoch 94: loss=0.5465 val_auprc=0.8759 val_auc=0.9580 val_f1_macro=0.8252 (best_epoch=89, best_auprc=0.8765)
epoch 95: loss=0.5701 val_auprc=0.8760 val_auc=0.9580 val_f1_macro=0.8405 (best_epoch=89, best_auprc=0.8765)
epoch 96: loss=0.5408 val_auprc=0.8764 val_auc=0.9580 val_f1_macro=0.8413 (best_epoch=89, best_auprc=0.8765)
epoch 97: loss=0.5342 val_auprc=0.8769 val_auc=0.9583 val_f1_macro=0.8271 (best_epoch=97, best_auprc=0.8769)
epoch 98: loss=0.5458 val_auprc=0.8775 val_auc=0.9586 val_f1_macro=0.8043 (best_epoch=98, best_auprc=0.8775)
epoch 99: loss=0.5719 val_auprc=0.8776 val_auc=0.9586 val_f1_macro=0.7949 (best_epoch=99, best_auprc=0.8776)
Selected threshold (best val macro-F1): 0.95 (val F1=0.9257)
TEST metrics: {'auprc': 0.8329221508306728, 'auc': 0.9421735701135676, 'f1_macro': 0.8991043283892602, 'recall': 0.7520775623268698, 'threshold_used': 0.9500000000000001, 'best_epoch': 99}