=== Run: splitgnn_tsocial_unified_tr10_seed2_a6000_20260919T064404Z ===
Result dir: /workspace/splitgnn_vast/results/splitgnn/tsocial/unified/tr10/seed_2
Split overlap checks: PASSED
train=86716 valid=173432 test=346864
Model source commit: 32fbdb836781d5c02523844a7079425f89be8831
Config SHA256: 4095f016a013f5fc187a9945a7ee42816d2cb77b54b7205c6eedc7e6baf83c6c
Split SHA256: 197cd8a496ca269cfa2affeea08837bb97bc55181f878b36cc724036ba6d001b
epoch 0: loss=1.6997 val_auprc=0.0320 val_auc=0.5541 val_f1_macro=0.0294 (best_epoch=0, best_auprc=0.0320)
epoch 1: loss=1.6924 val_auprc=0.0971 val_auc=0.7542 val_f1_macro=0.4030 (best_epoch=1, best_auprc=0.0971)
epoch 2: loss=1.6857 val_auprc=0.1602 val_auc=0.7999 val_f1_macro=0.4962 (best_epoch=2, best_auprc=0.1602)
epoch 3: loss=1.6790 val_auprc=0.1906 val_auc=0.8101 val_f1_macro=0.5025 (best_epoch=3, best_auprc=0.1906)
epoch 4: loss=1.6704 val_auprc=0.2089 val_auc=0.8140 val_f1_macro=0.4942 (best_epoch=4, best_auprc=0.2089)
epoch 5: loss=1.6590 val_auprc=0.2178 val_auc=0.8163 val_f1_macro=0.4968 (best_epoch=5, best_auprc=0.2178)
epoch 6: loss=1.6438 val_auprc=0.2227 val_auc=0.8172 val_f1_macro=0.5033 (best_epoch=6, best_auprc=0.2227)
epoch 7: loss=1.6323 val_auprc=0.2261 val_auc=0.8171 val_f1_macro=0.5071 (best_epoch=7, best_auprc=0.2261)
epoch 8: loss=1.6126 val_auprc=0.2288 val_auc=0.8168 val_f1_macro=0.5091 (best_epoch=8, best_auprc=0.2288)
epoch 9: loss=1.5975 val_auprc=0.2313 val_auc=0.8165 val_f1_macro=0.5101 (best_epoch=9, best_auprc=0.2313)
epoch 10: loss=1.5764 val_auprc=0.2336 val_auc=0.8164 val_f1_macro=0.5101 (best_epoch=10, best_auprc=0.2336)
epoch 11: loss=1.5528 val_auprc=0.2360 val_auc=0.8167 val_f1_macro=0.5073 (best_epoch=11, best_auprc=0.2360)
epoch 12: loss=1.5391 val_auprc=0.2380 val_auc=0.8172 val_f1_macro=0.5020 (best_epoch=12, best_auprc=0.2380)
epoch 13: loss=1.5200 val_auprc=0.2402 val_auc=0.8179 val_f1_macro=0.4954 (best_epoch=13, best_auprc=0.2402)
epoch 14: loss=1.5057 val_auprc=0.2424 val_auc=0.8188 val_f1_macro=0.4893 (best_epoch=14, best_auprc=0.2424)
epoch 15: loss=1.4976 val_auprc=0.2447 val_auc=0.8200 val_f1_macro=0.4843 (best_epoch=15, best_auprc=0.2447)
epoch 16: loss=1.4911 val_auprc=0.2469 val_auc=0.8214 val_f1_macro=0.4880 (best_epoch=16, best_auprc=0.2469)
epoch 17: loss=1.4786 val_auprc=0.2492 val_auc=0.8232 val_f1_macro=0.4900 (best_epoch=17, best_auprc=0.2492)
epoch 18: loss=1.4745 val_auprc=0.2515 val_auc=0.8256 val_f1_macro=0.4890 (best_epoch=18, best_auprc=0.2515)
epoch 19: loss=1.4606 val_auprc=0.2548 val_auc=0.8281 val_f1_macro=0.4886 (best_epoch=19, best_auprc=0.2548)
epoch 20: loss=1.4398 val_auprc=0.2578 val_auc=0.8310 val_f1_macro=0.4884 (best_epoch=20, best_auprc=0.2578)
epoch 21: loss=1.4261 val_auprc=0.2617 val_auc=0.8339 val_f1_macro=0.4940 (best_epoch=21, best_auprc=0.2617)
epoch 22: loss=1.4077 val_auprc=0.2652 val_auc=0.8363 val_f1_macro=0.5022 (best_epoch=22, best_auprc=0.2652)
epoch 23: loss=1.3795 val_auprc=0.2687 val_auc=0.8383 val_f1_macro=0.5010 (best_epoch=23, best_auprc=0.2687)
epoch 24: loss=1.3601 val_auprc=0.2707 val_auc=0.8388 val_f1_macro=0.4896 (best_epoch=24, best_auprc=0.2707)
epoch 25: loss=1.3524 val_auprc=0.2719 val_auc=0.8383 val_f1_macro=0.4811 (best_epoch=25, best_auprc=0.2719)
epoch 26: loss=1.3391 val_auprc=0.2728 val_auc=0.8379 val_f1_macro=0.4846 (best_epoch=26, best_auprc=0.2728)
epoch 27: loss=1.3270 val_auprc=0.2735 val_auc=0.8380 val_f1_macro=0.4938 (best_epoch=27, best_auprc=0.2735)
epoch 28: loss=1.3095 val_auprc=0.2745 val_auc=0.8387 val_f1_macro=0.4969 (best_epoch=28, best_auprc=0.2745)
epoch 29: loss=1.3059 val_auprc=0.2754 val_auc=0.8400 val_f1_macro=0.4961 (best_epoch=29, best_auprc=0.2754)
epoch 30: loss=1.2758 val_auprc=0.2766 val_auc=0.8414 val_f1_macro=0.4914 (best_epoch=30, best_auprc=0.2766)
epoch 31: loss=1.2727 val_auprc=0.2782 val_auc=0.8433 val_f1_macro=0.4897 (best_epoch=31, best_auprc=0.2782)
epoch 32: loss=1.2640 val_auprc=0.2806 val_auc=0.8451 val_f1_macro=0.4935 (best_epoch=32, best_auprc=0.2806)
epoch 33: loss=1.2420 val_auprc=0.2825 val_auc=0.8465 val_f1_macro=0.4956 (best_epoch=33, best_auprc=0.2825)
epoch 34: loss=1.2440 val_auprc=0.2847 val_auc=0.8479 val_f1_macro=0.5002 (best_epoch=34, best_auprc=0.2847)
epoch 35: loss=1.2371 val_auprc=0.2872 val_auc=0.8490 val_f1_macro=0.5000 (best_epoch=35, best_auprc=0.2872)
epoch 36: loss=1.2385 val_auprc=0.2887 val_auc=0.8497 val_f1_macro=0.4952 (best_epoch=36, best_auprc=0.2887)
epoch 37: loss=1.2153 val_auprc=0.2897 val_auc=0.8501 val_f1_macro=0.4901 (best_epoch=37, best_auprc=0.2897)
epoch 38: loss=1.2240 val_auprc=0.2912 val_auc=0.8507 val_f1_macro=0.4915 (best_epoch=38, best_auprc=0.2912)
epoch 39: loss=1.2101 val_auprc=0.2931 val_auc=0.8517 val_f1_macro=0.5004 (best_epoch=39, best_auprc=0.2931)
epoch 40: loss=1.2168 val_auprc=0.2947 val_auc=0.8524 val_f1_macro=0.5105 (best_epoch=40, best_auprc=0.2947)
epoch 41: loss=1.2021 val_auprc=0.2961 val_auc=0.8530 val_f1_macro=0.5165 (best_epoch=41, best_auprc=0.2961)
epoch 42: loss=1.2027 val_auprc=0.2980 val_auc=0.8537 val_f1_macro=0.5181 (best_epoch=42, best_auprc=0.2980)
epoch 43: loss=1.1816 val_auprc=0.2995 val_auc=0.8544 val_f1_macro=0.5103 (best_epoch=43, best_auprc=0.2995)
epoch 44: loss=1.1871 val_auprc=0.3020 val_auc=0.8555 val_f1_macro=0.5062 (best_epoch=44, best_auprc=0.3020)
epoch 45: loss=1.1836 val_auprc=0.3050 val_auc=0.8571 val_f1_macro=0.5083 (best_epoch=45, best_auprc=0.3050)
epoch 46: loss=1.1715 val_auprc=0.3066 val_auc=0.8582 val_f1_macro=0.5108 (best_epoch=46, best_auprc=0.3066)
epoch 47: loss=1.1691 val_auprc=0.3077 val_auc=0.8588 val_f1_macro=0.5119 (best_epoch=47, best_auprc=0.3077)
epoch 48: loss=1.1654 val_auprc=0.3079 val_auc=0.8589 val_f1_macro=0.5116 (best_epoch=48, best_auprc=0.3079)
epoch 49: loss=1.1783 val_auprc=0.3082 val_auc=0.8592 val_f1_macro=0.5139 (best_epoch=49, best_auprc=0.3082)
epoch 50: loss=1.1512 val_auprc=0.3090 val_auc=0.8598 val_f1_macro=0.5149 (best_epoch=50, best_auprc=0.3090)
epoch 51: loss=1.1703 val_auprc=0.3107 val_auc=0.8609 val_f1_macro=0.5160 (best_epoch=51, best_auprc=0.3107)
epoch 52: loss=1.1564 val_auprc=0.3135 val_auc=0.8623 val_f1_macro=0.5184 (best_epoch=52, best_auprc=0.3135)
epoch 53: loss=1.1497 val_auprc=0.3160 val_auc=0.8637 val_f1_macro=0.5194 (best_epoch=53, best_auprc=0.3160)
epoch 54: loss=1.1543 val_auprc=0.3181 val_auc=0.8649 val_f1_macro=0.5132 (best_epoch=54, best_auprc=0.3181)
epoch 55: loss=1.1581 val_auprc=0.3201 val_auc=0.8659 val_f1_macro=0.5095 (best_epoch=55, best_auprc=0.3201)
epoch 56: loss=1.1477 val_auprc=0.3218 val_auc=0.8666 val_f1_macro=0.5073 (best_epoch=56, best_auprc=0.3218)
epoch 57: loss=1.1558 val_auprc=0.3237 val_auc=0.8674 val_f1_macro=0.5109 (best_epoch=57, best_auprc=0.3237)
epoch 58: loss=1.1521 val_auprc=0.3260 val_auc=0.8684 val_f1_macro=0.5203 (best_epoch=58, best_auprc=0.3260)
epoch 59: loss=1.1441 val_auprc=0.3281 val_auc=0.8693 val_f1_macro=0.5236 (best_epoch=59, best_auprc=0.3281)
epoch 60: loss=1.1470 val_auprc=0.3294 val_auc=0.8698 val_f1_macro=0.5196 (best_epoch=60, best_auprc=0.3294)
epoch 61: loss=1.1348 val_auprc=0.3319 val_auc=0.8707 val_f1_macro=0.5157 (best_epoch=61, best_auprc=0.3319)
epoch 62: loss=1.1556 val_auprc=0.3345 val_auc=0.8720 val_f1_macro=0.5178 (best_epoch=62, best_auprc=0.3345)
epoch 63: loss=1.1312 val_auprc=0.3379 val_auc=0.8733 val_f1_macro=0.5213 (best_epoch=63, best_auprc=0.3379)
epoch 64: loss=1.1366 val_auprc=0.3409 val_auc=0.8745 val_f1_macro=0.5226 (best_epoch=64, best_auprc=0.3409)
epoch 65: loss=1.1362 val_auprc=0.3435 val_auc=0.8758 val_f1_macro=0.5264 (best_epoch=65, best_auprc=0.3435)
epoch 66: loss=1.1223 val_auprc=0.3458 val_auc=0.8770 val_f1_macro=0.5287 (best_epoch=66, best_auprc=0.3458)
epoch 67: loss=1.1330 val_auprc=0.3481 val_auc=0.8784 val_f1_macro=0.5264 (best_epoch=67, best_auprc=0.3481)
epoch 68: loss=1.1212 val_auprc=0.3509 val_auc=0.8796 val_f1_macro=0.5276 (best_epoch=68, best_auprc=0.3509)
epoch 69: loss=1.1203 val_auprc=0.3535 val_auc=0.8807 val_f1_macro=0.5295 (best_epoch=69, best_auprc=0.3535)
epoch 70: loss=1.1219 val_auprc=0.3566 val_auc=0.8820 val_f1_macro=0.5325 (best_epoch=70, best_auprc=0.3566)
epoch 71: loss=1.1235 val_auprc=0.3613 val_auc=0.8838 val_f1_macro=0.5394 (best_epoch=71, best_auprc=0.3613)
epoch 72: loss=1.1219 val_auprc=0.3637 val_auc=0.8850 val_f1_macro=0.5389 (best_epoch=72, best_auprc=0.3637)
epoch 73: loss=1.1155 val_auprc=0.3644 val_auc=0.8861 val_f1_macro=0.5326 (best_epoch=73, best_auprc=0.3644)
epoch 74: loss=1.1158 val_auprc=0.3643 val_auc=0.8866 val_f1_macro=0.5252 (best_epoch=73, best_auprc=0.3644)
epoch 75: loss=1.1191 val_auprc=0.3668 val_auc=0.8879 val_f1_macro=0.5311 (best_epoch=75, best_auprc=0.3668)
epoch 76: loss=1.1161 val_auprc=0.3706 val_auc=0.8893 val_f1_macro=0.5422 (best_epoch=76, best_auprc=0.3706)
epoch 77: loss=1.1092 val_auprc=0.3729 val_auc=0.8902 val_f1_macro=0.5456 (best_epoch=77, best_auprc=0.3729)
epoch 78: loss=1.1100 val_auprc=0.3726 val_auc=0.8908 val_f1_macro=0.5361 (best_epoch=77, best_auprc=0.3729)
epoch 79: loss=1.1162 val_auprc=0.3744 val_auc=0.8915 val_f1_macro=0.5406 (best_epoch=79, best_auprc=0.3744)
epoch 80: loss=1.1223 val_auprc=0.3746 val_auc=0.8920 val_f1_macro=0.5442 (best_epoch=80, best_auprc=0.3746)
epoch 81: loss=1.1002 val_auprc=0.3729 val_auc=0.8922 val_f1_macro=0.5390 (best_epoch=80, best_auprc=0.3746)
epoch 82: loss=1.1227 val_auprc=0.3737 val_auc=0.8931 val_f1_macro=0.5451 (best_epoch=80, best_auprc=0.3746)
epoch 83: loss=1.1083 val_auprc=0.3760 val_auc=0.8940 val_f1_macro=0.5501 (best_epoch=83, best_auprc=0.3760)
epoch 84: loss=1.1013 val_auprc=0.3796 val_auc=0.8951 val_f1_macro=0.5496 (best_epoch=84, best_auprc=0.3796)
epoch 85: loss=1.1016 val_auprc=0.3814 val_auc=0.8959 val_f1_macro=0.5471 (best_epoch=85, best_auprc=0.3814)
epoch 86: loss=1.1075 val_auprc=0.3843 val_auc=0.8966 val_f1_macro=0.5532 (best_epoch=86, best_auprc=0.3843)
epoch 87: loss=1.0907 val_auprc=0.3845 val_auc=0.8969 val_f1_macro=0.5527 (best_epoch=87, best_auprc=0.3845)
epoch 88: loss=1.1011 val_auprc=0.3855 val_auc=0.8974 val_f1_macro=0.5507 (best_epoch=88, best_auprc=0.3855)
epoch 89: loss=1.1116 val_auprc=0.3871 val_auc=0.8982 val_f1_macro=0.5496 (best_epoch=89, best_auprc=0.3871)
epoch 90: loss=1.1036 val_auprc=0.3892 val_auc=0.8990 val_f1_macro=0.5493 (best_epoch=90, best_auprc=0.3892)
epoch 91: loss=1.1026 val_auprc=0.3908 val_auc=0.8997 val_f1_macro=0.5467 (best_epoch=91, best_auprc=0.3908)
epoch 92: loss=1.0985 val_auprc=0.3952 val_auc=0.9007 val_f1_macro=0.5539 (best_epoch=92, best_auprc=0.3952)
epoch 93: loss=1.0937 val_auprc=0.4005 val_auc=0.9021 val_f1_macro=0.5613 (best_epoch=93, best_auprc=0.4005)
epoch 94: loss=1.0808 val_auprc=0.4036 val_auc=0.9032 val_f1_macro=0.5517 (best_epoch=94, best_auprc=0.4036)
epoch 95: loss=1.0961 val_auprc=0.4059 val_auc=0.9035 val_f1_macro=0.5495 (best_epoch=95, best_auprc=0.4059)
epoch 96: loss=1.0949 val_auprc=0.4082 val_auc=0.9041 val_f1_macro=0.5635 (best_epoch=96, best_auprc=0.4082)
epoch 97: loss=1.0902 val_auprc=0.4097 val_auc=0.9046 val_f1_macro=0.5674 (best_epoch=97, best_auprc=0.4097)
epoch 98: loss=1.0813 val_auprc=0.4078 val_auc=0.9046 val_f1_macro=0.5538 (best_epoch=97, best_auprc=0.4097)
epoch 99: loss=1.0846 val_auprc=0.4079 val_auc=0.9052 val_f1_macro=0.5466 (best_epoch=97, best_auprc=0.4097)
Selected threshold (best val macro-F1): 0.85 (val F1=0.7111)
TEST metrics: {'auprc': 0.4288866433218594, 'auc': 0.9082744605186737, 'f1_macro': 0.7150047783933913, 'recall': 0.4343501960409295, 'threshold_used': 0.8500000000000001, 'best_epoch': 97}