==============================================================================
GHRN | amazon | unified | TR40 | seed 42
==============================================================================
Run ID: ghrn_amazon_unified_tr40_seed42_a6000_20260913T232200Z
Device: cuda:0
Protocol: vast-v4.4  selection=auprc
Deletion ratio: 0.015 (post_aggregation)
/venv/main/lib/python3.12/site-packages/scipy/sparse/_index.py:145: SparseEfficiencyWarning: Changing the sparsity structure of a csr_matrix is expensive. lil_matrix is more efficient.
  self._set_arrayXarray(i, j, x)
Loaded amazon: 11,944 nodes, 25 features, 3 relation(s)
[compatibility] NOTE amazon is multi-relational; GHRN is a homogeneous spectral method and receives the frozen union view. Record this pair as PASS_WITH_SHARED_ADAPTER (A1).
Split: train 3,455 | valid 1,728 | test 3,456
Graph: 11,944 nodes, 8,847,096 stored directed edges (backend: dgl)
Training fraud/normal: 328/3,127 | fraud weight 9.5335
Parameters: 18,306 trainable
[protocol] WARNING unset identity fields: model_source_commit
------------------------------------------------------------------------------
STAGE 1: training on the unrefined graph (del_ratio = 0)
[stage1_unrefined] epoch   1/100 | loss 1.727140 | train 0.347s | val AUPRC 0.062712 | val AUROC 0.269739 | thr 0.99 | best epoch 1
[stage1_unrefined] epoch   2/100 | loss 20.126993 | train 0.016s | val AUPRC 0.062107 | val AUROC 0.294221 | thr 0.99 | best epoch 1
[stage1_unrefined] epoch   3/100 | loss 3.589038 | train 0.015s | val AUPRC 0.507941 | val AUROC 0.847947 | thr 0.02 | best epoch 3
[stage1_unrefined] epoch   4/100 | loss 2.139345 | train 0.015s | val AUPRC 0.536318 | val AUROC 0.850933 | thr 0.02 | best epoch 4
[stage1_unrefined] epoch   5/100 | loss 2.271750 | train 0.015s | val AUPRC 0.625558 | val AUROC 0.865226 | thr 0.13 | best epoch 5
[stage1_unrefined] epoch   6/100 | loss 1.468067 | train 0.015s | val AUPRC 0.714607 | val AUROC 0.883445 | thr 0.43 | best epoch 6
[stage1_unrefined] epoch   7/100 | loss 0.724553 | train 0.015s | val AUPRC 0.622031 | val AUROC 0.884450 | thr 0.70 | best epoch 6
[stage1_unrefined] epoch   8/100 | loss 0.382842 | train 0.015s | val AUPRC 0.704838 | val AUROC 0.853308 | thr 0.88 | best epoch 6
[stage1_unrefined] epoch   9/100 | loss 0.515310 | train 0.015s | val AUPRC 0.743251 | val AUROC 0.843015 | thr 0.93 | best epoch 9
[stage1_unrefined] epoch  10/100 | loss 0.527749 | train 0.015s | val AUPRC 0.754106 | val AUROC 0.857639 | thr 0.92 | best epoch 10
[stage1_unrefined] epoch  11/100 | loss 0.420723 | train 0.015s | val AUPRC 0.773723 | val AUROC 0.905815 | thr 0.86 | best epoch 11
[stage1_unrefined] epoch  12/100 | loss 0.315946 | train 0.015s | val AUPRC 0.785502 | val AUROC 0.913453 | thr 0.82 | best epoch 12
[stage1_unrefined] epoch  13/100 | loss 0.298814 | train 0.015s | val AUPRC 0.792680 | val AUROC 0.919609 | thr 0.74 | best epoch 13
[stage1_unrefined] epoch  14/100 | loss 0.288391 | train 0.015s | val AUPRC 0.798091 | val AUROC 0.926884 | thr 0.68 | best epoch 14
[stage1_unrefined] epoch  15/100 | loss 0.288224 | train 0.015s | val AUPRC 0.800568 | val AUROC 0.930011 | thr 0.71 | best epoch 15
[stage1_unrefined] epoch  16/100 | loss 0.293369 | train 0.015s | val AUPRC 0.801205 | val AUROC 0.931274 | thr 0.72 | best epoch 16
[stage1_unrefined] epoch  17/100 | loss 0.292952 | train 0.015s | val AUPRC 0.801776 | val AUROC 0.931800 | thr 0.78 | best epoch 17
[stage1_unrefined] epoch  18/100 | loss 0.284956 | train 0.015s | val AUPRC 0.802148 | val AUROC 0.931278 | thr 0.85 | best epoch 18
[stage1_unrefined] epoch  19/100 | loss 0.275171 | train 0.015s | val AUPRC 0.798625 | val AUROC 0.929634 | thr 0.89 | best epoch 18
[stage1_unrefined] epoch  20/100 | loss 0.269818 | train 0.015s | val AUPRC 0.797996 | val AUROC 0.930478 | thr 0.94 | best epoch 18
[stage1_unrefined] epoch  21/100 | loss 0.267911 | train 0.015s | val AUPRC 0.800968 | val AUROC 0.933319 | thr 0.93 | best epoch 18
[stage1_unrefined] epoch  22/100 | loss 0.267173 | train 0.015s | val AUPRC 0.805838 | val AUROC 0.938095 | thr 0.94 | best epoch 22
[stage1_unrefined] epoch  23/100 | loss 0.266137 | train 0.015s | val AUPRC 0.809246 | val AUROC 0.941566 | thr 0.95 | best epoch 23
[stage1_unrefined] epoch  24/100 | loss 0.262080 | train 0.015s | val AUPRC 0.799602 | val AUROC 0.933718 | thr 0.94 | best epoch 23
[stage1_unrefined] epoch  25/100 | loss 0.268933 | train 0.015s | val AUPRC 0.814773 | val AUROC 0.947566 | thr 0.92 | best epoch 25
[stage1_unrefined] epoch  26/100 | loss 0.256146 | train 0.015s | val AUPRC 0.818127 | val AUROC 0.951262 | thr 0.90 | best epoch 26
[stage1_unrefined] epoch  27/100 | loss 0.256757 | train 0.015s | val AUPRC 0.821227 | val AUROC 0.954405 | thr 0.91 | best epoch 27
[stage1_unrefined] epoch  28/100 | loss 0.255971 | train 0.015s | val AUPRC 0.825245 | val AUROC 0.956623 | thr 0.91 | best epoch 28
[stage1_unrefined] epoch  29/100 | loss 0.252064 | train 0.015s | val AUPRC 0.826453 | val AUROC 0.956643 | thr 0.90 | best epoch 29
[stage1_unrefined] epoch  30/100 | loss 0.247091 | train 0.015s | val AUPRC 0.825050 | val AUROC 0.954553 | thr 0.92 | best epoch 29
[stage1_unrefined] epoch  31/100 | loss 0.242775 | train 0.016s | val AUPRC 0.822935 | val AUROC 0.952338 | thr 0.94 | best epoch 29
[stage1_unrefined] epoch  32/100 | loss 0.245437 | train 0.015s | val AUPRC 0.824535 | val AUROC 0.954557 | thr 0.94 | best epoch 29
[stage1_unrefined] epoch  33/100 | loss 0.239635 | train 0.015s | val AUPRC 0.826209 | val AUROC 0.956062 | thr 0.94 | best epoch 29
[stage1_unrefined] epoch  34/100 | loss 0.237597 | train 0.016s | val AUPRC 0.829371 | val AUROC 0.958136 | thr 0.94 | best epoch 34
[stage1_unrefined] epoch  35/100 | loss 0.235656 | train 0.015s | val AUPRC 0.833165 | val AUROC 0.960210 | thr 0.93 | best epoch 35
[stage1_unrefined] epoch  36/100 | loss 0.233678 | train 0.015s | val AUPRC 0.835820 | val AUROC 0.961200 | thr 0.92 | best epoch 36
[stage1_unrefined] epoch  37/100 | loss 0.230767 | train 0.015s | val AUPRC 0.837350 | val AUROC 0.961699 | thr 0.92 | best epoch 37
[stage1_unrefined] epoch  38/100 | loss 0.228337 | train 0.015s | val AUPRC 0.838346 | val AUROC 0.962144 | thr 0.92 | best epoch 38
[stage1_unrefined] epoch  39/100 | loss 0.226249 | train 0.015s | val AUPRC 0.838899 | val AUROC 0.962834 | thr 0.92 | best epoch 39
[stage1_unrefined] epoch  40/100 | loss 0.223168 | train 0.015s | val AUPRC 0.839937 | val AUROC 0.963754 | thr 0.94 | best epoch 40
[stage1_unrefined] epoch  41/100 | loss 0.219928 | train 0.016s | val AUPRC 0.840676 | val AUROC 0.964471 | thr 0.95 | best epoch 41
[stage1_unrefined] epoch  42/100 | loss 0.217777 | train 0.016s | val AUPRC 0.841372 | val AUROC 0.965212 | thr 0.95 | best epoch 42
[stage1_unrefined] epoch  43/100 | loss 0.214942 | train 0.016s | val AUPRC 0.841508 | val AUROC 0.965773 | thr 0.93 | best epoch 43
[stage1_unrefined] epoch  44/100 | loss 0.211244 | train 0.015s | val AUPRC 0.839897 | val AUROC 0.966296 | thr 0.94 | best epoch 43
[stage1_unrefined] epoch  45/100 | loss 0.208227 | train 0.015s | val AUPRC 0.835470 | val AUROC 0.967228 | thr 0.92 | best epoch 43
[stage1_unrefined] epoch  46/100 | loss 0.205667 | train 0.015s | val AUPRC 0.838031 | val AUROC 0.968623 | thr 0.95 | best epoch 43
[stage1_unrefined] epoch  47/100 | loss 0.201831 | train 0.015s | val AUPRC 0.843794 | val AUROC 0.969871 | thr 0.96 | best epoch 47
[stage1_unrefined] epoch  48/100 | loss 0.199144 | train 0.015s | val AUPRC 0.843025 | val AUROC 0.970380 | thr 0.96 | best epoch 47
[stage1_unrefined] epoch  49/100 | loss 0.196239 | train 0.015s | val AUPRC 0.838085 | val AUROC 0.969777 | thr 0.89 | best epoch 47
[stage1_unrefined] epoch  50/100 | loss 0.193091 | train 0.015s | val AUPRC 0.826251 | val AUROC 0.969742 | thr 0.87 | best epoch 47
[stage1_unrefined] epoch  51/100 | loss 0.190286 | train 0.015s | val AUPRC 0.832185 | val AUROC 0.971890 | thr 0.90 | best epoch 47
[stage1_unrefined] epoch  52/100 | loss 0.186852 | train 0.015s | val AUPRC 0.834843 | val AUROC 0.972382 | thr 0.91 | best epoch 47
[stage1_unrefined] epoch  53/100 | loss 0.184172 | train 0.015s | val AUPRC 0.829797 | val AUROC 0.971477 | thr 0.93 | best epoch 47
[stage1_unrefined] epoch  54/100 | loss 0.180881 | train 0.015s | val AUPRC 0.833253 | val AUROC 0.971409 | thr 0.91 | best epoch 47
[stage1_unrefined] epoch  55/100 | loss 0.177982 | train 0.015s | val AUPRC 0.841462 | val AUROC 0.972705 | thr 0.83 | best epoch 47
[stage1_unrefined] epoch  56/100 | loss 0.175442 | train 0.015s | val AUPRC 0.836747 | val AUROC 0.971750 | thr 0.78 | best epoch 47
[stage1_unrefined] epoch  57/100 | loss 0.172373 | train 0.015s | val AUPRC 0.843787 | val AUROC 0.974795 | thr 0.85 | best epoch 47
[stage1_unrefined] epoch  58/100 | loss 0.168700 | train 0.015s | val AUPRC 0.842452 | val AUROC 0.974405 | thr 0.85 | best epoch 47
[stage1_unrefined] epoch  59/100 | loss 0.164623 | train 0.015s | val AUPRC 0.853545 | val AUROC 0.976397 | thr 0.80 | best epoch 59
[stage1_unrefined] epoch  60/100 | loss 0.181885 | train 0.015s | val AUPRC 0.810547 | val AUROC 0.959567 | thr 0.94 | best epoch 59
[stage1_unrefined] epoch  61/100 | loss 0.218999 | train 0.015s | val AUPRC 0.844701 | val AUROC 0.971179 | thr 0.86 | best epoch 59
[stage1_unrefined] epoch  62/100 | loss 0.179768 | train 0.016s | val AUPRC 0.844533 | val AUROC 0.974545 | thr 0.89 | best epoch 59
[stage1_unrefined] epoch  63/100 | loss 0.172259 | train 0.015s | val AUPRC 0.843667 | val AUROC 0.970918 | thr 0.87 | best epoch 59
[stage1_unrefined] epoch  64/100 | loss 0.187138 | train 0.015s | val AUPRC 0.853995 | val AUROC 0.973078 | thr 0.85 | best epoch 64
[stage1_unrefined] epoch  65/100 | loss 0.183646 | train 0.015s | val AUPRC 0.856273 | val AUROC 0.973261 | thr 0.62 | best epoch 65
[stage1_unrefined] epoch  66/100 | loss 0.181264 | train 0.015s | val AUPRC 0.862410 | val AUROC 0.974206 | thr 0.67 | best epoch 66
[stage1_unrefined] epoch  67/100 | loss 0.167055 | train 0.015s | val AUPRC 0.859474 | val AUROC 0.973758 | thr 0.86 | best epoch 66
[stage1_unrefined] epoch  68/100 | loss 0.164677 | train 0.015s | val AUPRC 0.844436 | val AUROC 0.971532 | thr 0.88 | best epoch 66
[stage1_unrefined] epoch  69/100 | loss 0.170583 | train 0.015s | val AUPRC 0.818109 | val AUROC 0.958576 | thr 0.89 | best epoch 66
[stage1_unrefined] epoch  70/100 | loss 0.190285 | train 0.015s | val AUPRC 0.852596 | val AUROC 0.973565 | thr 0.97 | best epoch 66
[stage1_unrefined] epoch  71/100 | loss 0.176419 | train 0.015s | val AUPRC 0.862113 | val AUROC 0.975220 | thr 0.95 | best epoch 66
[stage1_unrefined] epoch  72/100 | loss 0.185611 | train 0.015s | val AUPRC 0.868190 | val AUROC 0.975926 | thr 0.95 | best epoch 72
[stage1_unrefined] epoch  73/100 | loss 0.191559 | train 0.015s | val AUPRC 0.872367 | val AUROC 0.974904 | thr 0.93 | best epoch 73
[stage1_unrefined] epoch  74/100 | loss 0.192235 | train 0.015s | val AUPRC 0.875220 | val AUROC 0.974308 | thr 0.94 | best epoch 74
[stage1_unrefined] epoch  75/100 | loss 0.188507 | train 0.015s | val AUPRC 0.854702 | val AUROC 0.965575 | thr 0.95 | best epoch 74
[stage1_unrefined] epoch  76/100 | loss 0.199576 | train 0.015s | val AUPRC 0.874373 | val AUROC 0.974011 | thr 0.94 | best epoch 74
[stage1_unrefined] epoch  77/100 | loss 0.188111 | train 0.015s | val AUPRC 0.868344 | val AUROC 0.971567 | thr 0.95 | best epoch 74
[stage1_unrefined] epoch  78/100 | loss 0.196493 | train 0.015s | val AUPRC 0.864789 | val AUROC 0.970300 | thr 0.93 | best epoch 74
[stage1_unrefined] epoch  79/100 | loss 0.196423 | train 0.015s | val AUPRC 0.866315 | val AUROC 0.971407 | thr 0.93 | best epoch 74
[stage1_unrefined] epoch  80/100 | loss 0.189362 | train 0.015s | val AUPRC 0.867361 | val AUROC 0.972616 | thr 0.93 | best epoch 74
[stage1_unrefined] epoch  81/100 | loss 0.181028 | train 0.015s | val AUPRC 0.865044 | val AUROC 0.972522 | thr 0.95 | best epoch 74
[stage1_unrefined] epoch  82/100 | loss 0.177964 | train 0.015s | val AUPRC 0.860552 | val AUROC 0.971641 | thr 0.96 | best epoch 74
[stage1_unrefined] epoch  83/100 | loss 0.178194 | train 0.015s | val AUPRC 0.863154 | val AUROC 0.971805 | thr 0.94 | best epoch 74
[stage1_unrefined] epoch  84/100 | loss 0.174705 | train 0.015s | val AUPRC 0.867481 | val AUROC 0.973282 | thr 0.93 | best epoch 74
[stage1_unrefined] epoch  85/100 | loss 0.168472 | train 0.015s | val AUPRC 0.871509 | val AUROC 0.975099 | thr 0.95 | best epoch 74
[stage1_unrefined] epoch  86/100 | loss 0.163504 | train 0.015s | val AUPRC 0.876253 | val AUROC 0.975409 | thr 0.88 | best epoch 86
[stage1_unrefined] epoch  87/100 | loss 0.158384 | train 0.015s | val AUPRC 0.878220 | val AUROC 0.976506 | thr 0.93 | best epoch 87
[stage1_unrefined] epoch  88/100 | loss 0.155657 | train 0.015s | val AUPRC 0.878041 | val AUROC 0.977840 | thr 0.77 | best epoch 87
[stage1_unrefined] epoch  89/100 | loss 0.151667 | train 0.015s | val AUPRC 0.883570 | val AUROC 0.978526 | thr 0.79 | best epoch 89
[stage1_unrefined] epoch  90/100 | loss 0.149607 | train 0.015s | val AUPRC 0.885116 | val AUROC 0.978861 | thr 0.83 | best epoch 90
[stage1_unrefined] epoch  91/100 | loss 0.148200 | train 0.015s | val AUPRC 0.888181 | val AUROC 0.980138 | thr 0.77 | best epoch 91
[stage1_unrefined] epoch  92/100 | loss 0.149427 | train 0.015s | val AUPRC 0.868050 | val AUROC 0.973709 | thr 0.92 | best epoch 91
[stage1_unrefined] epoch  93/100 | loss 0.163029 | train 0.015s | val AUPRC 0.886742 | val AUROC 0.979930 | thr 0.69 | best epoch 91
[stage1_unrefined] epoch  94/100 | loss 0.147512 | train 0.015s | val AUPRC 0.885777 | val AUROC 0.979592 | thr 0.67 | best epoch 91
[stage1_unrefined] epoch  95/100 | loss 0.145199 | train 0.015s | val AUPRC 0.883541 | val AUROC 0.978623 | thr 0.76 | best epoch 91
[stage1_unrefined] epoch  96/100 | loss 0.135224 | train 0.015s | val AUPRC 0.878607 | val AUROC 0.977095 | thr 0.79 | best epoch 91
[stage1_unrefined] epoch  97/100 | loss 0.138591 | train 0.015s | val AUPRC 0.887497 | val AUROC 0.978616 | thr 0.79 | best epoch 91
[stage1_unrefined] epoch  98/100 | loss 0.132228 | train 0.015s | val AUPRC 0.885062 | val AUROC 0.978881 | thr 0.82 | best epoch 91
[stage1_unrefined] epoch  99/100 | loss 0.136055 | train 0.015s | val AUPRC 0.888502 | val AUROC 0.978875 | thr 0.78 | best epoch 99
[stage1_unrefined] epoch 100/100 | loss 0.129342 | train 0.015s | val AUPRC 0.886313 | val AUROC 0.977430 | thr 0.90 | best epoch 99
------------------------------------------------------------------------------
STAGE 2: refining the graph (del_ratio = 0.015) and retraining
/workspace/COMP8851-fraud-dataset-analysis-main/models/ghrn/scripts/run_one.py:398: FutureWarning: You are using `torch.load` with `weights_only=False` (the current default value), which uses the default pickle module implicitly. It is possible to construct malicious pickle data which will execute arbitrary code during unpickling (See https://github.com/pytorch/pytorch/blob/main/SECURITY.md#untrusted-models for more details). In a future release, the default value for `weights_only` will be flipped to `True`. This limits the functions that could be executed during unpickling. Arbitrary objects will no longer be allowed to be loaded via this mode unless they are explicitly allowlisted by the user via `torch.serialization.add_safe_globals`. We recommend you start setting `weights_only=True` for any use case where you don't have full control of the loaded file. Please open an issue on GitHub for any issues related to this experimental feature.
  model.load_state_dict(torch.load(stage1["checkpoint"], map_location=device))
Edges 8,847,096 -> 8,714,390 (132,706 removed)
Training-edge heterophily 0.052157 -> 0.052496
[stage2_refined] epoch   1/100 | loss 31.577915 | train 0.018s | val AUPRC 0.281583 | val AUROC 0.724386 | thr 0.50 | best epoch 1
[stage2_refined] epoch   2/100 | loss 71.813606 | train 0.015s | val AUPRC 0.384926 | val AUROC 0.779819 | thr 0.50 | best epoch 2
[stage2_refined] epoch   3/100 | loss 52.614140 | train 0.015s | val AUPRC 0.621659 | val AUROC 0.818157 | thr 0.01 | best epoch 3
[stage2_refined] epoch   4/100 | loss 21.742264 | train 0.015s | val AUPRC 0.123323 | val AUROC 0.618975 | thr 0.99 | best epoch 3
[stage2_refined] epoch   5/100 | loss 20.604939 | train 0.015s | val AUPRC 0.122135 | val AUROC 0.616025 | thr 0.99 | best epoch 3
[stage2_refined] epoch   6/100 | loss 14.376358 | train 0.015s | val AUPRC 0.231758 | val AUROC 0.784926 | thr 0.99 | best epoch 3
[stage2_refined] epoch   7/100 | loss 9.624621 | train 0.015s | val AUPRC 0.251491 | val AUROC 0.815449 | thr 0.89 | best epoch 3
[stage2_refined] epoch   8/100 | loss 6.332348 | train 0.015s | val AUPRC 0.543550 | val AUROC 0.878573 | thr 0.15 | best epoch 3
[stage2_refined] epoch   9/100 | loss 5.075143 | train 0.015s | val AUPRC 0.721107 | val AUROC 0.890704 | thr 0.04 | best epoch 9
[stage2_refined] epoch  10/100 | loss 6.497743 | train 0.015s | val AUPRC 0.734631 | val AUROC 0.883764 | thr 0.50 | best epoch 10
[stage2_refined] epoch  11/100 | loss 6.294942 | train 0.015s | val AUPRC 0.751792 | val AUROC 0.886341 | thr 0.70 | best epoch 11
[stage2_refined] epoch  12/100 | loss 5.045781 | train 0.015s | val AUPRC 0.765650 | val AUROC 0.889300 | thr 0.99 | best epoch 12
[stage2_refined] epoch  13/100 | loss 3.683960 | train 0.015s | val AUPRC 0.774800 | val AUROC 0.891347 | thr 0.99 | best epoch 13
[stage2_refined] epoch  14/100 | loss 2.303383 | train 0.015s | val AUPRC 0.716419 | val AUROC 0.892499 | thr 0.99 | best epoch 13
[stage2_refined] epoch  15/100 | loss 1.316250 | train 0.015s | val AUPRC 0.466285 | val AUROC 0.866417 | thr 0.99 | best epoch 13
[stage2_refined] epoch  16/100 | loss 2.665683 | train 0.015s | val AUPRC 0.543890 | val AUROC 0.874903 | thr 0.99 | best epoch 13
[stage2_refined] epoch  17/100 | loss 1.904538 | train 0.015s | val AUPRC 0.752585 | val AUROC 0.891706 | thr 0.99 | best epoch 13
[stage2_refined] epoch  18/100 | loss 0.929175 | train 0.015s | val AUPRC 0.771407 | val AUROC 0.887911 | thr 0.99 | best epoch 13
[stage2_refined] epoch  19/100 | loss 1.062395 | train 0.015s | val AUPRC 0.781840 | val AUROC 0.892443 | thr 0.99 | best epoch 19
[stage2_refined] epoch  20/100 | loss 1.155408 | train 0.015s | val AUPRC 0.786621 | val AUROC 0.898536 | thr 0.99 | best epoch 20
[stage2_refined] epoch  21/100 | loss 1.069559 | train 0.015s | val AUPRC 0.791947 | val AUROC 0.907160 | thr 0.99 | best epoch 21
[stage2_refined] epoch  22/100 | loss 0.841444 | train 0.016s | val AUPRC 0.811513 | val AUROC 0.931167 | thr 0.98 | best epoch 22
[stage2_refined] epoch  23/100 | loss 0.533557 | train 0.015s | val AUPRC 0.790406 | val AUROC 0.937839 | thr 0.96 | best epoch 22
[stage2_refined] epoch  24/100 | loss 0.457769 | train 0.015s | val AUPRC 0.711227 | val AUROC 0.920513 | thr 0.99 | best epoch 22
[stage2_refined] epoch  25/100 | loss 0.672388 | train 0.015s | val AUPRC 0.764636 | val AUROC 0.926964 | thr 0.98 | best epoch 22
[stage2_refined] epoch  26/100 | loss 0.473441 | train 0.015s | val AUPRC 0.810379 | val AUROC 0.934533 | thr 0.98 | best epoch 22
[stage2_refined] epoch  27/100 | loss 0.398889 | train 0.015s | val AUPRC 0.798572 | val AUROC 0.916958 | thr 0.58 | best epoch 22
[stage2_refined] epoch  28/100 | loss 0.501102 | train 0.015s | val AUPRC 0.794158 | val AUROC 0.912852 | thr 0.59 | best epoch 22
[stage2_refined] epoch  29/100 | loss 0.506935 | train 0.015s | val AUPRC 0.790732 | val AUROC 0.913075 | thr 0.64 | best epoch 22
[stage2_refined] epoch  30/100 | loss 0.449916 | train 0.015s | val AUPRC 0.782027 | val AUROC 0.919001 | thr 0.77 | best epoch 22
[stage2_refined] epoch  31/100 | loss 0.359142 | train 0.015s | val AUPRC 0.733023 | val AUROC 0.911114 | thr 0.99 | best epoch 22
[stage2_refined] epoch  32/100 | loss 0.497501 | train 0.015s | val AUPRC 0.772600 | val AUROC 0.916566 | thr 0.99 | best epoch 22
[stage2_refined] epoch  33/100 | loss 0.410493 | train 0.015s | val AUPRC 0.790558 | val AUROC 0.918088 | thr 0.70 | best epoch 22
[stage2_refined] epoch  34/100 | loss 0.348741 | train 0.015s | val AUPRC 0.789707 | val AUROC 0.915414 | thr 0.60 | best epoch 22
[stage2_refined] epoch  35/100 | loss 0.387578 | train 0.015s | val AUPRC 0.793575 | val AUROC 0.916174 | thr 0.59 | best epoch 22
[stage2_refined] epoch  36/100 | loss 0.386626 | train 0.015s | val AUPRC 0.800157 | val AUROC 0.924373 | thr 0.59 | best epoch 22
[stage2_refined] epoch  37/100 | loss 0.343238 | train 0.015s | val AUPRC 0.806369 | val AUROC 0.937566 | thr 0.73 | best epoch 22
[stage2_refined] epoch  38/100 | loss 0.296939 | train 0.015s | val AUPRC 0.790257 | val AUROC 0.939317 | thr 0.99 | best epoch 22
[stage2_refined] epoch  39/100 | loss 0.339906 | train 0.015s | val AUPRC 0.799483 | val AUROC 0.943196 | thr 0.99 | best epoch 22
[stage2_refined] epoch  40/100 | loss 0.313719 | train 0.015s | val AUPRC 0.820889 | val AUROC 0.945824 | thr 0.97 | best epoch 40
[stage2_refined] epoch  41/100 | loss 0.287328 | train 0.015s | val AUPRC 0.820505 | val AUROC 0.941952 | thr 0.63 | best epoch 40
[stage2_refined] epoch  42/100 | loss 0.310274 | train 0.015s | val AUPRC 0.825765 | val AUROC 0.946709 | thr 0.98 | best epoch 42
[stage2_refined] epoch  43/100 | loss 0.298231 | train 0.015s | val AUPRC 0.830492 | val AUROC 0.955512 | thr 0.97 | best epoch 43
[stage2_refined] epoch  44/100 | loss 0.267110 | train 0.015s | val AUPRC 0.810520 | val AUROC 0.949910 | thr 0.98 | best epoch 43
[stage2_refined] epoch  45/100 | loss 0.283928 | train 0.015s | val AUPRC 0.813252 | val AUROC 0.950869 | thr 0.99 | best epoch 43
[stage2_refined] epoch  46/100 | loss 0.275612 | train 0.015s | val AUPRC 0.829754 | val AUROC 0.956510 | thr 0.56 | best epoch 43
[stage2_refined] epoch  47/100 | loss 0.257372 | train 0.015s | val AUPRC 0.828846 | val AUROC 0.954296 | thr 0.49 | best epoch 43
[stage2_refined] epoch  48/100 | loss 0.270548 | train 0.015s | val AUPRC 0.835940 | val AUROC 0.954820 | thr 0.55 | best epoch 48
[stage2_refined] epoch  49/100 | loss 0.266051 | train 0.015s | val AUPRC 0.830011 | val AUROC 0.956467 | thr 0.77 | best epoch 48
[stage2_refined] epoch  50/100 | loss 0.250213 | train 0.015s | val AUPRC 0.811715 | val AUROC 0.952097 | thr 0.90 | best epoch 48
[stage2_refined] epoch  51/100 | loss 0.255375 | train 0.016s | val AUPRC 0.813031 | val AUROC 0.952847 | thr 0.90 | best epoch 48
[stage2_refined] epoch  52/100 | loss 0.251577 | train 0.015s | val AUPRC 0.827975 | val AUROC 0.957083 | thr 0.82 | best epoch 48
[stage2_refined] epoch  53/100 | loss 0.237531 | train 0.015s | val AUPRC 0.831945 | val AUROC 0.953526 | thr 0.84 | best epoch 48
[stage2_refined] epoch  54/100 | loss 0.243527 | train 0.015s | val AUPRC 0.830074 | val AUROC 0.952993 | thr 0.80 | best epoch 48
[stage2_refined] epoch  55/100 | loss 0.241133 | train 0.015s | val AUPRC 0.839921 | val AUROC 0.957760 | thr 0.82 | best epoch 55
[stage2_refined] epoch  56/100 | loss 0.229826 | train 0.015s | val AUPRC 0.826084 | val AUROC 0.957075 | thr 0.83 | best epoch 55
[stage2_refined] epoch  57/100 | loss 0.232530 | train 0.015s | val AUPRC 0.822595 | val AUROC 0.957165 | thr 0.83 | best epoch 55
[stage2_refined] epoch  58/100 | loss 0.232371 | train 0.015s | val AUPRC 0.833807 | val AUROC 0.959235 | thr 0.86 | best epoch 55
[stage2_refined] epoch  59/100 | loss 0.223370 | train 0.015s | val AUPRC 0.836503 | val AUROC 0.958370 | thr 0.86 | best epoch 55
[stage2_refined] epoch  60/100 | loss 0.224886 | train 0.015s | val AUPRC 0.835491 | val AUROC 0.957504 | thr 0.91 | best epoch 55
[stage2_refined] epoch  61/100 | loss 0.224462 | train 0.015s | val AUPRC 0.833632 | val AUROC 0.959021 | thr 0.87 | best epoch 55
[stage2_refined] epoch  62/100 | loss 0.217770 | train 0.015s | val AUPRC 0.824376 | val AUROC 0.958990 | thr 0.83 | best epoch 55
[stage2_refined] epoch  63/100 | loss 0.217002 | train 0.015s | val AUPRC 0.822277 | val AUROC 0.958459 | thr 0.81 | best epoch 55
[stage2_refined] epoch  64/100 | loss 0.215530 | train 0.015s | val AUPRC 0.831782 | val AUROC 0.959590 | thr 0.76 | best epoch 55
[stage2_refined] epoch  65/100 | loss 0.211093 | train 0.015s | val AUPRC 0.835618 | val AUROC 0.961146 | thr 0.79 | best epoch 55
[stage2_refined] epoch  66/100 | loss 0.208764 | train 0.015s | val AUPRC 0.834544 | val AUROC 0.961758 | thr 0.81 | best epoch 55
[stage2_refined] epoch  67/100 | loss 0.205806 | train 0.015s | val AUPRC 0.834695 | val AUROC 0.960791 | thr 0.82 | best epoch 55
[stage2_refined] epoch  68/100 | loss 0.204385 | train 0.015s | val AUPRC 0.836014 | val AUROC 0.960339 | thr 0.82 | best epoch 55
[stage2_refined] epoch  69/100 | loss 0.203061 | train 0.015s | val AUPRC 0.835470 | val AUROC 0.959840 | thr 0.80 | best epoch 55
[stage2_refined] epoch  70/100 | loss 0.200829 | train 0.015s | val AUPRC 0.827735 | val AUROC 0.959652 | thr 0.82 | best epoch 55
[stage2_refined] epoch  71/100 | loss 0.198081 | train 0.015s | val AUPRC 0.822768 | val AUROC 0.959699 | thr 0.85 | best epoch 55
[stage2_refined] epoch  72/100 | loss 0.195991 | train 0.015s | val AUPRC 0.824774 | val AUROC 0.959535 | thr 0.83 | best epoch 55
[stage2_refined] epoch  73/100 | loss 0.193934 | train 0.015s | val AUPRC 0.826597 | val AUROC 0.959325 | thr 0.84 | best epoch 55
[stage2_refined] epoch  74/100 | loss 0.191459 | train 0.015s | val AUPRC 0.824818 | val AUROC 0.959235 | thr 0.85 | best epoch 55
[stage2_refined] epoch  75/100 | loss 0.190139 | train 0.015s | val AUPRC 0.825133 | val AUROC 0.959489 | thr 0.89 | best epoch 55
[stage2_refined] early stopping: no improvement for 20 epochs
/workspace/COMP8851-fraud-dataset-analysis-main/models/ghrn/scripts/run_one.py:445: FutureWarning: You are using `torch.load` with `weights_only=False` (the current default value), which uses the default pickle module implicitly. It is possible to construct malicious pickle data which will execute arbitrary code during unpickling (See https://github.com/pytorch/pytorch/blob/main/SECURITY.md#untrusted-models for more details). In a future release, the default value for `weights_only` will be flipped to `True`. This limits the functions that could be executed during unpickling. Arbitrary objects will no longer be allowed to be loaded via this mode unless they are explicitly allowlisted by the user via `torch.serialization.add_safe_globals`. We recommend you start setting `weights_only=True` for any use case where you don't have full control of the loaded file. Please open an issue on GitHub for any issues related to this experimental feature.
  model.load_state_dict(torch.load(selected["checkpoint"], map_location=device))
------------------------------------------------------------------------------
test auroc: 0.961140
test auprc: 0.850601
test macro_f1: 0.917160
test fraud_f1: 0.849445
test fraud_precision: 0.887417
test fraud_recall: 0.814590
test gmean: 0.897626
test accuracy: 0.972512
threshold: 0.82 (chosen on validation Macro-F1)
selected stage: stage2_refined, best epoch 55
------------------------------------------------------------------------------
Artefacts: results/results_ghrn/raw/ghrn/amazon/unified/tr40/seed_42
Artefact bundle complete: True
RUN STATUS: COMPLETE
