nohup: ignoring input
/workspace/COMP8851-fraud-dataset-analysis/models/dga-gnn/dga_gnn_upstream/code
wandb: Tracking run with wandb version 0.13.10
wandb: W&B syncing is set to `offline` in this directory.  
wandb: Run `wandb online` or set WANDB_MODE=online to enable cloud syncing.
========================================
数据名称 fdcompcn
总样本数: 5317
欺诈样本数: 559
非欺诈样本数: 4758
欺诈样本占比: 10.51%
特征个数: 57

invest_bc2bc边关系下的统计信息:
边的个数: 10865
平均出度: 2.04
provide_bc2bc边关系下的统计信息:
边的个数: 6077
平均出度: 1.14
sale_bc2bc边关系下的统计信息:
边的个数: 6359
平均出度: 1.20

数据划分情况:
训练集: 2126 验证集: 1053 测试集: 2138
训练集: 39.98% 验证集: 19.80% 测试集: 40.21%
========================================
超参数设定：
dname: fdcompcn
project: dga_reproduction
model: dga_bin
bin_encoding: true
n_head: 2
n_hidden: 64
p: 0.3
k: 4
z: 0.025
seed: 42
bs: 256
lr: 0.001
weight_decay: 0.0005
max_epochs: 10000
patience: 25
usegpu: true
gpuid: 0
nowandb: true

n_etypes 3
n_classes 2
========================================
after bin_encoding： (5317, 265)
========================================
{'unclear_up': 0.025, 'unclear_down': 0.025}
GPU available: True (cuda), used: True
TPU available: False, using: 0 TPU cores
IPU available: False, using: 0 IPUs
HPU available: False, using: 0 HPUs
You are using a CUDA device ('NVIDIA RTX A6000') that has Tensor Cores. To properly utilize them, you should set `torch.set_float32_matmul_precision('medium' | 'high')` which will trade-off precision for performance. For more details, read https://pytorch.org/docs/stable/generated/torch.set_float32_matmul_precision.html#torch.set_float32_matmul_precision
LOCAL_RANK: 0 - CUDA_VISIBLE_DEVICES: [0]

  | Name | Type | Params
------------------------------
0 | dga  | DGA  | 117 K 
------------------------------
117 K     Trainable params
0         Non-trainable params
117 K     Total params
0.471     Total estimated model params size (MB)
Epoch 0: {'val_loss': '0.62610', 'g0': '0.00009', 'g1': '0.05308', 'flip_r': '0.00188', 'pmean': '0.44625', 'trn_auc': '0.48255', 'val_auc': '0.48702', 'tst_auc': '0.49695', 'trn_aps': '0.10334', 'val_aps': '0.10743', 'tst_aps': '0.10846', 'trn_loss0': '0.96161'}
Epoch 1: {'val_loss': '0.49831', 'g0': '0.00006', 'g1': '0.05311', 'flip_r': '0.00207', 'pmean': '0.34524', 'trn_auc': '0.50225', 'val_auc': '0.50866', 'tst_auc': '0.52247', 'trn_aps': '0.10811', 'val_aps': '0.12235', 'tst_aps': '0.11976', 'trn_loss0': '0.69537'}
Epoch 2: {'val_loss': '0.40438', 'g0': '0.00019', 'g1': '0.05298', 'flip_r': '0.00244', 'pmean': '0.23833', 'trn_auc': '0.50305', 'val_auc': '0.50098', 'tst_auc': '0.51749', 'trn_aps': '0.11093', 'val_aps': '0.10967', 'tst_aps': '0.11785', 'trn_loss0': '0.55401'}
Epoch 3: {'val_loss': '0.36886', 'g0': '0.00022', 'g1': '0.05295', 'flip_r': '0.00094', 'pmean': '0.17534', 'trn_auc': '0.50981', 'val_auc': '0.49740', 'tst_auc': '0.51982', 'trn_aps': '0.11576', 'val_aps': '0.11019', 'tst_aps': '0.11386', 'trn_loss0': '0.45567'}
Epoch 4: {'val_loss': '0.35376', 'g0': '0.00042', 'g1': '0.05275', 'flip_r': '0.00376', 'pmean': '0.13101', 'trn_auc': '0.51034', 'val_auc': '0.49885', 'tst_auc': '0.51998', 'trn_aps': '0.11792', 'val_aps': '0.10951', 'tst_aps': '0.11433', 'trn_loss0': '0.43241'}
Epoch 5: {'val_loss': '0.35126', 'g0': '0.00048', 'g1': '0.05269', 'flip_r': '0.00451', 'pmean': '0.10434', 'trn_auc': '0.51659', 'val_auc': '0.51144', 'tst_auc': '0.52094', 'trn_aps': '0.12263', 'val_aps': '0.13509', 'tst_aps': '0.11497', 'trn_loss0': '0.39814'}
Epoch 6: {'val_loss': '0.35572', 'g0': '0.00093', 'g1': '0.05224', 'flip_r': '0.01072', 'pmean': '0.08616', 'trn_auc': '0.52111', 'val_auc': '0.51347', 'tst_auc': '0.51454', 'trn_aps': '0.12204', 'val_aps': '0.13463', 'tst_aps': '0.11195', 'trn_loss0': '0.40489'}
Epoch 7: {'val_loss': '0.35963', 'g0': '0.00132', 'g1': '0.05185', 'flip_r': '0.01222', 'pmean': '0.07478', 'trn_auc': '0.51472', 'val_auc': '0.50947', 'tst_auc': '0.51640', 'trn_aps': '0.11717', 'val_aps': '0.11772', 'tst_aps': '0.11406', 'trn_loss0': '0.38952'}
Epoch 8: {'val_loss': '0.35571', 'g0': '0.00094', 'g1': '0.05223', 'flip_r': '0.01053', 'pmean': '0.07681', 'trn_auc': '0.52373', 'val_auc': '0.51580', 'tst_auc': '0.51823', 'trn_aps': '0.11792', 'val_aps': '0.11938', 'tst_aps': '0.11576', 'trn_loss0': '0.39003'}
Epoch 9: {'val_loss': '0.35450', 'g0': '0.00087', 'g1': '0.05230', 'flip_r': '0.00545', 'pmean': '0.07836', 'trn_auc': '0.52534', 'val_auc': '0.50770', 'tst_auc': '0.52379', 'trn_aps': '0.11712', 'val_aps': '0.11215', 'tst_aps': '0.11843', 'trn_loss0': '0.37630'}
Epoch 10: {'val_loss': '0.35171', 'g0': '0.00050', 'g1': '0.05267', 'flip_r': '0.01034', 'pmean': '0.08364', 'trn_auc': '0.51933', 'val_auc': '0.49244', 'tst_auc': '0.51896', 'trn_aps': '0.11391', 'val_aps': '0.10863', 'tst_aps': '0.12093', 'trn_loss0': '0.36928'}
Epoch 11: {'val_loss': '0.35011', 'g0': '0.00051', 'g1': '0.05266', 'flip_r': '0.00583', 'pmean': '0.08716', 'trn_auc': '0.51920', 'val_auc': '0.48790', 'tst_auc': '0.51871', 'trn_aps': '0.11380', 'val_aps': '0.10903', 'tst_aps': '0.12055', 'trn_loss0': '0.37261'}
Epoch 12: {'val_loss': '0.35446', 'g0': '0.00053', 'g1': '0.05264', 'flip_r': '0.00790', 'pmean': '0.09797', 'trn_auc': '0.52276', 'val_auc': '0.51687', 'tst_auc': '0.50967', 'trn_aps': '0.11879', 'val_aps': '0.11570', 'tst_aps': '0.10944', 'trn_loss0': '0.38303'}
Epoch 13: {'val_loss': '0.35974', 'g0': '0.00058', 'g1': '0.05259', 'flip_r': '0.00545', 'pmean': '0.09232', 'trn_auc': '0.52277', 'val_auc': '0.51475', 'tst_auc': '0.50657', 'trn_aps': '0.11625', 'val_aps': '0.12225', 'tst_aps': '0.11397', 'trn_loss0': '0.37452'}
Epoch 14: {'val_loss': '0.36068', 'g0': '0.00065', 'g1': '0.05252', 'flip_r': '0.00470', 'pmean': '0.10870', 'trn_auc': '0.52660', 'val_auc': '0.50828', 'tst_auc': '0.50110', 'trn_aps': '0.11740', 'val_aps': '0.11904', 'tst_aps': '0.11064', 'trn_loss0': '0.36672'}
Epoch 15: {'val_loss': '0.35146', 'g0': '0.00069', 'g1': '0.05248', 'flip_r': '0.00564', 'pmean': '0.10708', 'trn_auc': '0.52160', 'val_auc': '0.51804', 'tst_auc': '0.51244', 'trn_aps': '0.11178', 'val_aps': '0.12677', 'tst_aps': '0.11709', 'trn_loss0': '0.36474'}
Epoch 16: {'val_loss': '0.34502', 'g0': '0.00053', 'g1': '0.05264', 'flip_r': '0.00790', 'pmean': '0.09254', 'trn_auc': '0.50363', 'val_auc': '0.50143', 'tst_auc': '0.51613', 'trn_aps': '0.10736', 'val_aps': '0.12776', 'tst_aps': '0.12113', 'trn_loss0': '0.35804'}
Epoch 17: {'val_loss': '0.34350', 'g0': '0.00047', 'g1': '0.05270', 'flip_r': '0.00489', 'pmean': '0.09510', 'trn_auc': '0.51025', 'val_auc': '0.50769', 'tst_auc': '0.51371', 'trn_aps': '0.11053', 'val_aps': '0.11915', 'tst_aps': '0.11749', 'trn_loss0': '0.36248'}
Epoch 18: {'val_loss': '0.34836', 'g0': '0.00043', 'g1': '0.05274', 'flip_r': '0.00602', 'pmean': '0.10021', 'trn_auc': '0.50915', 'val_auc': '0.51118', 'tst_auc': '0.50710', 'trn_aps': '0.11387', 'val_aps': '0.12594', 'tst_aps': '0.11743', 'trn_loss0': '0.36498'}
Epoch 19: {'val_loss': '0.34746', 'g0': '0.00037', 'g1': '0.05280', 'flip_r': '0.00527', 'pmean': '0.09315', 'trn_auc': '0.50355', 'val_auc': '0.49572', 'tst_auc': '0.50311', 'trn_aps': '0.10593', 'val_aps': '0.10857', 'tst_aps': '0.11009', 'trn_loss0': '0.35897'}
Epoch 20: {'val_loss': '0.34437', 'g0': '0.00035', 'g1': '0.05282', 'flip_r': '0.00489', 'pmean': '0.09527', 'trn_auc': '0.50906', 'val_auc': '0.50123', 'tst_auc': '0.51427', 'trn_aps': '0.10715', 'val_aps': '0.10928', 'tst_aps': '0.11272', 'trn_loss0': '0.35362'}
Epoch 21: {'val_loss': '0.34440', 'g0': '0.00027', 'g1': '0.05290', 'flip_r': '0.00564', 'pmean': '0.09253', 'trn_auc': '0.49938', 'val_auc': '0.49474', 'tst_auc': '0.50950', 'trn_aps': '0.11071', 'val_aps': '0.10813', 'tst_aps': '0.11059', 'trn_loss0': '0.35927'}
Epoch 22: {'val_loss': '0.34252', 'g0': '0.00032', 'g1': '0.05285', 'flip_r': '0.00320', 'pmean': '0.09989', 'trn_auc': '0.50089', 'val_auc': '0.49206', 'tst_auc': '0.50474', 'trn_aps': '0.11139', 'val_aps': '0.10903', 'tst_aps': '0.10775', 'trn_loss0': '0.35492'}
Epoch 23: {'val_loss': '0.34389', 'g0': '0.00044', 'g1': '0.05273', 'flip_r': '0.00527', 'pmean': '0.10511', 'trn_auc': '0.50812', 'val_auc': '0.50665', 'tst_auc': '0.49430', 'trn_aps': '0.11049', 'val_aps': '0.11503', 'tst_aps': '0.11273', 'trn_loss0': '0.36219'}
Epoch 24: {'val_loss': '0.34373', 'g0': '0.00039', 'g1': '0.05278', 'flip_r': '0.00583', 'pmean': '0.09220', 'trn_auc': '0.50217', 'val_auc': '0.48950', 'tst_auc': '0.50543', 'trn_aps': '0.10770', 'val_aps': '0.11353', 'tst_aps': '0.10818', 'trn_loss0': '0.35019'}
Epoch 25: {'val_loss': '0.34402', 'g0': '0.00036', 'g1': '0.05281', 'flip_r': '0.00470', 'pmean': '0.09104', 'trn_auc': '0.50100', 'val_auc': '0.50076', 'tst_auc': '0.51518', 'trn_aps': '0.10774', 'val_aps': '0.11644', 'tst_aps': '0.11252', 'trn_loss0': '0.35789'}
Epoch 26: {'val_loss': '0.34323', 'g0': '0.00031', 'g1': '0.05286', 'flip_r': '0.00282', 'pmean': '0.09371', 'trn_auc': '0.50797', 'val_auc': '0.51045', 'tst_auc': '0.51365', 'trn_aps': '0.11175', 'val_aps': '0.11828', 'tst_aps': '0.11697', 'trn_loss0': '0.35890'}
Epoch 27: {'val_loss': '0.34255', 'g0': '0.00031', 'g1': '0.05286', 'flip_r': '0.00113', 'pmean': '0.09679', 'trn_auc': '0.50787', 'val_auc': '0.51022', 'tst_auc': '0.51394', 'trn_aps': '0.11107', 'val_aps': '0.11622', 'tst_aps': '0.11593', 'trn_loss0': '0.35131'}
Epoch 28: {'val_loss': '0.33975', 'g0': '0.00026', 'g1': '0.05291', 'flip_r': '0.00244', 'pmean': '0.10025', 'trn_auc': '0.51254', 'val_auc': '0.53023', 'tst_auc': '0.51534', 'trn_aps': '0.11151', 'val_aps': '0.11839', 'tst_aps': '0.11642', 'trn_loss0': '0.35054'}
Epoch 29: {'val_loss': '0.33887', 'g0': '0.00026', 'g1': '0.05291', 'flip_r': '0.00376', 'pmean': '0.10680', 'trn_auc': '0.52575', 'val_auc': '0.51607', 'tst_auc': '0.52081', 'trn_aps': '0.11811', 'val_aps': '0.11808', 'tst_aps': '0.11743', 'trn_loss0': '0.34835'}
Epoch 30: {'val_loss': '0.34120', 'g0': '0.00028', 'g1': '0.05289', 'flip_r': '0.00339', 'pmean': '0.10650', 'trn_auc': '0.52526', 'val_auc': '0.51680', 'tst_auc': '0.51328', 'trn_aps': '0.11554', 'val_aps': '0.11794', 'tst_aps': '0.11464', 'trn_loss0': '0.35648'}
Epoch 31: {'val_loss': '0.34024', 'g0': '0.00023', 'g1': '0.05294', 'flip_r': '0.00395', 'pmean': '0.10430', 'trn_auc': '0.52638', 'val_auc': '0.52797', 'tst_auc': '0.52359', 'trn_aps': '0.11527', 'val_aps': '0.12164', 'tst_aps': '0.11780', 'trn_loss0': '0.35499'}
Epoch 32: {'val_loss': '0.34039', 'g0': '0.00019', 'g1': '0.05298', 'flip_r': '0.00339', 'pmean': '0.10555', 'trn_auc': '0.52488', 'val_auc': '0.52281', 'tst_auc': '0.52276', 'trn_aps': '0.11514', 'val_aps': '0.11868', 'tst_aps': '0.11835', 'trn_loss0': '0.35000'}
Epoch 33: {'val_loss': '0.33936', 'g0': '0.00028', 'g1': '0.05289', 'flip_r': '0.00470', 'pmean': '0.11588', 'trn_auc': '0.53777', 'val_auc': '0.54562', 'tst_auc': '0.53092', 'trn_aps': '0.11685', 'val_aps': '0.12597', 'tst_aps': '0.11763', 'trn_loss0': '0.35006'}
Epoch 34: {'val_loss': '0.33945', 'g0': '0.00016', 'g1': '0.05301', 'flip_r': '0.00451', 'pmean': '0.10074', 'trn_auc': '0.53504', 'val_auc': '0.54259', 'tst_auc': '0.52546', 'trn_aps': '0.11542', 'val_aps': '0.12234', 'tst_aps': '0.12236', 'trn_loss0': '0.35898'}
Epoch 35: {'val_loss': '0.34034', 'g0': '0.00020', 'g1': '0.05297', 'flip_r': '0.00263', 'pmean': '0.10074', 'trn_auc': '0.53521', 'val_auc': '0.52560', 'tst_auc': '0.51612', 'trn_aps': '0.11461', 'val_aps': '0.11855', 'tst_aps': '0.11806', 'trn_loss0': '0.34644'}
Epoch 00036: reducing learning rate of group 0 to 5.0000e-04.
Epoch 36: {'val_loss': '0.34028', 'g0': '0.00018', 'g1': '0.05299', 'flip_r': '0.00263', 'pmean': '0.10160', 'trn_auc': '0.54187', 'val_auc': '0.53635', 'tst_auc': '0.52324', 'trn_aps': '0.11634', 'val_aps': '0.12183', 'tst_aps': '0.11710', 'trn_loss0': '0.34819'}
Epoch 37: {'val_loss': '0.34204', 'g0': '0.00019', 'g1': '0.05298', 'flip_r': '0.00094', 'pmean': '0.10417', 'trn_auc': '0.54377', 'val_auc': '0.55149', 'tst_auc': '0.52645', 'trn_aps': '0.11768', 'val_aps': '0.12514', 'tst_aps': '0.11766', 'trn_loss0': '0.35172'}
Epoch 38: {'val_loss': '0.33802', 'g0': '0.00026', 'g1': '0.05291', 'flip_r': '0.00545', 'pmean': '0.10852', 'trn_auc': '0.54182', 'val_auc': '0.55020', 'tst_auc': '0.53289', 'trn_aps': '0.11834', 'val_aps': '0.12918', 'tst_aps': '0.11982', 'trn_loss0': '0.34897'}
Epoch 39: {'val_loss': '0.33751', 'g0': '0.00029', 'g1': '0.05288', 'flip_r': '0.00207', 'pmean': '0.11620', 'trn_auc': '0.55064', 'val_auc': '0.55671', 'tst_auc': '0.53898', 'trn_aps': '0.12215', 'val_aps': '0.13305', 'tst_aps': '0.12338', 'trn_loss0': '0.35129'}
Epoch 40: {'val_loss': '0.33715', 'g0': '0.00031', 'g1': '0.05286', 'flip_r': '0.00188', 'pmean': '0.11453', 'trn_auc': '0.56487', 'val_auc': '0.56464', 'tst_auc': '0.54135', 'trn_aps': '0.12590', 'val_aps': '0.13352', 'tst_aps': '0.12396', 'trn_loss0': '0.34386'}
Epoch 41: {'val_loss': '0.33725', 'g0': '0.00038', 'g1': '0.05279', 'flip_r': '0.00244', 'pmean': '0.11381', 'trn_auc': '0.56359', 'val_auc': '0.56996', 'tst_auc': '0.53937', 'trn_aps': '0.12611', 'val_aps': '0.13438', 'tst_aps': '0.12673', 'trn_loss0': '0.34817'}
Epoch 42: {'val_loss': '0.33817', 'g0': '0.00025', 'g1': '0.05292', 'flip_r': '0.00433', 'pmean': '0.10817', 'trn_auc': '0.54863', 'val_auc': '0.56865', 'tst_auc': '0.53603', 'trn_aps': '0.12218', 'val_aps': '0.13222', 'tst_aps': '0.12034', 'trn_loss0': '0.33631'}
Epoch 43: {'val_loss': '0.33849', 'g0': '0.00019', 'g1': '0.05298', 'flip_r': '0.00226', 'pmean': '0.11135', 'trn_auc': '0.54257', 'val_auc': '0.55860', 'tst_auc': '0.53567', 'trn_aps': '0.11879', 'val_aps': '0.12972', 'tst_aps': '0.12118', 'trn_loss0': '0.33925'}
Epoch 44: {'val_loss': '0.33908', 'g0': '0.00029', 'g1': '0.05288', 'flip_r': '0.00301', 'pmean': '0.10715', 'trn_auc': '0.54399', 'val_auc': '0.56118', 'tst_auc': '0.53695', 'trn_aps': '0.11898', 'val_aps': '0.13063', 'tst_aps': '0.12167', 'trn_loss0': '0.35094'}
Epoch 45: {'val_loss': '0.33819', 'g0': '0.00021', 'g1': '0.05296', 'flip_r': '0.00301', 'pmean': '0.10471', 'trn_auc': '0.53667', 'val_auc': '0.56898', 'tst_auc': '0.53822', 'trn_aps': '0.11752', 'val_aps': '0.13288', 'tst_aps': '0.12310', 'trn_loss0': '0.34569'}
Epoch 46: {'val_loss': '0.33705', 'g0': '0.00020', 'g1': '0.05297', 'flip_r': '0.00169', 'pmean': '0.10731', 'trn_auc': '0.54101', 'val_auc': '0.56636', 'tst_auc': '0.53899', 'trn_aps': '0.11813', 'val_aps': '0.13048', 'tst_aps': '0.12810', 'trn_loss0': '0.34666'}
Epoch 47: {'val_loss': '0.33711', 'g0': '0.00022', 'g1': '0.05295', 'flip_r': '0.00150', 'pmean': '0.10623', 'trn_auc': '0.54071', 'val_auc': '0.55915', 'tst_auc': '0.54487', 'trn_aps': '0.11658', 'val_aps': '0.12672', 'tst_aps': '0.12909', 'trn_loss0': '0.34408'}
Epoch 48: {'val_loss': '0.33812', 'g0': '0.00024', 'g1': '0.05293', 'flip_r': '0.00113', 'pmean': '0.10697', 'trn_auc': '0.54516', 'val_auc': '0.56165', 'tst_auc': '0.54678', 'trn_aps': '0.11792', 'val_aps': '0.12739', 'tst_aps': '0.12582', 'trn_loss0': '0.34410'}
Epoch 49: {'val_loss': '0.33714', 'g0': '0.00024', 'g1': '0.05293', 'flip_r': '0.00150', 'pmean': '0.10738', 'trn_auc': '0.55600', 'val_auc': '0.57422', 'tst_auc': '0.54227', 'trn_aps': '0.12262', 'val_aps': '0.13382', 'tst_aps': '0.12670', 'trn_loss0': '0.34357'}
Epoch 50: {'val_loss': '0.33734', 'g0': '0.00030', 'g1': '0.05287', 'flip_r': '0.00226', 'pmean': '0.10832', 'trn_auc': '0.55698', 'val_auc': '0.57823', 'tst_auc': '0.54614', 'trn_aps': '0.12488', 'val_aps': '0.13694', 'tst_aps': '0.12620', 'trn_loss0': '0.34211'}
Epoch 51: {'val_loss': '0.33806', 'g0': '0.00036', 'g1': '0.05281', 'flip_r': '0.00376', 'pmean': '0.11227', 'trn_auc': '0.55409', 'val_auc': '0.57263', 'tst_auc': '0.55069', 'trn_aps': '0.12387', 'val_aps': '0.13156', 'tst_aps': '0.13013', 'trn_loss0': '0.33892'}
Epoch 52: {'val_loss': '0.33739', 'g0': '0.00019', 'g1': '0.05298', 'flip_r': '0.00433', 'pmean': '0.11155', 'trn_auc': '0.54889', 'val_auc': '0.56390', 'tst_auc': '0.53824', 'trn_aps': '0.11853', 'val_aps': '0.12753', 'tst_aps': '0.12482', 'trn_loss0': '0.34719'}
Epoch 00053: reducing learning rate of group 0 to 2.5000e-04.
Epoch 53: {'val_loss': '0.33650', 'g0': '0.00028', 'g1': '0.05289', 'flip_r': '0.00320', 'pmean': '0.11256', 'trn_auc': '0.55453', 'val_auc': '0.57186', 'tst_auc': '0.54651', 'trn_aps': '0.12292', 'val_aps': '0.12954', 'tst_aps': '0.12988', 'trn_loss0': '0.33876'}
Epoch 54: {'val_loss': '0.33719', 'g0': '0.00007', 'g1': '0.05310', 'flip_r': '0.00470', 'pmean': '0.11626', 'trn_auc': '0.55086', 'val_auc': '0.55679', 'tst_auc': '0.54840', 'trn_aps': '0.11786', 'val_aps': '0.12524', 'tst_aps': '0.12730', 'trn_loss0': '0.34171'}
Epoch 55: {'val_loss': '0.33734', 'g0': '0.00011', 'g1': '0.05306', 'flip_r': '0.00150', 'pmean': '0.11590', 'trn_auc': '0.55408', 'val_auc': '0.56012', 'tst_auc': '0.54451', 'trn_aps': '0.11884', 'val_aps': '0.12619', 'tst_aps': '0.11899', 'trn_loss0': '0.34914'}
Epoch 56: {'val_loss': '0.33665', 'g0': '0.00008', 'g1': '0.05309', 'flip_r': '0.00169', 'pmean': '0.11750', 'trn_auc': '0.56604', 'val_auc': '0.57307', 'tst_auc': '0.55953', 'trn_aps': '0.12637', 'val_aps': '0.13383', 'tst_aps': '0.12853', 'trn_loss0': '0.34125'}
Epoch 57: {'val_loss': '0.33868', 'g0': '0.00012', 'g1': '0.05305', 'flip_r': '0.00113', 'pmean': '0.11779', 'trn_auc': '0.58084', 'val_auc': '0.58098', 'tst_auc': '0.56334', 'trn_aps': '0.13251', 'val_aps': '0.13414', 'tst_aps': '0.13074', 'trn_loss0': '0.33729'}
Epoch 58: {'val_loss': '0.33881', 'g0': '0.00006', 'g1': '0.05311', 'flip_r': '0.00150', 'pmean': '0.11612', 'trn_auc': '0.58758', 'val_auc': '0.58625', 'tst_auc': '0.56642', 'trn_aps': '0.13474', 'val_aps': '0.13599', 'tst_aps': '0.13083', 'trn_loss0': '0.34003'}
Epoch 59: {'val_loss': '0.33999', 'g0': '0.00009', 'g1': '0.05308', 'flip_r': '0.00056', 'pmean': '0.11505', 'trn_auc': '0.58458', 'val_auc': '0.59024', 'tst_auc': '0.56556', 'trn_aps': '0.13403', 'val_aps': '0.13737', 'tst_aps': '0.12813', 'trn_loss0': '0.34305'}
Epoch 00060: reducing learning rate of group 0 to 1.2500e-04.
Epoch 60: {'val_loss': '0.34027', 'g0': '0.00010', 'g1': '0.05307', 'flip_r': '0.00056', 'pmean': '0.11543', 'trn_auc': '0.57697', 'val_auc': '0.57906', 'tst_auc': '0.56675', 'trn_aps': '0.13225', 'val_aps': '0.13348', 'tst_aps': '0.12956', 'trn_loss0': '0.33796'}
Epoch 61: {'val_loss': '0.34113', 'g0': '0.00011', 'g1': '0.05306', 'flip_r': '0.00019', 'pmean': '0.11561', 'trn_auc': '0.58587', 'val_auc': '0.58629', 'tst_auc': '0.57228', 'trn_aps': '0.13382', 'val_aps': '0.13584', 'tst_aps': '0.12972', 'trn_loss0': '0.34167'}
Epoch 62: {'val_loss': '0.34121', 'g0': '0.00012', 'g1': '0.05305', 'flip_r': '0.00056', 'pmean': '0.11640', 'trn_auc': '0.58083', 'val_auc': '0.58297', 'tst_auc': '0.57466', 'trn_aps': '0.13138', 'val_aps': '0.13773', 'tst_aps': '0.12955', 'trn_loss0': '0.33996'}
Epoch 63: {'val_loss': '0.33969', 'g0': '0.00011', 'g1': '0.05306', 'flip_r': '0.00019', 'pmean': '0.11307', 'trn_auc': '0.58450', 'val_auc': '0.58016', 'tst_auc': '0.56806', 'trn_aps': '0.13136', 'val_aps': '0.13523', 'tst_aps': '0.12842', 'trn_loss0': '0.33970'}
Epoch 64: {'val_loss': '0.34094', 'g0': '0.00030', 'g1': '0.05287', 'flip_r': '0.00508', 'pmean': '0.11292', 'trn_auc': '0.58223', 'val_auc': '0.58434', 'tst_auc': '0.56325', 'trn_aps': '0.13151', 'val_aps': '0.13635', 'tst_aps': '0.12754', 'trn_loss0': '0.34114'}
Epoch 65: {'val_loss': '0.33510', 'g0': '0.00008', 'g1': '0.05309', 'flip_r': '0.00414', 'pmean': '0.11432', 'trn_auc': '0.58356', 'val_auc': '0.58692', 'tst_auc': '0.56763', 'trn_aps': '0.13051', 'val_aps': '0.13793', 'tst_aps': '0.13070', 'trn_loss0': '0.33725'}
Epoch 66: {'val_loss': '0.33577', 'g0': '0.00008', 'g1': '0.05309', 'flip_r': '0.00150', 'pmean': '0.11374', 'trn_auc': '0.57690', 'val_auc': '0.57388', 'tst_auc': '0.55805', 'trn_aps': '0.12741', 'val_aps': '0.12939', 'tst_aps': '0.12420', 'trn_loss0': '0.34178'}
Epoch 67: {'val_loss': '0.33745', 'g0': '0.00017', 'g1': '0.05300', 'flip_r': '0.00244', 'pmean': '0.11353', 'trn_auc': '0.58153', 'val_auc': '0.57847', 'tst_auc': '0.55486', 'trn_aps': '0.12860', 'val_aps': '0.13390', 'tst_aps': '0.12275', 'trn_loss0': '0.33897'}
Epoch 68: {'val_loss': '0.33596', 'g0': '0.00009', 'g1': '0.05308', 'flip_r': '0.00226', 'pmean': '0.11648', 'trn_auc': '0.57561', 'val_auc': '0.57364', 'tst_auc': '0.56116', 'trn_aps': '0.12735', 'val_aps': '0.13058', 'tst_aps': '0.12613', 'trn_loss0': '0.33920'}
Epoch 69: {'val_loss': '0.33597', 'g0': '0.00011', 'g1': '0.05306', 'flip_r': '0.00075', 'pmean': '0.11441', 'trn_auc': '0.58387', 'val_auc': '0.58598', 'tst_auc': '0.55915', 'trn_aps': '0.13057', 'val_aps': '0.13398', 'tst_aps': '0.12382', 'trn_loss0': '0.34232'}
Epoch 70: {'val_loss': '0.33541', 'g0': '0.00011', 'g1': '0.05306', 'flip_r': '0.00188', 'pmean': '0.11326', 'trn_auc': '0.58903', 'val_auc': '0.59841', 'tst_auc': '0.56711', 'trn_aps': '0.13358', 'val_aps': '0.13860', 'tst_aps': '0.13008', 'trn_loss0': '0.34822'}
Epoch 71: {'val_loss': '0.33711', 'g0': '0.00007', 'g1': '0.05310', 'flip_r': '0.00075', 'pmean': '0.11029', 'trn_auc': '0.59648', 'val_auc': '0.60060', 'tst_auc': '0.56626', 'trn_aps': '0.13748', 'val_aps': '0.13927', 'tst_aps': '0.13158', 'trn_loss0': '0.33825'}
Epoch 00072: reducing learning rate of group 0 to 6.2500e-05.
Epoch 72: {'val_loss': '0.33818', 'g0': '0.00010', 'g1': '0.05307', 'flip_r': '0.00056', 'pmean': '0.11161', 'trn_auc': '0.59677', 'val_auc': '0.59803', 'tst_auc': '0.57003', 'trn_aps': '0.13781', 'val_aps': '0.13709', 'tst_aps': '0.12944', 'trn_loss0': '0.34166'}
Epoch 73: {'val_loss': '0.33838', 'g0': '0.00009', 'g1': '0.05308', 'flip_r': '0.00094', 'pmean': '0.11335', 'trn_auc': '0.59424', 'val_auc': '0.59398', 'tst_auc': '0.57426', 'trn_aps': '0.13579', 'val_aps': '0.13773', 'tst_aps': '0.13316', 'trn_loss0': '0.33599'}
Epoch 74: {'val_loss': '0.33936', 'g0': '0.00009', 'g1': '0.05308', 'flip_r': '0.00038', 'pmean': '0.11453', 'trn_auc': '0.59214', 'val_auc': '0.58904', 'tst_auc': '0.57478', 'trn_aps': '0.13593', 'val_aps': '0.13704', 'tst_aps': '0.13090', 'trn_loss0': '0.33538'}
Epoch 75: {'val_loss': '0.33413', 'g0': '0.00016', 'g1': '0.05301', 'flip_r': '0.00395', 'pmean': '0.11478', 'trn_auc': '0.58764', 'val_auc': '0.60106', 'tst_auc': '0.56562', 'trn_aps': '0.13413', 'val_aps': '0.14076', 'tst_aps': '0.13147', 'trn_loss0': '0.33939'}
Epoch 76: {'val_loss': '0.33431', 'g0': '0.00011', 'g1': '0.05306', 'flip_r': '0.00132', 'pmean': '0.11542', 'trn_auc': '0.58327', 'val_auc': '0.58978', 'tst_auc': '0.56783', 'trn_aps': '0.13109', 'val_aps': '0.13711', 'tst_aps': '0.13181', 'trn_loss0': '0.33961'}
Epoch 77: {'val_loss': '0.33423', 'g0': '0.00011', 'g1': '0.05306', 'flip_r': '0.00000', 'pmean': '0.11458', 'trn_auc': '0.59040', 'val_auc': '0.59836', 'tst_auc': '0.56549', 'trn_aps': '0.13429', 'val_aps': '0.13925', 'tst_aps': '0.13112', 'trn_loss0': '0.33957'}
Epoch 78: {'val_loss': '0.33445', 'g0': '0.00015', 'g1': '0.05302', 'flip_r': '0.00113', 'pmean': '0.11193', 'trn_auc': '0.58731', 'val_auc': '0.59932', 'tst_auc': '0.57541', 'trn_aps': '0.13476', 'val_aps': '0.14117', 'tst_aps': '0.13700', 'trn_loss0': '0.34063'}
Epoch 79: {'val_loss': '0.33416', 'g0': '0.00015', 'g1': '0.05302', 'flip_r': '0.00038', 'pmean': '0.11155', 'trn_auc': '0.59446', 'val_auc': '0.60641', 'tst_auc': '0.57793', 'trn_aps': '0.13742', 'val_aps': '0.14346', 'tst_aps': '0.13387', 'trn_loss0': '0.33701'}
Epoch 80: {'val_loss': '0.33507', 'g0': '0.00016', 'g1': '0.05301', 'flip_r': '0.00019', 'pmean': '0.11500', 'trn_auc': '0.58724', 'val_auc': '0.60415', 'tst_auc': '0.57842', 'trn_aps': '0.13261', 'val_aps': '0.14279', 'tst_aps': '0.13586', 'trn_loss0': '0.33682'}
Epoch 81: {'val_loss': '0.33463', 'g0': '0.00015', 'g1': '0.05302', 'flip_r': '0.00019', 'pmean': '0.11123', 'trn_auc': '0.59901', 'val_auc': '0.60016', 'tst_auc': '0.58143', 'trn_aps': '0.13847', 'val_aps': '0.14070', 'tst_aps': '0.13664', 'trn_loss0': '0.33923'}
Epoch 00082: reducing learning rate of group 0 to 3.1250e-05.
Epoch 82: {'val_loss': '0.33364', 'g0': '0.00012', 'g1': '0.05305', 'flip_r': '0.00056', 'pmean': '0.11237', 'trn_auc': '0.59165', 'val_auc': '0.60157', 'tst_auc': '0.57601', 'trn_aps': '0.13663', 'val_aps': '0.14235', 'tst_aps': '0.13223', 'trn_loss0': '0.33841'}
Epoch 83: {'val_loss': '0.33404', 'g0': '0.00014', 'g1': '0.05303', 'flip_r': '0.00113', 'pmean': '0.11070', 'trn_auc': '0.60066', 'val_auc': '0.60288', 'tst_auc': '0.57501', 'trn_aps': '0.13887', 'val_aps': '0.14341', 'tst_aps': '0.13444', 'trn_loss0': '0.33734'}
Epoch 84: {'val_loss': '0.33385', 'g0': '0.00022', 'g1': '0.05295', 'flip_r': '0.00301', 'pmean': '0.11109', 'trn_auc': '0.60614', 'val_auc': '0.61689', 'tst_auc': '0.57122', 'trn_aps': '0.13968', 'val_aps': '0.14257', 'tst_aps': '0.13488', 'trn_loss0': '0.33659'}
Epoch 85: {'val_loss': '0.33419', 'g0': '0.00023', 'g1': '0.05294', 'flip_r': '0.00094', 'pmean': '0.11225', 'trn_auc': '0.60941', 'val_auc': '0.61680', 'tst_auc': '0.56974', 'trn_aps': '0.14237', 'val_aps': '0.14277', 'tst_aps': '0.13269', 'trn_loss0': '0.34116'}
Epoch 86: {'val_loss': '0.33472', 'g0': '0.00023', 'g1': '0.05294', 'flip_r': '0.00188', 'pmean': '0.11197', 'trn_auc': '0.60374', 'val_auc': '0.60528', 'tst_auc': '0.57440', 'trn_aps': '0.13903', 'val_aps': '0.14170', 'tst_aps': '0.13413', 'trn_loss0': '0.33587'}
Epoch 87: {'val_loss': '0.33473', 'g0': '0.00023', 'g1': '0.05294', 'flip_r': '0.00188', 'pmean': '0.11206', 'trn_auc': '0.60293', 'val_auc': '0.61271', 'tst_auc': '0.56826', 'trn_aps': '0.13926', 'val_aps': '0.14341', 'tst_aps': '0.13224', 'trn_loss0': '0.33935'}
Epoch 88: {'val_loss': '0.33393', 'g0': '0.00023', 'g1': '0.05294', 'flip_r': '0.00113', 'pmean': '0.11189', 'trn_auc': '0.60412', 'val_auc': '0.61421', 'tst_auc': '0.56451', 'trn_aps': '0.13957', 'val_aps': '0.14357', 'tst_aps': '0.13173', 'trn_loss0': '0.33831'}
Epoch 00089: reducing learning rate of group 0 to 1.5625e-05.
Epoch 89: {'val_loss': '0.33445', 'g0': '0.00030', 'g1': '0.05287', 'flip_r': '0.00169', 'pmean': '0.11260', 'trn_auc': '0.59625', 'val_auc': '0.60752', 'tst_auc': '0.56462', 'trn_aps': '0.13613', 'val_aps': '0.14259', 'tst_aps': '0.13155', 'trn_loss0': '0.34065'}
Epoch 90: {'val_loss': '0.33433', 'g0': '0.00019', 'g1': '0.05298', 'flip_r': '0.00207', 'pmean': '0.11170', 'trn_auc': '0.60150', 'val_auc': '0.61139', 'tst_auc': '0.56270', 'trn_aps': '0.13841', 'val_aps': '0.14462', 'tst_aps': '0.13236', 'trn_loss0': '0.33792'}
Epoch 91: {'val_loss': '0.33501', 'g0': '0.00016', 'g1': '0.05301', 'flip_r': '0.00169', 'pmean': '0.11214', 'trn_auc': '0.60294', 'val_auc': '0.61199', 'tst_auc': '0.56459', 'trn_aps': '0.13815', 'val_aps': '0.14408', 'tst_aps': '0.13100', 'trn_loss0': '0.33393'}
Epoch 92: {'val_loss': '0.33561', 'g0': '0.00018', 'g1': '0.05299', 'flip_r': '0.00150', 'pmean': '0.11379', 'trn_auc': '0.60396', 'val_auc': '0.61101', 'tst_auc': '0.56565', 'trn_aps': '0.14051', 'val_aps': '0.14231', 'tst_aps': '0.13290', 'trn_loss0': '0.34327'}
Epoch 93: {'val_loss': '0.33495', 'g0': '0.00015', 'g1': '0.05302', 'flip_r': '0.00169', 'pmean': '0.11496', 'trn_auc': '0.59496', 'val_auc': '0.60625', 'tst_auc': '0.56551', 'trn_aps': '0.13676', 'val_aps': '0.14259', 'tst_aps': '0.13325', 'trn_loss0': '0.33762'}
Epoch 94: {'val_loss': '0.33444', 'g0': '0.00021', 'g1': '0.05296', 'flip_r': '0.00301', 'pmean': '0.11375', 'trn_auc': '0.59879', 'val_auc': '0.59965', 'tst_auc': '0.56947', 'trn_aps': '0.13833', 'val_aps': '0.14107', 'tst_aps': '0.13268', 'trn_loss0': '0.34243'}
Epoch 00095: reducing learning rate of group 0 to 7.8125e-06.
Epoch 95: {'val_loss': '0.33451', 'g0': '0.00021', 'g1': '0.05296', 'flip_r': '0.00113', 'pmean': '0.11267', 'trn_auc': '0.59626', 'val_auc': '0.59797', 'tst_auc': '0.56661', 'trn_aps': '0.13681', 'val_aps': '0.14213', 'tst_aps': '0.13357', 'trn_loss0': '0.33524'}
Epoch 96: {'val_loss': '0.33426', 'g0': '0.00024', 'g1': '0.05293', 'flip_r': '0.00320', 'pmean': '0.11069', 'trn_auc': '0.60210', 'val_auc': '0.60223', 'tst_auc': '0.56508', 'trn_aps': '0.13862', 'val_aps': '0.14149', 'tst_aps': '0.13464', 'trn_loss0': '0.34116'}
Epoch 97: {'val_loss': '0.33412', 'g0': '0.00020', 'g1': '0.05297', 'flip_r': '0.00301', 'pmean': '0.11062', 'trn_auc': '0.59848', 'val_auc': '0.59969', 'tst_auc': '0.56939', 'trn_aps': '0.13907', 'val_aps': '0.13939', 'tst_aps': '0.13813', 'trn_loss0': '0.33963'}
Epoch 98: {'val_loss': '0.33498', 'g0': '0.00029', 'g1': '0.05288', 'flip_r': '0.00207', 'pmean': '0.11051', 'trn_auc': '0.59517', 'val_auc': '0.59954', 'tst_auc': '0.57274', 'trn_aps': '0.13609', 'val_aps': '0.14118', 'tst_aps': '0.13550', 'trn_loss0': '0.33683'}
Epoch 99: {'val_loss': '0.33471', 'g0': '0.00024', 'g1': '0.05293', 'flip_r': '0.00282', 'pmean': '0.11263', 'trn_auc': '0.60238', 'val_auc': '0.61078', 'tst_auc': '0.56043', 'trn_aps': '0.13937', 'val_aps': '0.14542', 'tst_aps': '0.13126', 'trn_loss0': '0.33325'}
Epoch 100: {'val_loss': '0.33552', 'g0': '0.00024', 'g1': '0.05293', 'flip_r': '0.00150', 'pmean': '0.11413', 'trn_auc': '0.60075', 'val_auc': '0.60576', 'tst_auc': '0.55492', 'trn_aps': '0.13943', 'val_aps': '0.14350', 'tst_aps': '0.12861', 'trn_loss0': '0.33653'}
Epoch 00101: reducing learning rate of group 0 to 3.9063e-06.
Epoch 101: {'val_loss': '0.33462', 'g0': '0.00024', 'g1': '0.05293', 'flip_r': '0.00188', 'pmean': '0.11297', 'trn_auc': '0.60906', 'val_auc': '0.61952', 'tst_auc': '0.56608', 'trn_aps': '0.14157', 'val_aps': '0.14846', 'tst_aps': '0.13242', 'trn_loss0': '0.34412'}
Epoch 102: {'val_loss': '0.33498', 'g0': '0.00032', 'g1': '0.05285', 'flip_r': '0.00301', 'pmean': '0.11361', 'trn_auc': '0.60508', 'val_auc': '0.61538', 'tst_auc': '0.56740', 'trn_aps': '0.14153', 'val_aps': '0.14606', 'tst_aps': '0.13163', 'trn_loss0': '0.33642'}
Epoch 103: {'val_loss': '0.33409', 'g0': '0.00020', 'g1': '0.05297', 'flip_r': '0.00301', 'pmean': '0.11163', 'trn_auc': '0.59820', 'val_auc': '0.60030', 'tst_auc': '0.56586', 'trn_aps': '0.13505', 'val_aps': '0.13874', 'tst_aps': '0.13157', 'trn_loss0': '0.33803'}
Epoch 104: {'val_loss': '0.33386', 'g0': '0.00020', 'g1': '0.05297', 'flip_r': '0.00150', 'pmean': '0.11115', 'trn_auc': '0.60013', 'val_auc': '0.60934', 'tst_auc': '0.57024', 'trn_aps': '0.13670', 'val_aps': '0.14400', 'tst_aps': '0.13634', 'trn_loss0': '0.33742'}
Epoch 105: {'val_loss': '0.33416', 'g0': '0.00018', 'g1': '0.05299', 'flip_r': '0.00301', 'pmean': '0.11147', 'trn_auc': '0.59992', 'val_auc': '0.60807', 'tst_auc': '0.57871', 'trn_aps': '0.13619', 'val_aps': '0.14082', 'tst_aps': '0.13532', 'trn_loss0': '0.34293'}
Epoch 106: {'val_loss': '0.33360', 'g0': '0.00012', 'g1': '0.05305', 'flip_r': '0.00339', 'pmean': '0.11197', 'trn_auc': '0.60004', 'val_auc': '0.60504', 'tst_auc': '0.56758', 'trn_aps': '0.13663', 'val_aps': '0.14206', 'tst_aps': '0.13192', 'trn_loss0': '0.33604'}
Epoch 107: {'val_loss': '0.33526', 'g0': '0.00013', 'g1': '0.05304', 'flip_r': '0.00433', 'pmean': '0.11144', 'trn_auc': '0.58750', 'val_auc': '0.58115', 'tst_auc': '0.56534', 'trn_aps': '0.13143', 'val_aps': '0.13308', 'tst_aps': '0.12977', 'trn_loss0': '0.34340'}
Epoch 108: {'val_loss': '0.33359', 'g0': '0.00006', 'g1': '0.05311', 'flip_r': '0.00320', 'pmean': '0.11336', 'trn_auc': '0.60009', 'val_auc': '0.61332', 'tst_auc': '0.56080', 'trn_aps': '0.13798', 'val_aps': '0.14675', 'tst_aps': '0.13228', 'trn_loss0': '0.33645'}
Epoch 109: {'val_loss': '0.33451', 'g0': '0.00024', 'g1': '0.05293', 'flip_r': '0.00414', 'pmean': '0.11000', 'trn_auc': '0.60365', 'val_auc': '0.60583', 'tst_auc': '0.57142', 'trn_aps': '0.14078', 'val_aps': '0.14572', 'tst_aps': '0.13525', 'trn_loss0': '0.33825'}
Epoch 110: {'val_loss': '0.33462', 'g0': '0.00025', 'g1': '0.05292', 'flip_r': '0.00545', 'pmean': '0.10942', 'trn_auc': '0.60514', 'val_auc': '0.60121', 'tst_auc': '0.57789', 'trn_aps': '0.14216', 'val_aps': '0.14076', 'tst_aps': '0.13437', 'trn_loss0': '0.33492'}
Epoch 111: {'val_loss': '0.33421', 'g0': '0.00017', 'g1': '0.05300', 'flip_r': '0.00226', 'pmean': '0.10909', 'trn_auc': '0.60904', 'val_auc': '0.61773', 'tst_auc': '0.58652', 'trn_aps': '0.14111', 'val_aps': '0.14806', 'tst_aps': '0.14009', 'trn_loss0': '0.33707'}
Epoch 112: {'val_loss': '0.33408', 'g0': '0.00015', 'g1': '0.05302', 'flip_r': '0.00075', 'pmean': '0.11151', 'trn_auc': '0.60851', 'val_auc': '0.61306', 'tst_auc': '0.58073', 'trn_aps': '0.14209', 'val_aps': '0.14508', 'tst_aps': '0.13882', 'trn_loss0': '0.33932'}
Epoch 00113: reducing learning rate of group 0 to 1.9531e-06.
Epoch 113: {'val_loss': '0.33420', 'g0': '0.00016', 'g1': '0.05301', 'flip_r': '0.00094', 'pmean': '0.11197', 'trn_auc': '0.60660', 'val_auc': '0.60577', 'tst_auc': '0.58014', 'trn_aps': '0.14000', 'val_aps': '0.14428', 'tst_aps': '0.13791', 'trn_loss0': '0.33645'}
Epoch 114: {'val_loss': '0.33456', 'g0': '0.00017', 'g1': '0.05300', 'flip_r': '0.00056', 'pmean': '0.11047', 'trn_auc': '0.60712', 'val_auc': '0.59887', 'tst_auc': '0.58064', 'trn_aps': '0.14123', 'val_aps': '0.14265', 'tst_aps': '0.13523', 'trn_loss0': '0.33715'}
Epoch 115: {'val_loss': '0.33412', 'g0': '0.00008', 'g1': '0.05309', 'flip_r': '0.00207', 'pmean': '0.11034', 'trn_auc': '0.60991', 'val_auc': '0.60366', 'tst_auc': '0.58085', 'trn_aps': '0.14478', 'val_aps': '0.14306', 'tst_aps': '0.13597', 'trn_loss0': '0.34083'}
Epoch 116: {'val_loss': '0.33444', 'g0': '0.00020', 'g1': '0.05297', 'flip_r': '0.00226', 'pmean': '0.11330', 'trn_auc': '0.60689', 'val_auc': '0.60330', 'tst_auc': '0.58053', 'trn_aps': '0.14128', 'val_aps': '0.14166', 'tst_aps': '0.13663', 'trn_loss0': '0.33674'}
Epoch 117: {'val_loss': '0.33350', 'g0': '0.00021', 'g1': '0.05296', 'flip_r': '0.00132', 'pmean': '0.11335', 'trn_auc': '0.60965', 'val_auc': '0.61454', 'tst_auc': '0.58282', 'trn_aps': '0.13965', 'val_aps': '0.14416', 'tst_aps': '0.13761', 'trn_loss0': '0.34521'}
Epoch 118: {'val_loss': '0.33366', 'g0': '0.00014', 'g1': '0.05303', 'flip_r': '0.00169', 'pmean': '0.11177', 'trn_auc': '0.60120', 'val_auc': '0.59715', 'tst_auc': '0.57365', 'trn_aps': '0.13764', 'val_aps': '0.14350', 'tst_aps': '0.13557', 'trn_loss0': '0.33895'}
Epoch 119: {'val_loss': '0.33311', 'g0': '0.00012', 'g1': '0.05305', 'flip_r': '0.00414', 'pmean': '0.11277', 'trn_auc': '0.60446', 'val_auc': '0.59964', 'tst_auc': '0.57477', 'trn_aps': '0.14053', 'val_aps': '0.14116', 'tst_aps': '0.13451', 'trn_loss0': '0.33760'}
Epoch 120: {'val_loss': '0.33311', 'g0': '0.00012', 'g1': '0.05305', 'flip_r': '0.00150', 'pmean': '0.11126', 'trn_auc': '0.60707', 'val_auc': '0.60504', 'tst_auc': '0.58398', 'trn_aps': '0.14164', 'val_aps': '0.14248', 'tst_aps': '0.13709', 'trn_loss0': '0.33951'}
Epoch 121: {'val_loss': '0.33412', 'g0': '0.00007', 'g1': '0.05310', 'flip_r': '0.00169', 'pmean': '0.11159', 'trn_auc': '0.59925', 'val_auc': '0.60550', 'tst_auc': '0.57773', 'trn_aps': '0.13749', 'val_aps': '0.14330', 'tst_aps': '0.13640', 'trn_loss0': '0.33665'}
Epoch 122: {'val_loss': '0.33540', 'g0': '0.00029', 'g1': '0.05288', 'flip_r': '0.00451', 'pmean': '0.11172', 'trn_auc': '0.60137', 'val_auc': '0.60511', 'tst_auc': '0.58190', 'trn_aps': '0.13840', 'val_aps': '0.14164', 'tst_aps': '0.13776', 'trn_loss0': '0.33341'}
Epoch 123: {'val_loss': '0.33406', 'g0': '0.00018', 'g1': '0.05299', 'flip_r': '0.00320', 'pmean': '0.11193', 'trn_auc': '0.60152', 'val_auc': '0.60595', 'tst_auc': '0.57480', 'trn_aps': '0.13888', 'val_aps': '0.14368', 'tst_aps': '0.13804', 'trn_loss0': '0.34215'}
Epoch 124: {'val_loss': '0.33399', 'g0': '0.00008', 'g1': '0.05309', 'flip_r': '0.00301', 'pmean': '0.11247', 'trn_auc': '0.60110', 'val_auc': '0.60161', 'tst_auc': '0.57234', 'trn_aps': '0.13908', 'val_aps': '0.14279', 'tst_aps': '0.13436', 'trn_loss0': '0.33992'}
Epoch 125: {'val_loss': '0.33414', 'g0': '0.00006', 'g1': '0.05311', 'flip_r': '0.00150', 'pmean': '0.11462', 'trn_auc': '0.60862', 'val_auc': '0.61345', 'tst_auc': '0.57878', 'trn_aps': '0.14083', 'val_aps': '0.14701', 'tst_aps': '0.13452', 'trn_loss0': '0.33498'}
Epoch 00126: reducing learning rate of group 0 to 9.7656e-07.
Epoch 126: {'val_loss': '0.33519', 'g0': '0.00007', 'g1': '0.05310', 'flip_r': '0.00019', 'pmean': '0.11267', 'trn_auc': '0.60491', 'val_auc': '0.60572', 'tst_auc': '0.57933', 'trn_aps': '0.13956', 'val_aps': '0.14670', 'tst_aps': '0.13504', 'trn_loss0': '0.33871'}
Epoch 127: {'val_loss': '0.33569', 'g0': '0.00006', 'g1': '0.05311', 'flip_r': '0.00056', 'pmean': '0.11451', 'trn_auc': '0.60884', 'val_auc': '0.60665', 'tst_auc': '0.58134', 'trn_aps': '0.14182', 'val_aps': '0.14382', 'tst_aps': '0.13477', 'trn_loss0': '0.33814'}
Epoch 128: {'val_loss': '0.33713', 'g0': '0.00012', 'g1': '0.05305', 'flip_r': '0.00113', 'pmean': '0.11286', 'trn_auc': '0.60212', 'val_auc': '0.60062', 'tst_auc': '0.58030', 'trn_aps': '0.13897', 'val_aps': '0.14171', 'tst_aps': '0.13530', 'trn_loss0': '0.33854'}
Epoch 129: {'val_loss': '0.33755', 'g0': '0.00012', 'g1': '0.05305', 'flip_r': '0.00038', 'pmean': '0.11297', 'trn_auc': '0.60606', 'val_auc': '0.60044', 'tst_auc': '0.57322', 'trn_aps': '0.13929', 'val_aps': '0.14240', 'tst_aps': '0.13131', 'trn_loss0': '0.33746'}
Epoch 130: {'val_loss': '0.34181', 'g0': '0.00023', 'g1': '0.05294', 'flip_r': '0.00207', 'pmean': '0.11323', 'trn_auc': '0.59899', 'val_auc': '0.60121', 'tst_auc': '0.57071', 'trn_aps': '0.13675', 'val_aps': '0.14446', 'tst_aps': '0.13219', 'trn_loss0': '0.33719'}
Epoch 131: {'val_loss': '0.33707', 'g0': '0.00017', 'g1': '0.05300', 'flip_r': '0.00188', 'pmean': '0.11227', 'trn_auc': '0.59433', 'val_auc': '0.59522', 'tst_auc': '0.56257', 'trn_aps': '0.13564', 'val_aps': '0.13649', 'tst_aps': '0.12962', 'trn_loss0': '0.34230'}
Epoch 00132: reducing learning rate of group 0 to 4.8828e-07.
Epoch 132: {'val_loss': '0.33457', 'g0': '0.00008', 'g1': '0.05309', 'flip_r': '0.00169', 'pmean': '0.11274', 'trn_auc': '0.58754', 'val_auc': '0.58189', 'tst_auc': '0.56306', 'trn_aps': '0.13217', 'val_aps': '0.13267', 'tst_aps': '0.12956', 'trn_loss0': '0.34262'}
Epoch 133: {'val_loss': '0.33357', 'g0': '0.00008', 'g1': '0.05309', 'flip_r': '0.00075', 'pmean': '0.11180', 'trn_auc': '0.60183', 'val_auc': '0.60598', 'tst_auc': '0.57804', 'trn_aps': '0.13943', 'val_aps': '0.14232', 'tst_aps': '0.13682', 'trn_loss0': '0.33735'}
Epoch 134: {'val_loss': '0.33423', 'g0': '0.00029', 'g1': '0.05288', 'flip_r': '0.00470', 'pmean': '0.11311', 'trn_auc': '0.59597', 'val_auc': '0.60370', 'tst_auc': '0.57008', 'trn_aps': '0.13560', 'val_aps': '0.14116', 'tst_aps': '0.13449', 'trn_loss0': '0.33612'}
Epoch 135: {'val_loss': '0.33428', 'g0': '0.00027', 'g1': '0.05290', 'flip_r': '0.00113', 'pmean': '0.11131', 'trn_auc': '0.59824', 'val_auc': '0.60579', 'tst_auc': '0.57765', 'trn_aps': '0.13823', 'val_aps': '0.14390', 'tst_aps': '0.13622', 'trn_loss0': '0.33789'}
Epoch 136: {'val_loss': '0.33351', 'g0': '0.00009', 'g1': '0.05308', 'flip_r': '0.00489', 'pmean': '0.11347', 'trn_auc': '0.59887', 'val_auc': '0.60448', 'tst_auc': '0.57617', 'trn_aps': '0.13801', 'val_aps': '0.14260', 'tst_aps': '0.13487', 'trn_loss0': '0.33505'}
Epoch 137: {'val_loss': '0.33422', 'g0': '0.00009', 'g1': '0.05308', 'flip_r': '0.00113', 'pmean': '0.11082', 'trn_auc': '0.60807', 'val_auc': '0.60475', 'tst_auc': '0.58113', 'trn_aps': '0.14317', 'val_aps': '0.14333', 'tst_aps': '0.13671', 'trn_loss0': '0.33658'}
Epoch 00138: reducing learning rate of group 0 to 2.4414e-07.
Epoch 138: {'val_loss': '0.33480', 'g0': '0.00008', 'g1': '0.05309', 'flip_r': '0.00019', 'pmean': '0.11243', 'trn_auc': '0.59470', 'val_auc': '0.59622', 'tst_auc': '0.57276', 'trn_aps': '0.13650', 'val_aps': '0.13705', 'tst_aps': '0.13286', 'trn_loss0': '0.33851'}
Epoch 139: {'val_loss': '0.33568', 'g0': '0.00008', 'g1': '0.05309', 'flip_r': '0.00038', 'pmean': '0.11236', 'trn_auc': '0.59916', 'val_auc': '0.60281', 'tst_auc': '0.57905', 'trn_aps': '0.13822', 'val_aps': '0.13847', 'tst_aps': '0.13553', 'trn_loss0': '0.33228'}
Epoch 140: {'val_loss': '0.33776', 'g0': '0.00010', 'g1': '0.05307', 'flip_r': '0.00075', 'pmean': '0.11511', 'trn_auc': '0.59627', 'val_auc': '0.59086', 'tst_auc': '0.57564', 'trn_aps': '0.13724', 'val_aps': '0.13555', 'tst_aps': '0.13508', 'trn_loss0': '0.33664'}
Epoch 141: {'val_loss': '0.33535', 'g0': '0.00016', 'g1': '0.05301', 'flip_r': '0.00301', 'pmean': '0.11225', 'trn_auc': '0.59627', 'val_auc': '0.59916', 'tst_auc': '0.57781', 'trn_aps': '0.13864', 'val_aps': '0.13793', 'tst_aps': '0.13746', 'trn_loss0': '0.33818'}
Epoch 142: {'val_loss': '0.33355', 'g0': '0.00015', 'g1': '0.05302', 'flip_r': '0.00056', 'pmean': '0.11031', 'trn_auc': '0.60410', 'val_auc': '0.60860', 'tst_auc': '0.57822', 'trn_aps': '0.14057', 'val_aps': '0.14378', 'tst_aps': '0.13409', 'trn_loss0': '0.33570'}
Epoch 143: {'val_loss': '0.33276', 'g0': '0.00018', 'g1': '0.05299', 'flip_r': '0.00169', 'pmean': '0.11085', 'trn_auc': '0.60938', 'val_auc': '0.61110', 'tst_auc': '0.57436', 'trn_aps': '0.14413', 'val_aps': '0.14589', 'tst_aps': '0.13497', 'trn_loss0': '0.33648'}
Epoch 144: {'val_loss': '0.33330', 'g0': '0.00013', 'g1': '0.05304', 'flip_r': '0.00132', 'pmean': '0.11366', 'trn_auc': '0.60923', 'val_auc': '0.60959', 'tst_auc': '0.57059', 'trn_aps': '0.14435', 'val_aps': '0.14371', 'tst_aps': '0.13388', 'trn_loss0': '0.33310'}
Epoch 145: {'val_loss': '0.33377', 'g0': '0.00014', 'g1': '0.05303', 'flip_r': '0.00056', 'pmean': '0.11351', 'trn_auc': '0.61047', 'val_auc': '0.61749', 'tst_auc': '0.57361', 'trn_aps': '0.14392', 'val_aps': '0.14721', 'tst_aps': '0.13221', 'trn_loss0': '0.33705'}
Epoch 146: {'val_loss': '0.33494', 'g0': '0.00016', 'g1': '0.05301', 'flip_r': '0.00113', 'pmean': '0.11493', 'trn_auc': '0.59644', 'val_auc': '0.60126', 'tst_auc': '0.57674', 'trn_aps': '0.13688', 'val_aps': '0.14269', 'tst_aps': '0.13542', 'trn_loss0': '0.33825'}
Epoch 147: {'val_loss': '0.33322', 'g0': '0.00014', 'g1': '0.05303', 'flip_r': '0.00113', 'pmean': '0.11307', 'trn_auc': '0.61290', 'val_auc': '0.61797', 'tst_auc': '0.57931', 'trn_aps': '0.14498', 'val_aps': '0.14629', 'tst_aps': '0.13698', 'trn_loss0': '0.33536'}
Epoch 148: {'val_loss': '0.33417', 'g0': '0.00014', 'g1': '0.05303', 'flip_r': '0.00113', 'pmean': '0.11220', 'trn_auc': '0.60145', 'val_auc': '0.60454', 'tst_auc': '0.56490', 'trn_aps': '0.13627', 'val_aps': '0.13959', 'tst_aps': '0.12858', 'trn_loss0': '0.33539'}
Epoch 149: {'val_loss': '0.33432', 'g0': '0.00017', 'g1': '0.05300', 'flip_r': '0.00094', 'pmean': '0.11335', 'trn_auc': '0.59107', 'val_auc': '0.60244', 'tst_auc': '0.56123', 'trn_aps': '0.13273', 'val_aps': '0.13765', 'tst_aps': '0.12579', 'trn_loss0': '0.33619'}
Epoch 00150: reducing learning rate of group 0 to 1.2207e-07.
Epoch 150: {'val_loss': '0.33394', 'g0': '0.00018', 'g1': '0.05299', 'flip_r': '0.00282', 'pmean': '0.10964', 'trn_auc': '0.59171', 'val_auc': '0.60066', 'tst_auc': '0.56218', 'trn_aps': '0.13202', 'val_aps': '0.13700', 'tst_aps': '0.12780', 'trn_loss0': '0.34051'}
Epoch 151: {'val_loss': '0.33381', 'g0': '0.00015', 'g1': '0.05302', 'flip_r': '0.00132', 'pmean': '0.10921', 'trn_auc': '0.59701', 'val_auc': '0.59670', 'tst_auc': '0.56300', 'trn_aps': '0.13290', 'val_aps': '0.13803', 'tst_aps': '0.13062', 'trn_loss0': '0.33883'}
Epoch 152: {'val_loss': '0.33326', 'g0': '0.00020', 'g1': '0.05297', 'flip_r': '0.00094', 'pmean': '0.10990', 'trn_auc': '0.60129', 'val_auc': '0.60817', 'tst_auc': '0.56944', 'trn_aps': '0.13676', 'val_aps': '0.14455', 'tst_aps': '0.13669', 'trn_loss0': '0.33551'}
Epoch 153: {'val_loss': '0.33432', 'g0': '0.00027', 'g1': '0.05290', 'flip_r': '0.00244', 'pmean': '0.10862', 'trn_auc': '0.60308', 'val_auc': '0.60595', 'tst_auc': '0.57708', 'trn_aps': '0.13746', 'val_aps': '0.14415', 'tst_aps': '0.13872', 'trn_loss0': '0.34584'}
Epoch 154: {'val_loss': '0.33370', 'g0': '0.00021', 'g1': '0.05296', 'flip_r': '0.00263', 'pmean': '0.10991', 'trn_auc': '0.60130', 'val_auc': '0.60461', 'tst_auc': '0.57317', 'trn_aps': '0.13799', 'val_aps': '0.14654', 'tst_aps': '0.13655', 'trn_loss0': '0.33605'}
Epoch 155: {'val_loss': '0.33400', 'g0': '0.00021', 'g1': '0.05296', 'flip_r': '0.00226', 'pmean': '0.11227', 'trn_auc': '0.59794', 'val_auc': '0.60174', 'tst_auc': '0.56819', 'trn_aps': '0.13648', 'val_aps': '0.14339', 'tst_aps': '0.13208', 'trn_loss0': '0.33553'}
Epoch 00156: reducing learning rate of group 0 to 6.1035e-08.
Epoch 156: {'val_loss': '0.33444', 'g0': '0.00021', 'g1': '0.05296', 'flip_r': '0.00075', 'pmean': '0.11191', 'trn_auc': '0.59704', 'val_auc': '0.59415', 'tst_auc': '0.56320', 'trn_aps': '0.13760', 'val_aps': '0.14093', 'tst_aps': '0.12981', 'trn_loss0': '0.33702'}
Epoch 157: {'val_loss': '0.33434', 'g0': '0.00020', 'g1': '0.05297', 'flip_r': '0.00056', 'pmean': '0.11147', 'trn_auc': '0.59909', 'val_auc': '0.60912', 'tst_auc': '0.56885', 'trn_aps': '0.13856', 'val_aps': '0.14651', 'tst_aps': '0.13131', 'trn_loss0': '0.34158'}
Epoch 158: {'val_loss': '0.33565', 'g0': '0.00018', 'g1': '0.05299', 'flip_r': '0.00188', 'pmean': '0.11115', 'trn_auc': '0.58939', 'val_auc': '0.59671', 'tst_auc': '0.56746', 'trn_aps': '0.13022', 'val_aps': '0.13849', 'tst_aps': '0.12748', 'trn_loss0': '0.33903'}
Epoch 159: {'val_loss': '0.33436', 'g0': '0.00019', 'g1': '0.05298', 'flip_r': '0.00132', 'pmean': '0.11020', 'trn_auc': '0.59720', 'val_auc': '0.60481', 'tst_auc': '0.57379', 'trn_aps': '0.13674', 'val_aps': '0.14410', 'tst_aps': '0.13322', 'trn_loss0': '0.34076'}
Epoch 160: {'val_loss': '0.33505', 'g0': '0.00023', 'g1': '0.05294', 'flip_r': '0.00150', 'pmean': '0.10997', 'trn_auc': '0.59911', 'val_auc': '0.60533', 'tst_auc': '0.56904', 'trn_aps': '0.13804', 'val_aps': '0.14685', 'tst_aps': '0.13500', 'trn_loss0': '0.34252'}
Epoch 161: {'val_loss': '0.33335', 'g0': '0.00017', 'g1': '0.05300', 'flip_r': '0.00226', 'pmean': '0.11138', 'trn_auc': '0.60822', 'val_auc': '0.61333', 'tst_auc': '0.57213', 'trn_aps': '0.14062', 'val_aps': '0.14735', 'tst_aps': '0.13494', 'trn_loss0': '0.34309'}
Epoch 00162: reducing learning rate of group 0 to 3.0518e-08.
Epoch 162: {'val_loss': '0.33568', 'g0': '0.00016', 'g1': '0.05301', 'flip_r': '0.00169', 'pmean': '0.11276', 'trn_auc': '0.59357', 'val_auc': '0.59836', 'tst_auc': '0.56079', 'trn_aps': '0.13289', 'val_aps': '0.13821', 'tst_aps': '0.12705', 'trn_loss0': '0.33759'}
Epoch 163: {'val_loss': '0.33462', 'g0': '0.00015', 'g1': '0.05302', 'flip_r': '0.00094', 'pmean': '0.11024', 'trn_auc': '0.59191', 'val_auc': '0.59789', 'tst_auc': '0.55732', 'trn_aps': '0.13349', 'val_aps': '0.13769', 'tst_aps': '0.12597', 'trn_loss0': '0.34012'}
Epoch 164: {'val_loss': '0.33406', 'g0': '0.00015', 'g1': '0.05302', 'flip_r': '0.00113', 'pmean': '0.11019', 'trn_auc': '0.59378', 'val_auc': '0.60364', 'tst_auc': '0.56386', 'trn_aps': '0.13723', 'val_aps': '0.14326', 'tst_aps': '0.13341', 'trn_loss0': '0.34177'}
Epoch 165: {'val_loss': '0.33483', 'g0': '0.00019', 'g1': '0.05298', 'flip_r': '0.00113', 'pmean': '0.11170', 'trn_auc': '0.59077', 'val_auc': '0.60358', 'tst_auc': '0.56294', 'trn_aps': '0.13482', 'val_aps': '0.14271', 'tst_aps': '0.12953', 'trn_loss0': '0.33859'}
Epoch 166: {'val_loss': '0.33581', 'g0': '0.00020', 'g1': '0.05297', 'flip_r': '0.00094', 'pmean': '0.11335', 'trn_auc': '0.59965', 'val_auc': '0.60967', 'tst_auc': '0.56432', 'trn_aps': '0.13746', 'val_aps': '0.14266', 'tst_aps': '0.13127', 'trn_loss0': '0.33849'}
Epoch 167: {'val_loss': '0.33485', 'g0': '0.00019', 'g1': '0.05298', 'flip_r': '0.00132', 'pmean': '0.11478', 'trn_auc': '0.59572', 'val_auc': '0.60070', 'tst_auc': '0.56726', 'trn_aps': '0.13818', 'val_aps': '0.14116', 'tst_aps': '0.13193', 'trn_loss0': '0.34058'}
Epoch 00168: reducing learning rate of group 0 to 1.5259e-08.
Epoch 168: {'val_loss': '0.33458', 'g0': '0.00019', 'g1': '0.05298', 'flip_r': '0.00150', 'pmean': '0.11169', 'trn_auc': '0.60465', 'val_auc': '0.59870', 'tst_auc': '0.57174', 'trn_aps': '0.14060', 'val_aps': '0.14457', 'tst_aps': '0.13567', 'trn_loss0': '0.33864'}
training time elapsed 115.94s
Evaluating model in ./lightning_logs/39j9odia/checkpoints/epoch=143-step=1296.ckpt
  0%|          | 0/1 [00:00<?, ?it/s]100%|██████████| 1/1 [00:00<00:00, 29.60it/s]
{'final_trn/auc': '0.59867', 'final_trn/aps': '0.13613', 'final_trn/mf1': '0.54146', 'final_trn/th1': '0.13898', 'final_trn/gme': '0.58552', 'final_trn/th2': '0.11248', 'final_trn/rec': '0.25893', 'final_trn/pre': '0.16715'}
{'final_val/auc': '0.60303', 'final_val/aps': '0.16485', 'final_val/mf1': '0.55440', 'final_val/th1': '0.16236', 'final_val/gme': '0.59577', 'final_val/th2': '0.10686', 'final_val/rec': '0.13514', 'final_val/pre': '0.23810'}
{'final_tst/auc': '0.57949', 'final_tst/aps': '0.12852', 'final_tst/mf1': '0.52264', 'final_tst/th1': '0.16236', 'final_tst/gme': '0.29816', 'final_tst/th2': '0.10686', 'final_tst/rec': '0.09375', 'final_tst/pre': '0.17500'}
wandb: Waiting for W&B process to finish... (success).
wandb: 
wandb: Run history:
wandb:               epoch ▁▁▁▂▂▂▂▂▂▃▃▃▃▃▃▄▄▄▄▄▅▅▅▅▅▅▆▆▆▆▆▆▇▇▇▇▇███
wandb:       final_trn/aps ▁
wandb:       final_trn/auc ▁
wandb:       final_trn/gme ▁
wandb:       final_trn/mf1 ▁
wandb:       final_trn/pre ▁
wandb:       final_trn/rec ▁
wandb:       final_trn/th1 ▁
wandb:       final_trn/th2 ▁
wandb:       final_tst/aps ▁
wandb:       final_tst/auc ▁
wandb:       final_tst/gme ▁
wandb:       final_tst/mf1 ▁
wandb:       final_tst/pre ▁
wandb:       final_tst/rec ▁
wandb:       final_tst/th1 ▁
wandb:       final_tst/th2 ▁
wandb:       final_val/aps ▁
wandb:       final_val/auc ▁
wandb:       final_val/gme ▁
wandb:       final_val/mf1 ▁
wandb:       final_val/pre ▁
wandb:       final_val/rec ▁
wandb:       final_val/th1 ▁
wandb:       final_val/th2 ▁
wandb:              flip_r ▄▇██▇█▇▆▄▄▄▃▆▃▂▁▂▂▁▁▂▃▃▅▅▆▄▄▆▅▂▃▂▅▂▂▄▂▄▃
wandb:                  g0 ▁▅█▅▅▃▄▃▂▃▂▂▄▁▁▁▁▁▁▂▂▃▂▂▂▂▂▁▂▂▁▂▁▂▂▂▃▂▂▂
wandb:                  g1 █▄▁▄▄▆▅▆▇▆▇▇▅██████▇▇▆▇▇▇▇▇█▇▇█▇█▇▇▇▆▇▇▇
wandb:               pmean █▂▁▁▁▁▁▂▂▂▂▂▂▂▂▂▂▂▂▂▂▂▂▂▂▂▂▂▂▂▂▂▂▂▂▂▂▂▂▂
wandb: trainer/global_step ▁▁▁▂▂▂▂▂▂▃▃▃▃▃▃▄▄▄▄▄▅▅▅▅▅▅▆▆▆▆▆▆▇▇▇▇▇███
wandb:             trn_aps ▁▄▃▃▂▂▁▃▂▄▃▃▄▃▆▅▅▆▆▇█▆▆▇▆▅▇█▇▇▇▆█▇█▆▇▇▇▇
wandb:             trn_auc ▁▂▃▂▂▁▁▃▃▄▄▄▄▄▆▆▆▇▇▇█▇▇▇▇▇███▇█▇█▇█▇█▇█▇
wandb:           trn_loss0 █▂▂▂▂▁▁▁▁▁▁▁▁▁▁▁▁▁▁▁▁▁▁▁▁▁▁▁▁▁▁▁▁▁▁▁▁▁▁▁
wandb:             tst_aps ▃▂▃▂▃▁▁▃▃▄▄▅▆▃▅▅▄▆▆▇▆▆▆█▆▆█▇▇█▇▆▇▇▆▅█▆▇▆
wandb:             tst_auc ▂▂▃▁▂▁▂▂▂▄▄▄▅▄▆▆▆▇▆█▇▆▆▇▆▆██▇▇█▆█▇▇▆▇▆▇▆
wandb:        unclear_down ▁
wandb:          unclear_up ▁
wandb:             val_aps ▃▆▂▃▃▁▂▃▃▅▅▄▅▄▆▆▆▆▆▇▇▇▇▆▆▅█▇▇▇▇▆▇▆█▆▇██▇
wandb:             val_auc ▂▂▂▂▂▁▁▂▃▅▅▅▅▅▆▆▆▇▇▇█▇▇▇▇▆█▇▇▇▇▇▇▇█▇▇██▇
wandb:            val_loss █▂▂▂▁▁▁▁▁▁▁▁▁▁▁▁▁▁▁▁▁▁▁▁▁▁▁▁▁▁▁▁▁▁▁▁▁▁▁▁
wandb: 
wandb: Run summary:
wandb:               epoch 168
wandb:       final_trn/aps 0.13613
wandb:       final_trn/auc 0.59867
wandb:       final_trn/gme 0.58552
wandb:       final_trn/mf1 0.54146
wandb:       final_trn/pre 0.16715
wandb:       final_trn/rec 0.25893
wandb:       final_trn/th1 0.13898
wandb:       final_trn/th2 0.11248
wandb:       final_tst/aps 0.12852
wandb:       final_tst/auc 0.57949
wandb:       final_tst/gme 0.29816
wandb:       final_tst/mf1 0.52264
wandb:       final_tst/pre 0.175
wandb:       final_tst/rec 0.09375
wandb:       final_tst/th1 0.16236
wandb:       final_tst/th2 0.10686
wandb:       final_val/aps 0.16485
wandb:       final_val/auc 0.60303
wandb:       final_val/gme 0.59577
wandb:       final_val/mf1 0.5544
wandb:       final_val/pre 0.2381
wandb:       final_val/rec 0.13514
wandb:       final_val/th1 0.16236
wandb:       final_val/th2 0.10686
wandb:              flip_r 0.0015
wandb:                  g0 0.00019
wandb:                  g1 0.05298
wandb:               pmean 0.11169
wandb: trainer/global_step 1520
wandb:             trn_aps 0.1406
wandb:             trn_auc 0.60465
wandb:           trn_loss0 0.33864
wandb:             tst_aps 0.13567
wandb:             tst_auc 0.57174
wandb:        unclear_down 0.025
wandb:          unclear_up 0.025
wandb:             val_aps 0.14457
wandb:             val_auc 0.5987
wandb:            val_loss 0.33458
wandb: 
wandb: You can sync this run to the cloud by running:
wandb: wandb sync /workspace/COMP8851-fraud-dataset-analysis/models/dga-gnn/dga_gnn_upstream/code/wandb/offline-run-20260917_153906-39j9odia
wandb: Find logs at: ./wandb/offline-run-20260917_153906-39j9odia/logs
==============================
==============================
