nohup: ignoring input
/workspace/COMP8851-fraud-dataset-analysis/models/dga-gnn/dga_gnn_upstream/code
wandb: Tracking run with wandb version 0.13.10
wandb: W&B syncing is set to `offline` in this directory.  
wandb: Run `wandb online` or set WANDB_MODE=online to enable cloud syncing.
========================================
数据名称 fdcompcn
总样本数: 5317
欺诈样本数: 559
非欺诈样本数: 4758
欺诈样本占比: 10.51%
特征个数: 57

invest_bc2bc边关系下的统计信息:
边的个数: 10865
平均出度: 2.04
provide_bc2bc边关系下的统计信息:
边的个数: 6077
平均出度: 1.14
sale_bc2bc边关系下的统计信息:
边的个数: 6359
平均出度: 1.20

数据划分情况:
训练集: 2126 验证集: 1053 测试集: 2138
训练集: 39.98% 验证集: 19.80% 测试集: 40.21%
========================================
超参数设定：
dname: fdcompcn
project: dga_reproduction
model: dga_bin
bin_encoding: true
n_head: 2
n_hidden: 64
p: 0.3
k: 4
z: 0.025
seed: 72
bs: 256
lr: 0.001
weight_decay: 0.0005
max_epochs: 10000
patience: 25
usegpu: true
gpuid: 0
nowandb: true

n_etypes 3
n_classes 2
========================================
after bin_encoding： (5317, 265)
========================================
{'unclear_up': 0.025, 'unclear_down': 0.025}
GPU available: True (cuda), used: True
TPU available: False, using: 0 TPU cores
IPU available: False, using: 0 IPUs
HPU available: False, using: 0 HPUs
You are using a CUDA device ('NVIDIA RTX A6000') that has Tensor Cores. To properly utilize them, you should set `torch.set_float32_matmul_precision('medium' | 'high')` which will trade-off precision for performance. For more details, read https://pytorch.org/docs/stable/generated/torch.set_float32_matmul_precision.html#torch.set_float32_matmul_precision
LOCAL_RANK: 0 - CUDA_VISIBLE_DEVICES: [0]

  | Name | Type | Params
------------------------------
0 | dga  | DGA  | 117 K 
------------------------------
117 K     Trainable params
0         Non-trainable params
117 K     Total params
0.471     Total estimated model params size (MB)
Epoch 0: {'val_loss': '0.61441', 'g0': '0.00000', 'g1': '0.05317', 'flip_r': '0.00056', 'pmean': '0.43715', 'trn_auc': '0.54104', 'val_auc': '0.54052', 'tst_auc': '0.52647', 'trn_aps': '0.12258', 'val_aps': '0.12024', 'tst_aps': '0.11410', 'trn_loss0': '0.82101'}
Epoch 1: {'val_loss': '0.42898', 'g0': '0.00010', 'g1': '0.05307', 'flip_r': '0.00188', 'pmean': '0.27344', 'trn_auc': '0.52134', 'val_auc': '0.56896', 'tst_auc': '0.52222', 'trn_aps': '0.11208', 'val_aps': '0.13908', 'tst_aps': '0.11640', 'trn_loss0': '0.59872'}
Epoch 2: {'val_loss': '0.36818', 'g0': '0.00033', 'g1': '0.05284', 'flip_r': '0.00470', 'pmean': '0.17884', 'trn_auc': '0.51250', 'val_auc': '0.57866', 'tst_auc': '0.51521', 'trn_aps': '0.11384', 'val_aps': '0.13983', 'tst_aps': '0.11486', 'trn_loss0': '0.46798'}
Epoch 3: {'val_loss': '0.35679', 'g0': '0.00052', 'g1': '0.05265', 'flip_r': '0.00433', 'pmean': '0.12857', 'trn_auc': '0.51932', 'val_auc': '0.58089', 'tst_auc': '0.51563', 'trn_aps': '0.11876', 'val_aps': '0.13929', 'tst_aps': '0.11789', 'trn_loss0': '0.43023'}
Epoch 4: {'val_loss': '0.35969', 'g0': '0.00108', 'g1': '0.05209', 'flip_r': '0.01091', 'pmean': '0.10731', 'trn_auc': '0.52030', 'val_auc': '0.58164', 'tst_auc': '0.51707', 'trn_aps': '0.11559', 'val_aps': '0.13602', 'tst_aps': '0.11746', 'trn_loss0': '0.40025'}
Epoch 5: {'val_loss': '0.36060', 'g0': '0.00222', 'g1': '0.05095', 'flip_r': '0.02558', 'pmean': '0.09175', 'trn_auc': '0.52577', 'val_auc': '0.57914', 'tst_auc': '0.51928', 'trn_aps': '0.11684', 'val_aps': '0.13100', 'tst_aps': '0.12412', 'trn_loss0': '0.40444'}
Epoch 6: {'val_loss': '0.35430', 'g0': '0.00114', 'g1': '0.05203', 'flip_r': '0.02370', 'pmean': '0.09693', 'trn_auc': '0.53268', 'val_auc': '0.58450', 'tst_auc': '0.51897', 'trn_aps': '0.11949', 'val_aps': '0.13438', 'tst_aps': '0.12016', 'trn_loss0': '0.38456'}
Epoch 7: {'val_loss': '0.35060', 'g0': '0.00108', 'g1': '0.05209', 'flip_r': '0.01091', 'pmean': '0.09253', 'trn_auc': '0.53472', 'val_auc': '0.59665', 'tst_auc': '0.51916', 'trn_aps': '0.12023', 'val_aps': '0.13302', 'tst_aps': '0.11860', 'trn_loss0': '0.38083'}
Epoch 8: {'val_loss': '0.34657', 'g0': '0.00086', 'g1': '0.05231', 'flip_r': '0.00828', 'pmean': '0.09380', 'trn_auc': '0.54215', 'val_auc': '0.59771', 'tst_auc': '0.52720', 'trn_aps': '0.12558', 'val_aps': '0.13222', 'tst_aps': '0.12103', 'trn_loss0': '0.36328'}
Epoch 9: {'val_loss': '0.34339', 'g0': '0.00096', 'g1': '0.05221', 'flip_r': '0.01091', 'pmean': '0.09668', 'trn_auc': '0.54665', 'val_auc': '0.60860', 'tst_auc': '0.53399', 'trn_aps': '0.12606', 'val_aps': '0.13594', 'tst_aps': '0.12426', 'trn_loss0': '0.38052'}
Epoch 10: {'val_loss': '0.34339', 'g0': '0.00076', 'g1': '0.05241', 'flip_r': '0.01091', 'pmean': '0.09125', 'trn_auc': '0.53703', 'val_auc': '0.59707', 'tst_auc': '0.53091', 'trn_aps': '0.12254', 'val_aps': '0.13330', 'tst_aps': '0.12417', 'trn_loss0': '0.38020'}
Epoch 11: {'val_loss': '0.34464', 'g0': '0.00074', 'g1': '0.05243', 'flip_r': '0.01128', 'pmean': '0.09946', 'trn_auc': '0.53504', 'val_auc': '0.61403', 'tst_auc': '0.52035', 'trn_aps': '0.11724', 'val_aps': '0.14417', 'tst_aps': '0.11763', 'trn_loss0': '0.37937'}
Epoch 12: {'val_loss': '0.34584', 'g0': '0.00063', 'g1': '0.05254', 'flip_r': '0.01147', 'pmean': '0.09336', 'trn_auc': '0.52891', 'val_auc': '0.60685', 'tst_auc': '0.50854', 'trn_aps': '0.11821', 'val_aps': '0.14871', 'tst_aps': '0.11104', 'trn_loss0': '0.36099'}
Epoch 13: {'val_loss': '0.34446', 'g0': '0.00083', 'g1': '0.05234', 'flip_r': '0.01091', 'pmean': '0.09235', 'trn_auc': '0.53953', 'val_auc': '0.60711', 'tst_auc': '0.53051', 'trn_aps': '0.12188', 'val_aps': '0.14080', 'tst_aps': '0.11706', 'trn_loss0': '0.36817'}
Epoch 14: {'val_loss': '0.34469', 'g0': '0.00042', 'g1': '0.05275', 'flip_r': '0.01034', 'pmean': '0.09305', 'trn_auc': '0.53140', 'val_auc': '0.61409', 'tst_auc': '0.52534', 'trn_aps': '0.11824', 'val_aps': '0.13970', 'tst_aps': '0.11355', 'trn_loss0': '0.37110'}
Epoch 15: {'val_loss': '0.34203', 'g0': '0.00035', 'g1': '0.05282', 'flip_r': '0.00395', 'pmean': '0.09938', 'trn_auc': '0.52251', 'val_auc': '0.61743', 'tst_auc': '0.52239', 'trn_aps': '0.11558', 'val_aps': '0.14603', 'tst_aps': '0.11029', 'trn_loss0': '0.37201'}
Epoch 16: {'val_loss': '0.34139', 'g0': '0.00033', 'g1': '0.05284', 'flip_r': '0.00339', 'pmean': '0.10204', 'trn_auc': '0.51826', 'val_auc': '0.62979', 'tst_auc': '0.51495', 'trn_aps': '0.11585', 'val_aps': '0.15036', 'tst_aps': '0.11064', 'trn_loss0': '0.36777'}
Epoch 17: {'val_loss': '0.34149', 'g0': '0.00035', 'g1': '0.05282', 'flip_r': '0.00226', 'pmean': '0.10448', 'trn_auc': '0.52818', 'val_auc': '0.62189', 'tst_auc': '0.51978', 'trn_aps': '0.11694', 'val_aps': '0.14662', 'tst_aps': '0.11078', 'trn_loss0': '0.36631'}
Epoch 18: {'val_loss': '0.34494', 'g0': '0.00033', 'g1': '0.05284', 'flip_r': '0.00301', 'pmean': '0.09430', 'trn_auc': '0.52280', 'val_auc': '0.61985', 'tst_auc': '0.52714', 'trn_aps': '0.11370', 'val_aps': '0.13915', 'tst_aps': '0.11190', 'trn_loss0': '0.36527'}
Epoch 19: {'val_loss': '0.34475', 'g0': '0.00030', 'g1': '0.05287', 'flip_r': '0.00395', 'pmean': '0.10546', 'trn_auc': '0.53665', 'val_auc': '0.61178', 'tst_auc': '0.53452', 'trn_aps': '0.11659', 'val_aps': '0.13418', 'tst_aps': '0.11899', 'trn_loss0': '0.35479'}
Epoch 20: {'val_loss': '0.34094', 'g0': '0.00024', 'g1': '0.05293', 'flip_r': '0.00226', 'pmean': '0.11036', 'trn_auc': '0.53673', 'val_auc': '0.62762', 'tst_auc': '0.53587', 'trn_aps': '0.11725', 'val_aps': '0.14266', 'tst_aps': '0.11955', 'trn_loss0': '0.35812'}
Epoch 21: {'val_loss': '0.34147', 'g0': '0.00033', 'g1': '0.05284', 'flip_r': '0.00207', 'pmean': '0.11452', 'trn_auc': '0.53230', 'val_auc': '0.62737', 'tst_auc': '0.53217', 'trn_aps': '0.11694', 'val_aps': '0.15127', 'tst_aps': '0.12055', 'trn_loss0': '0.36595'}
Epoch 22: {'val_loss': '0.34223', 'g0': '0.00026', 'g1': '0.05291', 'flip_r': '0.00320', 'pmean': '0.11390', 'trn_auc': '0.52522', 'val_auc': '0.62889', 'tst_auc': '0.53484', 'trn_aps': '0.11217', 'val_aps': '0.15008', 'tst_aps': '0.11778', 'trn_loss0': '0.34814'}
Epoch 23: {'val_loss': '0.34180', 'g0': '0.00034', 'g1': '0.05283', 'flip_r': '0.00301', 'pmean': '0.10719', 'trn_auc': '0.52922', 'val_auc': '0.64457', 'tst_auc': '0.54134', 'trn_aps': '0.11621', 'val_aps': '0.15448', 'tst_aps': '0.11839', 'trn_loss0': '0.36193'}
Epoch 24: {'val_loss': '0.34225', 'g0': '0.00044', 'g1': '0.05273', 'flip_r': '0.00451', 'pmean': '0.10826', 'trn_auc': '0.53774', 'val_auc': '0.63097', 'tst_auc': '0.54406', 'trn_aps': '0.11906', 'val_aps': '0.15529', 'tst_aps': '0.11741', 'trn_loss0': '0.34634'}
Epoch 25: {'val_loss': '0.33999', 'g0': '0.00043', 'g1': '0.05274', 'flip_r': '0.00433', 'pmean': '0.11732', 'trn_auc': '0.54774', 'val_auc': '0.63554', 'tst_auc': '0.54714', 'trn_aps': '0.12289', 'val_aps': '0.14829', 'tst_aps': '0.11879', 'trn_loss0': '0.35445'}
Epoch 26: {'val_loss': '0.33981', 'g0': '0.00042', 'g1': '0.05275', 'flip_r': '0.00545', 'pmean': '0.11969', 'trn_auc': '0.55130', 'val_auc': '0.64075', 'tst_auc': '0.54157', 'trn_aps': '0.12139', 'val_aps': '0.15129', 'tst_aps': '0.11766', 'trn_loss0': '0.35038'}
Epoch 27: {'val_loss': '0.33754', 'g0': '0.00031', 'g1': '0.05286', 'flip_r': '0.00395', 'pmean': '0.11725', 'trn_auc': '0.56600', 'val_auc': '0.66519', 'tst_auc': '0.54877', 'trn_aps': '0.12615', 'val_aps': '0.15968', 'tst_aps': '0.11736', 'trn_loss0': '0.35033'}
Epoch 28: {'val_loss': '0.33822', 'g0': '0.00036', 'g1': '0.05281', 'flip_r': '0.00282', 'pmean': '0.11637', 'trn_auc': '0.57733', 'val_auc': '0.65552', 'tst_auc': '0.55394', 'trn_aps': '0.12836', 'val_aps': '0.15055', 'tst_aps': '0.12485', 'trn_loss0': '0.35342'}
Epoch 29: {'val_loss': '0.33660', 'g0': '0.00027', 'g1': '0.05290', 'flip_r': '0.00395', 'pmean': '0.11269', 'trn_auc': '0.58567', 'val_auc': '0.65322', 'tst_auc': '0.55885', 'trn_aps': '0.13672', 'val_aps': '0.15272', 'tst_aps': '0.12439', 'trn_loss0': '0.34019'}
Epoch 30: {'val_loss': '0.33640', 'g0': '0.00026', 'g1': '0.05291', 'flip_r': '0.00433', 'pmean': '0.11208', 'trn_auc': '0.59009', 'val_auc': '0.65698', 'tst_auc': '0.56035', 'trn_aps': '0.13790', 'val_aps': '0.15553', 'tst_aps': '0.12433', 'trn_loss0': '0.34265'}
Epoch 31: {'val_loss': '0.33466', 'g0': '0.00037', 'g1': '0.05280', 'flip_r': '0.00508', 'pmean': '0.10924', 'trn_auc': '0.59655', 'val_auc': '0.65866', 'tst_auc': '0.56883', 'trn_aps': '0.13889', 'val_aps': '0.15779', 'tst_aps': '0.12750', 'trn_loss0': '0.35148'}
Epoch 32: {'val_loss': '0.33468', 'g0': '0.00034', 'g1': '0.05283', 'flip_r': '0.00470', 'pmean': '0.11069', 'trn_auc': '0.59900', 'val_auc': '0.67481', 'tst_auc': '0.57333', 'trn_aps': '0.14063', 'val_aps': '0.16144', 'tst_aps': '0.12574', 'trn_loss0': '0.34915'}
Epoch 33: {'val_loss': '0.33719', 'g0': '0.00029', 'g1': '0.05288', 'flip_r': '0.00583', 'pmean': '0.10909', 'trn_auc': '0.60132', 'val_auc': '0.68262', 'tst_auc': '0.58064', 'trn_aps': '0.13637', 'val_aps': '0.16406', 'tst_aps': '0.13078', 'trn_loss0': '0.33411'}
Epoch 34: {'val_loss': '0.33406', 'g0': '0.00021', 'g1': '0.05296', 'flip_r': '0.00301', 'pmean': '0.11090', 'trn_auc': '0.60826', 'val_auc': '0.68143', 'tst_auc': '0.59044', 'trn_aps': '0.14176', 'val_aps': '0.16569', 'tst_aps': '0.13154', 'trn_loss0': '0.34505'}
Epoch 35: {'val_loss': '0.33310', 'g0': '0.00020', 'g1': '0.05297', 'flip_r': '0.00207', 'pmean': '0.11538', 'trn_auc': '0.61334', 'val_auc': '0.67156', 'tst_auc': '0.59521', 'trn_aps': '0.14190', 'val_aps': '0.16038', 'tst_aps': '0.13508', 'trn_loss0': '0.34428'}
Epoch 36: {'val_loss': '0.33293', 'g0': '0.00031', 'g1': '0.05286', 'flip_r': '0.00395', 'pmean': '0.11104', 'trn_auc': '0.63188', 'val_auc': '0.66597', 'tst_auc': '0.59080', 'trn_aps': '0.14895', 'val_aps': '0.16100', 'tst_aps': '0.12900', 'trn_loss0': '0.34961'}
Epoch 37: {'val_loss': '0.33325', 'g0': '0.00043', 'g1': '0.05274', 'flip_r': '0.00263', 'pmean': '0.11301', 'trn_auc': '0.63869', 'val_auc': '0.68833', 'tst_auc': '0.59069', 'trn_aps': '0.15085', 'val_aps': '0.17444', 'tst_aps': '0.13562', 'trn_loss0': '0.33620'}
Epoch 38: {'val_loss': '0.33197', 'g0': '0.00037', 'g1': '0.05280', 'flip_r': '0.00376', 'pmean': '0.11819', 'trn_auc': '0.65073', 'val_auc': '0.68722', 'tst_auc': '0.59676', 'trn_aps': '0.15555', 'val_aps': '0.17479', 'tst_aps': '0.13862', 'trn_loss0': '0.33401'}
Epoch 39: {'val_loss': '0.33030', 'g0': '0.00039', 'g1': '0.05278', 'flip_r': '0.00489', 'pmean': '0.11388', 'trn_auc': '0.66909', 'val_auc': '0.69642', 'tst_auc': '0.60141', 'trn_aps': '0.16444', 'val_aps': '0.18981', 'tst_aps': '0.13819', 'trn_loss0': '0.34653'}
Epoch 40: {'val_loss': '0.32841', 'g0': '0.00040', 'g1': '0.05277', 'flip_r': '0.00470', 'pmean': '0.10481', 'trn_auc': '0.67189', 'val_auc': '0.69297', 'tst_auc': '0.60991', 'trn_aps': '0.16383', 'val_aps': '0.18831', 'tst_aps': '0.14108', 'trn_loss0': '0.33651'}
Epoch 41: {'val_loss': '0.32871', 'g0': '0.00042', 'g1': '0.05275', 'flip_r': '0.00414', 'pmean': '0.11068', 'trn_auc': '0.67729', 'val_auc': '0.69561', 'tst_auc': '0.61874', 'trn_aps': '0.16848', 'val_aps': '0.19022', 'tst_aps': '0.14460', 'trn_loss0': '0.33334'}
Epoch 42: {'val_loss': '0.32725', 'g0': '0.00034', 'g1': '0.05283', 'flip_r': '0.00564', 'pmean': '0.11253', 'trn_auc': '0.67746', 'val_auc': '0.70030', 'tst_auc': '0.63396', 'trn_aps': '0.16662', 'val_aps': '0.19412', 'tst_aps': '0.14993', 'trn_loss0': '0.33475'}
Epoch 43: {'val_loss': '0.32469', 'g0': '0.00036', 'g1': '0.05281', 'flip_r': '0.00414', 'pmean': '0.11199', 'trn_auc': '0.69127', 'val_auc': '0.70879', 'tst_auc': '0.64753', 'trn_aps': '0.17846', 'val_aps': '0.20165', 'tst_aps': '0.15336', 'trn_loss0': '0.33419'}
Epoch 44: {'val_loss': '0.32448', 'g0': '0.00039', 'g1': '0.05278', 'flip_r': '0.00395', 'pmean': '0.11482', 'trn_auc': '0.69052', 'val_auc': '0.70792', 'tst_auc': '0.64788', 'trn_aps': '0.17563', 'val_aps': '0.19864', 'tst_aps': '0.15471', 'trn_loss0': '0.33188'}
Epoch 45: {'val_loss': '0.32498', 'g0': '0.00049', 'g1': '0.05268', 'flip_r': '0.00602', 'pmean': '0.11299', 'trn_auc': '0.69767', 'val_auc': '0.70356', 'tst_auc': '0.64069', 'trn_aps': '0.17772', 'val_aps': '0.19411', 'tst_aps': '0.14956', 'trn_loss0': '0.32398'}
Epoch 46: {'val_loss': '0.32095', 'g0': '0.00061', 'g1': '0.05256', 'flip_r': '0.00828', 'pmean': '0.10738', 'trn_auc': '0.71442', 'val_auc': '0.70339', 'tst_auc': '0.64854', 'trn_aps': '0.19430', 'val_aps': '0.20275', 'tst_aps': '0.15542', 'trn_loss0': '0.32428'}
Epoch 47: {'val_loss': '0.31987', 'g0': '0.00059', 'g1': '0.05258', 'flip_r': '0.00527', 'pmean': '0.10949', 'trn_auc': '0.72346', 'val_auc': '0.71097', 'tst_auc': '0.65666', 'trn_aps': '0.20432', 'val_aps': '0.20072', 'tst_aps': '0.16105', 'trn_loss0': '0.31929'}
Epoch 48: {'val_loss': '0.31495', 'g0': '0.00081', 'g1': '0.05236', 'flip_r': '0.00828', 'pmean': '0.10903', 'trn_auc': '0.73982', 'val_auc': '0.74024', 'tst_auc': '0.66801', 'trn_aps': '0.21901', 'val_aps': '0.22683', 'tst_aps': '0.17121', 'trn_loss0': '0.32085'}
Epoch 49: {'val_loss': '0.31625', 'g0': '0.00200', 'g1': '0.05117', 'flip_r': '0.03028', 'pmean': '0.10290', 'trn_auc': '0.73042', 'val_auc': '0.72451', 'tst_auc': '0.66755', 'trn_aps': '0.20474', 'val_aps': '0.22100', 'tst_aps': '0.16261', 'trn_loss0': '0.32476'}
Epoch 50: {'val_loss': '0.30968', 'g0': '0.00291', 'g1': '0.05026', 'flip_r': '0.02276', 'pmean': '0.10329', 'trn_auc': '0.75186', 'val_auc': '0.74779', 'tst_auc': '0.68409', 'trn_aps': '0.22622', 'val_aps': '0.24382', 'tst_aps': '0.17721', 'trn_loss0': '0.32809'}
Epoch 51: {'val_loss': '0.30796', 'g0': '0.00333', 'g1': '0.04984', 'flip_r': '0.01843', 'pmean': '0.10422', 'trn_auc': '0.75650', 'val_auc': '0.74115', 'tst_auc': '0.68640', 'trn_aps': '0.23988', 'val_aps': '0.23652', 'tst_aps': '0.17853', 'trn_loss0': '0.31722'}
Epoch 52: {'val_loss': '0.30669', 'g0': '0.00147', 'g1': '0.05170', 'flip_r': '0.04175', 'pmean': '0.11610', 'trn_auc': '0.76942', 'val_auc': '0.75078', 'tst_auc': '0.69849', 'trn_aps': '0.27034', 'val_aps': '0.24815', 'tst_aps': '0.19206', 'trn_loss0': '0.31653'}
Epoch 53: {'val_loss': '0.30165', 'g0': '0.00304', 'g1': '0.05013', 'flip_r': '0.03404', 'pmean': '0.10972', 'trn_auc': '0.78847', 'val_auc': '0.76446', 'tst_auc': '0.70543', 'trn_aps': '0.30486', 'val_aps': '0.27004', 'tst_aps': '0.20820', 'trn_loss0': '0.31651'}
Epoch 54: {'val_loss': '0.30075', 'g0': '0.00607', 'g1': '0.04710', 'flip_r': '0.06790', 'pmean': '0.09625', 'trn_auc': '0.79025', 'val_auc': '0.75793', 'tst_auc': '0.70505', 'trn_aps': '0.31222', 'val_aps': '0.26159', 'tst_aps': '0.20834', 'trn_loss0': '0.31284'}
Epoch 55: {'val_loss': '0.29983', 'g0': '0.00593', 'g1': '0.04724', 'flip_r': '0.02219', 'pmean': '0.09834', 'trn_auc': '0.78290', 'val_auc': '0.76771', 'tst_auc': '0.71395', 'trn_aps': '0.29073', 'val_aps': '0.26398', 'tst_aps': '0.21485', 'trn_loss0': '0.31850'}
Epoch 56: {'val_loss': '0.29805', 'g0': '0.00640', 'g1': '0.04677', 'flip_r': '0.02163', 'pmean': '0.09695', 'trn_auc': '0.78631', 'val_auc': '0.76771', 'tst_auc': '0.72371', 'trn_aps': '0.30283', 'val_aps': '0.26251', 'tst_aps': '0.22678', 'trn_loss0': '0.30864'}
Epoch 57: {'val_loss': '0.29619', 'g0': '0.00935', 'g1': '0.04382', 'flip_r': '0.06489', 'pmean': '0.09478', 'trn_auc': '0.79149', 'val_auc': '0.77080', 'tst_auc': '0.72248', 'trn_aps': '0.32206', 'val_aps': '0.27225', 'tst_aps': '0.22579', 'trn_loss0': '0.31071'}
Epoch 58: {'val_loss': '0.29294', 'g0': '0.00931', 'g1': '0.04386', 'flip_r': '0.02633', 'pmean': '0.09540', 'trn_auc': '0.80320', 'val_auc': '0.77026', 'tst_auc': '0.73321', 'trn_aps': '0.35417', 'val_aps': '0.28735', 'tst_aps': '0.25293', 'trn_loss0': '0.30710'}
Epoch 59: {'val_loss': '0.28885', 'g0': '0.00940', 'g1': '0.04377', 'flip_r': '0.03141', 'pmean': '0.10065', 'trn_auc': '0.81735', 'val_auc': '0.77360', 'tst_auc': '0.74234', 'trn_aps': '0.40266', 'val_aps': '0.31616', 'tst_aps': '0.27718', 'trn_loss0': '0.30442'}
Epoch 60: {'val_loss': '0.28383', 'g0': '0.01046', 'g1': '0.04271', 'flip_r': '0.03573', 'pmean': '0.10056', 'trn_auc': '0.82967', 'val_auc': '0.78205', 'tst_auc': '0.74785', 'trn_aps': '0.45758', 'val_aps': '0.34273', 'tst_aps': '0.30088', 'trn_loss0': '0.29574'}
Epoch 61: {'val_loss': '0.28445', 'g0': '0.01260', 'g1': '0.04057', 'flip_r': '0.05191', 'pmean': '0.09172', 'trn_auc': '0.83084', 'val_auc': '0.77546', 'tst_auc': '0.74642', 'trn_aps': '0.44619', 'val_aps': '0.32867', 'tst_aps': '0.30657', 'trn_loss0': '0.29217'}
Epoch 62: {'val_loss': '0.28474', 'g0': '0.01320', 'g1': '0.03997', 'flip_r': '0.03009', 'pmean': '0.09486', 'trn_auc': '0.82867', 'val_auc': '0.77268', 'tst_auc': '0.74381', 'trn_aps': '0.44437', 'val_aps': '0.34110', 'tst_aps': '0.30042', 'trn_loss0': '0.29921'}
Epoch 63: {'val_loss': '0.28259', 'g0': '0.01314', 'g1': '0.04003', 'flip_r': '0.02859', 'pmean': '0.09738', 'trn_auc': '0.83455', 'val_auc': '0.77587', 'tst_auc': '0.74513', 'trn_aps': '0.45544', 'val_aps': '0.34692', 'tst_aps': '0.29689', 'trn_loss0': '0.29009'}
Epoch 64: {'val_loss': '0.27920', 'g0': '0.01179', 'g1': '0.04138', 'flip_r': '0.03555', 'pmean': '0.09918', 'trn_auc': '0.84295', 'val_auc': '0.78870', 'tst_auc': '0.74721', 'trn_aps': '0.46579', 'val_aps': '0.35235', 'tst_aps': '0.30513', 'trn_loss0': '0.30136'}
Epoch 65: {'val_loss': '0.27746', 'g0': '0.01200', 'g1': '0.04117', 'flip_r': '0.02727', 'pmean': '0.09902', 'trn_auc': '0.84752', 'val_auc': '0.79182', 'tst_auc': '0.75147', 'trn_aps': '0.46861', 'val_aps': '0.36043', 'tst_aps': '0.30158', 'trn_loss0': '0.28460'}
Epoch 66: {'val_loss': '0.27576', 'g0': '0.01319', 'g1': '0.03998', 'flip_r': '0.03667', 'pmean': '0.09562', 'trn_auc': '0.84793', 'val_auc': '0.79443', 'tst_auc': '0.75955', 'trn_aps': '0.46548', 'val_aps': '0.36493', 'tst_aps': '0.30203', 'trn_loss0': '0.27954'}
Epoch 67: {'val_loss': '0.27352', 'g0': '0.01421', 'g1': '0.03896', 'flip_r': '0.03461', 'pmean': '0.09946', 'trn_auc': '0.85428', 'val_auc': '0.79879', 'tst_auc': '0.76028', 'trn_aps': '0.47440', 'val_aps': '0.37401', 'tst_aps': '0.30440', 'trn_loss0': '0.27487'}
Epoch 68: {'val_loss': '0.27088', 'g0': '0.01449', 'g1': '0.03868', 'flip_r': '0.02069', 'pmean': '0.09607', 'trn_auc': '0.86460', 'val_auc': '0.80553', 'tst_auc': '0.76061', 'trn_aps': '0.52633', 'val_aps': '0.37910', 'tst_aps': '0.30999', 'trn_loss0': '0.28138'}
Epoch 69: {'val_loss': '0.27024', 'g0': '0.01408', 'g1': '0.03909', 'flip_r': '0.01937', 'pmean': '0.09593', 'trn_auc': '0.86827', 'val_auc': '0.80080', 'tst_auc': '0.75821', 'trn_aps': '0.55482', 'val_aps': '0.39214', 'tst_aps': '0.31233', 'trn_loss0': '0.27813'}
Epoch 70: {'val_loss': '0.26766', 'g0': '0.01378', 'g1': '0.03939', 'flip_r': '0.02558', 'pmean': '0.09665', 'trn_auc': '0.87718', 'val_auc': '0.80601', 'tst_auc': '0.76220', 'trn_aps': '0.56620', 'val_aps': '0.39965', 'tst_aps': '0.31845', 'trn_loss0': '0.28071'}
Epoch 71: {'val_loss': '0.26646', 'g0': '0.01481', 'g1': '0.03836', 'flip_r': '0.02689', 'pmean': '0.09179', 'trn_auc': '0.88048', 'val_auc': '0.80977', 'tst_auc': '0.76243', 'trn_aps': '0.57131', 'val_aps': '0.39901', 'tst_aps': '0.31557', 'trn_loss0': '0.27028'}
Epoch 72: {'val_loss': '0.26621', 'g0': '0.01491', 'g1': '0.03826', 'flip_r': '0.02972', 'pmean': '0.08789', 'trn_auc': '0.88227', 'val_auc': '0.81186', 'tst_auc': '0.75995', 'trn_aps': '0.58279', 'val_aps': '0.40181', 'tst_aps': '0.32764', 'trn_loss0': '0.27058'}
Epoch 73: {'val_loss': '0.26477', 'g0': '0.01450', 'g1': '0.03867', 'flip_r': '0.02351', 'pmean': '0.08571', 'trn_auc': '0.88671', 'val_auc': '0.81502', 'tst_auc': '0.76246', 'trn_aps': '0.58529', 'val_aps': '0.39415', 'tst_aps': '0.34548', 'trn_loss0': '0.26380'}
Epoch 74: {'val_loss': '0.26106', 'g0': '0.01380', 'g1': '0.03937', 'flip_r': '0.02219', 'pmean': '0.09759', 'trn_auc': '0.89135', 'val_auc': '0.81525', 'tst_auc': '0.76588', 'trn_aps': '0.57784', 'val_aps': '0.41219', 'tst_aps': '0.35490', 'trn_loss0': '0.26572'}
Epoch 75: {'val_loss': '0.26191', 'g0': '0.01432', 'g1': '0.03885', 'flip_r': '0.02219', 'pmean': '0.09768', 'trn_auc': '0.88932', 'val_auc': '0.81368', 'tst_auc': '0.76992', 'trn_aps': '0.57730', 'val_aps': '0.41355', 'tst_aps': '0.34384', 'trn_loss0': '0.27191'}
Epoch 76: {'val_loss': '0.26380', 'g0': '0.01645', 'g1': '0.03672', 'flip_r': '0.04608', 'pmean': '0.09314', 'trn_auc': '0.88569', 'val_auc': '0.80934', 'tst_auc': '0.76635', 'trn_aps': '0.56643', 'val_aps': '0.41147', 'tst_aps': '0.34177', 'trn_loss0': '0.26750'}
Epoch 77: {'val_loss': '0.26119', 'g0': '0.01674', 'g1': '0.03643', 'flip_r': '0.02464', 'pmean': '0.09219', 'trn_auc': '0.89450', 'val_auc': '0.80978', 'tst_auc': '0.76508', 'trn_aps': '0.58583', 'val_aps': '0.41870', 'tst_aps': '0.34245', 'trn_loss0': '0.26272'}
Epoch 78: {'val_loss': '0.26073', 'g0': '0.01719', 'g1': '0.03598', 'flip_r': '0.01937', 'pmean': '0.09064', 'trn_auc': '0.89850', 'val_auc': '0.80977', 'tst_auc': '0.75976', 'trn_aps': '0.60678', 'val_aps': '0.42456', 'tst_aps': '0.34479', 'trn_loss0': '0.25059'}
Epoch 79: {'val_loss': '0.25836', 'g0': '0.01689', 'g1': '0.03628', 'flip_r': '0.02219', 'pmean': '0.09089', 'trn_auc': '0.90463', 'val_auc': '0.81156', 'tst_auc': '0.76143', 'trn_aps': '0.62580', 'val_aps': '0.42011', 'tst_aps': '0.34944', 'trn_loss0': '0.25798'}
Epoch 80: {'val_loss': '0.26119', 'g0': '0.01640', 'g1': '0.03677', 'flip_r': '0.02539', 'pmean': '0.08837', 'trn_auc': '0.90277', 'val_auc': '0.81005', 'tst_auc': '0.75816', 'trn_aps': '0.61719', 'val_aps': '0.41146', 'tst_aps': '0.34123', 'trn_loss0': '0.26113'}
Epoch 81: {'val_loss': '0.25773', 'g0': '0.01332', 'g1': '0.03985', 'flip_r': '0.06658', 'pmean': '0.10450', 'trn_auc': '0.91044', 'val_auc': '0.81576', 'tst_auc': '0.76283', 'trn_aps': '0.64469', 'val_aps': '0.40882', 'tst_aps': '0.35123', 'trn_loss0': '0.25913'}
Epoch 82: {'val_loss': '0.25585', 'g0': '0.01346', 'g1': '0.03971', 'flip_r': '0.03348', 'pmean': '0.10732', 'trn_auc': '0.91497', 'val_auc': '0.81009', 'tst_auc': '0.76688', 'trn_aps': '0.65577', 'val_aps': '0.39401', 'tst_aps': '0.35632', 'trn_loss0': '0.24991'}
Epoch 83: {'val_loss': '0.25328', 'g0': '0.01563', 'g1': '0.03754', 'flip_r': '0.04119', 'pmean': '0.10198', 'trn_auc': '0.91658', 'val_auc': '0.80966', 'tst_auc': '0.76673', 'trn_aps': '0.66078', 'val_aps': '0.41018', 'tst_aps': '0.35998', 'trn_loss0': '0.23642'}
Epoch 84: {'val_loss': '0.25645', 'g0': '0.01716', 'g1': '0.03601', 'flip_r': '0.03479', 'pmean': '0.08463', 'trn_auc': '0.91097', 'val_auc': '0.81191', 'tst_auc': '0.76566', 'trn_aps': '0.63994', 'val_aps': '0.41400', 'tst_aps': '0.36391', 'trn_loss0': '0.25563'}
Epoch 85: {'val_loss': '0.25019', 'g0': '0.01624', 'g1': '0.03693', 'flip_r': '0.03197', 'pmean': '0.10672', 'trn_auc': '0.91984', 'val_auc': '0.82083', 'tst_auc': '0.77078', 'trn_aps': '0.67630', 'val_aps': '0.42198', 'tst_aps': '0.36820', 'trn_loss0': '0.24638'}
Epoch 86: {'val_loss': '0.25032', 'g0': '0.01806', 'g1': '0.03511', 'flip_r': '0.03799', 'pmean': '0.09536', 'trn_auc': '0.92241', 'val_auc': '0.81592', 'tst_auc': '0.76877', 'trn_aps': '0.68316', 'val_aps': '0.42058', 'tst_aps': '0.36148', 'trn_loss0': '0.24023'}
Epoch 87: {'val_loss': '0.25113', 'g0': '0.01854', 'g1': '0.03463', 'flip_r': '0.02784', 'pmean': '0.08846', 'trn_auc': '0.92436', 'val_auc': '0.81448', 'tst_auc': '0.76787', 'trn_aps': '0.68390', 'val_aps': '0.41091', 'tst_aps': '0.36378', 'trn_loss0': '0.24194'}
Epoch 88: {'val_loss': '0.25019', 'g0': '0.01784', 'g1': '0.03533', 'flip_r': '0.02332', 'pmean': '0.09490', 'trn_auc': '0.92735', 'val_auc': '0.81050', 'tst_auc': '0.76155', 'trn_aps': '0.69606', 'val_aps': '0.40750', 'tst_aps': '0.35988', 'trn_loss0': '0.23849'}
Epoch 89: {'val_loss': '0.25059', 'g0': '0.01805', 'g1': '0.03512', 'flip_r': '0.02200', 'pmean': '0.09524', 'trn_auc': '0.92703', 'val_auc': '0.80695', 'tst_auc': '0.75717', 'trn_aps': '0.69727', 'val_aps': '0.39295', 'tst_aps': '0.36529', 'trn_loss0': '0.23943'}
Epoch 90: {'val_loss': '0.24998', 'g0': '0.01986', 'g1': '0.03331', 'flip_r': '0.04081', 'pmean': '0.08867', 'trn_auc': '0.92973', 'val_auc': '0.80564', 'tst_auc': '0.75675', 'trn_aps': '0.70234', 'val_aps': '0.39451', 'tst_aps': '0.36407', 'trn_loss0': '0.24185'}
Epoch 91: {'val_loss': '0.25029', 'g0': '0.02021', 'g1': '0.03296', 'flip_r': '0.02050', 'pmean': '0.08548', 'trn_auc': '0.93155', 'val_auc': '0.80769', 'tst_auc': '0.75877', 'trn_aps': '0.69148', 'val_aps': '0.38482', 'tst_aps': '0.35897', 'trn_loss0': '0.23731'}
Epoch 92: {'val_loss': '0.24722', 'g0': '0.01882', 'g1': '0.03435', 'flip_r': '0.03141', 'pmean': '0.09730', 'trn_auc': '0.93395', 'val_auc': '0.80944', 'tst_auc': '0.76479', 'trn_aps': '0.69421', 'val_aps': '0.39385', 'tst_aps': '0.35527', 'trn_loss0': '0.22483'}
Epoch 93: {'val_loss': '0.24898', 'g0': '0.01909', 'g1': '0.03408', 'flip_r': '0.03780', 'pmean': '0.09197', 'trn_auc': '0.93539', 'val_auc': '0.80480', 'tst_auc': '0.75887', 'trn_aps': '0.71350', 'val_aps': '0.38867', 'tst_aps': '0.36022', 'trn_loss0': '0.23938'}
Epoch 94: {'val_loss': '0.24738', 'g0': '0.01847', 'g1': '0.03470', 'flip_r': '0.03009', 'pmean': '0.09482', 'trn_auc': '0.93707', 'val_auc': '0.81105', 'tst_auc': '0.76493', 'trn_aps': '0.71631', 'val_aps': '0.39839', 'tst_aps': '0.35685', 'trn_loss0': '0.22982'}
Epoch 95: {'val_loss': '0.24810', 'g0': '0.01922', 'g1': '0.03395', 'flip_r': '0.01824', 'pmean': '0.08815', 'trn_auc': '0.93656', 'val_auc': '0.81185', 'tst_auc': '0.76884', 'trn_aps': '0.71873', 'val_aps': '0.38903', 'tst_aps': '0.35498', 'trn_loss0': '0.24537'}
Epoch 96: {'val_loss': '0.24611', 'g0': '0.01927', 'g1': '0.03390', 'flip_r': '0.01599', 'pmean': '0.08850', 'trn_auc': '0.94163', 'val_auc': '0.80971', 'tst_auc': '0.76544', 'trn_aps': '0.73417', 'val_aps': '0.37871', 'tst_aps': '0.35838', 'trn_loss0': '0.22412'}
Epoch 97: {'val_loss': '0.24344', 'g0': '0.02016', 'g1': '0.03301', 'flip_r': '0.02313', 'pmean': '0.08796', 'trn_auc': '0.94591', 'val_auc': '0.81384', 'tst_auc': '0.76807', 'trn_aps': '0.75097', 'val_aps': '0.37758', 'tst_aps': '0.37310', 'trn_loss0': '0.22374'}
Epoch 98: {'val_loss': '0.24357', 'g0': '0.02028', 'g1': '0.03289', 'flip_r': '0.01204', 'pmean': '0.08960', 'trn_auc': '0.94709', 'val_auc': '0.80995', 'tst_auc': '0.76554', 'trn_aps': '0.74898', 'val_aps': '0.37611', 'tst_aps': '0.36867', 'trn_loss0': '0.21718'}
Epoch 99: {'val_loss': '0.24488', 'g0': '0.02065', 'g1': '0.03252', 'flip_r': '0.03216', 'pmean': '0.08845', 'trn_auc': '0.94436', 'val_auc': '0.81271', 'tst_auc': '0.76516', 'trn_aps': '0.73805', 'val_aps': '0.38962', 'tst_aps': '0.35400', 'trn_loss0': '0.23164'}
Epoch 100: {'val_loss': '0.24818', 'g0': '0.02103', 'g1': '0.03214', 'flip_r': '0.02934', 'pmean': '0.08230', 'trn_auc': '0.94048', 'val_auc': '0.81250', 'tst_auc': '0.76455', 'trn_aps': '0.72162', 'val_aps': '0.39362', 'tst_aps': '0.35336', 'trn_loss0': '0.22660'}
Epoch 101: {'val_loss': '0.24316', 'g0': '0.02075', 'g1': '0.03242', 'flip_r': '0.02972', 'pmean': '0.09046', 'trn_auc': '0.94640', 'val_auc': '0.81000', 'tst_auc': '0.76775', 'trn_aps': '0.73819', 'val_aps': '0.39416', 'tst_aps': '0.35794', 'trn_loss0': '0.21637'}
Epoch 102: {'val_loss': '0.24523', 'g0': '0.02124', 'g1': '0.03193', 'flip_r': '0.02012', 'pmean': '0.08243', 'trn_auc': '0.94718', 'val_auc': '0.80710', 'tst_auc': '0.76806', 'trn_aps': '0.75175', 'val_aps': '0.38350', 'tst_aps': '0.36047', 'trn_loss0': '0.21825'}
Epoch 103: {'val_loss': '0.24374', 'g0': '0.02034', 'g1': '0.03283', 'flip_r': '0.02445', 'pmean': '0.08803', 'trn_auc': '0.94848', 'val_auc': '0.80916', 'tst_auc': '0.76257', 'trn_aps': '0.75946', 'val_aps': '0.38094', 'tst_aps': '0.37613', 'trn_loss0': '0.21719'}
Epoch 104: {'val_loss': '0.24156', 'g0': '0.02029', 'g1': '0.03288', 'flip_r': '0.01787', 'pmean': '0.09077', 'trn_auc': '0.95093', 'val_auc': '0.81458', 'tst_auc': '0.76792', 'trn_aps': '0.76512', 'val_aps': '0.38658', 'tst_aps': '0.38056', 'trn_loss0': '0.22021'}
Epoch 105: {'val_loss': '0.24410', 'g0': '0.02061', 'g1': '0.03256', 'flip_r': '0.01730', 'pmean': '0.08741', 'trn_auc': '0.94821', 'val_auc': '0.81462', 'tst_auc': '0.76795', 'trn_aps': '0.76379', 'val_aps': '0.39050', 'tst_aps': '0.37944', 'trn_loss0': '0.21401'}
Epoch 106: {'val_loss': '0.24136', 'g0': '0.02074', 'g1': '0.03243', 'flip_r': '0.01260', 'pmean': '0.09231', 'trn_auc': '0.95116', 'val_auc': '0.81369', 'tst_auc': '0.77078', 'trn_aps': '0.77035', 'val_aps': '0.38717', 'tst_aps': '0.38012', 'trn_loss0': '0.21660'}
Epoch 107: {'val_loss': '0.24216', 'g0': '0.02218', 'g1': '0.03099', 'flip_r': '0.03950', 'pmean': '0.08655', 'trn_auc': '0.95204', 'val_auc': '0.81156', 'tst_auc': '0.76766', 'trn_aps': '0.76371', 'val_aps': '0.38645', 'tst_aps': '0.38460', 'trn_loss0': '0.21190'}
Epoch 108: {'val_loss': '0.24318', 'g0': '0.02329', 'g1': '0.02988', 'flip_r': '0.03141', 'pmean': '0.08428', 'trn_auc': '0.95127', 'val_auc': '0.81016', 'tst_auc': '0.76501', 'trn_aps': '0.76245', 'val_aps': '0.39231', 'tst_aps': '0.37868', 'trn_loss0': '0.22473'}
Epoch 109: {'val_loss': '0.23963', 'g0': '0.02207', 'g1': '0.03110', 'flip_r': '0.03686', 'pmean': '0.10233', 'trn_auc': '0.95370', 'val_auc': '0.81222', 'tst_auc': '0.76897', 'trn_aps': '0.76825', 'val_aps': '0.39133', 'tst_aps': '0.37648', 'trn_loss0': '0.22195'}
Epoch 110: {'val_loss': '0.24079', 'g0': '0.02188', 'g1': '0.03129', 'flip_r': '0.02276', 'pmean': '0.09243', 'trn_auc': '0.95456', 'val_auc': '0.80693', 'tst_auc': '0.76305', 'trn_aps': '0.77929', 'val_aps': '0.37423', 'tst_aps': '0.37131', 'trn_loss0': '0.21593'}
Epoch 111: {'val_loss': '0.24483', 'g0': '0.02144', 'g1': '0.03173', 'flip_r': '0.02370', 'pmean': '0.08403', 'trn_auc': '0.95423', 'val_auc': '0.80281', 'tst_auc': '0.75856', 'trn_aps': '0.78205', 'val_aps': '0.37098', 'tst_aps': '0.37084', 'trn_loss0': '0.20580'}
Epoch 112: {'val_loss': '0.24370', 'g0': '0.02097', 'g1': '0.03220', 'flip_r': '0.02200', 'pmean': '0.09090', 'trn_auc': '0.95268', 'val_auc': '0.79959', 'tst_auc': '0.76107', 'trn_aps': '0.77975', 'val_aps': '0.38847', 'tst_aps': '0.36680', 'trn_loss0': '0.20702'}
Epoch 113: {'val_loss': '0.24168', 'g0': '0.02081', 'g1': '0.03236', 'flip_r': '0.01128', 'pmean': '0.09974', 'trn_auc': '0.95596', 'val_auc': '0.79985', 'tst_auc': '0.76018', 'trn_aps': '0.78421', 'val_aps': '0.38409', 'tst_aps': '0.36656', 'trn_loss0': '0.21407'}
Epoch 114: {'val_loss': '0.24544', 'g0': '0.02223', 'g1': '0.03094', 'flip_r': '0.03084', 'pmean': '0.08174', 'trn_auc': '0.95473', 'val_auc': '0.80306', 'tst_auc': '0.75832', 'trn_aps': '0.78267', 'val_aps': '0.39083', 'tst_aps': '0.36644', 'trn_loss0': '0.20948'}
Epoch 115: {'val_loss': '0.23947', 'g0': '0.02195', 'g1': '0.03122', 'flip_r': '0.01994', 'pmean': '0.09479', 'trn_auc': '0.96042', 'val_auc': '0.80799', 'tst_auc': '0.75982', 'trn_aps': '0.79372', 'val_aps': '0.40493', 'tst_aps': '0.36322', 'trn_loss0': '0.19726'}
Epoch 116: {'val_loss': '0.23935', 'g0': '0.02222', 'g1': '0.03095', 'flip_r': '0.01373', 'pmean': '0.09327', 'trn_auc': '0.95963', 'val_auc': '0.81063', 'tst_auc': '0.76099', 'trn_aps': '0.79335', 'val_aps': '0.41106', 'tst_aps': '0.36227', 'trn_loss0': '0.21963'}
Epoch 117: {'val_loss': '0.23933', 'g0': '0.02228', 'g1': '0.03089', 'flip_r': '0.01166', 'pmean': '0.09010', 'trn_auc': '0.96117', 'val_auc': '0.81129', 'tst_auc': '0.76298', 'trn_aps': '0.79943', 'val_aps': '0.40965', 'tst_aps': '0.36166', 'trn_loss0': '0.21722'}
Epoch 118: {'val_loss': '0.24322', 'g0': '0.02220', 'g1': '0.03097', 'flip_r': '0.02972', 'pmean': '0.08963', 'trn_auc': '0.95951', 'val_auc': '0.80250', 'tst_auc': '0.75266', 'trn_aps': '0.79615', 'val_aps': '0.37603', 'tst_aps': '0.35464', 'trn_loss0': '0.20489'}
Epoch 119: {'val_loss': '0.24355', 'g0': '0.02193', 'g1': '0.03124', 'flip_r': '0.01411', 'pmean': '0.08853', 'trn_auc': '0.96105', 'val_auc': '0.80085', 'tst_auc': '0.75099', 'trn_aps': '0.79999', 'val_aps': '0.37546', 'tst_aps': '0.34897', 'trn_loss0': '0.20063'}
Epoch 120: {'val_loss': '0.24400', 'g0': '0.02247', 'g1': '0.03070', 'flip_r': '0.01956', 'pmean': '0.08694', 'trn_auc': '0.95988', 'val_auc': '0.79752', 'tst_auc': '0.75369', 'trn_aps': '0.79665', 'val_aps': '0.37142', 'tst_aps': '0.35457', 'trn_loss0': '0.19980'}
Epoch 121: {'val_loss': '0.24118', 'g0': '0.02415', 'g1': '0.02902', 'flip_r': '0.03461', 'pmean': '0.08974', 'trn_auc': '0.96403', 'val_auc': '0.79598', 'tst_auc': '0.75862', 'trn_aps': '0.80726', 'val_aps': '0.37932', 'tst_aps': '0.36504', 'trn_loss0': '0.19009'}
Epoch 122: {'val_loss': '0.24053', 'g0': '0.02397', 'g1': '0.02920', 'flip_r': '0.02295', 'pmean': '0.08822', 'trn_auc': '0.96426', 'val_auc': '0.80067', 'tst_auc': '0.75977', 'trn_aps': '0.80443', 'val_aps': '0.38772', 'tst_aps': '0.36490', 'trn_loss0': '0.20095'}
Epoch 00123: reducing learning rate of group 0 to 5.0000e-04.
Epoch 123: {'val_loss': '0.24203', 'g0': '0.02414', 'g1': '0.02903', 'flip_r': '0.01636', 'pmean': '0.08610', 'trn_auc': '0.96424', 'val_auc': '0.79969', 'tst_auc': '0.75661', 'trn_aps': '0.80512', 'val_aps': '0.37851', 'tst_aps': '0.36639', 'trn_loss0': '0.19692'}
Epoch 124: {'val_loss': '0.24221', 'g0': '0.02264', 'g1': '0.03053', 'flip_r': '0.02972', 'pmean': '0.09236', 'trn_auc': '0.96153', 'val_auc': '0.79710', 'tst_auc': '0.75355', 'trn_aps': '0.79547', 'val_aps': '0.37004', 'tst_aps': '0.36646', 'trn_loss0': '0.20744'}
Epoch 125: {'val_loss': '0.24243', 'g0': '0.02235', 'g1': '0.03082', 'flip_r': '0.01185', 'pmean': '0.09934', 'trn_auc': '0.96117', 'val_auc': '0.79493', 'tst_auc': '0.75341', 'trn_aps': '0.80190', 'val_aps': '0.38372', 'tst_aps': '0.36531', 'trn_loss0': '0.20108'}
Epoch 126: {'val_loss': '0.24443', 'g0': '0.02310', 'g1': '0.03007', 'flip_r': '0.02050', 'pmean': '0.09365', 'trn_auc': '0.95983', 'val_auc': '0.79184', 'tst_auc': '0.75223', 'trn_aps': '0.80285', 'val_aps': '0.37249', 'tst_aps': '0.35754', 'trn_loss0': '0.19953'}
Epoch 127: {'val_loss': '0.24316', 'g0': '0.02416', 'g1': '0.02901', 'flip_r': '0.02219', 'pmean': '0.08912', 'trn_auc': '0.96315', 'val_auc': '0.79362', 'tst_auc': '0.75580', 'trn_aps': '0.81308', 'val_aps': '0.37536', 'tst_aps': '0.35585', 'trn_loss0': '0.20164'}
Epoch 128: {'val_loss': '0.24279', 'g0': '0.02355', 'g1': '0.02962', 'flip_r': '0.01824', 'pmean': '0.09096', 'trn_auc': '0.96376', 'val_auc': '0.79612', 'tst_auc': '0.75368', 'trn_aps': '0.81339', 'val_aps': '0.38682', 'tst_aps': '0.35932', 'trn_loss0': '0.19765'}
Epoch 00129: reducing learning rate of group 0 to 2.5000e-04.
Epoch 129: {'val_loss': '0.24197', 'g0': '0.02324', 'g1': '0.02993', 'flip_r': '0.00809', 'pmean': '0.09654', 'trn_auc': '0.96515', 'val_auc': '0.79139', 'tst_auc': '0.75456', 'trn_aps': '0.81915', 'val_aps': '0.38609', 'tst_aps': '0.36088', 'trn_loss0': '0.19400'}
Epoch 130: {'val_loss': '0.24221', 'g0': '0.02321', 'g1': '0.02996', 'flip_r': '0.00545', 'pmean': '0.09957', 'trn_auc': '0.96527', 'val_auc': '0.78735', 'tst_auc': '0.75217', 'trn_aps': '0.82057', 'val_aps': '0.38196', 'tst_aps': '0.35947', 'trn_loss0': '0.19767'}
Epoch 131: {'val_loss': '0.24213', 'g0': '0.02349', 'g1': '0.02968', 'flip_r': '0.00752', 'pmean': '0.09142', 'trn_auc': '0.96576', 'val_auc': '0.78953', 'tst_auc': '0.75303', 'trn_aps': '0.82087', 'val_aps': '0.38509', 'tst_aps': '0.36298', 'trn_loss0': '0.18154'}
Epoch 132: {'val_loss': '0.24197', 'g0': '0.02354', 'g1': '0.02963', 'flip_r': '0.00433', 'pmean': '0.09258', 'trn_auc': '0.96661', 'val_auc': '0.78729', 'tst_auc': '0.75367', 'trn_aps': '0.82591', 'val_aps': '0.38179', 'tst_aps': '0.36143', 'trn_loss0': '0.19924'}
Epoch 133: {'val_loss': '0.24105', 'g0': '0.02342', 'g1': '0.02975', 'flip_r': '0.00639', 'pmean': '0.09405', 'trn_auc': '0.96774', 'val_auc': '0.78712', 'tst_auc': '0.75318', 'trn_aps': '0.83061', 'val_aps': '0.38327', 'tst_aps': '0.36061', 'trn_loss0': '0.18620'}
Epoch 134: {'val_loss': '0.24076', 'g0': '0.02350', 'g1': '0.02967', 'flip_r': '0.00301', 'pmean': '0.09244', 'trn_auc': '0.96821', 'val_auc': '0.78883', 'tst_auc': '0.75402', 'trn_aps': '0.83049', 'val_aps': '0.38600', 'tst_aps': '0.36080', 'trn_loss0': '0.18993'}
Epoch 00135: reducing learning rate of group 0 to 1.2500e-04.
Epoch 135: {'val_loss': '0.24049', 'g0': '0.02352', 'g1': '0.02965', 'flip_r': '0.00414', 'pmean': '0.09263', 'trn_auc': '0.96864', 'val_auc': '0.78958', 'tst_auc': '0.75456', 'trn_aps': '0.83473', 'val_aps': '0.37826', 'tst_aps': '0.36309', 'trn_loss0': '0.19673'}
Epoch 136: {'val_loss': '0.24023', 'g0': '0.02358', 'g1': '0.02959', 'flip_r': '0.00527', 'pmean': '0.09145', 'trn_auc': '0.96873', 'val_auc': '0.79137', 'tst_auc': '0.75544', 'trn_aps': '0.83404', 'val_aps': '0.38278', 'tst_aps': '0.36432', 'trn_loss0': '0.19513'}
Epoch 137: {'val_loss': '0.23919', 'g0': '0.02345', 'g1': '0.02972', 'flip_r': '0.00395', 'pmean': '0.09595', 'trn_auc': '0.96881', 'val_auc': '0.79268', 'tst_auc': '0.75698', 'trn_aps': '0.83505', 'val_aps': '0.38396', 'tst_aps': '0.36334', 'trn_loss0': '0.21173'}
Epoch 138: {'val_loss': '0.23891', 'g0': '0.02340', 'g1': '0.02977', 'flip_r': '0.00282', 'pmean': '0.09944', 'trn_auc': '0.96882', 'val_auc': '0.79122', 'tst_auc': '0.75618', 'trn_aps': '0.83378', 'val_aps': '0.38672', 'tst_aps': '0.36450', 'trn_loss0': '0.19458'}
Epoch 139: {'val_loss': '0.23927', 'g0': '0.02331', 'g1': '0.02986', 'flip_r': '0.00244', 'pmean': '0.10320', 'trn_auc': '0.96837', 'val_auc': '0.79096', 'tst_auc': '0.75376', 'trn_aps': '0.83302', 'val_aps': '0.37732', 'tst_aps': '0.36459', 'trn_loss0': '0.19723'}
Epoch 140: {'val_loss': '0.23921', 'g0': '0.02335', 'g1': '0.02982', 'flip_r': '0.00339', 'pmean': '0.10183', 'trn_auc': '0.96916', 'val_auc': '0.78918', 'tst_auc': '0.75374', 'trn_aps': '0.83483', 'val_aps': '0.38392', 'tst_aps': '0.36352', 'trn_loss0': '0.18107'}
Epoch 141: {'val_loss': '0.23906', 'g0': '0.02346', 'g1': '0.02971', 'flip_r': '0.00320', 'pmean': '0.09904', 'trn_auc': '0.96922', 'val_auc': '0.78902', 'tst_auc': '0.75573', 'trn_aps': '0.83413', 'val_aps': '0.38066', 'tst_aps': '0.36379', 'trn_loss0': '0.19723'}
Epoch 142: {'val_loss': '0.23974', 'g0': '0.02350', 'g1': '0.02967', 'flip_r': '0.00263', 'pmean': '0.09482', 'trn_auc': '0.96846', 'val_auc': '0.79015', 'tst_auc': '0.75626', 'trn_aps': '0.83223', 'val_aps': '0.38377', 'tst_aps': '0.36471', 'trn_loss0': '0.19187'}
Epoch 143: {'val_loss': '0.23896', 'g0': '0.02362', 'g1': '0.02955', 'flip_r': '0.00451', 'pmean': '0.09370', 'trn_auc': '0.96913', 'val_auc': '0.79163', 'tst_auc': '0.75811', 'trn_aps': '0.83156', 'val_aps': '0.38770', 'tst_aps': '0.36821', 'trn_loss0': '0.18804'}
Epoch 144: {'val_loss': '0.23991', 'g0': '0.02376', 'g1': '0.02941', 'flip_r': '0.00339', 'pmean': '0.08848', 'trn_auc': '0.96911', 'val_auc': '0.79392', 'tst_auc': '0.75883', 'trn_aps': '0.83151', 'val_aps': '0.38649', 'tst_aps': '0.36846', 'trn_loss0': '0.20498'}
Epoch 00145: reducing learning rate of group 0 to 6.2500e-05.
Epoch 145: {'val_loss': '0.23964', 'g0': '0.02370', 'g1': '0.02947', 'flip_r': '0.00414', 'pmean': '0.09065', 'trn_auc': '0.96849', 'val_auc': '0.79392', 'tst_auc': '0.75899', 'trn_aps': '0.83126', 'val_aps': '0.38578', 'tst_aps': '0.37050', 'trn_loss0': '0.18649'}
Epoch 146: {'val_loss': '0.24029', 'g0': '0.02380', 'g1': '0.02937', 'flip_r': '0.00226', 'pmean': '0.09134', 'trn_auc': '0.96863', 'val_auc': '0.79086', 'tst_auc': '0.75746', 'trn_aps': '0.83078', 'val_aps': '0.38274', 'tst_aps': '0.36707', 'trn_loss0': '0.18650'}
Epoch 147: {'val_loss': '0.24009', 'g0': '0.02350', 'g1': '0.02967', 'flip_r': '0.00677', 'pmean': '0.09470', 'trn_auc': '0.96813', 'val_auc': '0.79023', 'tst_auc': '0.75688', 'trn_aps': '0.83083', 'val_aps': '0.38265', 'tst_aps': '0.36151', 'trn_loss0': '0.18927'}
Epoch 148: {'val_loss': '0.23973', 'g0': '0.02353', 'g1': '0.02964', 'flip_r': '0.00282', 'pmean': '0.09560', 'trn_auc': '0.96823', 'val_auc': '0.79079', 'tst_auc': '0.75599', 'trn_aps': '0.83192', 'val_aps': '0.38531', 'tst_aps': '0.36292', 'trn_loss0': '0.20321'}
Epoch 149: {'val_loss': '0.23851', 'g0': '0.02347', 'g1': '0.02970', 'flip_r': '0.00451', 'pmean': '0.10110', 'trn_auc': '0.96860', 'val_auc': '0.79326', 'tst_auc': '0.75779', 'trn_aps': '0.83293', 'val_aps': '0.38845', 'tst_aps': '0.36255', 'trn_loss0': '0.19023'}
Epoch 150: {'val_loss': '0.23854', 'g0': '0.02355', 'g1': '0.02962', 'flip_r': '0.00414', 'pmean': '0.09754', 'trn_auc': '0.96903', 'val_auc': '0.79437', 'tst_auc': '0.75741', 'trn_aps': '0.83490', 'val_aps': '0.38384', 'tst_aps': '0.36274', 'trn_loss0': '0.18740'}
Epoch 151: {'val_loss': '0.23839', 'g0': '0.02370', 'g1': '0.02947', 'flip_r': '0.00357', 'pmean': '0.09926', 'trn_auc': '0.96925', 'val_auc': '0.79334', 'tst_auc': '0.75876', 'trn_aps': '0.83397', 'val_aps': '0.38207', 'tst_aps': '0.36592', 'trn_loss0': '0.19852'}
Epoch 152: {'val_loss': '0.23873', 'g0': '0.02359', 'g1': '0.02958', 'flip_r': '0.00320', 'pmean': '0.09794', 'trn_auc': '0.96903', 'val_auc': '0.79243', 'tst_auc': '0.75902', 'trn_aps': '0.83341', 'val_aps': '0.38029', 'tst_aps': '0.36649', 'trn_loss0': '0.18467'}
Epoch 153: {'val_loss': '0.23842', 'g0': '0.02369', 'g1': '0.02948', 'flip_r': '0.00226', 'pmean': '0.09825', 'trn_auc': '0.96998', 'val_auc': '0.79460', 'tst_auc': '0.75915', 'trn_aps': '0.83502', 'val_aps': '0.38271', 'tst_aps': '0.36656', 'trn_loss0': '0.19687'}
Epoch 154: {'val_loss': '0.23880', 'g0': '0.02364', 'g1': '0.02953', 'flip_r': '0.00207', 'pmean': '0.09598', 'trn_auc': '0.96964', 'val_auc': '0.79418', 'tst_auc': '0.75831', 'trn_aps': '0.83531', 'val_aps': '0.38059', 'tst_aps': '0.36667', 'trn_loss0': '0.19242'}
Epoch 155: {'val_loss': '0.23944', 'g0': '0.02364', 'g1': '0.02953', 'flip_r': '0.00150', 'pmean': '0.09443', 'trn_auc': '0.96878', 'val_auc': '0.79338', 'tst_auc': '0.75665', 'trn_aps': '0.83101', 'val_aps': '0.37907', 'tst_aps': '0.36466', 'trn_loss0': '0.19437'}
Epoch 156: {'val_loss': '0.24097', 'g0': '0.02359', 'g1': '0.02958', 'flip_r': '0.00244', 'pmean': '0.09457', 'trn_auc': '0.96686', 'val_auc': '0.79042', 'tst_auc': '0.75450', 'trn_aps': '0.82567', 'val_aps': '0.37451', 'tst_aps': '0.36353', 'trn_loss0': '0.18044'}
Epoch 157: {'val_loss': '0.24114', 'g0': '0.02343', 'g1': '0.02974', 'flip_r': '0.00376', 'pmean': '0.09637', 'trn_auc': '0.96734', 'val_auc': '0.79055', 'tst_auc': '0.75271', 'trn_aps': '0.82676', 'val_aps': '0.37838', 'tst_aps': '0.36331', 'trn_loss0': '0.19288'}
Epoch 00158: reducing learning rate of group 0 to 3.1250e-05.
Epoch 158: {'val_loss': '0.23968', 'g0': '0.02360', 'g1': '0.02957', 'flip_r': '0.00433', 'pmean': '0.09686', 'trn_auc': '0.96906', 'val_auc': '0.79077', 'tst_auc': '0.75435', 'trn_aps': '0.83461', 'val_aps': '0.37682', 'tst_aps': '0.36702', 'trn_loss0': '0.18607'}
Epoch 159: {'val_loss': '0.23900', 'g0': '0.02361', 'g1': '0.02956', 'flip_r': '0.00169', 'pmean': '0.09696', 'trn_auc': '0.96951', 'val_auc': '0.79302', 'tst_auc': '0.75619', 'trn_aps': '0.83627', 'val_aps': '0.38420', 'tst_aps': '0.36484', 'trn_loss0': '0.19386'}
Epoch 160: {'val_loss': '0.23960', 'g0': '0.02364', 'g1': '0.02953', 'flip_r': '0.00320', 'pmean': '0.09563', 'trn_auc': '0.96882', 'val_auc': '0.79197', 'tst_auc': '0.75635', 'trn_aps': '0.83437', 'val_aps': '0.37886', 'tst_aps': '0.36495', 'trn_loss0': '0.18117'}
Epoch 161: {'val_loss': '0.23977', 'g0': '0.02366', 'g1': '0.02951', 'flip_r': '0.00263', 'pmean': '0.09525', 'trn_auc': '0.96863', 'val_auc': '0.79109', 'tst_auc': '0.75439', 'trn_aps': '0.83450', 'val_aps': '0.38437', 'tst_aps': '0.36133', 'trn_loss0': '0.19237'}
Epoch 162: {'val_loss': '0.23880', 'g0': '0.02370', 'g1': '0.02947', 'flip_r': '0.00263', 'pmean': '0.09911', 'trn_auc': '0.96912', 'val_auc': '0.79216', 'tst_auc': '0.75808', 'trn_aps': '0.83620', 'val_aps': '0.38559', 'tst_aps': '0.36730', 'trn_loss0': '0.20503'}
Epoch 163: {'val_loss': '0.23841', 'g0': '0.02368', 'g1': '0.02949', 'flip_r': '0.00263', 'pmean': '0.09896', 'trn_auc': '0.96947', 'val_auc': '0.79209', 'tst_auc': '0.75695', 'trn_aps': '0.83748', 'val_aps': '0.38584', 'tst_aps': '0.36971', 'trn_loss0': '0.19225'}
Epoch 00164: reducing learning rate of group 0 to 1.5625e-05.
Epoch 164: {'val_loss': '0.23807', 'g0': '0.02385', 'g1': '0.02932', 'flip_r': '0.00433', 'pmean': '0.09427', 'trn_auc': '0.97036', 'val_auc': '0.79347', 'tst_auc': '0.75912', 'trn_aps': '0.83795', 'val_aps': '0.38257', 'tst_aps': '0.36962', 'trn_loss0': '0.19040'}
Epoch 165: {'val_loss': '0.23915', 'g0': '0.02359', 'g1': '0.02958', 'flip_r': '0.00677', 'pmean': '0.09513', 'trn_auc': '0.96815', 'val_auc': '0.79167', 'tst_auc': '0.75679', 'trn_aps': '0.83432', 'val_aps': '0.37635', 'tst_aps': '0.36791', 'trn_loss0': '0.19129'}
Epoch 166: {'val_loss': '0.23965', 'g0': '0.02357', 'g1': '0.02960', 'flip_r': '0.00150', 'pmean': '0.09443', 'trn_auc': '0.96819', 'val_auc': '0.79321', 'tst_auc': '0.75519', 'trn_aps': '0.83358', 'val_aps': '0.38145', 'tst_aps': '0.36637', 'trn_loss0': '0.18959'}
Epoch 167: {'val_loss': '0.23886', 'g0': '0.02364', 'g1': '0.02953', 'flip_r': '0.00282', 'pmean': '0.09648', 'trn_auc': '0.96912', 'val_auc': '0.79277', 'tst_auc': '0.75545', 'trn_aps': '0.83345', 'val_aps': '0.38468', 'tst_aps': '0.36718', 'trn_loss0': '0.18504'}
Epoch 168: {'val_loss': '0.24035', 'g0': '0.02361', 'g1': '0.02956', 'flip_r': '0.00207', 'pmean': '0.09433', 'trn_auc': '0.96798', 'val_auc': '0.79099', 'tst_auc': '0.75427', 'trn_aps': '0.83025', 'val_aps': '0.37729', 'tst_aps': '0.36747', 'trn_loss0': '0.18862'}
Epoch 169: {'val_loss': '0.23985', 'g0': '0.02374', 'g1': '0.02943', 'flip_r': '0.00433', 'pmean': '0.09005', 'trn_auc': '0.96883', 'val_auc': '0.79330', 'tst_auc': '0.75727', 'trn_aps': '0.83187', 'val_aps': '0.38879', 'tst_aps': '0.36814', 'trn_loss0': '0.18900'}
Epoch 170: {'val_loss': '0.23989', 'g0': '0.02370', 'g1': '0.02947', 'flip_r': '0.00263', 'pmean': '0.09083', 'trn_auc': '0.96944', 'val_auc': '0.79134', 'tst_auc': '0.75666', 'trn_aps': '0.83607', 'val_aps': '0.38773', 'tst_aps': '0.36788', 'trn_loss0': '0.17332'}
Epoch 00171: reducing learning rate of group 0 to 7.8125e-06.
Epoch 171: {'val_loss': '0.23882', 'g0': '0.02387', 'g1': '0.02930', 'flip_r': '0.00433', 'pmean': '0.09282', 'trn_auc': '0.96990', 'val_auc': '0.79310', 'tst_auc': '0.75748', 'trn_aps': '0.83826', 'val_aps': '0.39107', 'tst_aps': '0.36524', 'trn_loss0': '0.20131'}
Epoch 172: {'val_loss': '0.23866', 'g0': '0.02374', 'g1': '0.02943', 'flip_r': '0.00433', 'pmean': '0.09671', 'trn_auc': '0.97031', 'val_auc': '0.79203', 'tst_auc': '0.75853', 'trn_aps': '0.83858', 'val_aps': '0.38468', 'tst_aps': '0.36412', 'trn_loss0': '0.17525'}
Epoch 173: {'val_loss': '0.23780', 'g0': '0.02375', 'g1': '0.02942', 'flip_r': '0.00320', 'pmean': '0.09782', 'trn_auc': '0.97031', 'val_auc': '0.79315', 'tst_auc': '0.75896', 'trn_aps': '0.83855', 'val_aps': '0.38671', 'tst_aps': '0.36638', 'trn_loss0': '0.18548'}
Epoch 174: {'val_loss': '0.23863', 'g0': '0.02370', 'g1': '0.02947', 'flip_r': '0.00282', 'pmean': '0.09158', 'trn_auc': '0.96893', 'val_auc': '0.79374', 'tst_auc': '0.76044', 'trn_aps': '0.83391', 'val_aps': '0.38604', 'tst_aps': '0.36989', 'trn_loss0': '0.18395'}
Epoch 175: {'val_loss': '0.23885', 'g0': '0.02379', 'g1': '0.02938', 'flip_r': '0.00282', 'pmean': '0.09083', 'trn_auc': '0.96956', 'val_auc': '0.79290', 'tst_auc': '0.75871', 'trn_aps': '0.83585', 'val_aps': '0.38682', 'tst_aps': '0.36809', 'trn_loss0': '0.19380'}
Epoch 176: {'val_loss': '0.23937', 'g0': '0.02363', 'g1': '0.02954', 'flip_r': '0.00376', 'pmean': '0.09229', 'trn_auc': '0.96814', 'val_auc': '0.79279', 'tst_auc': '0.75706', 'trn_aps': '0.83043', 'val_aps': '0.38493', 'tst_aps': '0.36899', 'trn_loss0': '0.18744'}
Epoch 177: {'val_loss': '0.23953', 'g0': '0.02361', 'g1': '0.02956', 'flip_r': '0.00188', 'pmean': '0.09653', 'trn_auc': '0.96836', 'val_auc': '0.79057', 'tst_auc': '0.75574', 'trn_aps': '0.83229', 'val_aps': '0.38469', 'tst_aps': '0.36723', 'trn_loss0': '0.20613'}
Epoch 178: {'val_loss': '0.23936', 'g0': '0.02366', 'g1': '0.02951', 'flip_r': '0.00244', 'pmean': '0.09637', 'trn_auc': '0.96889', 'val_auc': '0.79087', 'tst_auc': '0.75589', 'trn_aps': '0.83390', 'val_aps': '0.38052', 'tst_aps': '0.36803', 'trn_loss0': '0.19814'}
Epoch 179: {'val_loss': '0.24055', 'g0': '0.02369', 'g1': '0.02948', 'flip_r': '0.00169', 'pmean': '0.09008', 'trn_auc': '0.96873', 'val_auc': '0.78993', 'tst_auc': '0.75574', 'trn_aps': '0.83453', 'val_aps': '0.38264', 'tst_aps': '0.36635', 'trn_loss0': '0.20000'}
Epoch 00180: reducing learning rate of group 0 to 3.9063e-06.
Epoch 180: {'val_loss': '0.23985', 'g0': '0.02369', 'g1': '0.02948', 'flip_r': '0.00226', 'pmean': '0.09189', 'trn_auc': '0.96878', 'val_auc': '0.79081', 'tst_auc': '0.75669', 'trn_aps': '0.83519', 'val_aps': '0.38424', 'tst_aps': '0.37029', 'trn_loss0': '0.19521'}
Epoch 181: {'val_loss': '0.23807', 'g0': '0.02376', 'g1': '0.02941', 'flip_r': '0.00207', 'pmean': '0.09567', 'trn_auc': '0.96988', 'val_auc': '0.79391', 'tst_auc': '0.75934', 'trn_aps': '0.83775', 'val_aps': '0.38937', 'tst_aps': '0.36944', 'trn_loss0': '0.19981'}
Epoch 182: {'val_loss': '0.23905', 'g0': '0.02371', 'g1': '0.02946', 'flip_r': '0.00132', 'pmean': '0.09803', 'trn_auc': '0.96911', 'val_auc': '0.79327', 'tst_auc': '0.75701', 'trn_aps': '0.83551', 'val_aps': '0.38173', 'tst_aps': '0.36729', 'trn_loss0': '0.20925'}
Epoch 183: {'val_loss': '0.24042', 'g0': '0.02371', 'g1': '0.02946', 'flip_r': '0.00188', 'pmean': '0.09401', 'trn_auc': '0.96909', 'val_auc': '0.78969', 'tst_auc': '0.75492', 'trn_aps': '0.83616', 'val_aps': '0.37730', 'tst_aps': '0.36319', 'trn_loss0': '0.18855'}
Epoch 184: {'val_loss': '0.24000', 'g0': '0.02366', 'g1': '0.02951', 'flip_r': '0.00207', 'pmean': '0.09861', 'trn_auc': '0.96872', 'val_auc': '0.78921', 'tst_auc': '0.75541', 'trn_aps': '0.83490', 'val_aps': '0.37670', 'tst_aps': '0.36372', 'trn_loss0': '0.18825'}
Epoch 185: {'val_loss': '0.23873', 'g0': '0.02373', 'g1': '0.02944', 'flip_r': '0.00207', 'pmean': '0.09616', 'trn_auc': '0.96985', 'val_auc': '0.79021', 'tst_auc': '0.75717', 'trn_aps': '0.83639', 'val_aps': '0.38285', 'tst_aps': '0.36443', 'trn_loss0': '0.18716'}
Epoch 00186: reducing learning rate of group 0 to 1.9531e-06.
Epoch 186: {'val_loss': '0.23976', 'g0': '0.02364', 'g1': '0.02953', 'flip_r': '0.00244', 'pmean': '0.09349', 'trn_auc': '0.96852', 'val_auc': '0.79147', 'tst_auc': '0.75629', 'trn_aps': '0.83383', 'val_aps': '0.38374', 'tst_aps': '0.36631', 'trn_loss0': '0.18749'}
Epoch 187: {'val_loss': '0.23906', 'g0': '0.02373', 'g1': '0.02944', 'flip_r': '0.00207', 'pmean': '0.09456', 'trn_auc': '0.96928', 'val_auc': '0.79295', 'tst_auc': '0.75780', 'trn_aps': '0.83798', 'val_aps': '0.38475', 'tst_aps': '0.36504', 'trn_loss0': '0.18280'}
Epoch 188: {'val_loss': '0.23873', 'g0': '0.02372', 'g1': '0.02945', 'flip_r': '0.00282', 'pmean': '0.09327', 'trn_auc': '0.96965', 'val_auc': '0.79449', 'tst_auc': '0.75859', 'trn_aps': '0.83512', 'val_aps': '0.38900', 'tst_aps': '0.36355', 'trn_loss0': '0.18445'}
Epoch 189: {'val_loss': '0.23848', 'g0': '0.02375', 'g1': '0.02942', 'flip_r': '0.00282', 'pmean': '0.09332', 'trn_auc': '0.97026', 'val_auc': '0.79489', 'tst_auc': '0.75866', 'trn_aps': '0.84046', 'val_aps': '0.38582', 'tst_aps': '0.36563', 'trn_loss0': '0.19758'}
Epoch 190: {'val_loss': '0.23886', 'g0': '0.02389', 'g1': '0.02928', 'flip_r': '0.00339', 'pmean': '0.09316', 'trn_auc': '0.97032', 'val_auc': '0.79422', 'tst_auc': '0.75904', 'trn_aps': '0.83972', 'val_aps': '0.38788', 'tst_aps': '0.36562', 'trn_loss0': '0.19539'}
Epoch 191: {'val_loss': '0.23986', 'g0': '0.02374', 'g1': '0.02943', 'flip_r': '0.00395', 'pmean': '0.09127', 'trn_auc': '0.96965', 'val_auc': '0.79120', 'tst_auc': '0.75700', 'trn_aps': '0.83773', 'val_aps': '0.38293', 'tst_aps': '0.36290', 'trn_loss0': '0.19605'}
Epoch 00192: reducing learning rate of group 0 to 9.7656e-07.
Epoch 192: {'val_loss': '0.23928', 'g0': '0.02374', 'g1': '0.02943', 'flip_r': '0.00150', 'pmean': '0.09312', 'trn_auc': '0.96974', 'val_auc': '0.79195', 'tst_auc': '0.75658', 'trn_aps': '0.83772', 'val_aps': '0.38066', 'tst_aps': '0.36557', 'trn_loss0': '0.19891'}
Epoch 193: {'val_loss': '0.23922', 'g0': '0.02371', 'g1': '0.02946', 'flip_r': '0.00169', 'pmean': '0.09340', 'trn_auc': '0.96973', 'val_auc': '0.79254', 'tst_auc': '0.75670', 'trn_aps': '0.83779', 'val_aps': '0.38225', 'tst_aps': '0.36355', 'trn_loss0': '0.19499'}
Epoch 194: {'val_loss': '0.23860', 'g0': '0.02372', 'g1': '0.02945', 'flip_r': '0.00169', 'pmean': '0.09449', 'trn_auc': '0.97027', 'val_auc': '0.79278', 'tst_auc': '0.75786', 'trn_aps': '0.83640', 'val_aps': '0.38211', 'tst_aps': '0.36667', 'trn_loss0': '0.18815'}
Epoch 195: {'val_loss': '0.23782', 'g0': '0.02371', 'g1': '0.02946', 'flip_r': '0.00169', 'pmean': '0.09916', 'trn_auc': '0.97063', 'val_auc': '0.79372', 'tst_auc': '0.75864', 'trn_aps': '0.84046', 'val_aps': '0.38139', 'tst_aps': '0.37069', 'trn_loss0': '0.19243'}
Epoch 196: {'val_loss': '0.23972', 'g0': '0.02371', 'g1': '0.02946', 'flip_r': '0.00150', 'pmean': '0.09601', 'trn_auc': '0.96988', 'val_auc': '0.79126', 'tst_auc': '0.75518', 'trn_aps': '0.83706', 'val_aps': '0.38369', 'tst_aps': '0.36316', 'trn_loss0': '0.18634'}
Epoch 197: {'val_loss': '0.23923', 'g0': '0.02372', 'g1': '0.02945', 'flip_r': '0.00207', 'pmean': '0.09477', 'trn_auc': '0.96944', 'val_auc': '0.79258', 'tst_auc': '0.75786', 'trn_aps': '0.83457', 'val_aps': '0.38602', 'tst_aps': '0.36352', 'trn_loss0': '0.19596'}
Epoch 00198: reducing learning rate of group 0 to 4.8828e-07.
Epoch 198: {'val_loss': '0.23947', 'g0': '0.02380', 'g1': '0.02937', 'flip_r': '0.00301', 'pmean': '0.09077', 'trn_auc': '0.96913', 'val_auc': '0.79302', 'tst_auc': '0.75724', 'trn_aps': '0.83388', 'val_aps': '0.38396', 'tst_aps': '0.36688', 'trn_loss0': '0.18850'}
training time elapsed 137.61s
Evaluating model in ./lightning_logs/py2vovzh/checkpoints/epoch=173-step=1566.ckpt
  0%|          | 0/1 [00:00<?, ?it/s]100%|██████████| 1/1 [00:00<00:00, 35.76it/s]
{'final_trn/auc': '0.96987', 'final_trn/aps': '0.84023', 'final_trn/mf1': '0.88758', 'final_trn/th1': '0.27259', 'final_trn/gme': '0.91242', 'final_trn/th2': '0.12315', 'final_trn/rec': '0.80357', 'final_trn/pre': '0.78947'}
{'final_val/auc': '0.79582', 'final_val/aps': '0.36837', 'final_val/mf1': '0.67843', 'final_val/th1': '0.39980', 'final_val/gme': '0.73241', 'final_val/th2': '0.07720', 'final_val/rec': '0.33333', 'final_val/pre': '0.51389'}
{'final_tst/auc': '0.76695', 'final_tst/aps': '0.37536', 'final_tst/mf1': '0.67173', 'final_tst/th1': '0.39980', 'final_tst/gme': '0.55724', 'final_tst/th2': '0.07720', 'final_tst/rec': '0.32143', 'final_tst/pre': '0.52555'}
wandb: Waiting for W&B process to finish... (success).
wandb: 
wandb: Run history:
wandb:               epoch ▁▁▁▁▂▂▂▂▂▃▃▃▃▃▃▄▄▄▄▄▅▅▅▅▅▅▆▆▆▆▆▇▇▇▇▇▇███
wandb:       final_trn/aps ▁
wandb:       final_trn/auc ▁
wandb:       final_trn/gme ▁
wandb:       final_trn/mf1 ▁
wandb:       final_trn/pre ▁
wandb:       final_trn/rec ▁
wandb:       final_trn/th1 ▁
wandb:       final_trn/th2 ▁
wandb:       final_tst/aps ▁
wandb:       final_tst/auc ▁
wandb:       final_tst/gme ▁
wandb:       final_tst/mf1 ▁
wandb:       final_tst/pre ▁
wandb:       final_tst/rec ▁
wandb:       final_tst/th1 ▁
wandb:       final_tst/th2 ▁
wandb:       final_val/aps ▁
wandb:       final_val/auc ▁
wandb:       final_val/gme ▁
wandb:       final_val/mf1 ▁
wandb:       final_val/pre ▁
wandb:       final_val/rec ▁
wandb:       final_val/th1 ▁
wandb:       final_val/th2 ▁
wandb:              flip_r ▁▄▂▁▁▁▁▁▁▁▃▃▆▄▄▃█▄▃▃▄▃▃▃▅▂▂▁▁▁▁▁▁▂▁▁▁▁▁▁
wandb:                  g0 ▁▂▁▁▁▁▁▁▁▁▂▃▅▄▅▅▅▆▇▇▇▇▇▇█▇██████████████
wandb:                  g1 █▇████████▇▆▄▅▄▄▄▃▂▂▂▂▂▂▁▂▁▁▁▁▁▁▁▁▁▁▁▁▁▁
wandb:               pmean █▁▂▂▂▂▂▂▂▂▂▂▁▂▁▂▂▂▁▁▁▁▁▁▁▂▁▁▂▁▂▁▁▁▁▁▁▁▁▁
wandb: trainer/global_step ▁▁▁▁▂▂▂▂▂▃▃▃▃▃▃▄▄▄▄▄▅▅▅▅▅▅▆▆▆▆▆▇▇▇▇▇▇███
wandb:             trn_aps ▁▁▁▁▁▁▁▁▂▂▂▃▄▄▅▅▆▆▇▇▇▇▇█████████████████
wandb:             trn_auc ▁▁▁▁▁▁▂▂▃▄▅▅▆▆▇▇▇▇▇▇████████████████████
wandb:           trn_loss0 █▅▄▄▄▄▄▄▄▃▃▃▃▃▂▃▂▂▂▂▂▂▁▁▁▁▁▁▁▁▁▁▁▁▁▁▁▁▁▁
wandb:             tst_aps ▁▁▁▁▁▁▁▂▂▂▃▄▆▆▆▇▇█▇▇▇███████████████████
wandb:             tst_auc ▁▁▁▁▁▂▂▃▄▄▆▆▇▇██████████████████████████
wandb:        unclear_down ▁
wandb:          unclear_up ▁
wandb:             val_aps ▁▁▁▁▁▁▂▂▂▃▄▄▆▇▇███▇▇▇▇▇█▇▇▇▇▇▇▇▇▇▇▇▇▇▇▇▇
wandb:             val_auc ▁▁▂▂▃▃▃▄▅▅▆▇▇▇████████▇█▇▇▇▇▇▇▇▇▇▇▇▇▇▇▇▇
wandb:            val_loss █▅▅▅▅▅▅▄▄▄▄▃▃▂▂▂▂▁▁▁▁▁▁▁▁▁▁▁▁▁▁▁▁▁▁▁▁▁▁▁
wandb: 
wandb: Run summary:
wandb:               epoch 198
wandb:       final_trn/aps 0.84023
wandb:       final_trn/auc 0.96987
wandb:       final_trn/gme 0.91242
wandb:       final_trn/mf1 0.88758
wandb:       final_trn/pre 0.78947
wandb:       final_trn/rec 0.80357
wandb:       final_trn/th1 0.27259
wandb:       final_trn/th2 0.12315
wandb:       final_tst/aps 0.37536
wandb:       final_tst/auc 0.76695
wandb:       final_tst/gme 0.55724
wandb:       final_tst/mf1 0.67173
wandb:       final_tst/pre 0.52555
wandb:       final_tst/rec 0.32143
wandb:       final_tst/th1 0.3998
wandb:       final_tst/th2 0.0772
wandb:       final_val/aps 0.36837
wandb:       final_val/auc 0.79582
wandb:       final_val/gme 0.73241
wandb:       final_val/mf1 0.67843
wandb:       final_val/pre 0.51389
wandb:       final_val/rec 0.33333
wandb:       final_val/th1 0.3998
wandb:       final_val/th2 0.0772
wandb:              flip_r 0.00301
wandb:                  g0 0.0238
wandb:                  g1 0.02937
wandb:               pmean 0.09077
wandb: trainer/global_step 1790
wandb:             trn_aps 0.83388
wandb:             trn_auc 0.96913
wandb:           trn_loss0 0.1885
wandb:             tst_aps 0.36688
wandb:             tst_auc 0.75724
wandb:        unclear_down 0.025
wandb:          unclear_up 0.025
wandb:             val_aps 0.38396
wandb:             val_auc 0.79302
wandb:            val_loss 0.23947
wandb: 
wandb: You can sync this run to the cloud by running:
wandb: wandb sync /workspace/COMP8851-fraud-dataset-analysis/models/dga-gnn/dga_gnn_upstream/code/wandb/offline-run-20260917_155223-py2vovzh
wandb: Find logs at: ./wandb/offline-run-20260917_155223-py2vovzh/logs
==============================
==============================
