=== Run: splitgnn_elliptic_unified_tr20_seed72_a6000_20260918T034948Z ===
Result dir: /workspace/splitgnn_vast/results/splitgnn/elliptic/unified/tr20/seed_72
Split overlap checks: PASSED
train=9313 valid=9313 test=18626
Model source commit: 32fbdb836781d5c02523844a7079425f89be8831
Config SHA256: 68eb80e445287991751bb0a51ed59ccf722c868909e41f5db7da7dd00d1f0bfd
Split SHA256: 77008be57543be620a444bf233a229fe6f09d3d5b4fcf427a8481f7972e5ebf5
epoch 0: loss=1.6910 val_auprc=0.1111 val_auc=0.5170 val_f1_macro=0.3639 (best_epoch=0, best_auprc=0.1111)
epoch 1: loss=1.6658 val_auprc=0.1135 val_auc=0.5226 val_f1_macro=0.5178 (best_epoch=1, best_auprc=0.1135)
epoch 2: loss=1.6633 val_auprc=0.1272 val_auc=0.5534 val_f1_macro=0.5253 (best_epoch=2, best_auprc=0.1272)
epoch 3: loss=1.6341 val_auprc=0.1415 val_auc=0.5863 val_f1_macro=0.5429 (best_epoch=3, best_auprc=0.1415)
epoch 4: loss=1.6416 val_auprc=0.1509 val_auc=0.5937 val_f1_macro=0.4958 (best_epoch=4, best_auprc=0.1509)
epoch 5: loss=1.6033 val_auprc=0.1575 val_auc=0.6019 val_f1_macro=0.3729 (best_epoch=5, best_auprc=0.1575)
epoch 6: loss=1.6056 val_auprc=0.1622 val_auc=0.6116 val_f1_macro=0.3853 (best_epoch=6, best_auprc=0.1622)
epoch 7: loss=1.5616 val_auprc=0.1671 val_auc=0.6219 val_f1_macro=0.4330 (best_epoch=7, best_auprc=0.1671)
epoch 8: loss=1.5548 val_auprc=0.1740 val_auc=0.6335 val_f1_macro=0.4820 (best_epoch=8, best_auprc=0.1740)
epoch 9: loss=1.5575 val_auprc=0.1786 val_auc=0.6420 val_f1_macro=0.5178 (best_epoch=9, best_auprc=0.1786)
epoch 10: loss=1.5545 val_auprc=0.1861 val_auc=0.6508 val_f1_macro=0.5707 (best_epoch=10, best_auprc=0.1861)
epoch 11: loss=1.5448 val_auprc=0.1849 val_auc=0.6453 val_f1_macro=0.5852 (best_epoch=10, best_auprc=0.1861)
epoch 12: loss=1.5172 val_auprc=0.1927 val_auc=0.6430 val_f1_macro=0.5864 (best_epoch=12, best_auprc=0.1927)
epoch 13: loss=1.4943 val_auprc=0.1961 val_auc=0.6435 val_f1_macro=0.5871 (best_epoch=13, best_auprc=0.1961)
epoch 14: loss=1.4874 val_auprc=0.1999 val_auc=0.6471 val_f1_macro=0.5899 (best_epoch=14, best_auprc=0.1999)
epoch 15: loss=1.5169 val_auprc=0.2051 val_auc=0.6502 val_f1_macro=0.5906 (best_epoch=15, best_auprc=0.2051)
epoch 16: loss=1.4769 val_auprc=0.2040 val_auc=0.6495 val_f1_macro=0.5825 (best_epoch=15, best_auprc=0.2051)
epoch 17: loss=1.4649 val_auprc=0.1995 val_auc=0.6479 val_f1_macro=0.5255 (best_epoch=15, best_auprc=0.2051)
epoch 18: loss=1.4340 val_auprc=0.1974 val_auc=0.6495 val_f1_macro=0.4773 (best_epoch=15, best_auprc=0.2051)
epoch 19: loss=1.4376 val_auprc=0.1967 val_auc=0.6530 val_f1_macro=0.4481 (best_epoch=15, best_auprc=0.2051)
epoch 20: loss=1.4456 val_auprc=0.1962 val_auc=0.6593 val_f1_macro=0.4402 (best_epoch=15, best_auprc=0.2051)
epoch 21: loss=1.3831 val_auprc=0.2030 val_auc=0.6742 val_f1_macro=0.4658 (best_epoch=15, best_auprc=0.2051)
epoch 22: loss=1.3390 val_auprc=0.2102 val_auc=0.6863 val_f1_macro=0.5007 (best_epoch=22, best_auprc=0.2102)
epoch 23: loss=1.3688 val_auprc=0.2168 val_auc=0.6965 val_f1_macro=0.5379 (best_epoch=23, best_auprc=0.2168)
epoch 24: loss=1.3226 val_auprc=0.2223 val_auc=0.7049 val_f1_macro=0.5705 (best_epoch=24, best_auprc=0.2223)
epoch 25: loss=1.3001 val_auprc=0.2261 val_auc=0.7100 val_f1_macro=0.5877 (best_epoch=25, best_auprc=0.2261)
epoch 26: loss=1.2423 val_auprc=0.2296 val_auc=0.7133 val_f1_macro=0.5910 (best_epoch=26, best_auprc=0.2296)
epoch 27: loss=1.3430 val_auprc=0.2307 val_auc=0.7159 val_f1_macro=0.5861 (best_epoch=27, best_auprc=0.2307)
epoch 28: loss=1.2611 val_auprc=0.2296 val_auc=0.7167 val_f1_macro=0.5710 (best_epoch=27, best_auprc=0.2307)
epoch 29: loss=1.2545 val_auprc=0.2269 val_auc=0.7183 val_f1_macro=0.5626 (best_epoch=27, best_auprc=0.2307)
epoch 30: loss=1.2458 val_auprc=0.2311 val_auc=0.7231 val_f1_macro=0.5754 (best_epoch=30, best_auprc=0.2311)
epoch 31: loss=1.3003 val_auprc=0.2354 val_auc=0.7272 val_f1_macro=0.5845 (best_epoch=31, best_auprc=0.2354)
epoch 32: loss=1.2712 val_auprc=0.2403 val_auc=0.7310 val_f1_macro=0.5879 (best_epoch=32, best_auprc=0.2403)
epoch 33: loss=1.2728 val_auprc=0.2501 val_auc=0.7377 val_f1_macro=0.5881 (best_epoch=33, best_auprc=0.2501)
epoch 34: loss=1.1744 val_auprc=0.2607 val_auc=0.7457 val_f1_macro=0.5878 (best_epoch=34, best_auprc=0.2607)
epoch 35: loss=1.2276 val_auprc=0.2678 val_auc=0.7545 val_f1_macro=0.5869 (best_epoch=35, best_auprc=0.2678)
epoch 36: loss=1.2349 val_auprc=0.2670 val_auc=0.7592 val_f1_macro=0.5714 (best_epoch=35, best_auprc=0.2678)
epoch 37: loss=1.1225 val_auprc=0.2710 val_auc=0.7625 val_f1_macro=0.5534 (best_epoch=37, best_auprc=0.2710)
epoch 38: loss=1.1168 val_auprc=0.2756 val_auc=0.7654 val_f1_macro=0.5502 (best_epoch=38, best_auprc=0.2756)
epoch 39: loss=1.0780 val_auprc=0.2743 val_auc=0.7659 val_f1_macro=0.5584 (best_epoch=38, best_auprc=0.2756)
epoch 40: loss=1.0256 val_auprc=0.2667 val_auc=0.7652 val_f1_macro=0.5660 (best_epoch=38, best_auprc=0.2756)
epoch 41: loss=1.1137 val_auprc=0.2641 val_auc=0.7668 val_f1_macro=0.5699 (best_epoch=38, best_auprc=0.2756)
epoch 42: loss=0.9978 val_auprc=0.2665 val_auc=0.7712 val_f1_macro=0.5718 (best_epoch=38, best_auprc=0.2756)
epoch 43: loss=1.0782 val_auprc=0.2704 val_auc=0.7762 val_f1_macro=0.5731 (best_epoch=38, best_auprc=0.2756)
epoch 44: loss=1.0679 val_auprc=0.2756 val_auc=0.7808 val_f1_macro=0.5749 (best_epoch=44, best_auprc=0.2756)
epoch 45: loss=1.0050 val_auprc=0.2814 val_auc=0.7852 val_f1_macro=0.5726 (best_epoch=45, best_auprc=0.2814)
epoch 46: loss=1.0400 val_auprc=0.2881 val_auc=0.7907 val_f1_macro=0.5727 (best_epoch=46, best_auprc=0.2881)
epoch 47: loss=1.0361 val_auprc=0.2971 val_auc=0.7967 val_f1_macro=0.5779 (best_epoch=47, best_auprc=0.2971)
epoch 48: loss=1.0318 val_auprc=0.3101 val_auc=0.8028 val_f1_macro=0.5870 (best_epoch=48, best_auprc=0.3101)
epoch 49: loss=1.0599 val_auprc=0.3253 val_auc=0.8081 val_f1_macro=0.6026 (best_epoch=49, best_auprc=0.3253)
epoch 50: loss=1.0867 val_auprc=0.3371 val_auc=0.8134 val_f1_macro=0.6041 (best_epoch=50, best_auprc=0.3371)
epoch 51: loss=1.0432 val_auprc=0.3474 val_auc=0.8190 val_f1_macro=0.5954 (best_epoch=51, best_auprc=0.3474)
epoch 52: loss=0.9306 val_auprc=0.3577 val_auc=0.8238 val_f1_macro=0.5796 (best_epoch=52, best_auprc=0.3577)
epoch 53: loss=0.9878 val_auprc=0.3720 val_auc=0.8288 val_f1_macro=0.5760 (best_epoch=53, best_auprc=0.3720)
epoch 54: loss=0.9567 val_auprc=0.3796 val_auc=0.8324 val_f1_macro=0.5967 (best_epoch=54, best_auprc=0.3796)
epoch 55: loss=0.9465 val_auprc=0.3849 val_auc=0.8350 val_f1_macro=0.6180 (best_epoch=55, best_auprc=0.3849)
epoch 56: loss=1.0383 val_auprc=0.3902 val_auc=0.8368 val_f1_macro=0.6268 (best_epoch=56, best_auprc=0.3902)
epoch 57: loss=0.9521 val_auprc=0.3975 val_auc=0.8399 val_f1_macro=0.6187 (best_epoch=57, best_auprc=0.3975)
epoch 58: loss=1.0164 val_auprc=0.4057 val_auc=0.8434 val_f1_macro=0.6057 (best_epoch=58, best_auprc=0.4057)
epoch 59: loss=0.9308 val_auprc=0.4067 val_auc=0.8442 val_f1_macro=0.5987 (best_epoch=59, best_auprc=0.4067)
epoch 60: loss=0.9090 val_auprc=0.4040 val_auc=0.8448 val_f1_macro=0.6034 (best_epoch=59, best_auprc=0.4067)
epoch 61: loss=0.9238 val_auprc=0.4002 val_auc=0.8455 val_f1_macro=0.6157 (best_epoch=59, best_auprc=0.4067)
epoch 62: loss=0.9588 val_auprc=0.3983 val_auc=0.8465 val_f1_macro=0.6272 (best_epoch=59, best_auprc=0.4067)
epoch 63: loss=0.9400 val_auprc=0.4031 val_auc=0.8495 val_f1_macro=0.6324 (best_epoch=59, best_auprc=0.4067)
epoch 64: loss=0.9478 val_auprc=0.4156 val_auc=0.8558 val_f1_macro=0.6229 (best_epoch=64, best_auprc=0.4156)
epoch 65: loss=0.9148 val_auprc=0.4268 val_auc=0.8604 val_f1_macro=0.6149 (best_epoch=65, best_auprc=0.4268)
epoch 66: loss=0.9644 val_auprc=0.4397 val_auc=0.8640 val_f1_macro=0.6175 (best_epoch=66, best_auprc=0.4397)
epoch 67: loss=0.8855 val_auprc=0.4503 val_auc=0.8668 val_f1_macro=0.6293 (best_epoch=67, best_auprc=0.4503)
epoch 68: loss=0.9869 val_auprc=0.4591 val_auc=0.8680 val_f1_macro=0.6452 (best_epoch=68, best_auprc=0.4591)
epoch 69: loss=0.9530 val_auprc=0.4689 val_auc=0.8687 val_f1_macro=0.6566 (best_epoch=69, best_auprc=0.4689)
epoch 70: loss=0.8596 val_auprc=0.4739 val_auc=0.8701 val_f1_macro=0.6548 (best_epoch=70, best_auprc=0.4739)
epoch 71: loss=0.9011 val_auprc=0.4766 val_auc=0.8722 val_f1_macro=0.6444 (best_epoch=71, best_auprc=0.4766)
epoch 72: loss=0.8772 val_auprc=0.4781 val_auc=0.8747 val_f1_macro=0.6277 (best_epoch=72, best_auprc=0.4781)
epoch 73: loss=0.8603 val_auprc=0.4811 val_auc=0.8769 val_f1_macro=0.6188 (best_epoch=73, best_auprc=0.4811)
epoch 74: loss=0.9120 val_auprc=0.4882 val_auc=0.8782 val_f1_macro=0.6323 (best_epoch=74, best_auprc=0.4882)
epoch 75: loss=0.8884 val_auprc=0.4844 val_auc=0.8765 val_f1_macro=0.6484 (best_epoch=74, best_auprc=0.4882)
epoch 76: loss=0.9061 val_auprc=0.4762 val_auc=0.8741 val_f1_macro=0.6527 (best_epoch=74, best_auprc=0.4882)
epoch 77: loss=0.9950 val_auprc=0.4786 val_auc=0.8752 val_f1_macro=0.6445 (best_epoch=74, best_auprc=0.4882)
epoch 78: loss=0.8654 val_auprc=0.4901 val_auc=0.8784 val_f1_macro=0.6266 (best_epoch=78, best_auprc=0.4901)
epoch 79: loss=0.8586 val_auprc=0.4950 val_auc=0.8786 val_f1_macro=0.6221 (best_epoch=79, best_auprc=0.4950)
epoch 80: loss=0.9090 val_auprc=0.4966 val_auc=0.8776 val_f1_macro=0.6295 (best_epoch=80, best_auprc=0.4966)
epoch 81: loss=0.8612 val_auprc=0.4941 val_auc=0.8758 val_f1_macro=0.6540 (best_epoch=80, best_auprc=0.4966)
epoch 82: loss=0.8197 val_auprc=0.4912 val_auc=0.8749 val_f1_macro=0.6615 (best_epoch=80, best_auprc=0.4966)
epoch 83: loss=0.8441 val_auprc=0.4931 val_auc=0.8750 val_f1_macro=0.6547 (best_epoch=80, best_auprc=0.4966)
epoch 84: loss=0.9011 val_auprc=0.4964 val_auc=0.8759 val_f1_macro=0.6491 (best_epoch=80, best_auprc=0.4966)
epoch 85: loss=0.8682 val_auprc=0.5027 val_auc=0.8775 val_f1_macro=0.6435 (best_epoch=85, best_auprc=0.5027)
epoch 86: loss=0.8218 val_auprc=0.5091 val_auc=0.8798 val_f1_macro=0.6461 (best_epoch=86, best_auprc=0.5091)
epoch 87: loss=0.7976 val_auprc=0.5134 val_auc=0.8817 val_f1_macro=0.6557 (best_epoch=87, best_auprc=0.5134)
epoch 88: loss=0.7629 val_auprc=0.5172 val_auc=0.8833 val_f1_macro=0.6620 (best_epoch=88, best_auprc=0.5172)
epoch 89: loss=0.8664 val_auprc=0.5183 val_auc=0.8840 val_f1_macro=0.6615 (best_epoch=89, best_auprc=0.5183)
epoch 90: loss=0.9323 val_auprc=0.5206 val_auc=0.8854 val_f1_macro=0.6578 (best_epoch=90, best_auprc=0.5206)
epoch 91: loss=0.7966 val_auprc=0.5244 val_auc=0.8863 val_f1_macro=0.6549 (best_epoch=91, best_auprc=0.5244)
epoch 92: loss=0.8073 val_auprc=0.5272 val_auc=0.8878 val_f1_macro=0.6490 (best_epoch=92, best_auprc=0.5272)
epoch 93: loss=0.8422 val_auprc=0.5279 val_auc=0.8894 val_f1_macro=0.6538 (best_epoch=93, best_auprc=0.5279)
epoch 94: loss=0.8333 val_auprc=0.5305 val_auc=0.8916 val_f1_macro=0.6607 (best_epoch=94, best_auprc=0.5305)
epoch 95: loss=0.8146 val_auprc=0.5342 val_auc=0.8927 val_f1_macro=0.6699 (best_epoch=95, best_auprc=0.5342)
epoch 96: loss=0.7899 val_auprc=0.5401 val_auc=0.8940 val_f1_macro=0.6744 (best_epoch=96, best_auprc=0.5401)
epoch 97: loss=0.7697 val_auprc=0.5482 val_auc=0.8969 val_f1_macro=0.6710 (best_epoch=97, best_auprc=0.5482)
epoch 98: loss=0.8020 val_auprc=0.5512 val_auc=0.8981 val_f1_macro=0.6657 (best_epoch=98, best_auprc=0.5512)
epoch 99: loss=0.7051 val_auprc=0.5514 val_auc=0.8984 val_f1_macro=0.6656 (best_epoch=99, best_auprc=0.5514)
Selected threshold (best val macro-F1): 0.80 (val F1=0.7607)
TEST metrics: {'auprc': 0.559407162186829, 'auc': 0.9007386177099387, 'f1_macro': 0.7715143187434923, 'recall': 0.5775577557755776, 'threshold_used': 0.8, 'best_epoch': 99}