**************** MODEL CONFIGURATION ****************
alpha                    -->   2
batch_size               -->   1024
cuda_id                  -->   0
data_dir                 -->   ./data/
data_name                -->   yelp
emb_size                 -->   64
lr                       -->   0.01
model                    -->   PCGNN
multi_relation           -->   GNN
no_cuda                  -->   False
num_epochs               -->   100
optimizer                -->   adam
results_dir              -->   ./results/unified-final/yelpchi/pcgnn/tr20/seed2
rho                      -->   0.4
run_mode                 -->   unified_final_yelpchi_tr20_kaggle_t4_seed2_rho0p4
save_dir                 -->   ./pytorch_models/
seed                     -->   2
split_path               -->   ./shared/splits/yelpchi/yelpchi_tr20_split_seed2.npz
test_ratio               -->   0.67
thres                    -->   0.5
train_ratio              -->   0.2
valid_epochs             -->   5
weight_decay             -->   0.001
**************** MODEL CONFIGURATION ****************
Run on yelp, postive/total num: 6677/45954, train num 9191,valid num 9099, test num 18474, test positive num 2684
Classification threshold: 0.5
Feature dimension: 32
Model: PCGNN, multi-relation aggregator: GNN, emb_size: 64.
/kaggle/working/pcgnn_clean_restart/PC-GNN-COMP8851-Instrumented/src/model_handler.py:258: UserWarning: The torch.cuda.*DtypeTensor constructors are no longer recommended. It's best to use methods such as torch.tensor(data, dtype=*, device='cuda') to create tensors. (Triggered internally at /pytorch/torch/csrc/tensor/python_tensor.cpp:78.)
  batch_loss = gnn_model.loss(batch_nodes, Variable(torch.cuda.LongTensor(batch_label)))
Epoch: 0, loss: 2.077766259511312, time: 6.073449081000945s
Valid at epoch 0
/usr/local/lib/python3.12/dist-packages/sklearn/metrics/_classification.py:1565: UndefinedMetricWarning: Recall is ill-defined and being set to 0.0 in labels with no true samples. Use `zero_division` parameter to control this behavior.
  _warn_prf(average, modifier, f"{metric.capitalize()} is", len(result))
   GNN F1-binary-1: 0.2537	F1-binary-0: 0.0000	F1-macro: 0.1269	G-Mean: 0.0000	AUC: 0.7236
   GNN TP: 1322	TN: 0	FN: 0	FP: 7777
Label1 F1: 0.0937	Accuracy: 0.1559	Recall: 0.4444	AUC: 0.4847	AP: 0.1420
  Saving model ...
Epoch: 1, loss: 2.0679008960723877, time: 5.5125869959993s
Epoch: 2, loss: 2.057807524998983, time: 6.141584300999966s
Epoch: 3, loss: 2.039463520050049, time: 5.508304091001264s
Epoch: 4, loss: 2.0042948722839355, time: 5.499839499998416s
Epoch: 5, loss: 2.000325640042623, time: 5.583108798000467s
Valid at epoch 5
/usr/local/lib/python3.12/dist-packages/sklearn/metrics/_classification.py:1565: UndefinedMetricWarning: Recall is ill-defined and being set to 0.0 in labels with no true samples. Use `zero_division` parameter to control this behavior.
  _warn_prf(average, modifier, f"{metric.capitalize()} is", len(result))
   GNN F1-binary-1: 0.3657	F1-binary-0: 0.7454	F1-macro: 0.5556	G-Mean: 0.6698	AUC: 0.7382
   GNN TP: 953	TN: 4840	FN: 369	FP: 2937
Label1 F1: 0.0937	Accuracy: 0.1559	Recall: 0.4444	AUC: 0.6150	AP: 0.2245
  Saving model ...
Epoch: 6, loss: 1.964034875233968, time: 5.536576305999915s
Epoch: 7, loss: 1.9443055788675945, time: 6.088160196000899s
Epoch: 8, loss: 1.9522793690363567, time: 5.453342671999053s
Epoch: 9, loss: 1.9180773099263508, time: 5.4777165169998625s
Epoch: 10, loss: 1.904152472813924, time: 5.476008076999278s
Valid at epoch 10
/usr/local/lib/python3.12/dist-packages/sklearn/metrics/_classification.py:1565: UndefinedMetricWarning: Recall is ill-defined and being set to 0.0 in labels with no true samples. Use `zero_division` parameter to control this behavior.
  _warn_prf(average, modifier, f"{metric.capitalize()} is", len(result))
   GNN F1-binary-1: 0.4024	F1-binary-0: 0.8083	F1-macro: 0.6053	G-Mean: 0.6939	AUC: 0.7542
   GNN TP: 889	TN: 5569	FN: 433	FP: 2208
Label1 F1: 0.0973	Accuracy: 0.1590	Recall: 0.4462	AUC: 0.6666	AP: 0.2688
  Saving model ...
Epoch: 11, loss: 1.9069627523422241, time: 5.511417839999922s
Epoch: 12, loss: 1.8985673586527507, time: 6.0541262430015195s
Epoch: 13, loss: 1.8800371090571086, time: 5.508492046999891s
Epoch: 14, loss: 1.8802458842595418, time: 5.433134617000178s
Epoch: 15, loss: 1.8959580262502034, time: 5.635207473000264s
Valid at epoch 15
/usr/local/lib/python3.12/dist-packages/sklearn/metrics/_classification.py:1565: UndefinedMetricWarning: Recall is ill-defined and being set to 0.0 in labels with no true samples. Use `zero_division` parameter to control this behavior.
  _warn_prf(average, modifier, f"{metric.capitalize()} is", len(result))
   GNN F1-binary-1: 0.3746	F1-binary-0: 0.7281	F1-macro: 0.5513	G-Mean: 0.6811	AUC: 0.7600
   GNN TP: 1033	TN: 4617	FN: 289	FP: 3160
Label1 F1: 0.1181	Accuracy: 0.1720	Recall: 0.4570	AUC: 0.6877	AP: 0.2865
  Saving model ...
Epoch: 16, loss: 1.8920143842697144, time: 5.43065624799965s
Epoch: 17, loss: 1.9039431810379028, time: 5.975111673000356s
Epoch: 18, loss: 1.8990520238876343, time: 5.568302318999486s
Epoch: 19, loss: 1.8852092027664185, time: 5.698099922001347s
Epoch: 20, loss: 1.8869712750116985, time: 5.61848969499988s
Valid at epoch 20
/usr/local/lib/python3.12/dist-packages/sklearn/metrics/_classification.py:1565: UndefinedMetricWarning: Recall is ill-defined and being set to 0.0 in labels with no true samples. Use `zero_division` parameter to control this behavior.
  _warn_prf(average, modifier, f"{metric.capitalize()} is", len(result))
   GNN F1-binary-1: 0.3938	F1-binary-0: 0.7712	F1-macro: 0.5825	G-Mean: 0.6975	AUC: 0.7636
   GNN TP: 982	TN: 5094	FN: 340	FP: 2683
Label1 F1: 0.1068	Accuracy: 0.1674	Recall: 0.4508	AUC: 0.6984	AP: 0.2951
  Saving model ...
Epoch: 21, loss: 1.8756814400355022, time: 5.486009590000322s
Epoch: 22, loss: 1.870302637418111, time: 6.053963652000675s
Epoch: 23, loss: 1.8697510560353596, time: 5.49675918200046s
Epoch: 24, loss: 1.860556721687317, time: 5.496195415000329s
Epoch: 25, loss: 1.8793556690216064, time: 5.503785755998251s
Valid at epoch 25
/usr/local/lib/python3.12/dist-packages/sklearn/metrics/_classification.py:1565: UndefinedMetricWarning: Recall is ill-defined and being set to 0.0 in labels with no true samples. Use `zero_division` parameter to control this behavior.
  _warn_prf(average, modifier, f"{metric.capitalize()} is", len(result))
   GNN F1-binary-1: 0.4315	F1-binary-0: 0.8488	F1-macro: 0.6401	G-Mean: 0.6996	AUC: 0.7678
   GNN TP: 825	TN: 6100	FN: 497	FP: 1677
Label1 F1: 0.1661	Accuracy: 0.2172	Recall: 0.4719	AUC: 0.7051	AP: 0.3002
  Saving model ...
Epoch: 26, loss: 1.88444979985555, time: 5.457065391001379s
Epoch: 27, loss: 1.8649334907531738, time: 6.052269520001573s
Epoch: 28, loss: 1.8918733994166057, time: 5.42076402299972s
Epoch: 29, loss: 1.8728879292805989, time: 5.458450766000169s
Epoch: 30, loss: 1.8536850611368816, time: 5.532175156000449s
Valid at epoch 30
/usr/local/lib/python3.12/dist-packages/sklearn/metrics/_classification.py:1565: UndefinedMetricWarning: Recall is ill-defined and being set to 0.0 in labels with no true samples. Use `zero_division` parameter to control this behavior.
  _warn_prf(average, modifier, f"{metric.capitalize()} is", len(result))
   GNN F1-binary-1: 0.3986	F1-binary-0: 0.7729	F1-macro: 0.5857	G-Mean: 0.7025	AUC: 0.7713
   GNN TP: 994	TN: 5105	FN: 328	FP: 2672
Label1 F1: 0.2453	Accuracy: 0.3081	Recall: 0.5226	AUC: 0.7091	AP: 0.3027
  Saving model ...
Epoch: 31, loss: 1.8652534087498982, time: 5.455977214000086s
Epoch: 32, loss: 1.8402796188990276, time: 5.975883675999285s
Epoch: 33, loss: 1.8607865174611409, time: 5.454606469000282s
Epoch: 34, loss: 1.8669060866038005, time: 5.5259583960014425s
Epoch: 35, loss: 1.8578774134318035, time: 5.435324804000629s
Valid at epoch 35
/usr/local/lib/python3.12/dist-packages/sklearn/metrics/_classification.py:1565: UndefinedMetricWarning: Recall is ill-defined and being set to 0.0 in labels with no true samples. Use `zero_division` parameter to control this behavior.
  _warn_prf(average, modifier, f"{metric.capitalize()} is", len(result))
   GNN F1-binary-1: 0.4034	F1-binary-0: 0.7842	F1-macro: 0.5938	G-Mean: 0.7049	AUC: 0.7747
   GNN TP: 975	TN: 5240	FN: 347	FP: 2537
Label1 F1: 0.2970	Accuracy: 0.3791	Recall: 0.5434	AUC: 0.7109	AP: 0.3054
  Saving model ...
Epoch: 36, loss: 1.843599756558736, time: 5.499253009000313s
Epoch: 37, loss: 1.8162003755569458, time: 5.986511621000318s
Epoch: 38, loss: 1.8506995836893718, time: 5.4678524150003796s
Epoch: 39, loss: 1.8338711261749268, time: 5.507231585999762s
Epoch: 40, loss: 1.835010051727295, time: 5.4417281950009055s
Valid at epoch 40
/usr/local/lib/python3.12/dist-packages/sklearn/metrics/_classification.py:1565: UndefinedMetricWarning: Recall is ill-defined and being set to 0.0 in labels with no true samples. Use `zero_division` parameter to control this behavior.
  _warn_prf(average, modifier, f"{metric.capitalize()} is", len(result))
   GNN F1-binary-1: 0.4038	F1-binary-0: 0.7822	F1-macro: 0.5930	G-Mean: 0.7060	AUC: 0.7772
   GNN TP: 983	TN: 5213	FN: 339	FP: 2564
Label1 F1: 0.2351	Accuracy: 0.2929	Recall: 0.5154	AUC: 0.7126	AP: 0.3065
  Saving model ...
Epoch: 41, loss: 1.8294250170389812, time: 5.471221547000823s
Epoch: 42, loss: 1.8394784132639568, time: 6.019609018001574s
Epoch: 43, loss: 1.84604279200236, time: 5.335838246999629s
Epoch: 44, loss: 1.8169007698694866, time: 5.48795004800013s
Epoch: 45, loss: 1.8099546829859416, time: 5.427395292001165s
Valid at epoch 45
/usr/local/lib/python3.12/dist-packages/sklearn/metrics/_classification.py:1565: UndefinedMetricWarning: Recall is ill-defined and being set to 0.0 in labels with no true samples. Use `zero_division` parameter to control this behavior.
  _warn_prf(average, modifier, f"{metric.capitalize()} is", len(result))
   GNN F1-binary-1: 0.4008	F1-binary-0: 0.7724	F1-macro: 0.5866	G-Mean: 0.7052	AUC: 0.7788
   GNN TP: 1004	TN: 5093	FN: 318	FP: 2684
Label1 F1: 0.3529	Accuracy: 0.4697	Recall: 0.5419	AUC: 0.7147	AP: 0.3081
  Saving model ...
Epoch: 46, loss: 1.817790945370992, time: 5.471150448998742s
Epoch: 47, loss: 1.8347241878509521, time: 5.906224717000441s
Epoch: 48, loss: 1.8166811068852742, time: 5.513142808998964s
Epoch: 49, loss: 1.7889093160629272, time: 5.626826706000429s
Epoch: 50, loss: 1.8072168429692586, time: 5.40194025799974s
Valid at epoch 50
/usr/local/lib/python3.12/dist-packages/sklearn/metrics/_classification.py:1565: UndefinedMetricWarning: Recall is ill-defined and being set to 0.0 in labels with no true samples. Use `zero_division` parameter to control this behavior.
  _warn_prf(average, modifier, f"{metric.capitalize()} is", len(result))
   GNN F1-binary-1: 0.4367	F1-binary-0: 0.8313	F1-macro: 0.6340	G-Mean: 0.7201	AUC: 0.7865
   GNN TP: 916	TN: 5820	FN: 406	FP: 1957
Label1 F1: 0.2382	Accuracy: 0.2970	Recall: 0.5162	AUC: 0.7168	AP: 0.3104
  Saving model ...
Epoch: 51, loss: 1.8155668179194133, time: 5.42978832100016s
Epoch: 52, loss: 1.8209325472513835, time: 5.937182154000766s
Epoch: 53, loss: 1.816074252128601, time: 5.479779735000193s
Epoch: 54, loss: 1.8232192993164062, time: 5.437166454999897s
Epoch: 55, loss: 1.8152190049489338, time: 5.444014476999655s
Valid at epoch 55
/usr/local/lib/python3.12/dist-packages/sklearn/metrics/_classification.py:1565: UndefinedMetricWarning: Recall is ill-defined and being set to 0.0 in labels with no true samples. Use `zero_division` parameter to control this behavior.
  _warn_prf(average, modifier, f"{metric.capitalize()} is", len(result))
   GNN F1-binary-1: 0.4607	F1-binary-0: 0.8693	F1-macro: 0.6650	G-Mean: 0.7117	AUC: 0.7919
   GNN TP: 818	TN: 6366	FN: 504	FP: 1411
Label1 F1: 0.4362	Accuracy: 0.6489	Recall: 0.5057	AUC: 0.7166	AP: 0.3108
  Saving model ...
Epoch: 56, loss: 1.807432770729065, time: 5.558347067999421s
Epoch: 57, loss: 1.8103628555933635, time: 5.934060061001219s
Epoch: 58, loss: 1.795620322227478, time: 5.559199491999607s
Epoch: 59, loss: 1.8177634477615356, time: 5.574383694000062s
Epoch: 60, loss: 1.8004640738169353, time: 5.484980408999036s
Valid at epoch 60
/usr/local/lib/python3.12/dist-packages/sklearn/metrics/_classification.py:1565: UndefinedMetricWarning: Recall is ill-defined and being set to 0.0 in labels with no true samples. Use `zero_division` parameter to control this behavior.
  _warn_prf(average, modifier, f"{metric.capitalize()} is", len(result))
   GNN F1-binary-1: 0.3831	F1-binary-0: 0.7193	F1-macro: 0.5512	G-Mean: 0.6906	AUC: 0.7915
   GNN TP: 1090	TN: 4498	FN: 232	FP: 3279
Label1 F1: 0.2036	Accuracy: 0.2565	Recall: 0.4932	AUC: 0.7185	AP: 0.3140
Epoch: 61, loss: 1.8036704063415527, time: 5.555985070001043s
Epoch: 62, loss: 1.7996334632237752, time: 6.026217542001177s
Epoch: 63, loss: 1.7981628974278767, time: 5.53574743200079s
Epoch: 64, loss: 1.8048718770345051, time: 5.508726829999432s
Epoch: 65, loss: 1.7798781792322795, time: 5.54834461199971s
Valid at epoch 65
/usr/local/lib/python3.12/dist-packages/sklearn/metrics/_classification.py:1565: UndefinedMetricWarning: Recall is ill-defined and being set to 0.0 in labels with no true samples. Use `zero_division` parameter to control this behavior.
  _warn_prf(average, modifier, f"{metric.capitalize()} is", len(result))
   GNN F1-binary-1: 0.4358	F1-binary-0: 0.8230	F1-macro: 0.6294	G-Mean: 0.7246	AUC: 0.7948
   GNN TP: 947	TN: 5700	FN: 375	FP: 2077
Label1 F1: 0.3907	Accuracy: 0.5435	Recall: 0.5448	AUC: 0.7192	AP: 0.3144
  Saving model ...
Epoch: 66, loss: 1.7873482704162598, time: 5.5783472300008725s
Epoch: 67, loss: 1.7803783814112346, time: 6.412800375999723s
Epoch: 68, loss: 1.7755437294642131, time: 5.810650421000901s
Epoch: 69, loss: 1.799463152885437, time: 5.896735465999882s
Epoch: 70, loss: 1.7697904109954834, time: 5.8188554939988535s
Valid at epoch 70
/usr/local/lib/python3.12/dist-packages/sklearn/metrics/_classification.py:1565: UndefinedMetricWarning: Recall is ill-defined and being set to 0.0 in labels with no true samples. Use `zero_division` parameter to control this behavior.
  _warn_prf(average, modifier, f"{metric.capitalize()} is", len(result))
   GNN F1-binary-1: 0.4669	F1-binary-0: 0.8801	F1-macro: 0.6735	G-Mean: 0.7043	AUC: 0.7979
   GNN TP: 780	TN: 6538	FN: 542	FP: 1239
Label1 F1: 0.2689	Accuracy: 0.3349	Recall: 0.5382	AUC: 0.7201	AP: 0.3161
  Saving model ...
Epoch: 71, loss: 1.809489409128825, time: 5.678005290999863s
Epoch: 72, loss: 1.7915033896764119, time: 5.706942588998572s
Epoch: 73, loss: 1.83413032690684, time: 6.415348925000217s
Epoch: 74, loss: 1.8089141448338826, time: 5.920973205998962s
Epoch: 75, loss: 1.7831435203552246, time: 5.8118761780006025s
Valid at epoch 75
/usr/local/lib/python3.12/dist-packages/sklearn/metrics/_classification.py:1565: UndefinedMetricWarning: Recall is ill-defined and being set to 0.0 in labels with no true samples. Use `zero_division` parameter to control this behavior.
  _warn_prf(average, modifier, f"{metric.capitalize()} is", len(result))
   GNN F1-binary-1: 0.3863	F1-binary-0: 0.7252	F1-macro: 0.5558	G-Mean: 0.6942	AUC: 0.7982
   GNN TP: 1087	TN: 4558	FN: 235	FP: 3219
Label1 F1: 0.4354	Accuracy: 0.6489	Recall: 0.5040	AUC: 0.7208	AP: 0.3166
  Saving model ...
Epoch: 76, loss: 1.7751282453536987, time: 5.873292977001256s
Epoch: 77, loss: 1.7742247978846233, time: 5.831980979000946s
Epoch: 78, loss: 1.7969518105189006, time: 6.3260149489997275s
Epoch: 79, loss: 1.7797013123830159, time: 5.774786732999928s
Epoch: 80, loss: 1.7511342763900757, time: 5.698046580000664s
Valid at epoch 80
/usr/local/lib/python3.12/dist-packages/sklearn/metrics/_classification.py:1565: UndefinedMetricWarning: Recall is ill-defined and being set to 0.0 in labels with no true samples. Use `zero_division` parameter to control this behavior.
  _warn_prf(average, modifier, f"{metric.capitalize()} is", len(result))
   GNN F1-binary-1: 0.4547	F1-binary-0: 0.8499	F1-macro: 0.6523	G-Mean: 0.7257	AUC: 0.8022
   GNN TP: 893	TN: 6064	FN: 429	FP: 1713
Label1 F1: 0.3043	Accuracy: 0.3880	Recall: 0.5471	AUC: 0.7223	AP: 0.3184
  Saving model ...
Epoch: 81, loss: 1.772491176923116, time: 5.7408700970008795s
Epoch: 82, loss: 1.7673799594243367, time: 5.715214742000171s
Epoch: 83, loss: 1.7658141056696575, time: 6.192441838000377s
Epoch: 84, loss: 1.7625784079233806, time: 5.870528465000461s
Epoch: 85, loss: 1.7434590260187786, time: 5.899061656999038s
Valid at epoch 85
/usr/local/lib/python3.12/dist-packages/sklearn/metrics/_classification.py:1565: UndefinedMetricWarning: Recall is ill-defined and being set to 0.0 in labels with no true samples. Use `zero_division` parameter to control this behavior.
  _warn_prf(average, modifier, f"{metric.capitalize()} is", len(result))
   GNN F1-binary-1: 0.3892	F1-binary-0: 0.7252	F1-macro: 0.5572	G-Mean: 0.6975	AUC: 0.8043
   GNN TP: 1099	TN: 4551	FN: 223	FP: 3226
Label1 F1: 0.3326	Accuracy: 0.4338	Recall: 0.5515	AUC: 0.7235	AP: 0.3196
  Saving model ...
Epoch: 86, loss: 1.7546751101811726, time: 5.57989365299909s
Epoch: 87, loss: 1.7652335564295452, time: 5.728690899999492s
Epoch: 88, loss: 1.7525984446207683, time: 6.198714418000236s
Epoch: 89, loss: 1.7558916012446086, time: 5.653980952998609s
Epoch: 90, loss: 1.7560350894927979, time: 5.664460037000026s
Valid at epoch 90
/usr/local/lib/python3.12/dist-packages/sklearn/metrics/_classification.py:1565: UndefinedMetricWarning: Recall is ill-defined and being set to 0.0 in labels with no true samples. Use `zero_division` parameter to control this behavior.
  _warn_prf(average, modifier, f"{metric.capitalize()} is", len(result))
   GNN F1-binary-1: 0.4263	F1-binary-0: 0.7942	F1-macro: 0.6103	G-Mean: 0.7279	AUC: 0.8068
   GNN TP: 1024	TN: 5319	FN: 298	FP: 2458
Label1 F1: 0.3777	Accuracy: 0.5161	Recall: 0.5598	AUC: 0.7247	AP: 0.3214
  Saving model ...
Epoch: 91, loss: 1.7615294456481934, time: 5.456442646000141s
Epoch: 92, loss: 1.7569175163904827, time: 5.5183857179999904s
Epoch: 93, loss: 1.7563831806182861, time: 6.043501098998604s
Epoch: 94, loss: 1.7444018125534058, time: 5.585361749001095s
Epoch: 95, loss: 1.7333187659581502, time: 5.6073862749999535s
Valid at epoch 95
/usr/local/lib/python3.12/dist-packages/sklearn/metrics/_classification.py:1565: UndefinedMetricWarning: Recall is ill-defined and being set to 0.0 in labels with no true samples. Use `zero_division` parameter to control this behavior.
  _warn_prf(average, modifier, f"{metric.capitalize()} is", len(result))
   GNN F1-binary-1: 0.4476	F1-binary-0: 0.8280	F1-macro: 0.6378	G-Mean: 0.7351	AUC: 0.8080
   GNN TP: 967	TN: 5745	FN: 355	FP: 2032
Label1 F1: 0.3883	Accuracy: 0.5387	Recall: 0.5419	AUC: 0.7258	AP: 0.3229
  Saving model ...
Epoch: 96, loss: 1.7501018444697063, time: 5.702673429001152s
Epoch: 97, loss: 1.7497066259384155, time: 5.835243681998691s
Epoch: 98, loss: 1.7514601945877075, time: 6.268769434000205s
Epoch: 99, loss: 1.756412108739217, time: 5.647451544999058s
Restore model from epoch 95
Model path: ./results/unified-final/yelpchi/pcgnn/tr20/seed2/20260909T074449941639Z_yelp_PCGNN_unified_final_yelpchi_tr20_kaggle_t4_seed2_rho0p4_seed2/checkpoints/yelp_PCGNN.pkl
/usr/local/lib/python3.12/dist-packages/sklearn/metrics/_classification.py:1565: UndefinedMetricWarning: Recall is ill-defined and being set to 0.0 in labels with no true samples. Use `zero_division` parameter to control this behavior.
  _warn_prf(average, modifier, f"{metric.capitalize()} is", len(result))
/usr/local/lib/python3.12/dist-packages/sklearn/metrics/_classification.py:1565: UndefinedMetricWarning: Recall is ill-defined and being set to 0.0 in labels with no true samples. Use `zero_division` parameter to control this behavior.
  _warn_prf(average, modifier, f"{metric.capitalize()} is", len(result))
/usr/local/lib/python3.12/dist-packages/sklearn/metrics/_classification.py:1565: UndefinedMetricWarning: Recall is ill-defined and being set to 0.0 in labels with no true samples. Use `zero_division` parameter to control this behavior.
  _warn_prf(average, modifier, f"{metric.capitalize()} is", len(result))
/usr/local/lib/python3.12/dist-packages/sklearn/metrics/_classification.py:1565: UndefinedMetricWarning: Recall is ill-defined and being set to 0.0 in labels with no true samples. Use `zero_division` parameter to control this behavior.
  _warn_prf(average, modifier, f"{metric.capitalize()} is", len(result))
/usr/local/lib/python3.12/dist-packages/sklearn/metrics/_classification.py:1565: UndefinedMetricWarning: Recall is ill-defined and being set to 0.0 in labels with no true samples. Use `zero_division` parameter to control this behavior.
  _warn_prf(average, modifier, f"{metric.capitalize()} is", len(result))
   GNN F1-binary-1: 0.4522	F1-binary-0: 0.8323	F1-macro: 0.6422	G-Mean: 0.7375	AUC: 0.8136
   GNN TP: 1958	TN: 11772	FN: 726	FP: 4018
Label1 F1: 0.3745	Accuracy: 0.5462	Recall: 0.4761	AUC: 0.7418	AP: 0.3321
Structured run artifacts: ./results/unified-final/yelpchi/pcgnn/tr20/seed2/20260909T074449941639Z_yelp_PCGNN_unified_final_yelpchi_tr20_kaggle_t4_seed2_rho0p4_seed2
Average training epoch time: 5.686304s
F1-Macro: 0.6422451877357801
AUC: 0.8135912719948581
G-Mean: 0.737478136634667
