=== Run: splitgnn_yelp_unified_tr40_seed72_a6000_20260917T223920Z ===
Result dir: /workspace/splitgnn_vast/results/splitgnn/yelp/unified/tr40/seed_72
Split overlap checks: PASSED
train=18382 valid=9190 test=18382
Model source commit: 32fbdb836781d5c02523844a7079425f89be8831
Config SHA256: 67e972c12191a84477118274085ddeeba30d04b1cf1ea0176b77e0f093cd814f
Split SHA256: 448e01069d60e85ede228ac68b6d7208b0a153087127598c26b383b82606bb1f
epoch 0: loss=1.6966 val_auprc=0.2114 val_auc=0.6765 val_f1_macro=0.5501 (best_epoch=0, best_auprc=0.2114)
epoch 1: loss=1.6919 val_auprc=0.2221 val_auc=0.6885 val_f1_macro=0.4608 (best_epoch=1, best_auprc=0.2221)
epoch 2: loss=1.6927 val_auprc=0.2424 val_auc=0.7105 val_f1_macro=0.4608 (best_epoch=2, best_auprc=0.2424)
epoch 3: loss=1.6907 val_auprc=0.3129 val_auc=0.7517 val_f1_macro=0.4608 (best_epoch=3, best_auprc=0.3129)
epoch 4: loss=1.6884 val_auprc=0.3790 val_auc=0.7741 val_f1_macro=0.5487 (best_epoch=4, best_auprc=0.3790)
epoch 5: loss=1.6866 val_auprc=0.3851 val_auc=0.7783 val_f1_macro=0.5485 (best_epoch=5, best_auprc=0.3851)
epoch 6: loss=1.6838 val_auprc=0.3574 val_auc=0.7721 val_f1_macro=0.5487 (best_epoch=5, best_auprc=0.3851)
epoch 7: loss=1.6805 val_auprc=0.3535 val_auc=0.7686 val_f1_macro=0.5487 (best_epoch=5, best_auprc=0.3851)
epoch 8: loss=1.6744 val_auprc=0.3583 val_auc=0.7694 val_f1_macro=0.5487 (best_epoch=5, best_auprc=0.3851)
epoch 9: loss=1.6695 val_auprc=0.3646 val_auc=0.7706 val_f1_macro=0.5487 (best_epoch=5, best_auprc=0.3851)
epoch 10: loss=1.6633 val_auprc=0.3763 val_auc=0.7760 val_f1_macro=0.5487 (best_epoch=5, best_auprc=0.3851)
epoch 11: loss=1.6522 val_auprc=0.3862 val_auc=0.7771 val_f1_macro=0.5487 (best_epoch=11, best_auprc=0.3862)
epoch 12: loss=1.6431 val_auprc=0.2900 val_auc=0.7452 val_f1_macro=0.5487 (best_epoch=11, best_auprc=0.3862)
epoch 13: loss=1.6327 val_auprc=0.2402 val_auc=0.7054 val_f1_macro=0.5487 (best_epoch=11, best_auprc=0.3862)
epoch 14: loss=1.6219 val_auprc=0.3814 val_auc=0.7710 val_f1_macro=0.5487 (best_epoch=11, best_auprc=0.3862)
epoch 15: loss=1.6155 val_auprc=0.3971 val_auc=0.7690 val_f1_macro=0.5487 (best_epoch=15, best_auprc=0.3971)
epoch 16: loss=1.6022 val_auprc=0.3912 val_auc=0.7666 val_f1_macro=0.5487 (best_epoch=15, best_auprc=0.3971)
epoch 17: loss=1.6047 val_auprc=0.3932 val_auc=0.7699 val_f1_macro=0.5487 (best_epoch=15, best_auprc=0.3971)
epoch 18: loss=1.5991 val_auprc=0.3991 val_auc=0.7754 val_f1_macro=0.5487 (best_epoch=18, best_auprc=0.3991)
epoch 19: loss=1.5901 val_auprc=0.4028 val_auc=0.7805 val_f1_macro=0.5487 (best_epoch=19, best_auprc=0.4028)
epoch 20: loss=1.5936 val_auprc=0.4053 val_auc=0.7875 val_f1_macro=0.5487 (best_epoch=20, best_auprc=0.4053)
epoch 21: loss=1.5802 val_auprc=0.4098 val_auc=0.7901 val_f1_macro=0.5487 (best_epoch=21, best_auprc=0.4098)
epoch 22: loss=1.5852 val_auprc=0.4103 val_auc=0.7914 val_f1_macro=0.5487 (best_epoch=22, best_auprc=0.4103)
epoch 23: loss=1.5613 val_auprc=0.4112 val_auc=0.7922 val_f1_macro=0.5527 (best_epoch=23, best_auprc=0.4112)
epoch 24: loss=1.5667 val_auprc=0.4109 val_auc=0.7925 val_f1_macro=0.5683 (best_epoch=23, best_auprc=0.4112)
epoch 25: loss=1.5548 val_auprc=0.4098 val_auc=0.7928 val_f1_macro=0.6014 (best_epoch=23, best_auprc=0.4112)
epoch 26: loss=1.5360 val_auprc=0.4119 val_auc=0.7940 val_f1_macro=0.6123 (best_epoch=26, best_auprc=0.4119)
epoch 27: loss=1.5189 val_auprc=0.4176 val_auc=0.7960 val_f1_macro=0.6214 (best_epoch=27, best_auprc=0.4176)
epoch 28: loss=1.5115 val_auprc=0.4186 val_auc=0.7973 val_f1_macro=0.6429 (best_epoch=28, best_auprc=0.4186)
epoch 29: loss=1.4945 val_auprc=0.4213 val_auc=0.7975 val_f1_macro=0.6383 (best_epoch=29, best_auprc=0.4213)
epoch 30: loss=1.4880 val_auprc=0.4210 val_auc=0.7974 val_f1_macro=0.6247 (best_epoch=29, best_auprc=0.4213)
epoch 31: loss=1.4803 val_auprc=0.4146 val_auc=0.7940 val_f1_macro=0.6434 (best_epoch=29, best_auprc=0.4213)
epoch 32: loss=1.4718 val_auprc=0.4237 val_auc=0.7975 val_f1_macro=0.5964 (best_epoch=32, best_auprc=0.4237)
epoch 33: loss=1.4714 val_auprc=0.4198 val_auc=0.7959 val_f1_macro=0.6367 (best_epoch=32, best_auprc=0.4237)
epoch 34: loss=1.4743 val_auprc=0.4201 val_auc=0.7958 val_f1_macro=0.6445 (best_epoch=32, best_auprc=0.4237)
epoch 35: loss=1.4498 val_auprc=0.4281 val_auc=0.8001 val_f1_macro=0.6070 (best_epoch=35, best_auprc=0.4281)
epoch 36: loss=1.4414 val_auprc=0.4297 val_auc=0.8019 val_f1_macro=0.6210 (best_epoch=36, best_auprc=0.4297)
epoch 37: loss=1.4296 val_auprc=0.4264 val_auc=0.8028 val_f1_macro=0.6450 (best_epoch=36, best_auprc=0.4297)
epoch 38: loss=1.4240 val_auprc=0.4306 val_auc=0.8051 val_f1_macro=0.6226 (best_epoch=38, best_auprc=0.4306)
epoch 39: loss=1.4109 val_auprc=0.4325 val_auc=0.8046 val_f1_macro=0.6091 (best_epoch=39, best_auprc=0.4325)
epoch 40: loss=1.4054 val_auprc=0.4321 val_auc=0.8062 val_f1_macro=0.6289 (best_epoch=39, best_auprc=0.4325)
epoch 41: loss=1.4013 val_auprc=0.4323 val_auc=0.8066 val_f1_macro=0.6363 (best_epoch=39, best_auprc=0.4325)
epoch 42: loss=1.3949 val_auprc=0.4346 val_auc=0.8059 val_f1_macro=0.6240 (best_epoch=42, best_auprc=0.4346)
epoch 43: loss=1.3839 val_auprc=0.4350 val_auc=0.8066 val_f1_macro=0.6281 (best_epoch=43, best_auprc=0.4350)
epoch 44: loss=1.3733 val_auprc=0.4354 val_auc=0.8077 val_f1_macro=0.6356 (best_epoch=44, best_auprc=0.4354)
epoch 45: loss=1.3743 val_auprc=0.4385 val_auc=0.8077 val_f1_macro=0.6239 (best_epoch=45, best_auprc=0.4385)
epoch 46: loss=1.3565 val_auprc=0.4403 val_auc=0.8086 val_f1_macro=0.6226 (best_epoch=46, best_auprc=0.4403)
epoch 47: loss=1.3511 val_auprc=0.4403 val_auc=0.8099 val_f1_macro=0.6350 (best_epoch=46, best_auprc=0.4403)
epoch 48: loss=1.3473 val_auprc=0.4434 val_auc=0.8111 val_f1_macro=0.6333 (best_epoch=48, best_auprc=0.4434)
epoch 49: loss=1.3368 val_auprc=0.4448 val_auc=0.8115 val_f1_macro=0.6311 (best_epoch=49, best_auprc=0.4448)
epoch 50: loss=1.3383 val_auprc=0.4450 val_auc=0.8130 val_f1_macro=0.6462 (best_epoch=50, best_auprc=0.4450)
epoch 51: loss=1.3258 val_auprc=0.4481 val_auc=0.8132 val_f1_macro=0.6316 (best_epoch=51, best_auprc=0.4481)
epoch 52: loss=1.3270 val_auprc=0.4488 val_auc=0.8141 val_f1_macro=0.6402 (best_epoch=52, best_auprc=0.4488)
epoch 53: loss=1.3164 val_auprc=0.4495 val_auc=0.8147 val_f1_macro=0.6449 (best_epoch=53, best_auprc=0.4495)
epoch 54: loss=1.3093 val_auprc=0.4516 val_auc=0.8147 val_f1_macro=0.6323 (best_epoch=54, best_auprc=0.4516)
epoch 55: loss=1.3080 val_auprc=0.4523 val_auc=0.8161 val_f1_macro=0.6454 (best_epoch=55, best_auprc=0.4523)
epoch 56: loss=1.3103 val_auprc=0.4542 val_auc=0.8160 val_f1_macro=0.6385 (best_epoch=56, best_auprc=0.4542)
epoch 57: loss=1.3043 val_auprc=0.4568 val_auc=0.8169 val_f1_macro=0.6391 (best_epoch=57, best_auprc=0.4568)
epoch 58: loss=1.2980 val_auprc=0.4584 val_auc=0.8184 val_f1_macro=0.6462 (best_epoch=58, best_auprc=0.4584)
epoch 59: loss=1.2923 val_auprc=0.4603 val_auc=0.8189 val_f1_macro=0.6301 (best_epoch=59, best_auprc=0.4603)
epoch 60: loss=1.2904 val_auprc=0.4614 val_auc=0.8194 val_f1_macro=0.6375 (best_epoch=60, best_auprc=0.4614)
epoch 61: loss=1.2874 val_auprc=0.4625 val_auc=0.8204 val_f1_macro=0.6313 (best_epoch=61, best_auprc=0.4625)
epoch 62: loss=1.2936 val_auprc=0.4645 val_auc=0.8210 val_f1_macro=0.6371 (best_epoch=62, best_auprc=0.4645)
epoch 63: loss=1.2798 val_auprc=0.4661 val_auc=0.8214 val_f1_macro=0.6381 (best_epoch=63, best_auprc=0.4661)
epoch 64: loss=1.2813 val_auprc=0.4683 val_auc=0.8225 val_f1_macro=0.6426 (best_epoch=64, best_auprc=0.4683)
epoch 65: loss=1.2697 val_auprc=0.4694 val_auc=0.8230 val_f1_macro=0.6217 (best_epoch=65, best_auprc=0.4694)
epoch 66: loss=1.2756 val_auprc=0.4712 val_auc=0.8236 val_f1_macro=0.6371 (best_epoch=66, best_auprc=0.4712)
epoch 67: loss=1.2718 val_auprc=0.4706 val_auc=0.8237 val_f1_macro=0.6287 (best_epoch=66, best_auprc=0.4712)
epoch 68: loss=1.2576 val_auprc=0.4730 val_auc=0.8246 val_f1_macro=0.6435 (best_epoch=68, best_auprc=0.4730)
epoch 69: loss=1.2636 val_auprc=0.4747 val_auc=0.8254 val_f1_macro=0.6525 (best_epoch=69, best_auprc=0.4747)
epoch 70: loss=1.2587 val_auprc=0.4752 val_auc=0.8254 val_f1_macro=0.6392 (best_epoch=70, best_auprc=0.4752)
epoch 71: loss=1.2495 val_auprc=0.4762 val_auc=0.8261 val_f1_macro=0.6419 (best_epoch=71, best_auprc=0.4762)
epoch 72: loss=1.2697 val_auprc=0.4779 val_auc=0.8265 val_f1_macro=0.6389 (best_epoch=72, best_auprc=0.4779)
epoch 73: loss=1.2505 val_auprc=0.4794 val_auc=0.8273 val_f1_macro=0.6394 (best_epoch=73, best_auprc=0.4794)
epoch 74: loss=1.2475 val_auprc=0.4803 val_auc=0.8272 val_f1_macro=0.6527 (best_epoch=74, best_auprc=0.4803)
epoch 75: loss=1.2408 val_auprc=0.4819 val_auc=0.8283 val_f1_macro=0.6446 (best_epoch=75, best_auprc=0.4819)
epoch 76: loss=1.2480 val_auprc=0.4827 val_auc=0.8281 val_f1_macro=0.6490 (best_epoch=76, best_auprc=0.4827)
epoch 77: loss=1.2423 val_auprc=0.4834 val_auc=0.8283 val_f1_macro=0.6466 (best_epoch=77, best_auprc=0.4834)
epoch 78: loss=1.2454 val_auprc=0.4851 val_auc=0.8296 val_f1_macro=0.6432 (best_epoch=78, best_auprc=0.4851)
epoch 79: loss=1.2385 val_auprc=0.4860 val_auc=0.8298 val_f1_macro=0.6553 (best_epoch=79, best_auprc=0.4860)
epoch 80: loss=1.2416 val_auprc=0.4872 val_auc=0.8301 val_f1_macro=0.6485 (best_epoch=80, best_auprc=0.4872)
epoch 81: loss=1.2399 val_auprc=0.4885 val_auc=0.8307 val_f1_macro=0.6487 (best_epoch=81, best_auprc=0.4885)
epoch 82: loss=1.2320 val_auprc=0.4893 val_auc=0.8311 val_f1_macro=0.6478 (best_epoch=82, best_auprc=0.4893)
epoch 83: loss=1.2228 val_auprc=0.4901 val_auc=0.8319 val_f1_macro=0.6459 (best_epoch=83, best_auprc=0.4901)
epoch 84: loss=1.2303 val_auprc=0.4913 val_auc=0.8324 val_f1_macro=0.6522 (best_epoch=84, best_auprc=0.4913)
epoch 85: loss=1.2320 val_auprc=0.4912 val_auc=0.8325 val_f1_macro=0.6499 (best_epoch=84, best_auprc=0.4913)
epoch 86: loss=1.2255 val_auprc=0.4932 val_auc=0.8330 val_f1_macro=0.6565 (best_epoch=86, best_auprc=0.4932)
epoch 87: loss=1.2181 val_auprc=0.4934 val_auc=0.8334 val_f1_macro=0.6455 (best_epoch=87, best_auprc=0.4934)
epoch 88: loss=1.2170 val_auprc=0.4950 val_auc=0.8338 val_f1_macro=0.6461 (best_epoch=88, best_auprc=0.4950)
epoch 89: loss=1.2225 val_auprc=0.4960 val_auc=0.8342 val_f1_macro=0.6479 (best_epoch=89, best_auprc=0.4960)
epoch 90: loss=1.2162 val_auprc=0.4964 val_auc=0.8344 val_f1_macro=0.6556 (best_epoch=90, best_auprc=0.4964)
epoch 91: loss=1.2155 val_auprc=0.4975 val_auc=0.8349 val_f1_macro=0.6588 (best_epoch=91, best_auprc=0.4975)
epoch 92: loss=1.2099 val_auprc=0.4978 val_auc=0.8352 val_f1_macro=0.6483 (best_epoch=92, best_auprc=0.4978)
epoch 93: loss=1.2183 val_auprc=0.4992 val_auc=0.8359 val_f1_macro=0.6587 (best_epoch=93, best_auprc=0.4992)
epoch 94: loss=1.2036 val_auprc=0.4995 val_auc=0.8359 val_f1_macro=0.6277 (best_epoch=94, best_auprc=0.4995)
epoch 95: loss=1.2058 val_auprc=0.4999 val_auc=0.8363 val_f1_macro=0.6594 (best_epoch=95, best_auprc=0.4999)
epoch 96: loss=1.2130 val_auprc=0.5011 val_auc=0.8366 val_f1_macro=0.6539 (best_epoch=96, best_auprc=0.5011)
epoch 97: loss=1.2124 val_auprc=0.5016 val_auc=0.8369 val_f1_macro=0.6568 (best_epoch=97, best_auprc=0.5016)
epoch 98: loss=1.2138 val_auprc=0.5016 val_auc=0.8371 val_f1_macro=0.6692 (best_epoch=98, best_auprc=0.5016)
epoch 99: loss=1.2088 val_auprc=0.5029 val_auc=0.8374 val_f1_macro=0.6348 (best_epoch=99, best_auprc=0.5029)
Selected threshold (best val macro-F1): 0.65 (val F1=0.6980)
TEST metrics: {'auprc': 0.4909062963240677, 'auc': 0.8442809101431293, 'f1_macro': 0.7002850477993032, 'recall': 0.6278547360539124, 'threshold_used': 0.6500000000000001, 'best_epoch': 99}