/workspace/COMP8851-fraud-dataset-analysis
========================================
数据名称 yelpchi
总样本数: 45954
欺诈样本数: 6677
非欺诈样本数: 39277
欺诈样本占比: 14.53%
特征个数: 32

net_rsr边关系下的统计信息:
边的个数: 6805486
平均出度: 148.09
net_rtr边关系下的统计信息:
边的个数: 1147232
平均出度: 24.96
net_rur边关系下的统计信息:
边的个数: 98630
平均出度: 2.15

数据划分情况:
训练集: 18381 验证集: 9099 测试集: 18474
训练集: 40.00% 验证集: 19.80% 测试集: 40.20%
========================================
超参数设定：
dname: yelpchi
project: dga_reproduction
model: dga_bin
bin_encoding: true
n_head: 2
n_hidden: 64
p: 0.3
k: 32
z: 0.025
seed: 2
bs: 256
lr: 0.001
weight_decay: 0.0005
max_epochs: 10000
patience: 25
usegpu: true
gpuid: 0
nowandb: true

n_etypes 3
n_classes 2
========================================
after bin_encoding： (45954, 742)
========================================
{'unclear_up': 0.025, 'unclear_down': 0.025}
trainable_parameters 148388
GPU available: True (cuda), used: True
TPU available: False, using: 0 TPU cores
IPU available: False, using: 0 IPUs
HPU available: False, using: 0 HPUs
You are using a CUDA device ('NVIDIA RTX A6000') that has Tensor Cores. To properly utilize them, you should set `torch.set_float32_matmul_precision('medium' | 'high')` which will trade-off precision for performance. For more details, read https://pytorch.org/docs/stable/generated/torch.set_float32_matmul_precision.html#torch.set_float32_matmul_precision
LOCAL_RANK: 0 - CUDA_VISIBLE_DEVICES: [0]

  | Name | Type | Params
------------------------------
0 | dga  | DGA  | 148 K 
------------------------------
148 K     Trainable params
0         Non-trainable params
148 K     Total params
0.594     Total estimated model params size (MB)
Protocol-safe validation sanity check: partial loader accepted
Protocol-safe validation: {"epoch": 0, "flip_r": 0.0077468773120947035, "g0": 0.005396701048874962, "g1": 0.9946032989511251, "pmean": 0.29427242279052734, "val_aps": 0.13315528541755411, "val_auc": 0.4545006153954493, "val_loss": 0.551392674446106}
Epoch 0: {'val_loss': '0.55139', 'val_auc': '0.45450', 'val_aps': '0.13316', 'g0': '0.00540', 'g1': '0.99460', 'flip_r': '0.00775', 'pmean': '0.29427', 'trn_loss0': '1.23694'}
Protocol-safe validation: {"epoch": 1, "flip_r": 0.016429472951212082, "g0": 0.01564608086347217, "g1": 0.9843539191365278, "pmean": 0.16146504878997803, "val_aps": 0.13204304388629887, "val_auc": 0.45708241669206906, "val_loss": 0.5029817819595337}
Epoch 1: {'val_loss': '0.50298', 'val_auc': '0.45708', 'val_aps': '0.13204', 'g0': '0.01565', 'g1': '0.98435', 'flip_r': '0.01643', 'pmean': '0.16147', 'trn_loss0': '0.51999'}
Protocol-safe validation: {"epoch": 2, "flip_r": 0.015363189276232755, "g0": 0.007942725334029682, "g1": 0.9920572746659703, "pmean": 0.16057486832141876, "val_aps": 0.1317306229019727, "val_auc": 0.46079536092792334, "val_loss": 0.48235464096069336}
Epoch 2: {'val_loss': '0.48235', 'val_auc': '0.46080', 'val_aps': '0.13173', 'g0': '0.00794', 'g1': '0.99206', 'flip_r': '0.01536', 'pmean': '0.16057', 'trn_loss0': '0.47338'}
Protocol-safe validation: {"epoch": 3, "flip_r": 0.010728119423771597, "g0": 0.010445227836532185, "g1": 0.9895547721634678, "pmean": 0.14707206189632416, "val_aps": 0.14314317549744976, "val_auc": 0.4928663927555496, "val_loss": 0.44693273305892944}
Epoch 3: {'val_loss': '0.44693', 'val_auc': '0.49287', 'val_aps': '0.14314', 'g0': '0.01045', 'g1': '0.98955', 'flip_r': '0.01073', 'pmean': '0.14707', 'trn_loss0': '0.44476'}
Protocol-safe validation: {"epoch": 4, "flip_r": 0.013622317970144057, "g0": 0.012360186273229752, "g1": 0.9876398137267702, "pmean": 0.15829505026340485, "val_aps": 0.16866135268528465, "val_auc": 0.5703558361023049, "val_loss": 0.42638108134269714}
Epoch 4: {'val_loss': '0.42638', 'val_auc': '0.57036', 'val_aps': '0.16866', 'g0': '0.01236', 'g1': '0.98764', 'flip_r': '0.01362', 'pmean': '0.15830', 'trn_loss0': '0.42670'}
Protocol-safe validation: {"epoch": 5, "flip_r": 0.021456238847543194, "g0": 0.02511206859032946, "g1": 0.9748879314096706, "pmean": 0.178517684340477, "val_aps": 0.23643768811048835, "val_auc": 0.6773115068152591, "val_loss": 0.39954644441604614}
Epoch 5: {'val_loss': '0.39955', 'val_auc': '0.67731', 'val_aps': '0.23644', 'g0': '0.02511', 'g1': '0.97489', 'flip_r': '0.02146', 'pmean': '0.17852', 'trn_loss0': '0.40173'}
Protocol-safe validation: {"epoch": 6, "flip_r": 0.026918222570396482, "g0": 0.038233886059973014, "g1": 0.961766113940027, "pmean": 0.17869915068149567, "val_aps": 0.26624802393480695, "val_auc": 0.7120628693515558, "val_loss": 0.38857483863830566}
Epoch 6: {'val_loss': '0.38857', 'val_auc': '0.71206', 'val_aps': '0.26625', 'g0': '0.03823', 'g1': '0.96177', 'flip_r': '0.02692', 'pmean': '0.17870', 'trn_loss0': '0.38432'}
Protocol-safe validation: {"epoch": 7, "flip_r": 0.035078556817687255, "g0": 0.06334595465030247, "g1": 0.9366540453496975, "pmean": 0.16801105439662933, "val_aps": 0.3382807768174394, "val_auc": 0.761226760238159, "val_loss": 0.368063747882843}
Epoch 7: {'val_loss': '0.36806', 'val_auc': '0.76123', 'val_aps': '0.33828', 'g0': '0.06335', 'g1': '0.93665', 'flip_r': '0.03508', 'pmean': '0.16801', 'trn_loss0': '0.37125'}
Protocol-safe validation: {"epoch": 8, "flip_r": 0.03172737955346651, "g0": 0.05829742786264525, "g1": 0.9417025721373548, "pmean": 0.13183580338954926, "val_aps": 0.39947984658777147, "val_auc": 0.7726469804966232, "val_loss": 0.35370635986328125}
Epoch 8: {'val_loss': '0.35371', 'val_auc': '0.77265', 'val_aps': '0.39948', 'g0': '0.05830', 'g1': '0.94170', 'flip_r': '0.03173', 'pmean': '0.13184', 'trn_loss0': '0.35736'}
Protocol-safe validation: {"epoch": 9, "flip_r": 0.037232885058972015, "g0": 0.07842625233929582, "g1": 0.9215737476607042, "pmean": 0.19000479578971863, "val_aps": 0.43455790726624705, "val_auc": 0.805985326217947, "val_loss": 0.3485828638076782}
Epoch 9: {'val_loss': '0.34858', 'val_auc': '0.80599', 'val_aps': '0.43456', 'g0': '0.07843', 'g1': '0.92157', 'flip_r': '0.03723', 'pmean': '0.19000', 'trn_loss0': '0.34554'}
Protocol-safe validation: {"epoch": 10, "flip_r": 0.04060582321451887, "g0": 0.10937023980502242, "g1": 0.8906297601949776, "pmean": 0.15128356218338013, "val_aps": 0.4373244233093242, "val_auc": 0.8285437955941692, "val_loss": 0.3322664797306061}
Epoch 10: {'val_loss': '0.33227', 'val_auc': '0.82854', 'val_aps': '0.43732', 'g0': '0.10937', 'g1': '0.89063', 'flip_r': '0.04061', 'pmean': '0.15128', 'trn_loss0': '0.33644'}
Protocol-safe validation: {"epoch": 11, "flip_r": 0.03553553553553553, "g0": 0.09729294511903208, "g1": 0.9027070548809679, "pmean": 0.1584666222333908, "val_aps": 0.4669690402144361, "val_auc": 0.8477352922238409, "val_loss": 0.3207511901855469}
Epoch 11: {'val_loss': '0.32075', 'val_auc': '0.84774', 'val_aps': '0.46697', 'g0': '0.09729', 'g1': '0.90271', 'flip_r': '0.03554', 'pmean': '0.15847', 'trn_loss0': '0.33227'}
Protocol-safe validation: {"epoch": 12, "flip_r": 0.038625582103842974, "g0": 0.11172041606824215, "g1": 0.8882795839317579, "pmean": 0.16583527624607086, "val_aps": 0.4874691303064458, "val_auc": 0.8591888257336648, "val_loss": 0.31275543570518494}
Epoch 12: {'val_loss': '0.31276', 'val_auc': '0.85919', 'val_aps': '0.48747', 'g0': '0.11172', 'g1': '0.88828', 'flip_r': '0.03863', 'pmean': '0.16584', 'trn_loss0': '0.32669'}
Protocol-safe validation: {"epoch": 13, "flip_r": 0.07581494538016277, "g0": 0.1642512077294686, "g1": 0.8357487922705314, "pmean": 0.1649738848209381, "val_aps": 0.5629179235846441, "val_auc": 0.8653183667188851, "val_loss": 0.29587727785110474}
Epoch 13: {'val_loss': '0.29588', 'val_auc': '0.86532', 'val_aps': '0.56292', 'g0': '0.16425', 'g1': '0.83575', 'flip_r': '0.07581', 'pmean': '0.16497', 'trn_loss0': '0.31417'}
Protocol-safe validation: {"epoch": 14, "flip_r": 0.06774165469817643, "g0": 0.17306436871654263, "g1": 0.8269356312834574, "pmean": 0.14274193346500397, "val_aps": 0.5717902204884701, "val_auc": 0.8659396466986227, "val_loss": 0.29286083579063416}
Epoch 14: {'val_loss': '0.29286', 'val_auc': '0.86594', 'val_aps': '0.57179', 'g0': '0.17306', 'g1': '0.82694', 'flip_r': '0.06774', 'pmean': '0.14274', 'trn_loss0': '0.30402'}
Protocol-safe validation: {"epoch": 15, "flip_r": 0.06173564869217043, "g0": 0.180745963354659, "g1": 0.819254036645341, "pmean": 0.16321375966072083, "val_aps": 0.6062595175581862, "val_auc": 0.882303845253771, "val_loss": 0.27935871481895447}
Epoch 15: {'val_loss': '0.27936', 'val_auc': '0.88230', 'val_aps': '0.60626', 'g0': '0.18075', 'g1': '0.81925', 'flip_r': '0.06174', 'pmean': '0.16321', 'trn_loss0': '0.29294'}
Protocol-safe validation: {"epoch": 16, "flip_r": 0.0816251033642338, "g0": 0.23168820994907952, "g1": 0.7683117900509205, "pmean": 0.15300416946411133, "val_aps": 0.6465359807770326, "val_auc": 0.9034300879839443, "val_loss": 0.25743567943573}
Epoch 16: {'val_loss': '0.25744', 'val_auc': '0.90343', 'val_aps': '0.64654', 'g0': '0.23169', 'g1': '0.76831', 'flip_r': '0.08163', 'pmean': '0.15300', 'trn_loss0': '0.28067'}
Protocol-safe validation: {"epoch": 17, "flip_r": 0.08678243460852156, "g0": 0.2890063977020499, "g1": 0.7109936022979502, "pmean": 0.14368461072444916, "val_aps": 0.6311777777173759, "val_auc": 0.9029533923783561, "val_loss": 0.25513243675231934}
Epoch 17: {'val_loss': '0.25513', 'val_auc': '0.90295', 'val_aps': '0.63118', 'g0': '0.28901', 'g1': '0.71099', 'flip_r': '0.08678', 'pmean': '0.14368', 'trn_loss0': '0.26961'}
Protocol-safe validation: {"epoch": 18, "flip_r": 0.10412586499543021, "g0": 0.3408190799495147, "g1": 0.6591809200504852, "pmean": 0.1276676058769226, "val_aps": 0.6403253557078977, "val_auc": 0.9055918018860455, "val_loss": 0.2524403929710388}
Epoch 18: {'val_loss': '0.25244', 'val_auc': '0.90559', 'val_aps': '0.64033', 'g0': '0.34082', 'g1': '0.65918', 'flip_r': '0.10413', 'pmean': '0.12767', 'trn_loss0': '0.26084'}
Protocol-safe validation: {"epoch": 19, "flip_r": 0.10403882143012577, "g0": 0.3924576750663707, "g1": 0.6075423249336293, "pmean": 0.13361848890781403, "val_aps": 0.6718942271716486, "val_auc": 0.9151585895568161, "val_loss": 0.23971818387508392}
Epoch 19: {'val_loss': '0.23972', 'val_auc': '0.91516', 'val_aps': '0.67189', 'g0': '0.39246', 'g1': '0.60754', 'flip_r': '0.10404', 'pmean': '0.13362', 'trn_loss0': '0.25166'}
Protocol-safe validation: {"epoch": 20, "flip_r": 0.07994951473212343, "g0": 0.3913261087174131, "g1": 0.608673891282587, "pmean": 0.15503305196762085, "val_aps": 0.7197369739572019, "val_auc": 0.9262298717444686, "val_loss": 0.22214947640895844}
Epoch 20: {'val_loss': '0.22215', 'val_auc': '0.92623', 'val_aps': '0.71974', 'g0': '0.39133', 'g1': '0.60867', 'flip_r': '0.07995', 'pmean': '0.15503', 'trn_loss0': '0.23971'}
Protocol-safe validation: {"epoch": 21, "flip_r": 0.10116638377507943, "g0": 0.4480132306219263, "g1": 0.5519867693780737, "pmean": 0.14427806437015533, "val_aps": 0.7620064209184083, "val_auc": 0.9327179313997965, "val_loss": 0.2102022022008896}
Epoch 21: {'val_loss': '0.21020', 'val_auc': '0.93272', 'val_aps': '0.76201', 'g0': '0.44801', 'g1': '0.55199', 'flip_r': '0.10117', 'pmean': '0.14428', 'trn_loss0': '0.23458'}
Protocol-safe validation: {"epoch": 22, "flip_r": 0.1035818427122775, "g0": 0.4326500413456935, "g1": 0.5673499586543065, "pmean": 0.15268799662590027, "val_aps": 0.756720543220671, "val_auc": 0.9330868574214239, "val_loss": 0.21028506755828857}
Epoch 22: {'val_loss': '0.21029', 'val_auc': '0.93309', 'val_aps': '0.75672', 'g0': '0.43265', 'g1': '0.56735', 'flip_r': '0.10358', 'pmean': '0.15269', 'trn_loss0': '0.23137'}
Protocol-safe validation: {"epoch": 23, "flip_r": 0.1272794533664099, "g0": 0.5382991687339513, "g1": 0.46170083126604866, "pmean": 0.13808830082416534, "val_aps": 0.7747040820973699, "val_auc": 0.9367871085790231, "val_loss": 0.20272046327590942}
Epoch 23: {'val_loss': '0.20272', 'val_auc': '0.93679', 'val_aps': '0.77470', 'g0': '0.53830', 'g1': '0.46170', 'flip_r': '0.12728', 'pmean': '0.13809', 'trn_loss0': '0.22184'}
Protocol-safe validation: {"epoch": 24, "flip_r": 0.09492100796448623, "g0": 0.4955607781694738, "g1": 0.5044392218305261, "pmean": 0.1423254758119583, "val_aps": 0.7898802385849739, "val_auc": 0.9377428341494188, "val_loss": 0.20006461441516876}
Epoch 24: {'val_loss': '0.20006', 'val_auc': '0.93774', 'val_aps': '0.78988', 'g0': '0.49556', 'g1': '0.50444', 'flip_r': '0.09492', 'pmean': '0.14233', 'trn_loss0': '0.21111'}
Protocol-safe validation: {"epoch": 25, "flip_r": 0.14364364364364365, "g0": 0.5649127388257823, "g1": 0.4350872611742177, "pmean": 0.13394108414649963, "val_aps": 0.7816715687442162, "val_auc": 0.9344134543127967, "val_loss": 0.20481379330158234}
Epoch 25: {'val_loss': '0.20481', 'val_auc': '0.93441', 'val_aps': '0.78167', 'g0': '0.56491', 'g1': '0.43509', 'flip_r': '0.14364', 'pmean': '0.13394', 'trn_loss0': '0.20837'}
Protocol-safe validation: {"epoch": 26, "flip_r": 0.10743352047699874, "g0": 0.5789920355137746, "g1": 0.42100796448622535, "pmean": 0.13554874062538147, "val_aps": 0.7947664469768636, "val_auc": 0.9446513702591354, "val_loss": 0.19223737716674805}
Epoch 26: {'val_loss': '0.19224', 'val_auc': '0.94465', 'val_aps': '0.79477', 'g0': '0.57899', 'g1': '0.42101', 'flip_r': '0.10743', 'pmean': '0.13555', 'trn_loss0': '0.20290'}
Protocol-safe validation: {"epoch": 27, "flip_r": 0.07394350872611742, "g0": 0.5643251947599773, "g1": 0.4356748052400226, "pmean": 0.14425617456436157, "val_aps": 0.8248558227817425, "val_auc": 0.94751577491875, "val_loss": 0.1833638846874237}
Epoch 27: {'val_loss': '0.18336', 'val_auc': '0.94752', 'val_aps': '0.82486', 'g0': '0.56433', 'g1': '0.43567', 'flip_r': '0.07394', 'pmean': '0.14426', 'trn_loss0': '0.19819'}
Protocol-safe validation: {"epoch": 28, "flip_r": 0.08197327762545153, "g0": 0.6177917047482265, "g1": 0.3822082952517735, "pmean": 0.13249732553958893, "val_aps": 0.8198101118529904, "val_auc": 0.9475412097077439, "val_loss": 0.18664021790027618}
Epoch 28: {'val_loss': '0.18664', 'val_auc': '0.94754', 'val_aps': '0.81981', 'g0': '0.61779', 'g1': '0.38221', 'flip_r': '0.08197', 'pmean': '0.13250', 'trn_loss0': '0.19197'}
Protocol-safe validation: {"epoch": 29, "flip_r": 0.0878487182835009, "g0": 0.5623231927579754, "g1": 0.4376768072420246, "pmean": 0.1327757090330124, "val_aps": 0.8180598287977718, "val_auc": 0.9468357468986579, "val_loss": 0.18702255189418793}
Epoch 29: {'val_loss': '0.18702', 'val_auc': '0.94684', 'val_aps': '0.81806', 'g0': '0.56232', 'g1': '0.43768', 'flip_r': '0.08785', 'pmean': '0.13278', 'trn_loss0': '0.18792'}
Protocol-safe validation: {"epoch": 30, "flip_r": 0.09903381642512077, "g0": 0.5919397658528094, "g1": 0.40806023414719067, "pmean": 0.13172851502895355, "val_aps": 0.8282802259536286, "val_auc": 0.949831605161813, "val_loss": 0.18194840848445892}
Epoch 30: {'val_loss': '0.18195', 'val_auc': '0.94983', 'val_aps': '0.82828', 'g0': '0.59194', 'g1': '0.40806', 'flip_r': '0.09903', 'pmean': '0.13173', 'trn_loss0': '0.18713'}
Protocol-safe validation: {"epoch": 31, "flip_r": 0.08021064542803673, "g0": 0.6315881098489794, "g1": 0.3684118901510206, "pmean": 0.14287616312503815, "val_aps": 0.8216459044106739, "val_auc": 0.9514659484102721, "val_loss": 0.177210733294487}
Epoch 31: {'val_loss': '0.17721', 'val_auc': '0.95147', 'val_aps': '0.82165', 'g0': '0.63159', 'g1': '0.36841', 'flip_r': '0.08021', 'pmean': '0.14288', 'trn_loss0': '0.18102'}
Protocol-safe validation: {"epoch": 32, "flip_r": 0.04852678765722244, "g0": 0.6518257387822605, "g1": 0.3481742612177395, "pmean": 0.12823453545570374, "val_aps": 0.8366151021617143, "val_auc": 0.95502341459562, "val_loss": 0.17541922628879547}
Epoch 32: {'val_loss': '0.17542', 'val_auc': '0.95502', 'val_aps': '0.83662', 'g0': '0.65183', 'g1': '0.34817', 'flip_r': '0.04853', 'pmean': '0.12823', 'trn_loss0': '0.17534'}
Protocol-safe validation: {"epoch": 33, "flip_r": 0.04613308961135048, "g0": 0.6729773251512382, "g1": 0.3270226748487618, "pmean": 0.12401533871889114, "val_aps": 0.8315652069105979, "val_auc": 0.9551499563183031, "val_loss": 0.1773686408996582}
Epoch 33: {'val_loss': '0.17737', 'val_auc': '0.95515', 'val_aps': '0.83157', 'g0': '0.67298', 'g1': '0.32702', 'flip_r': '0.04613', 'pmean': '0.12402', 'trn_loss0': '0.17147'}
Protocol-safe validation: {"epoch": 34, "flip_r": 0.08271314793053923, "g0": 0.6018409714061888, "g1": 0.3981590285938112, "pmean": 0.14664870500564575, "val_aps": 0.8453406210161055, "val_auc": 0.9581348236401336, "val_loss": 0.1651606410741806}
Epoch 34: {'val_loss': '0.16516', 'val_auc': '0.95813', 'val_aps': '0.84534', 'g0': '0.60184', 'g1': '0.39816', 'flip_r': '0.08271', 'pmean': '0.14665', 'trn_loss0': '0.16920'}
Protocol-safe validation: {"epoch": 35, "flip_r": 0.060277668973321145, "g0": 0.6488444966705836, "g1": 0.35115550332941636, "pmean": 0.1327723115682602, "val_aps": 0.8512553877813633, "val_auc": 0.9564505834633603, "val_loss": 0.1689714938402176}
Epoch 35: {'val_loss': '0.16897', 'val_auc': '0.95645', 'val_aps': '0.85126', 'g0': '0.64884', 'g1': '0.35116', 'flip_r': '0.06028', 'pmean': '0.13277', 'trn_loss0': '0.16529'}
Protocol-safe validation: {"epoch": 36, "flip_r": 0.05131218174696436, "g0": 0.6742612177394786, "g1": 0.3257387822605214, "pmean": 0.12769095599651337, "val_aps": 0.8439460531748524, "val_auc": 0.9546127619029462, "val_loss": 0.17346155643463135}
Epoch 36: {'val_loss': '0.17346', 'val_auc': '0.95461', 'val_aps': '0.84395', 'g0': '0.67426', 'g1': '0.32574', 'flip_r': '0.05131', 'pmean': '0.12769', 'trn_loss0': '0.16339'}
Protocol-safe validation: {"epoch": 37, "flip_r": 0.04648126387256822, "g0": 0.6527614571092832, "g1": 0.3472385428907168, "pmean": 0.13725091516971588, "val_aps": 0.8545967900840087, "val_auc": 0.9563636285824391, "val_loss": 0.16436372697353363}
Epoch 37: {'val_loss': '0.16436', 'val_auc': '0.95636', 'val_aps': '0.85460', 'g0': '0.65276', 'g1': '0.34724', 'flip_r': '0.04648', 'pmean': '0.13725', 'trn_loss0': '0.16295'}
Protocol-safe validation: {"epoch": 38, "flip_r": 0.04735169952561257, "g0": 0.6823997910954432, "g1": 0.31760020890455676, "pmean": 0.13761289417743683, "val_aps": 0.8401272353292513, "val_auc": 0.9571148059262377, "val_loss": 0.16770677268505096}
Epoch 38: {'val_loss': '0.16771', 'val_auc': '0.95711', 'val_aps': '0.84013', 'g0': '0.68240', 'g1': '0.31760', 'flip_r': '0.04735', 'pmean': '0.13761', 'trn_loss0': '0.15595'}
Protocol-safe validation: {"epoch": 39, "flip_r": 0.043130086608347475, "g0": 0.7041606824215519, "g1": 0.295839317578448, "pmean": 0.12680327892303467, "val_aps": 0.8532413641483632, "val_auc": 0.9590131262964203, "val_loss": 0.1652873307466507}
Epoch 39: {'val_loss': '0.16529', 'val_auc': '0.95901', 'val_aps': '0.85324', 'g0': '0.70416', 'g1': '0.29584', 'flip_r': '0.04313', 'pmean': '0.12680', 'trn_loss0': '0.15209'}
Protocol-safe validation: {"epoch": 40, "flip_r": 0.059994777386081735, "g0": 0.6577447012229621, "g1": 0.3422552987770379, "pmean": 0.13702541589736938, "val_aps": 0.8663182373284288, "val_auc": 0.9597529722715085, "val_loss": 0.15857933461666107}
Epoch 40: {'val_loss': '0.15858', 'val_auc': '0.95975', 'val_aps': '0.86632', 'g0': '0.65774', 'g1': '0.34226', 'flip_r': '0.05999', 'pmean': '0.13703', 'trn_loss0': '0.15193'}
Protocol-safe validation: {"epoch": 41, "flip_r": 0.043957000478739607, "g0": 0.6345475910693302, "g1": 0.3654524089306698, "pmean": 0.14604176580905914, "val_aps": 0.8555442077829204, "val_auc": 0.9585873975337883, "val_loss": 0.1599898785352707}
Epoch 41: {'val_loss': '0.15999', 'val_auc': '0.95859', 'val_aps': '0.85554', 'g0': '0.63455', 'g1': '0.36545', 'flip_r': '0.04396', 'pmean': '0.14604', 'trn_loss0': '0.14843'}
Protocol-safe validation: {"epoch": 42, "flip_r": 0.0629107368237803, "g0": 0.6898420159289724, "g1": 0.31015798407102757, "pmean": 0.1275414675474167, "val_aps": 0.8658591462786196, "val_auc": 0.9602044276180374, "val_loss": 0.1612054407596588}
Epoch 42: {'val_loss': '0.16121', 'val_auc': '0.96020', 'val_aps': '0.86586', 'g0': '0.68984', 'g1': '0.31016', 'flip_r': '0.06291', 'pmean': '0.12754', 'trn_loss0': '0.14531'}
Protocol-safe validation: {"epoch": 43, "flip_r": 0.041323932628280456, "g0": 0.6602254428341385, "g1": 0.3397745571658615, "pmean": 0.14241479337215424, "val_aps": 0.8613931193755948, "val_auc": 0.960030420591227, "val_loss": 0.15818774700164795}
Epoch 43: {'val_loss': '0.15819', 'val_auc': '0.96003', 'val_aps': '0.86139', 'g0': '0.66023', 'g1': '0.33977', 'flip_r': '0.04132', 'pmean': '0.14241', 'trn_loss0': '0.14027'}
Protocol-safe validation: {"epoch": 44, "flip_r": 0.046111328720024373, "g0": 0.6651216433825129, "g1": 0.33487835661748705, "pmean": 0.1370973289012909, "val_aps": 0.8753951783200248, "val_auc": 0.9614626472372763, "val_loss": 0.15460637211799622}
Epoch 44: {'val_loss': '0.15461', 'val_auc': '0.96146', 'val_aps': '0.87540', 'g0': '0.66512', 'g1': '0.33488', 'flip_r': '0.04611', 'pmean': '0.13710', 'trn_loss0': '0.13876'}
Protocol-safe validation: {"epoch": 45, "flip_r": 0.053161857509683594, "g0": 0.6823345084214649, "g1": 0.3176654915785351, "pmean": 0.13288450241088867, "val_aps": 0.8787924972758494, "val_auc": 0.9594082165942982, "val_loss": 0.15502971410751343}
Epoch 45: {'val_loss': '0.15503', 'val_auc': '0.95941', 'val_aps': '0.87879', 'g0': '0.68233', 'g1': '0.31767', 'flip_r': '0.05316', 'pmean': '0.13288', 'trn_loss0': '0.13462'}
Protocol-safe validation: {"epoch": 46, "flip_r": 0.05424990207598903, "g0": 0.6693867780824303, "g1": 0.33061322191756976, "pmean": 0.1370006650686264, "val_aps": 0.8787092563357028, "val_auc": 0.961653189308557, "val_loss": 0.15263493359088898}
Epoch 46: {'val_loss': '0.15263', 'val_auc': '0.96165', 'val_aps': '0.87871', 'g0': '0.66939', 'g1': '0.33061', 'flip_r': '0.05425', 'pmean': '0.13700', 'trn_loss0': '0.13188'}
Protocol-safe validation: {"epoch": 47, "flip_r": 0.04970187578883231, "g0": 0.6849675762719241, "g1": 0.3150324237280759, "pmean": 0.13980701565742493, "val_aps": 0.8828079088395602, "val_auc": 0.9640523269962612, "val_loss": 0.14887407422065735}
Epoch 47: {'val_loss': '0.14887', 'val_auc': '0.96405', 'val_aps': '0.88281', 'g0': '0.68497', 'g1': '0.31503', 'flip_r': '0.04970', 'pmean': '0.13981', 'trn_loss0': '0.13385'}
Protocol-safe validation: {"epoch": 48, "flip_r": 0.048809679244461855, "g0": 0.6978282630456544, "g1": 0.3021717369543456, "pmean": 0.14106471836566925, "val_aps": 0.8786229592855985, "val_auc": 0.9615193527133131, "val_loss": 0.15338656306266785}
Epoch 48: {'val_loss': '0.15339', 'val_auc': '0.96152', 'val_aps': '0.87862', 'g0': '0.69783', 'g1': '0.30217', 'flip_r': '0.04881', 'pmean': '0.14106', 'trn_loss0': '0.12574'}
Protocol-safe validation: {"epoch": 49, "flip_r": 0.05357531444487966, "g0": 0.7126256691474083, "g1": 0.28737433085259173, "pmean": 0.13496212661266327, "val_aps": 0.8833743015853008, "val_auc": 0.9623558314335864, "val_loss": 0.14985239505767822}
Epoch 49: {'val_loss': '0.14985', 'val_auc': '0.96236', 'val_aps': '0.88337', 'g0': '0.71263', 'g1': '0.28737', 'flip_r': '0.05358', 'pmean': '0.13496', 'trn_loss0': '0.12525'}
Protocol-safe validation: {"epoch": 50, "flip_r": 0.050093571832702265, "g0": 0.7091004047525786, "g1": 0.2908995952474213, "pmean": 0.1400766670703888, "val_aps": 0.8827969398052442, "val_auc": 0.9630077012455946, "val_loss": 0.15073162317276}
Epoch 50: {'val_loss': '0.15073', 'val_auc': '0.96301', 'val_aps': '0.88280', 'g0': '0.70910', 'g1': '0.29090', 'flip_r': '0.05009', 'pmean': '0.14008', 'trn_loss0': '0.12120'}
Protocol-safe validation: {"epoch": 51, "flip_r": 0.04484919702311007, "g0": 0.705161683422553, "g1": 0.294838316577447, "pmean": 0.13471075892448425, "val_aps": 0.8823040274132505, "val_auc": 0.9623876370779504, "val_loss": 0.1506182700395584}
Epoch 51: {'val_loss': '0.15062', 'val_auc': '0.96239', 'val_aps': '0.88230', 'g0': '0.70516', 'g1': '0.29484', 'flip_r': '0.04485', 'pmean': '0.13471', 'trn_loss0': '0.12065'}
Protocol-safe validation: {"epoch": 52, "flip_r": 0.05394524959742351, "g0": 0.7414370892631762, "g1": 0.2585629107368238, "pmean": 0.11891525983810425, "val_aps": 0.8829928657565307, "val_auc": 0.9620433190930937, "val_loss": 0.1595889925956726}
Epoch 52: {'val_loss': '0.15959', 'val_auc': '0.96204', 'val_aps': '0.88299', 'g0': '0.74144', 'g1': '0.25856', 'flip_r': '0.05395', 'pmean': '0.11892', 'trn_loss0': '0.12323'}
Protocol-safe validation: {"epoch": 53, "flip_r": 0.03803803803803804, "g0": 0.7304696000348174, "g1": 0.2695303999651826, "pmean": 0.13397878408432007, "val_aps": 0.8900262653948865, "val_auc": 0.963293465720032, "val_loss": 0.14737409353256226}
Epoch 53: {'val_loss': '0.14737', 'val_auc': '0.96329', 'val_aps': '0.89003', 'g0': '0.73047', 'g1': '0.26953', 'flip_r': '0.03804', 'pmean': '0.13398', 'trn_loss0': '0.11842'}
Protocol-safe validation: {"epoch": 54, "flip_r": 0.049092570831701265, "g0": 0.707968838403621, "g1": 0.292031161596379, "pmean": 0.14189082384109497, "val_aps": 0.8917868263061253, "val_auc": 0.9662890321882849, "val_loss": 0.14253884553909302}
Epoch 54: {'val_loss': '0.14254', 'val_auc': '0.96629', 'val_aps': '0.89179', 'g0': '0.70797', 'g1': '0.29203', 'flip_r': '0.04909', 'pmean': '0.14189', 'trn_loss0': '0.11334'}
Protocol-safe validation: {"epoch": 55, "flip_r": 0.06687121904513209, "g0": 0.7643513078295687, "g1": 0.2356486921704313, "pmean": 0.11878001689910889, "val_aps": 0.8825826171939444, "val_auc": 0.963183361776852, "val_loss": 0.16322962939739227}
Epoch 55: {'val_loss': '0.16323', 'val_auc': '0.96318', 'val_aps': '0.88258', 'g0': '0.76435', 'g1': '0.23565', 'flip_r': '0.06687', 'pmean': '0.11878', 'trn_loss0': '0.11157'}
Protocol-safe validation: {"epoch": 56, "flip_r": 0.03701527614571093, "g0": 0.7423510466988728, "g1": 0.2576489533011272, "pmean": 0.13687941431999207, "val_aps": 0.8817186285452132, "val_auc": 0.9636018442994072, "val_loss": 0.1530318260192871}
Epoch 56: {'val_loss': '0.15303', 'val_auc': '0.96360', 'val_aps': '0.88172', 'g0': '0.74235', 'g1': '0.25765', 'flip_r': '0.03702', 'pmean': '0.13688', 'trn_loss0': '0.11005'}
Protocol-safe validation: {"epoch": 57, "flip_r": 0.035078556817687255, "g0": 0.7492274883579232, "g1": 0.25077251164207687, "pmean": 0.13255956768989563, "val_aps": 0.893131019559476, "val_auc": 0.9661829161087709, "val_loss": 0.14713242650032043}
Epoch 57: {'val_loss': '0.14713', 'val_auc': '0.96618', 'val_aps': '0.89313', 'g0': '0.74923', 'g1': '0.25077', 'flip_r': '0.03508', 'pmean': '0.13256', 'trn_loss0': '0.10563'}
Protocol-safe validation: {"epoch": 58, "flip_r": 0.04130217173695434, "g0": 0.72737955346651, "g1": 0.27262044653349, "pmean": 0.1396445333957672, "val_aps": 0.8959632037718167, "val_auc": 0.9662838771450085, "val_loss": 0.14276611804962158}
Epoch 58: {'val_loss': '0.14277', 'val_auc': '0.96628', 'val_aps': '0.89596', 'g0': '0.72738', 'g1': '0.27262', 'flip_r': '0.04130', 'pmean': '0.13964', 'trn_loss0': '0.10677'}
Protocol-safe validation: {"epoch": 59, "flip_r": 0.03853853853853854, "g0": 0.7449405927666797, "g1": 0.25505940723332027, "pmean": 0.13515816628932953, "val_aps": 0.8965242931603282, "val_auc": 0.9685288498592672, "val_loss": 0.14321842789649963}
Epoch 59: {'val_loss': '0.14322', 'val_auc': '0.96853', 'val_aps': '0.89652', 'g0': '0.74494', 'g1': '0.25506', 'flip_r': '0.03854', 'pmean': '0.13516', 'trn_loss0': '0.10715'}
Protocol-safe validation: {"epoch": 60, "flip_r": 0.03936545240893067, "g0": 0.7370413892153023, "g1": 0.26295861078469773, "pmean": 0.1313507854938507, "val_aps": 0.898545592449935, "val_auc": 0.9672456331433879, "val_loss": 0.1437213271856308}
Epoch 60: {'val_loss': '0.14372', 'val_auc': '0.96725', 'val_aps': '0.89855', 'g0': '0.73704', 'g1': '0.26296', 'flip_r': '0.03937', 'pmean': '0.13135', 'trn_loss0': '0.10494'}
Epoch 00061: reducing learning rate of group 0 to 5.0000e-04.
Protocol-safe validation: {"epoch": 61, "flip_r": 0.0339469904687296, "g0": 0.7182399791095443, "g1": 0.28176002089045565, "pmean": 0.14846116304397583, "val_aps": 0.8973986637702396, "val_auc": 0.9679509986875066, "val_loss": 0.14101769030094147}
Epoch 61: {'val_loss': '0.14102', 'val_auc': '0.96795', 'val_aps': '0.89740', 'g0': '0.71824', 'g1': '0.28176', 'flip_r': '0.03395', 'pmean': '0.14846', 'trn_loss0': '0.09976'}
Protocol-safe validation: {"epoch": 62, "flip_r": 0.030443486965226096, "g0": 0.7163032597815207, "g1": 0.28369674021847935, "pmean": 0.14988745748996735, "val_aps": 0.8981273265405059, "val_auc": 0.9686504310686093, "val_loss": 0.14063042402267456}
Epoch 62: {'val_loss': '0.14063', 'val_auc': '0.96865', 'val_aps': '0.89813', 'g0': '0.71630', 'g1': '0.28370', 'flip_r': '0.03044', 'pmean': '0.14989', 'trn_loss0': '0.09447'}
Protocol-safe validation: {"epoch": 63, "flip_r": 0.050485267876572225, "g0": 0.7621752186969578, "g1": 0.23782478130304216, "pmean": 0.13448910415172577, "val_aps": 0.8970127663930663, "val_auc": 0.9675727352290017, "val_loss": 0.14610348641872406}
Epoch 63: {'val_loss': '0.14610', 'val_auc': '0.96757', 'val_aps': '0.89701', 'g0': '0.76218', 'g1': '0.23782', 'flip_r': '0.05049', 'pmean': '0.13449', 'trn_loss0': '0.08896'}
Protocol-safe validation: {"epoch": 64, "flip_r": 0.02461156808982896, "g0": 0.7652870261565914, "g1": 0.2347129738434086, "pmean": 0.13910020887851715, "val_aps": 0.9016049874911259, "val_auc": 0.9687040240656872, "val_loss": 0.14498014748096466}
Epoch 64: {'val_loss': '0.14498', 'val_auc': '0.96870', 'val_aps': '0.90160', 'g0': '0.76529', 'g1': '0.23471', 'flip_r': '0.02461', 'pmean': '0.13910', 'trn_loss0': '0.08603'}
Protocol-safe validation: {"epoch": 65, "flip_r": 0.029464246855551202, "g0": 0.7542324933629282, "g1": 0.24576750663707186, "pmean": 0.14270558953285217, "val_aps": 0.905877198683855, "val_auc": 0.9705930069989925, "val_loss": 0.13849902153015137}
Epoch 65: {'val_loss': '0.13850', 'val_auc': '0.97059', 'val_aps': '0.90588', 'g0': '0.75423', 'g1': '0.24577', 'flip_r': '0.02946', 'pmean': '0.14271', 'trn_loss0': '0.08640'}
Protocol-safe validation: {"epoch": 66, "flip_r": 0.022500761631196412, "g0": 0.7497932715324019, "g1": 0.250206728467598, "pmean": 0.14443016052246094, "val_aps": 0.9077673842154232, "val_auc": 0.9713860082788051, "val_loss": 0.1359771192073822}
Epoch 66: {'val_loss': '0.13598', 'val_auc': '0.97139', 'val_aps': '0.90777', 'g0': '0.74979', 'g1': '0.25021', 'flip_r': '0.02250', 'pmean': '0.14443', 'trn_loss0': '0.08349'}
Protocol-safe validation: {"epoch": 67, "flip_r": 0.025851938895417155, "g0": 0.7585846716281499, "g1": 0.24141532837185012, "pmean": 0.14095669984817505, "val_aps": 0.9029632833260672, "val_auc": 0.9702123119163008, "val_loss": 0.1398853361606598}
Epoch 67: {'val_loss': '0.13989', 'val_auc': '0.97021', 'val_aps': '0.90296', 'g0': '0.75858', 'g1': '0.24142', 'flip_r': '0.02585', 'pmean': '0.14096', 'trn_loss0': '0.08155'}
Protocol-safe validation: {"epoch": 68, "flip_r": 0.02833268050659355, "g0": 0.7803455629542586, "g1": 0.2196544370457414, "pmean": 0.135674849152565, "val_aps": 0.9052320210113217, "val_auc": 0.9695665697972432, "val_loss": 0.14366364479064941}
Epoch 68: {'val_loss': '0.14366', 'val_auc': '0.96957', 'val_aps': '0.90523', 'g0': '0.78035', 'g1': '0.21965', 'flip_r': '0.02833', 'pmean': '0.13567', 'trn_loss0': '0.07520'}
Protocol-safe validation: {"epoch": 69, "flip_r": 0.036558297427862645, "g0": 0.7588458023240632, "g1": 0.2411541976759368, "pmean": 0.14548221230506897, "val_aps": 0.9060419785360858, "val_auc": 0.9704040211671913, "val_loss": 0.13818693161010742}
Epoch 69: {'val_loss': '0.13819', 'val_auc': '0.97040', 'val_aps': '0.90604', 'g0': '0.75885', 'g1': '0.24115', 'flip_r': '0.03656', 'pmean': '0.14548', 'trn_loss0': '0.07890'}
Protocol-safe validation: {"epoch": 70, "flip_r": 0.028767898333115726, "g0": 0.751795273534404, "g1": 0.24820472646559602, "pmean": 0.14757505059242249, "val_aps": 0.9035286226109149, "val_auc": 0.970255497561859, "val_loss": 0.13981838524341583}
Epoch 70: {'val_loss': '0.13982', 'val_auc': '0.97026', 'val_aps': '0.90353', 'g0': '0.75180', 'g1': '0.24820', 'flip_r': '0.02877', 'pmean': '0.14758', 'trn_loss0': '0.08084'}
Protocol-safe validation: {"epoch": 71, "flip_r": 0.03462157809983897, "g0": 0.7466814640727685, "g1": 0.2533185359272316, "pmean": 0.14694397151470184, "val_aps": 0.9083213880065344, "val_auc": 0.9702870114113205, "val_loss": 0.1347113400697708}
Epoch 71: {'val_loss': '0.13471', 'val_auc': '0.97029', 'val_aps': '0.90832', 'g0': '0.74668', 'g1': '0.25332', 'flip_r': '0.03462', 'pmean': '0.14694', 'trn_loss0': '0.07710'}
Protocol-safe validation: {"epoch": 72, "flip_r": 0.051877964921443184, "g0": 0.7918570744657701, "g1": 0.2081429255342299, "pmean": 0.13140541315078735, "val_aps": 0.8987167159067762, "val_auc": 0.9679965186922841, "val_loss": 0.1521964967250824}
Epoch 72: {'val_loss': '0.15220', 'val_auc': '0.96800', 'val_aps': '0.89872', 'g0': '0.79186', 'g1': '0.20814', 'flip_r': '0.05188', 'pmean': '0.13141', 'trn_loss0': '0.07249'}
Protocol-safe validation: {"epoch": 73, "flip_r": 0.03325064194629412, "g0": 0.7725334029681856, "g1": 0.22746659703181443, "pmean": 0.1442292481660843, "val_aps": 0.9049119095842375, "val_auc": 0.9688659702365308, "val_loss": 0.14507243037223816}
Epoch 73: {'val_loss': '0.14507', 'val_auc': '0.96887', 'val_aps': '0.90491', 'g0': '0.77253', 'g1': '0.22747', 'flip_r': '0.03325', 'pmean': '0.14423', 'trn_loss0': '0.07102'}
Protocol-safe validation: {"epoch": 74, "flip_r": 0.02393698045871959, "g0": 0.7734908821865344, "g1": 0.22650911781346564, "pmean": 0.1390194594860077, "val_aps": 0.9123117901965174, "val_auc": 0.9706457246113633, "val_loss": 0.13449692726135254}
Epoch 74: {'val_loss': '0.13450', 'val_auc': '0.97065', 'val_aps': '0.91231', 'g0': '0.77349', 'g1': '0.22651', 'flip_r': '0.02394', 'pmean': '0.13902', 'trn_loss0': '0.07776'}
Protocol-safe validation: {"epoch": 75, "flip_r": 0.020128824476650563, "g0": 0.7706402054228141, "g1": 0.2293597945771859, "pmean": 0.14041554927825928, "val_aps": 0.9090729868249963, "val_auc": 0.9702259290117471, "val_loss": 0.13469181954860687}
Epoch 75: {'val_loss': '0.13469', 'val_auc': '0.97023', 'val_aps': '0.90907', 'g0': '0.77064', 'g1': '0.22936', 'flip_r': '0.02013', 'pmean': '0.14042', 'trn_loss0': '0.07311'}
Protocol-safe validation: {"epoch": 76, "flip_r": 0.028920224572398484, "g0": 0.7898550724637681, "g1": 0.21014492753623187, "pmean": 0.13436482846736908, "val_aps": 0.9005330682862657, "val_auc": 0.9679351444978083, "val_loss": 0.14997372031211853}
Epoch 76: {'val_loss': '0.14997', 'val_auc': '0.96794', 'val_aps': '0.90053', 'g0': '0.78986', 'g1': '0.21014', 'flip_r': '0.02892', 'pmean': '0.13436', 'trn_loss0': '0.07256'}
Protocol-safe validation: {"epoch": 77, "flip_r": 0.028397963180571875, "g0": 0.7797797797797797, "g1": 0.22022022022022023, "pmean": 0.1447822004556656, "val_aps": 0.9049177505088959, "val_auc": 0.968815489718412, "val_loss": 0.14763596653938293}
Epoch 77: {'val_loss': '0.14764', 'val_auc': '0.96882', 'val_aps': '0.90492', 'g0': '0.77978', 'g1': '0.22022', 'flip_r': '0.02840', 'pmean': '0.14478', 'trn_loss0': '0.06982'}
Protocol-safe validation: {"epoch": 78, "flip_r": 0.0274622448535492, "g0": 0.786612699656178, "g1": 0.21338730034382208, "pmean": 0.13733389973640442, "val_aps": 0.9073473992201393, "val_auc": 0.9683283867613041, "val_loss": 0.14385826885700226}
Epoch 78: {'val_loss': '0.14386', 'val_auc': '0.96833', 'val_aps': '0.90735', 'g0': '0.78661', 'g1': '0.21339', 'flip_r': '0.02746', 'pmean': '0.13733', 'trn_loss0': '0.06907'}
Protocol-safe validation: {"epoch": 79, "flip_r": 0.023523523523523524, "g0": 0.80225878051965, "g1": 0.19774121948034992, "pmean": 0.13310113549232483, "val_aps": 0.9064427974697935, "val_auc": 0.969029083586984, "val_loss": 0.15038053691387177}
Epoch 79: {'val_loss': '0.15038', 'val_auc': '0.96903', 'val_aps': '0.90644', 'g0': '0.80226', 'g1': '0.19774', 'flip_r': '0.02352', 'pmean': '0.13310', 'trn_loss0': '0.06914'}
Protocol-safe validation: {"epoch": 80, "flip_r": 0.025917221569395483, "g0": 0.7807807807807807, "g1": 0.21921921921921922, "pmean": 0.13959382474422455, "val_aps": 0.9111610906679395, "val_auc": 0.9704115105696868, "val_loss": 0.13872255384922028}
Epoch 80: {'val_loss': '0.13872', 'val_auc': '0.97041', 'val_aps': '0.91116', 'g0': '0.78078', 'g1': '0.21922', 'flip_r': '0.02592', 'pmean': '0.13959', 'trn_loss0': '0.06903'}
Epoch 00081: reducing learning rate of group 0 to 2.5000e-04.
Protocol-safe validation: {"epoch": 81, "flip_r": 0.017169343256299777, "g0": 0.7863298080689385, "g1": 0.2136701919310615, "pmean": 0.13978727161884308, "val_aps": 0.9109078114826153, "val_auc": 0.970697664103994, "val_loss": 0.1401970386505127}
Epoch 81: {'val_loss': '0.14020', 'val_auc': '0.97070', 'val_aps': '0.91091', 'g0': '0.78633', 'g1': '0.21367', 'flip_r': '0.01717', 'pmean': '0.13979', 'trn_loss0': '0.06604'}
Protocol-safe validation: {"epoch": 82, "flip_r": 0.015145580362971667, "g0": 0.7818470644557601, "g1": 0.2181529355442399, "pmean": 0.14276131987571716, "val_aps": 0.9095797131491822, "val_auc": 0.9704779425424712, "val_loss": 0.14118997752666473}
Epoch 82: {'val_loss': '0.14119', 'val_auc': '0.97048', 'val_aps': '0.90958', 'g0': '0.78185', 'g1': '0.21815', 'flip_r': '0.01515', 'pmean': '0.14276', 'trn_loss0': '0.05978'}
Protocol-safe validation: {"epoch": 83, "flip_r": 0.013796405100752926, "g0": 0.7829786308047177, "g1": 0.21702136919528223, "pmean": 0.14557892084121704, "val_aps": 0.9106935203094131, "val_auc": 0.9703996442436551, "val_loss": 0.1436648815870285}
Epoch 83: {'val_loss': '0.14366', 'val_auc': '0.97040', 'val_aps': '0.91069', 'g0': '0.78298', 'g1': '0.21702', 'flip_r': '0.01380', 'pmean': '0.14558', 'trn_loss0': '0.05850'}
Protocol-safe validation: {"epoch": 84, "flip_r": 0.013274143708926317, "g0": 0.7876789833311573, "g1": 0.21232101666884276, "pmean": 0.1428602784872055, "val_aps": 0.9128493165146878, "val_auc": 0.9714957231621153, "val_loss": 0.1399403214454651}
Epoch 84: {'val_loss': '0.13994', 'val_auc': '0.97150', 'val_aps': '0.91285', 'g0': '0.78768', 'g1': '0.21232', 'flip_r': '0.01327', 'pmean': '0.14286', 'trn_loss0': '0.05621'}
Protocol-safe validation: {"epoch": 85, "flip_r": 0.011642076859468165, "g0": 0.7856987422204813, "g1": 0.21430125777951864, "pmean": 0.14549914002418518, "val_aps": 0.9168658696565241, "val_auc": 0.9723989256500752, "val_loss": 0.1372753083705902}
Epoch 85: {'val_loss': '0.13728', 'val_auc': '0.97240', 'val_aps': '0.91687', 'g0': '0.78570', 'g1': '0.21430', 'flip_r': '0.01164', 'pmean': '0.14550', 'trn_loss0': '0.05772'}
Protocol-safe validation: {"epoch": 86, "flip_r": 0.015232623928276103, "g0": 0.7943595769682726, "g1": 0.2056404230317274, "pmean": 0.14153368771076202, "val_aps": 0.9142635137788068, "val_auc": 0.9715401732522506, "val_loss": 0.1404493898153305}
Epoch 86: {'val_loss': '0.14045', 'val_auc': '0.97154', 'val_aps': '0.91426', 'g0': '0.79436', 'g1': '0.20564', 'flip_r': '0.01523', 'pmean': '0.14153', 'trn_loss0': '0.05710'}
Epoch 00087: reducing learning rate of group 0 to 1.2500e-04.
Protocol-safe validation: {"epoch": 87, "flip_r": 0.008399704051877965, "g0": 0.793837315576446, "g1": 0.20616268442355398, "pmean": 0.14350903034210205, "val_aps": 0.914793601999613, "val_auc": 0.972069489205242, "val_loss": 0.1413951963186264}
Epoch 87: {'val_loss': '0.14140', 'val_auc': '0.97207', 'val_aps': '0.91479', 'g0': '0.79384', 'g1': '0.20616', 'flip_r': '0.00840', 'pmean': '0.14351', 'trn_loss0': '0.05336'}
Protocol-safe validation: {"epoch": 88, "flip_r": 0.011228619924272099, "g0": 0.8036297166731949, "g1": 0.19637028332680506, "pmean": 0.13787904381752014, "val_aps": 0.9127353040235079, "val_auc": 0.9717485148125791, "val_loss": 0.14403900504112244}
Epoch 88: {'val_loss': '0.14404', 'val_auc': '0.97175', 'val_aps': '0.91274', 'g0': '0.80363', 'g1': '0.19637', 'flip_r': '0.01123', 'pmean': '0.13788', 'trn_loss0': '0.05540'}
Protocol-safe validation: {"epoch": 89, "flip_r": 0.006832919876398137, "g0": 0.8009313661487575, "g1": 0.19906863385124254, "pmean": 0.1405562311410904, "val_aps": 0.9138516640275673, "val_auc": 0.9719306920966572, "val_loss": 0.14375801384449005}
Epoch 89: {'val_loss': '0.14376', 'val_auc': '0.97193', 'val_aps': '0.91385', 'g0': '0.80093', 'g1': '0.19907', 'flip_r': '0.00683', 'pmean': '0.14056', 'trn_loss0': '0.05476'}
Protocol-safe validation: {"epoch": 90, "flip_r": 0.009422465944205075, "g0": 0.7941637289463377, "g1": 0.20583627105366237, "pmean": 0.1439966857433319, "val_aps": 0.9133839967231832, "val_auc": 0.9721221095526454, "val_loss": 0.14245004951953888}
Epoch 90: {'val_loss': '0.14245', 'val_auc': '0.97212', 'val_aps': '0.91338', 'g0': '0.79416', 'g1': '0.20584', 'flip_r': '0.00942', 'pmean': '0.14400', 'trn_loss0': '0.05499'}
Protocol-safe validation: {"epoch": 91, "flip_r": 0.007442224833529181, "g0": 0.7978195586891239, "g1": 0.2021804413108761, "pmean": 0.14170174300670624, "val_aps": 0.9147622335883192, "val_auc": 0.9720858297197776, "val_loss": 0.14098334312438965}
Epoch 91: {'val_loss': '0.14098', 'val_auc': '0.97209', 'val_aps': '0.91476', 'g0': '0.79782', 'g1': '0.20218', 'flip_r': '0.00744', 'pmean': '0.14170', 'trn_loss0': '0.05674'}
Protocol-safe validation: {"epoch": 92, "flip_r": 0.007616311964138051, "g0": 0.797253775514645, "g1": 0.20274622448535493, "pmean": 0.14185576140880585, "val_aps": 0.9135291660398808, "val_auc": 0.9715707144520372, "val_loss": 0.1418370008468628}
Epoch 92: {'val_loss': '0.14184', 'val_auc': '0.97157', 'val_aps': '0.91353', 'g0': '0.79725', 'g1': '0.20275', 'flip_r': '0.00762', 'pmean': '0.14186', 'trn_loss0': '0.05430'}
Epoch 00093: reducing learning rate of group 0 to 6.2500e-05.
Protocol-safe validation: {"epoch": 93, "flip_r": 0.004830917874396135, "g0": 0.7951647299473387, "g1": 0.20483527005266136, "pmean": 0.143337219953537, "val_aps": 0.9146033675916451, "val_auc": 0.9718139741356889, "val_loss": 0.14124459028244019}
Epoch 93: {'val_loss': '0.14124', 'val_auc': '0.97181', 'val_aps': '0.91460', 'g0': '0.79516', 'g1': '0.20484', 'flip_r': '0.00483', 'pmean': '0.14334', 'trn_loss0': '0.05420'}
Protocol-safe validation: {"epoch": 94, "flip_r": 0.0060930495713104405, "g0": 0.7952952952952953, "g1": 0.2047047047047047, "pmean": 0.1441696435213089, "val_aps": 0.9149648687148734, "val_auc": 0.9719916772312631, "val_loss": 0.14198312163352966}
Epoch 94: {'val_loss': '0.14198', 'val_auc': '0.97199', 'val_aps': '0.91496', 'g0': '0.79530', 'g1': '0.20470', 'flip_r': '0.00609', 'pmean': '0.14417', 'trn_loss0': '0.05214'}
Protocol-safe validation: {"epoch": 95, "flip_r": 0.004482743613178396, "g0": 0.7975584279932106, "g1": 0.2024415720067894, "pmean": 0.1440363973379135, "val_aps": 0.9156040278489663, "val_auc": 0.9721237144246088, "val_loss": 0.1423780471086502}
Epoch 95: {'val_loss': '0.14238', 'val_auc': '0.97212', 'val_aps': '0.91560', 'g0': '0.79756', 'g1': '0.20244', 'flip_r': '0.00448', 'pmean': '0.14404', 'trn_loss0': '0.05134'}
Protocol-safe validation: {"epoch": 96, "flip_r": 0.004526265395830613, "g0": 0.8000826913870392, "g1": 0.19991730861296078, "pmean": 0.14241646230220795, "val_aps": 0.9144508844072041, "val_auc": 0.9719979021891815, "val_loss": 0.14273382723331451}
Epoch 96: {'val_loss': '0.14273', 'val_auc': '0.97200', 'val_aps': '0.91445', 'g0': '0.80008', 'g1': '0.19992', 'flip_r': '0.00453', 'pmean': '0.14242', 'trn_loss0': '0.05353'}
Protocol-safe validation: {"epoch": 97, "flip_r": 0.0038299168733951345, "g0": 0.8023023023023023, "g1": 0.1976976976976977, "pmean": 0.14154110848903656, "val_aps": 0.913895708431067, "val_auc": 0.9719956650949297, "val_loss": 0.14322108030319214}
Epoch 97: {'val_loss': '0.14322', 'val_auc': '0.97200', 'val_aps': '0.91390', 'g0': '0.80230', 'g1': '0.19770', 'flip_r': '0.00383', 'pmean': '0.14154', 'trn_loss0': '0.05139'}
Protocol-safe validation: {"epoch": 98, "flip_r": 0.003960482221351786, "g0": 0.802041171606389, "g1": 0.197958828393611, "pmean": 0.1418456733226776, "val_aps": 0.9124154134999667, "val_auc": 0.9712733754464704, "val_loss": 0.1452261507511139}
Epoch 98: {'val_loss': '0.14523', 'val_auc': '0.97127', 'val_aps': '0.91242', 'g0': '0.80204', 'g1': '0.19796', 'flip_r': '0.00396', 'pmean': '0.14185', 'trn_loss0': '0.04750'}
Epoch 00099: reducing learning rate of group 0 to 3.1250e-05.
Protocol-safe validation: {"epoch": 99, "flip_r": 0.0039169604386995694, "g0": 0.8003873438656047, "g1": 0.19961265613439527, "pmean": 0.14265546202659607, "val_aps": 0.914791011453442, "val_auc": 0.9716487209559512, "val_loss": 0.14280277490615845}
Epoch 99: {'val_loss': '0.14280', 'val_auc': '0.97165', 'val_aps': '0.91479', 'g0': '0.80039', 'g1': '0.19961', 'flip_r': '0.00392', 'pmean': '0.14266', 'trn_loss0': '0.05101'}
Protocol-safe validation: {"epoch": 100, "flip_r": 0.003960482221351786, "g0": 0.8038255646951299, "g1": 0.19617443530487008, "pmean": 0.14127236604690552, "val_aps": 0.9144361167375357, "val_auc": 0.9715787874443378, "val_loss": 0.14380720257759094}
Epoch 100: {'val_loss': '0.14381', 'val_auc': '0.97158', 'val_aps': '0.91444', 'g0': '0.80383', 'g1': '0.19617', 'flip_r': '0.00396', 'pmean': '0.14127', 'trn_loss0': '0.04673'}
Protocol-safe validation: {"epoch": 101, "flip_r": 0.005396701048874962, "g0": 0.7990816903860382, "g1": 0.2009183096139618, "pmean": 0.14366212487220764, "val_aps": 0.9148254155093218, "val_auc": 0.9716060216352304, "val_loss": 0.14272785186767578}
Epoch 101: {'val_loss': '0.14273', 'val_auc': '0.97161', 'val_aps': '0.91483', 'g0': '0.79908', 'g1': '0.20092', 'flip_r': '0.00540', 'pmean': '0.14366', 'trn_loss0': '0.05107'}
Protocol-safe validation: {"epoch": 102, "flip_r": 0.0037428733080906995, "g0": 0.80225878051965, "g1": 0.19774121948034992, "pmean": 0.1424785703420639, "val_aps": 0.9141081134698283, "val_auc": 0.9715141062409678, "val_loss": 0.14407846331596375}
Epoch 102: {'val_loss': '0.14408', 'val_auc': '0.97151', 'val_aps': '0.91411', 'g0': '0.80226', 'g1': '0.19774', 'flip_r': '0.00374', 'pmean': '0.14248', 'trn_loss0': '0.04994'}
Protocol-safe validation: {"epoch": 103, "flip_r": 0.0018061539800670236, "g0": 0.8020629324977151, "g1": 0.1979370675022849, "pmean": 0.14247892796993256, "val_aps": 0.9139900724202852, "val_auc": 0.9714162576836892, "val_loss": 0.14403238892555237}
Epoch 103: {'val_loss': '0.14403', 'val_auc': '0.97142', 'val_aps': '0.91399', 'g0': '0.80206', 'g1': '0.19794', 'flip_r': '0.00181', 'pmean': '0.14248', 'trn_loss0': '0.04783'}
Protocol-safe validation: {"epoch": 104, "flip_r": 0.0045045045045045045, "g0": 0.7982112547329938, "g1": 0.20178874526700613, "pmean": 0.14409339427947998, "val_aps": 0.9151173844331599, "val_auc": 0.9718015728523359, "val_loss": 0.14239364862442017}
Epoch 104: {'val_loss': '0.14239', 'val_auc': '0.97180', 'val_aps': '0.91512', 'g0': '0.79821', 'g1': '0.20179', 'flip_r': '0.00450', 'pmean': '0.14409', 'trn_loss0': '0.04994'}
Epoch 00105: reducing learning rate of group 0 to 1.5625e-05.
Protocol-safe validation: {"epoch": 105, "flip_r": 0.003003003003003003, "g0": 0.8004743874309092, "g1": 0.19952561256909082, "pmean": 0.14314451813697815, "val_aps": 0.9145019191440498, "val_auc": 0.9717183626726624, "val_loss": 0.14318527281284332}
Epoch 105: {'val_loss': '0.14319', 'val_auc': '0.97172', 'val_aps': '0.91450', 'g0': '0.80047', 'g1': '0.19953', 'flip_r': '0.00300', 'pmean': '0.14314', 'trn_loss0': '0.04797'}
Protocol-safe validation: {"epoch": 106, "flip_r": 0.0024154589371980675, "g0": 0.7996692344518431, "g1": 0.20033076554815685, "pmean": 0.14357103407382965, "val_aps": 0.9144400058871394, "val_auc": 0.9718005515701778, "val_loss": 0.14341484010219574}
Epoch 106: {'val_loss': '0.14341', 'val_auc': '0.97180', 'val_aps': '0.91444', 'g0': '0.79967', 'g1': '0.20033', 'flip_r': '0.00242', 'pmean': '0.14357', 'trn_loss0': '0.04964'}
Protocol-safe validation: {"epoch": 107, "flip_r": 0.0040910475693084385, "g0": 0.8031944988466727, "g1": 0.19680550115332723, "pmean": 0.14221012592315674, "val_aps": 0.9148578475827485, "val_auc": 0.9716823746346971, "val_loss": 0.14359702169895172}
Epoch 107: {'val_loss': '0.14360', 'val_auc': '0.97168', 'val_aps': '0.91486', 'g0': '0.80319', 'g1': '0.19681', 'flip_r': '0.00409', 'pmean': '0.14221', 'trn_loss0': '0.04662'}
Protocol-safe validation: {"epoch": 108, "flip_r": 0.0023501762632197414, "g0": 0.8018018018018018, "g1": 0.1981981981981982, "pmean": 0.1429663747549057, "val_aps": 0.9153560403432495, "val_auc": 0.971803080459332, "val_loss": 0.14333702623844147}
Epoch 108: {'val_loss': '0.14334', 'val_auc': '0.97180', 'val_aps': '0.91536', 'g0': '0.80180', 'g1': '0.19820', 'flip_r': '0.00235', 'pmean': '0.14297', 'trn_loss0': '0.04938'}
Protocol-safe validation: {"epoch": 109, "flip_r": 0.0017408713060886973, "g0": 0.8027157592374984, "g1": 0.19728424076250164, "pmean": 0.1426585614681244, "val_aps": 0.915153544104911, "val_auc": 0.9717916031931699, "val_loss": 0.14349354803562164}
Epoch 109: {'val_loss': '0.14349', 'val_auc': '0.97179', 'val_aps': '0.91515', 'g0': '0.80272', 'g1': '0.19728', 'flip_r': '0.00174', 'pmean': '0.14266', 'trn_loss0': '0.05021'}
Protocol-safe validation: {"epoch": 110, "flip_r": 0.0025460242851547197, "g0": 0.8003873438656047, "g1": 0.19961265613439527, "pmean": 0.1436111330986023, "val_aps": 0.9147958553644665, "val_auc": 0.9718060956733234, "val_loss": 0.14357924461364746}
Epoch 110: {'val_loss': '0.14358', 'val_auc': '0.97181', 'val_aps': '0.91480', 'g0': '0.80039', 'g1': '0.19961', 'flip_r': '0.00255', 'pmean': '0.14361', 'trn_loss0': '0.04931'}
Epoch 00111: reducing learning rate of group 0 to 7.8125e-06.
training time elapsed 944.30s
Evaluating model in /workspace/COMP8851-fraud-dataset-analysis/models/dga-gnn/yelpchi/evidence/benchmark/protocol_safe_default_seed2_parallel_accuracy/checkpoints/yelpchi-seed2-best-epoch=0085-val_aps=0.916866.ckpt
  0%|          | 0/2 [00:00<?, ?it/s]100%|██████████| 2/2 [00:00<00:00, 13.28it/s]100%|██████████| 2/2 [00:00<00:00, 13.23it/s]
{'final_trn/auc': '0.99997', 'final_trn/aps': '0.99986', 'final_trn/mf1': '0.99770', 'final_trn/th1': '0.57488', 'final_trn/gme': '0.99861', 'final_trn/th2': '0.29951', 'final_trn/rec': '0.99401', 'final_trn/pre': '0.99775'}
{'final_val/auc': '0.97156', 'final_val/aps': '0.91515', 'final_val/mf1': '0.91161', 'final_val/th1': '0.57425', 'final_val/gme': '0.92665', 'final_val/th2': '0.08317', 'final_val/rec': '0.81543', 'final_val/pre': '0.88216'}
{'final_tst/auc': '0.97701', 'final_tst/aps': '0.92164', 'final_tst/mf1': '0.91185', 'final_tst/th1': '0.57425', 'final_tst/gme': '0.89666', 'final_tst/th2': '0.08317', 'final_tst/rec': '0.81967', 'final_tst/pre': '0.87930'}
{'final_tst/fraud_f1': '0.84844'}
structured_result /workspace/COMP8851-fraud-dataset-analysis/models/dga-gnn/yelpchi/evidence/benchmark/protocol_safe_default_seed2_parallel_accuracy/result.json
==============================
==============================
