=== Run: splitgnn_elliptic_unified_tr40_seed42_a6000_20260918T034552Z ===
Result dir: /workspace/splitgnn_vast/results/splitgnn/elliptic/unified/tr40/seed_42
Split overlap checks: PASSED
train=18625 valid=9313 test=18626
Model source commit: 32fbdb836781d5c02523844a7079425f89be8831
Config SHA256: 037209e5e4e5fbbfeca0784d7590f924180ce6482a090c12828369ac8a7fd8df
Split SHA256: 77008be57543be620a444bf233a229fe6f09d3d5b4fcf427a8481f7972e5ebf5
epoch 0: loss=1.7131 val_auprc=0.1076 val_auc=0.5319 val_f1_macro=0.4797 (best_epoch=0, best_auprc=0.1076)
epoch 1: loss=1.9321 val_auprc=0.1211 val_auc=0.5640 val_f1_macro=0.4820 (best_epoch=1, best_auprc=0.1211)
epoch 2: loss=1.6699 val_auprc=0.1251 val_auc=0.5730 val_f1_macro=0.4858 (best_epoch=2, best_auprc=0.1251)
epoch 3: loss=1.6735 val_auprc=0.1273 val_auc=0.5753 val_f1_macro=0.5003 (best_epoch=3, best_auprc=0.1273)
epoch 4: loss=1.6578 val_auprc=0.1299 val_auc=0.5778 val_f1_macro=0.5277 (best_epoch=4, best_auprc=0.1299)
epoch 5: loss=1.6593 val_auprc=0.1343 val_auc=0.5819 val_f1_macro=0.2482 (best_epoch=5, best_auprc=0.1343)
epoch 6: loss=1.6412 val_auprc=0.1379 val_auc=0.5835 val_f1_macro=0.1694 (best_epoch=6, best_auprc=0.1379)
epoch 7: loss=1.6406 val_auprc=0.1397 val_auc=0.5818 val_f1_macro=0.1530 (best_epoch=7, best_auprc=0.1397)
epoch 8: loss=1.6224 val_auprc=0.1432 val_auc=0.5805 val_f1_macro=0.1527 (best_epoch=8, best_auprc=0.1432)
epoch 9: loss=1.6267 val_auprc=0.1466 val_auc=0.5811 val_f1_macro=0.1606 (best_epoch=9, best_auprc=0.1466)
epoch 10: loss=1.6061 val_auprc=0.1513 val_auc=0.5830 val_f1_macro=0.1729 (best_epoch=10, best_auprc=0.1513)
epoch 11: loss=1.5901 val_auprc=0.1635 val_auc=0.5933 val_f1_macro=0.1996 (best_epoch=11, best_auprc=0.1635)
epoch 12: loss=1.5861 val_auprc=0.1731 val_auc=0.6040 val_f1_macro=0.2392 (best_epoch=12, best_auprc=0.1731)
epoch 13: loss=1.5741 val_auprc=0.1805 val_auc=0.6077 val_f1_macro=0.3120 (best_epoch=13, best_auprc=0.1805)
epoch 14: loss=1.5452 val_auprc=0.1872 val_auc=0.6104 val_f1_macro=0.4455 (best_epoch=14, best_auprc=0.1872)
epoch 15: loss=1.5119 val_auprc=0.1909 val_auc=0.6109 val_f1_macro=0.5367 (best_epoch=15, best_auprc=0.1909)
epoch 16: loss=1.5031 val_auprc=0.1875 val_auc=0.6083 val_f1_macro=0.5672 (best_epoch=15, best_auprc=0.1909)
epoch 17: loss=1.4753 val_auprc=0.1844 val_auc=0.6092 val_f1_macro=0.5719 (best_epoch=15, best_auprc=0.1909)
epoch 18: loss=1.4734 val_auprc=0.1837 val_auc=0.6125 val_f1_macro=0.5729 (best_epoch=15, best_auprc=0.1909)
epoch 19: loss=1.4430 val_auprc=0.1806 val_auc=0.6142 val_f1_macro=0.5621 (best_epoch=15, best_auprc=0.1909)
epoch 20: loss=1.3982 val_auprc=0.1790 val_auc=0.6155 val_f1_macro=0.5473 (best_epoch=15, best_auprc=0.1909)
epoch 21: loss=1.3786 val_auprc=0.1822 val_auc=0.6183 val_f1_macro=0.5335 (best_epoch=15, best_auprc=0.1909)
epoch 22: loss=1.3903 val_auprc=0.1888 val_auc=0.6233 val_f1_macro=0.5271 (best_epoch=15, best_auprc=0.1909)
epoch 23: loss=1.3226 val_auprc=0.1961 val_auc=0.6298 val_f1_macro=0.5207 (best_epoch=23, best_auprc=0.1961)
epoch 24: loss=1.3288 val_auprc=0.2016 val_auc=0.6373 val_f1_macro=0.5133 (best_epoch=24, best_auprc=0.2016)
epoch 25: loss=1.3168 val_auprc=0.2071 val_auc=0.6458 val_f1_macro=0.5111 (best_epoch=25, best_auprc=0.2071)
epoch 26: loss=1.2909 val_auprc=0.2121 val_auc=0.6585 val_f1_macro=0.5148 (best_epoch=26, best_auprc=0.2121)
epoch 27: loss=1.2949 val_auprc=0.2159 val_auc=0.6716 val_f1_macro=0.5334 (best_epoch=27, best_auprc=0.2159)
epoch 28: loss=1.2793 val_auprc=0.2157 val_auc=0.6770 val_f1_macro=0.5477 (best_epoch=27, best_auprc=0.2159)
epoch 29: loss=1.2338 val_auprc=0.2248 val_auc=0.6836 val_f1_macro=0.5373 (best_epoch=29, best_auprc=0.2248)
epoch 30: loss=1.2464 val_auprc=0.2324 val_auc=0.6844 val_f1_macro=0.5147 (best_epoch=30, best_auprc=0.2324)
epoch 31: loss=1.2478 val_auprc=0.2398 val_auc=0.6856 val_f1_macro=0.4795 (best_epoch=31, best_auprc=0.2398)
epoch 32: loss=1.2032 val_auprc=0.2458 val_auc=0.6862 val_f1_macro=0.4691 (best_epoch=32, best_auprc=0.2458)
epoch 33: loss=1.2305 val_auprc=0.2518 val_auc=0.6900 val_f1_macro=0.5245 (best_epoch=33, best_auprc=0.2518)
epoch 34: loss=1.2410 val_auprc=0.2547 val_auc=0.6951 val_f1_macro=0.5672 (best_epoch=34, best_auprc=0.2547)
epoch 35: loss=1.1781 val_auprc=0.2600 val_auc=0.6999 val_f1_macro=0.5642 (best_epoch=35, best_auprc=0.2600)
epoch 36: loss=1.3084 val_auprc=0.2609 val_auc=0.7029 val_f1_macro=0.5742 (best_epoch=36, best_auprc=0.2609)
epoch 37: loss=1.2028 val_auprc=0.2633 val_auc=0.7049 val_f1_macro=0.5586 (best_epoch=37, best_auprc=0.2633)
epoch 38: loss=1.1919 val_auprc=0.2641 val_auc=0.7041 val_f1_macro=0.5356 (best_epoch=38, best_auprc=0.2641)
epoch 39: loss=1.1701 val_auprc=0.2674 val_auc=0.7029 val_f1_macro=0.5096 (best_epoch=39, best_auprc=0.2674)
epoch 40: loss=1.1307 val_auprc=0.2712 val_auc=0.7054 val_f1_macro=0.5267 (best_epoch=40, best_auprc=0.2712)
epoch 41: loss=1.1727 val_auprc=0.2715 val_auc=0.7089 val_f1_macro=0.5463 (best_epoch=41, best_auprc=0.2715)
epoch 42: loss=1.2290 val_auprc=0.2761 val_auc=0.7127 val_f1_macro=0.5540 (best_epoch=42, best_auprc=0.2761)
epoch 43: loss=1.1625 val_auprc=0.2843 val_auc=0.7133 val_f1_macro=0.5395 (best_epoch=43, best_auprc=0.2843)
epoch 44: loss=1.1823 val_auprc=0.2911 val_auc=0.7158 val_f1_macro=0.5290 (best_epoch=44, best_auprc=0.2911)
epoch 45: loss=1.1747 val_auprc=0.2970 val_auc=0.7210 val_f1_macro=0.5413 (best_epoch=45, best_auprc=0.2970)
epoch 46: loss=1.1412 val_auprc=0.2998 val_auc=0.7263 val_f1_macro=0.5553 (best_epoch=46, best_auprc=0.2998)
epoch 47: loss=1.1782 val_auprc=0.3023 val_auc=0.7322 val_f1_macro=0.5657 (best_epoch=47, best_auprc=0.3023)
epoch 48: loss=1.1321 val_auprc=0.3102 val_auc=0.7384 val_f1_macro=0.5691 (best_epoch=48, best_auprc=0.3102)
epoch 49: loss=1.1507 val_auprc=0.3171 val_auc=0.7410 val_f1_macro=0.5492 (best_epoch=49, best_auprc=0.3171)
epoch 50: loss=1.1356 val_auprc=0.3192 val_auc=0.7446 val_f1_macro=0.5459 (best_epoch=50, best_auprc=0.3192)
epoch 51: loss=1.0690 val_auprc=0.3209 val_auc=0.7492 val_f1_macro=0.5569 (best_epoch=51, best_auprc=0.3209)
epoch 52: loss=1.1497 val_auprc=0.3227 val_auc=0.7519 val_f1_macro=0.5621 (best_epoch=52, best_auprc=0.3227)
epoch 53: loss=1.1201 val_auprc=0.3227 val_auc=0.7531 val_f1_macro=0.5668 (best_epoch=52, best_auprc=0.3227)
epoch 54: loss=1.1403 val_auprc=0.3227 val_auc=0.7541 val_f1_macro=0.5765 (best_epoch=54, best_auprc=0.3227)
epoch 55: loss=1.1175 val_auprc=0.3227 val_auc=0.7547 val_f1_macro=0.5841 (best_epoch=55, best_auprc=0.3227)
epoch 56: loss=1.0966 val_auprc=0.3249 val_auc=0.7574 val_f1_macro=0.5870 (best_epoch=56, best_auprc=0.3249)
epoch 57: loss=1.0774 val_auprc=0.3303 val_auc=0.7635 val_f1_macro=0.5990 (best_epoch=57, best_auprc=0.3303)
epoch 58: loss=1.0861 val_auprc=0.3425 val_auc=0.7697 val_f1_macro=0.5893 (best_epoch=58, best_auprc=0.3425)
epoch 59: loss=1.1441 val_auprc=0.3504 val_auc=0.7755 val_f1_macro=0.5760 (best_epoch=59, best_auprc=0.3504)
epoch 60: loss=1.1102 val_auprc=0.3555 val_auc=0.7804 val_f1_macro=0.5884 (best_epoch=60, best_auprc=0.3555)
epoch 61: loss=1.1012 val_auprc=0.3582 val_auc=0.7844 val_f1_macro=0.6055 (best_epoch=61, best_auprc=0.3582)
epoch 62: loss=1.0614 val_auprc=0.3595 val_auc=0.7862 val_f1_macro=0.6050 (best_epoch=62, best_auprc=0.3595)
epoch 63: loss=1.0745 val_auprc=0.3583 val_auc=0.7882 val_f1_macro=0.6059 (best_epoch=62, best_auprc=0.3595)
epoch 64: loss=1.0415 val_auprc=0.3580 val_auc=0.7888 val_f1_macro=0.6002 (best_epoch=62, best_auprc=0.3595)
epoch 65: loss=1.0539 val_auprc=0.3563 val_auc=0.7901 val_f1_macro=0.5909 (best_epoch=62, best_auprc=0.3595)
epoch 66: loss=1.0526 val_auprc=0.3548 val_auc=0.7908 val_f1_macro=0.5915 (best_epoch=62, best_auprc=0.3595)
epoch 67: loss=1.0183 val_auprc=0.3533 val_auc=0.7932 val_f1_macro=0.6047 (best_epoch=62, best_auprc=0.3595)
epoch 68: loss=1.0091 val_auprc=0.3554 val_auc=0.7981 val_f1_macro=0.6245 (best_epoch=62, best_auprc=0.3595)
epoch 69: loss=1.0490 val_auprc=0.3610 val_auc=0.8014 val_f1_macro=0.6340 (best_epoch=69, best_auprc=0.3610)
epoch 70: loss=0.9915 val_auprc=0.3664 val_auc=0.8006 val_f1_macro=0.6119 (best_epoch=70, best_auprc=0.3664)
epoch 71: loss=1.0101 val_auprc=0.3693 val_auc=0.8045 val_f1_macro=0.6230 (best_epoch=71, best_auprc=0.3693)
epoch 72: loss=1.0363 val_auprc=0.3743 val_auc=0.8109 val_f1_macro=0.6469 (best_epoch=72, best_auprc=0.3743)
epoch 73: loss=0.9933 val_auprc=0.3786 val_auc=0.8102 val_f1_macro=0.6276 (best_epoch=73, best_auprc=0.3786)
epoch 74: loss=1.0454 val_auprc=0.3814 val_auc=0.8109 val_f1_macro=0.6181 (best_epoch=74, best_auprc=0.3814)
epoch 75: loss=1.0342 val_auprc=0.3828 val_auc=0.8157 val_f1_macro=0.6447 (best_epoch=75, best_auprc=0.3828)
epoch 76: loss=1.0328 val_auprc=0.3894 val_auc=0.8170 val_f1_macro=0.6376 (best_epoch=76, best_auprc=0.3894)
epoch 77: loss=1.0026 val_auprc=0.3974 val_auc=0.8175 val_f1_macro=0.6310 (best_epoch=77, best_auprc=0.3974)
epoch 78: loss=1.0179 val_auprc=0.4057 val_auc=0.8225 val_f1_macro=0.6497 (best_epoch=78, best_auprc=0.4057)
epoch 79: loss=0.9745 val_auprc=0.4137 val_auc=0.8284 val_f1_macro=0.6737 (best_epoch=79, best_auprc=0.4137)
epoch 80: loss=0.9443 val_auprc=0.4216 val_auc=0.8259 val_f1_macro=0.6498 (best_epoch=80, best_auprc=0.4216)
epoch 81: loss=0.9870 val_auprc=0.4294 val_auc=0.8264 val_f1_macro=0.6380 (best_epoch=81, best_auprc=0.4294)
epoch 82: loss=0.9650 val_auprc=0.4363 val_auc=0.8331 val_f1_macro=0.6700 (best_epoch=82, best_auprc=0.4363)
epoch 83: loss=0.9518 val_auprc=0.4416 val_auc=0.8358 val_f1_macro=0.6741 (best_epoch=83, best_auprc=0.4416)
epoch 84: loss=0.9925 val_auprc=0.4495 val_auc=0.8333 val_f1_macro=0.6427 (best_epoch=84, best_auprc=0.4495)
epoch 85: loss=0.9882 val_auprc=0.4567 val_auc=0.8380 val_f1_macro=0.6611 (best_epoch=85, best_auprc=0.4567)
epoch 86: loss=0.9522 val_auprc=0.4639 val_auc=0.8438 val_f1_macro=0.6855 (best_epoch=86, best_auprc=0.4639)
epoch 87: loss=0.9444 val_auprc=0.4727 val_auc=0.8441 val_f1_macro=0.6750 (best_epoch=87, best_auprc=0.4727)
epoch 88: loss=0.9438 val_auprc=0.4803 val_auc=0.8411 val_f1_macro=0.6472 (best_epoch=88, best_auprc=0.4803)
epoch 89: loss=0.9996 val_auprc=0.4907 val_auc=0.8459 val_f1_macro=0.6666 (best_epoch=89, best_auprc=0.4907)
epoch 90: loss=0.9224 val_auprc=0.4975 val_auc=0.8506 val_f1_macro=0.6923 (best_epoch=90, best_auprc=0.4975)
epoch 91: loss=0.9808 val_auprc=0.5049 val_auc=0.8518 val_f1_macro=0.6887 (best_epoch=91, best_auprc=0.5049)
epoch 92: loss=0.9112 val_auprc=0.5118 val_auc=0.8485 val_f1_macro=0.6565 (best_epoch=92, best_auprc=0.5118)
epoch 93: loss=0.9372 val_auprc=0.5167 val_auc=0.8469 val_f1_macro=0.6416 (best_epoch=93, best_auprc=0.5167)
epoch 94: loss=0.9247 val_auprc=0.5235 val_auc=0.8532 val_f1_macro=0.6730 (best_epoch=94, best_auprc=0.5235)
epoch 95: loss=0.9626 val_auprc=0.5261 val_auc=0.8590 val_f1_macro=0.7099 (best_epoch=95, best_auprc=0.5261)
epoch 96: loss=0.9369 val_auprc=0.5278 val_auc=0.8593 val_f1_macro=0.7037 (best_epoch=96, best_auprc=0.5278)
epoch 97: loss=0.9121 val_auprc=0.5281 val_auc=0.8544 val_f1_macro=0.6632 (best_epoch=97, best_auprc=0.5281)
epoch 98: loss=0.9496 val_auprc=0.5280 val_auc=0.8536 val_f1_macro=0.6512 (best_epoch=97, best_auprc=0.5281)
epoch 99: loss=0.9256 val_auprc=0.5304 val_auc=0.8589 val_f1_macro=0.6798 (best_epoch=99, best_auprc=0.5304)
Selected threshold (best val macro-F1): 0.70 (val F1=0.7511)
TEST metrics: {'auprc': 0.5458233521800816, 'auc': 0.870116151013007, 'f1_macro': 0.7634231394252187, 'recall': 0.6292629262926293, 'threshold_used': 0.7000000000000001, 'best_epoch': 99}