=== Run: splitgnn_yelp_unified_tr30_seed2_a6000_20260917T224053Z ===
Result dir: /workspace/splitgnn_vast/results/splitgnn/yelp/unified/tr30/seed_2
Split overlap checks: PASSED
train=13786 valid=9190 test=18382
Model source commit: 32fbdb836781d5c02523844a7079425f89be8831
Config SHA256: 76c68a9a7544bb5c20f943ce9078b6c915b09ebefc1bca41d566217901ff4b30
Split SHA256: 448e01069d60e85ede228ac68b6d7208b0a153087127598c26b383b82606bb1f
epoch 0: loss=1.6956 val_auprc=0.2621 val_auc=0.6820 val_f1_macro=0.1268 (best_epoch=0, best_auprc=0.2621)
epoch 1: loss=1.6935 val_auprc=0.2954 val_auc=0.7199 val_f1_macro=0.1268 (best_epoch=1, best_auprc=0.2954)
epoch 2: loss=1.6931 val_auprc=0.3206 val_auc=0.7348 val_f1_macro=0.1268 (best_epoch=2, best_auprc=0.3206)
epoch 3: loss=1.6907 val_auprc=0.3418 val_auc=0.7480 val_f1_macro=0.5496 (best_epoch=3, best_auprc=0.3418)
epoch 4: loss=1.6899 val_auprc=0.3576 val_auc=0.7590 val_f1_macro=0.4608 (best_epoch=4, best_auprc=0.3576)
epoch 5: loss=1.6888 val_auprc=0.3708 val_auc=0.7667 val_f1_macro=0.4608 (best_epoch=5, best_auprc=0.3708)
epoch 6: loss=1.6877 val_auprc=0.3829 val_auc=0.7717 val_f1_macro=0.6569 (best_epoch=6, best_auprc=0.3829)
epoch 7: loss=1.6858 val_auprc=0.3894 val_auc=0.7758 val_f1_macro=0.5487 (best_epoch=7, best_auprc=0.3894)
epoch 8: loss=1.6832 val_auprc=0.3948 val_auc=0.7790 val_f1_macro=0.5487 (best_epoch=8, best_auprc=0.3948)
epoch 9: loss=1.6799 val_auprc=0.3981 val_auc=0.7810 val_f1_macro=0.5487 (best_epoch=9, best_auprc=0.3981)
epoch 10: loss=1.6762 val_auprc=0.3986 val_auc=0.7776 val_f1_macro=0.5495 (best_epoch=10, best_auprc=0.3986)
epoch 11: loss=1.6717 val_auprc=0.3971 val_auc=0.7781 val_f1_macro=0.5487 (best_epoch=10, best_auprc=0.3986)
epoch 12: loss=1.6663 val_auprc=0.4021 val_auc=0.7798 val_f1_macro=0.5486 (best_epoch=12, best_auprc=0.4021)
epoch 13: loss=1.6586 val_auprc=0.4075 val_auc=0.7829 val_f1_macro=0.5482 (best_epoch=13, best_auprc=0.4075)
epoch 14: loss=1.6497 val_auprc=0.4133 val_auc=0.7843 val_f1_macro=0.5457 (best_epoch=14, best_auprc=0.4133)
epoch 15: loss=1.6397 val_auprc=0.4186 val_auc=0.7858 val_f1_macro=0.5444 (best_epoch=15, best_auprc=0.4186)
epoch 16: loss=1.6273 val_auprc=0.4212 val_auc=0.7871 val_f1_macro=0.5497 (best_epoch=16, best_auprc=0.4212)
epoch 17: loss=1.6178 val_auprc=0.4185 val_auc=0.7864 val_f1_macro=0.5576 (best_epoch=16, best_auprc=0.4212)
epoch 18: loss=1.6024 val_auprc=0.4136 val_auc=0.7857 val_f1_macro=0.5910 (best_epoch=16, best_auprc=0.4212)
epoch 19: loss=1.5890 val_auprc=0.4115 val_auc=0.7857 val_f1_macro=0.6362 (best_epoch=16, best_auprc=0.4212)
epoch 20: loss=1.5714 val_auprc=0.4166 val_auc=0.7877 val_f1_macro=0.6336 (best_epoch=16, best_auprc=0.4212)
epoch 21: loss=1.5540 val_auprc=0.4205 val_auc=0.7887 val_f1_macro=0.6159 (best_epoch=16, best_auprc=0.4212)
epoch 22: loss=1.5555 val_auprc=0.4216 val_auc=0.7906 val_f1_macro=0.6515 (best_epoch=22, best_auprc=0.4216)
epoch 23: loss=1.5522 val_auprc=0.4238 val_auc=0.7924 val_f1_macro=0.6443 (best_epoch=23, best_auprc=0.4238)
epoch 24: loss=1.5361 val_auprc=0.4237 val_auc=0.7936 val_f1_macro=0.6423 (best_epoch=23, best_auprc=0.4238)
epoch 25: loss=1.5432 val_auprc=0.4179 val_auc=0.7935 val_f1_macro=0.6742 (best_epoch=23, best_auprc=0.4238)
epoch 26: loss=1.5393 val_auprc=0.4235 val_auc=0.7947 val_f1_macro=0.6568 (best_epoch=23, best_auprc=0.4238)
epoch 27: loss=1.5220 val_auprc=0.4301 val_auc=0.7966 val_f1_macro=0.6329 (best_epoch=27, best_auprc=0.4301)
epoch 28: loss=1.5287 val_auprc=0.4265 val_auc=0.7969 val_f1_macro=0.6672 (best_epoch=27, best_auprc=0.4301)
epoch 29: loss=1.5162 val_auprc=0.4244 val_auc=0.7959 val_f1_macro=0.6719 (best_epoch=27, best_auprc=0.4301)
epoch 30: loss=1.5056 val_auprc=0.4328 val_auc=0.7981 val_f1_macro=0.6611 (best_epoch=30, best_auprc=0.4328)
epoch 31: loss=1.4984 val_auprc=0.4375 val_auc=0.7997 val_f1_macro=0.6320 (best_epoch=31, best_auprc=0.4375)
epoch 32: loss=1.4848 val_auprc=0.4360 val_auc=0.7998 val_f1_macro=0.6382 (best_epoch=31, best_auprc=0.4375)
epoch 33: loss=1.4876 val_auprc=0.4312 val_auc=0.7991 val_f1_macro=0.6625 (best_epoch=31, best_auprc=0.4375)
epoch 34: loss=1.4826 val_auprc=0.4337 val_auc=0.8002 val_f1_macro=0.6635 (best_epoch=31, best_auprc=0.4375)
epoch 35: loss=1.4765 val_auprc=0.4408 val_auc=0.8025 val_f1_macro=0.6445 (best_epoch=35, best_auprc=0.4408)
epoch 36: loss=1.4626 val_auprc=0.4446 val_auc=0.8041 val_f1_macro=0.6330 (best_epoch=36, best_auprc=0.4446)
epoch 37: loss=1.4568 val_auprc=0.4448 val_auc=0.8051 val_f1_macro=0.6491 (best_epoch=37, best_auprc=0.4448)
epoch 38: loss=1.4494 val_auprc=0.4445 val_auc=0.8060 val_f1_macro=0.6644 (best_epoch=37, best_auprc=0.4448)
epoch 39: loss=1.4273 val_auprc=0.4474 val_auc=0.8072 val_f1_macro=0.6502 (best_epoch=39, best_auprc=0.4474)
epoch 40: loss=1.4256 val_auprc=0.4491 val_auc=0.8076 val_f1_macro=0.6258 (best_epoch=40, best_auprc=0.4491)
epoch 41: loss=1.4259 val_auprc=0.4498 val_auc=0.8088 val_f1_macro=0.6380 (best_epoch=41, best_auprc=0.4498)
epoch 42: loss=1.4124 val_auprc=0.4498 val_auc=0.8097 val_f1_macro=0.6563 (best_epoch=42, best_auprc=0.4498)
epoch 43: loss=1.3967 val_auprc=0.4521 val_auc=0.8100 val_f1_macro=0.6427 (best_epoch=43, best_auprc=0.4521)
epoch 44: loss=1.3959 val_auprc=0.4538 val_auc=0.8098 val_f1_macro=0.6326 (best_epoch=44, best_auprc=0.4538)
epoch 45: loss=1.3883 val_auprc=0.4539 val_auc=0.8116 val_f1_macro=0.6507 (best_epoch=45, best_auprc=0.4539)
epoch 46: loss=1.3715 val_auprc=0.4564 val_auc=0.8126 val_f1_macro=0.6509 (best_epoch=46, best_auprc=0.4564)
epoch 47: loss=1.3664 val_auprc=0.4579 val_auc=0.8123 val_f1_macro=0.6280 (best_epoch=47, best_auprc=0.4579)
epoch 48: loss=1.3713 val_auprc=0.4590 val_auc=0.8133 val_f1_macro=0.6334 (best_epoch=48, best_auprc=0.4590)
epoch 49: loss=1.3525 val_auprc=0.4610 val_auc=0.8150 val_f1_macro=0.6439 (best_epoch=49, best_auprc=0.4610)
epoch 50: loss=1.3632 val_auprc=0.4619 val_auc=0.8151 val_f1_macro=0.6384 (best_epoch=50, best_auprc=0.4619)
epoch 51: loss=1.3469 val_auprc=0.4636 val_auc=0.8152 val_f1_macro=0.6334 (best_epoch=51, best_auprc=0.4636)
epoch 52: loss=1.3351 val_auprc=0.4651 val_auc=0.8169 val_f1_macro=0.6408 (best_epoch=52, best_auprc=0.4651)
epoch 53: loss=1.3373 val_auprc=0.4674 val_auc=0.8182 val_f1_macro=0.6421 (best_epoch=53, best_auprc=0.4674)
epoch 54: loss=1.3344 val_auprc=0.4687 val_auc=0.8185 val_f1_macro=0.6343 (best_epoch=54, best_auprc=0.4687)
epoch 55: loss=1.3207 val_auprc=0.4704 val_auc=0.8196 val_f1_macro=0.6299 (best_epoch=55, best_auprc=0.4704)
epoch 56: loss=1.3121 val_auprc=0.4729 val_auc=0.8214 val_f1_macro=0.6351 (best_epoch=56, best_auprc=0.4729)
epoch 57: loss=1.3157 val_auprc=0.4747 val_auc=0.8223 val_f1_macro=0.6324 (best_epoch=57, best_auprc=0.4747)
epoch 58: loss=1.3114 val_auprc=0.4761 val_auc=0.8232 val_f1_macro=0.6374 (best_epoch=58, best_auprc=0.4761)
epoch 59: loss=1.3141 val_auprc=0.4779 val_auc=0.8243 val_f1_macro=0.6451 (best_epoch=59, best_auprc=0.4779)
epoch 60: loss=1.3057 val_auprc=0.4793 val_auc=0.8249 val_f1_macro=0.6453 (best_epoch=60, best_auprc=0.4793)
epoch 61: loss=1.3020 val_auprc=0.4813 val_auc=0.8261 val_f1_macro=0.6496 (best_epoch=61, best_auprc=0.4813)
epoch 62: loss=1.3039 val_auprc=0.4835 val_auc=0.8272 val_f1_macro=0.6492 (best_epoch=62, best_auprc=0.4835)
epoch 63: loss=1.2999 val_auprc=0.4846 val_auc=0.8276 val_f1_macro=0.6389 (best_epoch=63, best_auprc=0.4846)
epoch 64: loss=1.2822 val_auprc=0.4867 val_auc=0.8289 val_f1_macro=0.6396 (best_epoch=64, best_auprc=0.4867)
epoch 65: loss=1.2826 val_auprc=0.4884 val_auc=0.8299 val_f1_macro=0.6428 (best_epoch=65, best_auprc=0.4884)
epoch 66: loss=1.2761 val_auprc=0.4896 val_auc=0.8299 val_f1_macro=0.6321 (best_epoch=66, best_auprc=0.4896)
epoch 67: loss=1.2699 val_auprc=0.4913 val_auc=0.8318 val_f1_macro=0.6538 (best_epoch=67, best_auprc=0.4913)
epoch 68: loss=1.2647 val_auprc=0.4927 val_auc=0.8318 val_f1_macro=0.6387 (best_epoch=68, best_auprc=0.4927)
epoch 69: loss=1.2639 val_auprc=0.4939 val_auc=0.8329 val_f1_macro=0.6469 (best_epoch=69, best_auprc=0.4939)
epoch 70: loss=1.2677 val_auprc=0.4946 val_auc=0.8335 val_f1_macro=0.6510 (best_epoch=70, best_auprc=0.4946)
epoch 71: loss=1.2609 val_auprc=0.4966 val_auc=0.8339 val_f1_macro=0.6449 (best_epoch=71, best_auprc=0.4966)
epoch 72: loss=1.2479 val_auprc=0.4972 val_auc=0.8348 val_f1_macro=0.6509 (best_epoch=72, best_auprc=0.4972)
epoch 73: loss=1.2583 val_auprc=0.4979 val_auc=0.8359 val_f1_macro=0.6553 (best_epoch=73, best_auprc=0.4979)
epoch 74: loss=1.2603 val_auprc=0.4998 val_auc=0.8360 val_f1_macro=0.6485 (best_epoch=74, best_auprc=0.4998)
epoch 75: loss=1.2550 val_auprc=0.5002 val_auc=0.8370 val_f1_macro=0.6583 (best_epoch=75, best_auprc=0.5002)
epoch 76: loss=1.2541 val_auprc=0.5010 val_auc=0.8371 val_f1_macro=0.6534 (best_epoch=76, best_auprc=0.5010)
epoch 77: loss=1.2437 val_auprc=0.5015 val_auc=0.8377 val_f1_macro=0.6392 (best_epoch=77, best_auprc=0.5015)
epoch 78: loss=1.2424 val_auprc=0.5024 val_auc=0.8386 val_f1_macro=0.6485 (best_epoch=78, best_auprc=0.5024)
epoch 79: loss=1.2362 val_auprc=0.5031 val_auc=0.8384 val_f1_macro=0.6392 (best_epoch=79, best_auprc=0.5031)
epoch 80: loss=1.2427 val_auprc=0.5039 val_auc=0.8391 val_f1_macro=0.6593 (best_epoch=80, best_auprc=0.5039)
epoch 81: loss=1.2336 val_auprc=0.5039 val_auc=0.8394 val_f1_macro=0.6503 (best_epoch=80, best_auprc=0.5039)
epoch 82: loss=1.2259 val_auprc=0.5056 val_auc=0.8403 val_f1_macro=0.6654 (best_epoch=82, best_auprc=0.5056)
epoch 83: loss=1.2375 val_auprc=0.5049 val_auc=0.8397 val_f1_macro=0.6407 (best_epoch=82, best_auprc=0.5056)
epoch 84: loss=1.2170 val_auprc=0.5064 val_auc=0.8402 val_f1_macro=0.6484 (best_epoch=84, best_auprc=0.5064)
epoch 85: loss=1.2267 val_auprc=0.5075 val_auc=0.8413 val_f1_macro=0.6671 (best_epoch=85, best_auprc=0.5075)
epoch 86: loss=1.2175 val_auprc=0.5071 val_auc=0.8418 val_f1_macro=0.6436 (best_epoch=85, best_auprc=0.5075)
epoch 87: loss=1.2260 val_auprc=0.5093 val_auc=0.8422 val_f1_macro=0.6738 (best_epoch=87, best_auprc=0.5093)
epoch 88: loss=1.2262 val_auprc=0.5084 val_auc=0.8422 val_f1_macro=0.6391 (best_epoch=87, best_auprc=0.5093)
epoch 89: loss=1.2049 val_auprc=0.5081 val_auc=0.8421 val_f1_macro=0.6258 (best_epoch=87, best_auprc=0.5093)
epoch 90: loss=1.2278 val_auprc=0.5107 val_auc=0.8436 val_f1_macro=0.6806 (best_epoch=90, best_auprc=0.5107)
epoch 91: loss=1.2188 val_auprc=0.5086 val_auc=0.8432 val_f1_macro=0.6486 (best_epoch=90, best_auprc=0.5107)
epoch 92: loss=1.2228 val_auprc=0.5088 val_auc=0.8436 val_f1_macro=0.6519 (best_epoch=90, best_auprc=0.5107)
epoch 93: loss=1.2065 val_auprc=0.5113 val_auc=0.8448 val_f1_macro=0.6777 (best_epoch=93, best_auprc=0.5113)
epoch 94: loss=1.2062 val_auprc=0.5105 val_auc=0.8442 val_f1_macro=0.6471 (best_epoch=93, best_auprc=0.5113)
epoch 95: loss=1.2117 val_auprc=0.5099 val_auc=0.8442 val_f1_macro=0.6390 (best_epoch=93, best_auprc=0.5113)
epoch 96: loss=1.2203 val_auprc=0.5116 val_auc=0.8450 val_f1_macro=0.6806 (best_epoch=96, best_auprc=0.5116)
epoch 97: loss=1.2091 val_auprc=0.5109 val_auc=0.8452 val_f1_macro=0.6707 (best_epoch=96, best_auprc=0.5116)
epoch 98: loss=1.2125 val_auprc=0.5102 val_auc=0.8449 val_f1_macro=0.6517 (best_epoch=96, best_auprc=0.5116)
epoch 99: loss=1.2118 val_auprc=0.5121 val_auc=0.8454 val_f1_macro=0.6652 (best_epoch=99, best_auprc=0.5121)
Selected threshold (best val macro-F1): 0.65 (val F1=0.7065)
TEST metrics: {'auprc': 0.4984452521313967, 'auc': 0.8529771449063784, 'f1_macro': 0.7064591835943417, 'recall': 0.592661924372894, 'threshold_used': 0.6500000000000001, 'best_epoch': 99}