nohup: ignoring input
/workspace/COMP8851-fraud-dataset-analysis/models/dga-gnn/dga_gnn_upstream/code
wandb: Tracking run with wandb version 0.13.10
wandb: W&B syncing is set to `offline` in this directory.  
wandb: Run `wandb online` or set WANDB_MODE=online to enable cloud syncing.
========================================
数据名称 fdcompcn
总样本数: 5317
欺诈样本数: 559
非欺诈样本数: 4758
欺诈样本占比: 10.51%
特征个数: 57

invest_bc2bc边关系下的统计信息:
边的个数: 10865
平均出度: 2.04
provide_bc2bc边关系下的统计信息:
边的个数: 6077
平均出度: 1.14
sale_bc2bc边关系下的统计信息:
边的个数: 6359
平均出度: 1.20

数据划分情况:
训练集: 2126 验证集: 1053 测试集: 2138
训练集: 39.98% 验证集: 19.80% 测试集: 40.21%
========================================
超参数设定：
dname: fdcompcn
project: dga_reproduction
model: dga_bin
bin_encoding: true
n_head: 2
n_hidden: 64
p: 0.3
k: 4
z: 0.025
seed: 2
bs: 256
lr: 0.001
weight_decay: 0.0005
max_epochs: 10000
patience: 25
usegpu: true
gpuid: 0
nowandb: true

n_etypes 3
n_classes 2
========================================
after bin_encoding： (5317, 265)
========================================
{'unclear_up': 0.025, 'unclear_down': 0.025}
GPU available: True (cuda), used: True
TPU available: False, using: 0 TPU cores
IPU available: False, using: 0 IPUs
HPU available: False, using: 0 HPUs
You are using a CUDA device ('NVIDIA RTX A6000') that has Tensor Cores. To properly utilize them, you should set `torch.set_float32_matmul_precision('medium' | 'high')` which will trade-off precision for performance. For more details, read https://pytorch.org/docs/stable/generated/torch.set_float32_matmul_precision.html#torch.set_float32_matmul_precision
LOCAL_RANK: 0 - CUDA_VISIBLE_DEVICES: [0]

  | Name | Type | Params
------------------------------
0 | dga  | DGA  | 117 K 
------------------------------
117 K     Trainable params
0         Non-trainable params
117 K     Total params
0.471     Total estimated model params size (MB)
Epoch 0: {'val_loss': '0.67737', 'g0': '0.00002', 'g1': '0.05315', 'flip_r': '0.00038', 'pmean': '0.48503', 'trn_auc': '0.47657', 'val_auc': '0.47531', 'tst_auc': '0.52902', 'trn_aps': '0.10152', 'val_aps': '0.09963', 'tst_aps': '0.12050', 'trn_loss0': '1.33038'}
Epoch 1: {'val_loss': '0.63660', 'g0': '0.00001', 'g1': '0.05316', 'flip_r': '0.00019', 'pmean': '0.45792', 'trn_auc': '0.49125', 'val_auc': '0.49595', 'tst_auc': '0.52386', 'trn_aps': '0.10675', 'val_aps': '0.11199', 'tst_aps': '0.12054', 'trn_loss0': '0.97216'}
Epoch 2: {'val_loss': '0.56289', 'g0': '0.00002', 'g1': '0.05315', 'flip_r': '0.00019', 'pmean': '0.40401', 'trn_auc': '0.50775', 'val_auc': '0.51660', 'tst_auc': '0.53580', 'trn_aps': '0.11266', 'val_aps': '0.12082', 'tst_aps': '0.12009', 'trn_loss0': '0.75767'}
Epoch 3: {'val_loss': '0.49203', 'g0': '0.00006', 'g1': '0.05311', 'flip_r': '0.00075', 'pmean': '0.34180', 'trn_auc': '0.51313', 'val_auc': '0.52113', 'tst_auc': '0.53626', 'trn_aps': '0.11084', 'val_aps': '0.12525', 'tst_aps': '0.12227', 'trn_loss0': '0.59976'}
Epoch 4: {'val_loss': '0.43735', 'g0': '0.00015', 'g1': '0.05302', 'flip_r': '0.00169', 'pmean': '0.28463', 'trn_auc': '0.51204', 'val_auc': '0.52865', 'tst_auc': '0.53131', 'trn_aps': '0.11097', 'val_aps': '0.12719', 'tst_aps': '0.12100', 'trn_loss0': '0.51947'}
Epoch 5: {'val_loss': '0.39338', 'g0': '0.00025', 'g1': '0.05292', 'flip_r': '0.00188', 'pmean': '0.22749', 'trn_auc': '0.51332', 'val_auc': '0.52950', 'tst_auc': '0.52332', 'trn_aps': '0.11012', 'val_aps': '0.12259', 'tst_aps': '0.11893', 'trn_loss0': '0.45632'}
Epoch 6: {'val_loss': '0.36623', 'g0': '0.00025', 'g1': '0.05292', 'flip_r': '0.00075', 'pmean': '0.18075', 'trn_auc': '0.51462', 'val_auc': '0.53171', 'tst_auc': '0.51762', 'trn_aps': '0.11060', 'val_aps': '0.12442', 'tst_aps': '0.11586', 'trn_loss0': '0.42195'}
Epoch 7: {'val_loss': '0.35243', 'g0': '0.00047', 'g1': '0.05270', 'flip_r': '0.00451', 'pmean': '0.14544', 'trn_auc': '0.52381', 'val_auc': '0.54895', 'tst_auc': '0.51361', 'trn_aps': '0.11285', 'val_aps': '0.15839', 'tst_aps': '0.11195', 'trn_loss0': '0.39344'}
Epoch 8: {'val_loss': '0.34744', 'g0': '0.00035', 'g1': '0.05282', 'flip_r': '0.00339', 'pmean': '0.13170', 'trn_auc': '0.53322', 'val_auc': '0.56579', 'tst_auc': '0.51738', 'trn_aps': '0.11516', 'val_aps': '0.16369', 'tst_aps': '0.11166', 'trn_loss0': '0.38352'}
Epoch 9: {'val_loss': '0.34539', 'g0': '0.00031', 'g1': '0.05286', 'flip_r': '0.00188', 'pmean': '0.11702', 'trn_auc': '0.53915', 'val_auc': '0.57182', 'tst_auc': '0.51695', 'trn_aps': '0.11849', 'val_aps': '0.17083', 'tst_aps': '0.11128', 'trn_loss0': '0.38091'}
Epoch 10: {'val_loss': '0.34591', 'g0': '0.00036', 'g1': '0.05281', 'flip_r': '0.00244', 'pmean': '0.11052', 'trn_auc': '0.54559', 'val_auc': '0.58155', 'tst_auc': '0.51717', 'trn_aps': '0.11803', 'val_aps': '0.16976', 'tst_aps': '0.11395', 'trn_loss0': '0.35847'}
Epoch 11: {'val_loss': '0.34719', 'g0': '0.00053', 'g1': '0.05264', 'flip_r': '0.00658', 'pmean': '0.10356', 'trn_auc': '0.53641', 'val_auc': '0.57783', 'tst_auc': '0.51475', 'trn_aps': '0.11518', 'val_aps': '0.17267', 'tst_aps': '0.10838', 'trn_loss0': '0.37357'}
Epoch 12: {'val_loss': '0.34488', 'g0': '0.00065', 'g1': '0.05252', 'flip_r': '0.00639', 'pmean': '0.09671', 'trn_auc': '0.53919', 'val_auc': '0.56602', 'tst_auc': '0.52058', 'trn_aps': '0.11623', 'val_aps': '0.16260', 'tst_aps': '0.11351', 'trn_loss0': '0.37604'}
Epoch 13: {'val_loss': '0.34255', 'g0': '0.00040', 'g1': '0.05277', 'flip_r': '0.00508', 'pmean': '0.09521', 'trn_auc': '0.55155', 'val_auc': '0.57363', 'tst_auc': '0.52724', 'trn_aps': '0.11887', 'val_aps': '0.16961', 'tst_aps': '0.12080', 'trn_loss0': '0.36816'}
Epoch 14: {'val_loss': '0.34234', 'g0': '0.00025', 'g1': '0.05292', 'flip_r': '0.00545', 'pmean': '0.09857', 'trn_auc': '0.56098', 'val_auc': '0.58440', 'tst_auc': '0.52432', 'trn_aps': '0.11802', 'val_aps': '0.17264', 'tst_aps': '0.11867', 'trn_loss0': '0.37793'}
Epoch 15: {'val_loss': '0.34473', 'g0': '0.00016', 'g1': '0.05301', 'flip_r': '0.00244', 'pmean': '0.10644', 'trn_auc': '0.55577', 'val_auc': '0.58472', 'tst_auc': '0.53970', 'trn_aps': '0.11600', 'val_aps': '0.14899', 'tst_aps': '0.11718', 'trn_loss0': '0.35928'}
Epoch 16: {'val_loss': '0.34232', 'g0': '0.00021', 'g1': '0.05296', 'flip_r': '0.00169', 'pmean': '0.09916', 'trn_auc': '0.55543', 'val_auc': '0.59427', 'tst_auc': '0.53691', 'trn_aps': '0.11629', 'val_aps': '0.15727', 'tst_aps': '0.11616', 'trn_loss0': '0.36278'}
Epoch 17: {'val_loss': '0.34083', 'g0': '0.00019', 'g1': '0.05298', 'flip_r': '0.00150', 'pmean': '0.11239', 'trn_auc': '0.55108', 'val_auc': '0.59514', 'tst_auc': '0.54414', 'trn_aps': '0.11633', 'val_aps': '0.15233', 'tst_aps': '0.11934', 'trn_loss0': '0.35791'}
Epoch 18: {'val_loss': '0.33910', 'g0': '0.00016', 'g1': '0.05301', 'flip_r': '0.00169', 'pmean': '0.10643', 'trn_auc': '0.55458', 'val_auc': '0.59808', 'tst_auc': '0.55068', 'trn_aps': '0.11721', 'val_aps': '0.15017', 'tst_aps': '0.12040', 'trn_loss0': '0.35943'}
Epoch 19: {'val_loss': '0.33957', 'g0': '0.00028', 'g1': '0.05289', 'flip_r': '0.00301', 'pmean': '0.09879', 'trn_auc': '0.55546', 'val_auc': '0.60022', 'tst_auc': '0.55078', 'trn_aps': '0.11766', 'val_aps': '0.14591', 'tst_aps': '0.12232', 'trn_loss0': '0.36180'}
Epoch 20: {'val_loss': '0.34028', 'g0': '0.00020', 'g1': '0.05297', 'flip_r': '0.00263', 'pmean': '0.09688', 'trn_auc': '0.55807', 'val_auc': '0.59210', 'tst_auc': '0.56605', 'trn_aps': '0.11956', 'val_aps': '0.14042', 'tst_aps': '0.13020', 'trn_loss0': '0.35777'}
Epoch 21: {'val_loss': '0.34120', 'g0': '0.00022', 'g1': '0.05295', 'flip_r': '0.00150', 'pmean': '0.09631', 'trn_auc': '0.55489', 'val_auc': '0.59437', 'tst_auc': '0.55880', 'trn_aps': '0.11999', 'val_aps': '0.14015', 'tst_aps': '0.12925', 'trn_loss0': '0.35675'}
Epoch 22: {'val_loss': '0.34004', 'g0': '0.00018', 'g1': '0.05299', 'flip_r': '0.00113', 'pmean': '0.09480', 'trn_auc': '0.55149', 'val_auc': '0.59913', 'tst_auc': '0.55579', 'trn_aps': '0.11886', 'val_aps': '0.14916', 'tst_aps': '0.12802', 'trn_loss0': '0.35073'}
Epoch 23: {'val_loss': '0.33837', 'g0': '0.00008', 'g1': '0.05309', 'flip_r': '0.00226', 'pmean': '0.09916', 'trn_auc': '0.56069', 'val_auc': '0.58664', 'tst_auc': '0.55637', 'trn_aps': '0.12076', 'val_aps': '0.14823', 'tst_aps': '0.12277', 'trn_loss0': '0.34816'}
Epoch 24: {'val_loss': '0.33599', 'g0': '0.00018', 'g1': '0.05299', 'flip_r': '0.00226', 'pmean': '0.10359', 'trn_auc': '0.56448', 'val_auc': '0.58171', 'tst_auc': '0.56177', 'trn_aps': '0.12126', 'val_aps': '0.15452', 'tst_aps': '0.12852', 'trn_loss0': '0.35371'}
Epoch 25: {'val_loss': '0.33597', 'g0': '0.00020', 'g1': '0.05297', 'flip_r': '0.00263', 'pmean': '0.09677', 'trn_auc': '0.56987', 'val_auc': '0.59227', 'tst_auc': '0.56071', 'trn_aps': '0.12269', 'val_aps': '0.15927', 'tst_aps': '0.13094', 'trn_loss0': '0.35788'}
Epoch 26: {'val_loss': '0.33606', 'g0': '0.00022', 'g1': '0.05295', 'flip_r': '0.00301', 'pmean': '0.09884', 'trn_auc': '0.57812', 'val_auc': '0.60197', 'tst_auc': '0.55237', 'trn_aps': '0.12463', 'val_aps': '0.16234', 'tst_aps': '0.12926', 'trn_loss0': '0.34577'}
Epoch 27: {'val_loss': '0.33864', 'g0': '0.00015', 'g1': '0.05302', 'flip_r': '0.00207', 'pmean': '0.09187', 'trn_auc': '0.55916', 'val_auc': '0.59498', 'tst_auc': '0.54904', 'trn_aps': '0.11817', 'val_aps': '0.16040', 'tst_aps': '0.12463', 'trn_loss0': '0.35136'}
Epoch 28: {'val_loss': '0.34088', 'g0': '0.00017', 'g1': '0.05300', 'flip_r': '0.00188', 'pmean': '0.08939', 'trn_auc': '0.55202', 'val_auc': '0.58489', 'tst_auc': '0.55056', 'trn_aps': '0.11570', 'val_aps': '0.15103', 'tst_aps': '0.12890', 'trn_loss0': '0.34695'}
Epoch 29: {'val_loss': '0.33845', 'g0': '0.00020', 'g1': '0.05297', 'flip_r': '0.00132', 'pmean': '0.09456', 'trn_auc': '0.56554', 'val_auc': '0.59474', 'tst_auc': '0.55154', 'trn_aps': '0.11931', 'val_aps': '0.16355', 'tst_aps': '0.12920', 'trn_loss0': '0.34206'}
Epoch 30: {'val_loss': '0.35827', 'g0': '0.00012', 'g1': '0.05305', 'flip_r': '0.00263', 'pmean': '0.11295', 'trn_auc': '0.59127', 'val_auc': '0.61165', 'tst_auc': '0.55854', 'trn_aps': '0.12895', 'val_aps': '0.15536', 'tst_aps': '0.12886', 'trn_loss0': '0.35246'}
Epoch 00031: reducing learning rate of group 0 to 5.0000e-04.
Epoch 31: {'val_loss': '0.33460', 'g0': '0.00014', 'g1': '0.05303', 'flip_r': '0.00113', 'pmean': '0.10682', 'trn_auc': '0.59078', 'val_auc': '0.60651', 'tst_auc': '0.56494', 'trn_aps': '0.12850', 'val_aps': '0.16080', 'tst_aps': '0.13687', 'trn_loss0': '0.34943'}
Epoch 32: {'val_loss': '0.33430', 'g0': '0.00019', 'g1': '0.05298', 'flip_r': '0.00207', 'pmean': '0.10710', 'trn_auc': '0.60036', 'val_auc': '0.61153', 'tst_auc': '0.56811', 'trn_aps': '0.13211', 'val_aps': '0.16247', 'tst_aps': '0.13529', 'trn_loss0': '0.34119'}
Epoch 33: {'val_loss': '0.33315', 'g0': '0.00017', 'g1': '0.05300', 'flip_r': '0.00113', 'pmean': '0.10678', 'trn_auc': '0.61020', 'val_auc': '0.61097', 'tst_auc': '0.57053', 'trn_aps': '0.13500', 'val_aps': '0.16261', 'tst_aps': '0.13666', 'trn_loss0': '0.34217'}
Epoch 34: {'val_loss': '0.33309', 'g0': '0.00025', 'g1': '0.05292', 'flip_r': '0.00301', 'pmean': '0.10526', 'trn_auc': '0.61199', 'val_auc': '0.62078', 'tst_auc': '0.57656', 'trn_aps': '0.13698', 'val_aps': '0.17883', 'tst_aps': '0.14323', 'trn_loss0': '0.35261'}
Epoch 35: {'val_loss': '0.33154', 'g0': '0.00023', 'g1': '0.05294', 'flip_r': '0.00226', 'pmean': '0.10461', 'trn_auc': '0.61311', 'val_auc': '0.61901', 'tst_auc': '0.58448', 'trn_aps': '0.14200', 'val_aps': '0.17813', 'tst_aps': '0.14300', 'trn_loss0': '0.34312'}
Epoch 36: {'val_loss': '0.33171', 'g0': '0.00022', 'g1': '0.05295', 'flip_r': '0.00244', 'pmean': '0.10819', 'trn_auc': '0.61779', 'val_auc': '0.61654', 'tst_auc': '0.58316', 'trn_aps': '0.14313', 'val_aps': '0.17062', 'tst_aps': '0.14145', 'trn_loss0': '0.34194'}
Epoch 37: {'val_loss': '0.33177', 'g0': '0.00023', 'g1': '0.05294', 'flip_r': '0.00282', 'pmean': '0.10877', 'trn_auc': '0.61013', 'val_auc': '0.63004', 'tst_auc': '0.57244', 'trn_aps': '0.13671', 'val_aps': '0.17813', 'tst_aps': '0.14089', 'trn_loss0': '0.34480'}
Epoch 38: {'val_loss': '0.33187', 'g0': '0.00019', 'g1': '0.05298', 'flip_r': '0.00150', 'pmean': '0.11066', 'trn_auc': '0.61190', 'val_auc': '0.63223', 'tst_auc': '0.57365', 'trn_aps': '0.13779', 'val_aps': '0.18164', 'tst_aps': '0.14174', 'trn_loss0': '0.34429'}
Epoch 39: {'val_loss': '0.33186', 'g0': '0.00012', 'g1': '0.05305', 'flip_r': '0.00282', 'pmean': '0.11489', 'trn_auc': '0.61928', 'val_auc': '0.63514', 'tst_auc': '0.58013', 'trn_aps': '0.13794', 'val_aps': '0.19611', 'tst_aps': '0.14169', 'trn_loss0': '0.35501'}
Epoch 40: {'val_loss': '0.33171', 'g0': '0.00016', 'g1': '0.05301', 'flip_r': '0.00075', 'pmean': '0.11253', 'trn_auc': '0.62148', 'val_auc': '0.63233', 'tst_auc': '0.57994', 'trn_aps': '0.13840', 'val_aps': '0.18646', 'tst_aps': '0.13797', 'trn_loss0': '0.34423'}
Epoch 41: {'val_loss': '0.33152', 'g0': '0.00012', 'g1': '0.05305', 'flip_r': '0.00113', 'pmean': '0.11112', 'trn_auc': '0.61355', 'val_auc': '0.62505', 'tst_auc': '0.58268', 'trn_aps': '0.13664', 'val_aps': '0.18050', 'tst_aps': '0.13857', 'trn_loss0': '0.34570'}
Epoch 00042: reducing learning rate of group 0 to 2.5000e-04.
Epoch 42: {'val_loss': '0.33154', 'g0': '0.00014', 'g1': '0.05303', 'flip_r': '0.00075', 'pmean': '0.10580', 'trn_auc': '0.61470', 'val_auc': '0.62650', 'tst_auc': '0.58084', 'trn_aps': '0.13598', 'val_aps': '0.17826', 'tst_aps': '0.13919', 'trn_loss0': '0.34638'}
Epoch 43: {'val_loss': '0.33087', 'g0': '0.00016', 'g1': '0.05301', 'flip_r': '0.00188', 'pmean': '0.10527', 'trn_auc': '0.62034', 'val_auc': '0.62945', 'tst_auc': '0.58715', 'trn_aps': '0.13805', 'val_aps': '0.18048', 'tst_aps': '0.13904', 'trn_loss0': '0.33771'}
Epoch 44: {'val_loss': '0.33100', 'g0': '0.00016', 'g1': '0.05301', 'flip_r': '0.00226', 'pmean': '0.10724', 'trn_auc': '0.62390', 'val_auc': '0.63502', 'tst_auc': '0.58462', 'trn_aps': '0.14012', 'val_aps': '0.18256', 'tst_aps': '0.13179', 'trn_loss0': '0.33850'}
Epoch 45: {'val_loss': '0.33118', 'g0': '0.00014', 'g1': '0.05303', 'flip_r': '0.00113', 'pmean': '0.10867', 'trn_auc': '0.62101', 'val_auc': '0.63652', 'tst_auc': '0.58704', 'trn_aps': '0.13872', 'val_aps': '0.18417', 'tst_aps': '0.13480', 'trn_loss0': '0.33641'}
Epoch 46: {'val_loss': '0.33040', 'g0': '0.00014', 'g1': '0.05303', 'flip_r': '0.00188', 'pmean': '0.10743', 'trn_auc': '0.62152', 'val_auc': '0.63849', 'tst_auc': '0.59167', 'trn_aps': '0.13933', 'val_aps': '0.19170', 'tst_aps': '0.13736', 'trn_loss0': '0.34823'}
Epoch 47: {'val_loss': '0.33104', 'g0': '0.00022', 'g1': '0.05295', 'flip_r': '0.00150', 'pmean': '0.10334', 'trn_auc': '0.62395', 'val_auc': '0.63354', 'tst_auc': '0.58993', 'trn_aps': '0.13795', 'val_aps': '0.18557', 'tst_aps': '0.13624', 'trn_loss0': '0.34239'}
Epoch 48: {'val_loss': '0.33244', 'g0': '0.00009', 'g1': '0.05308', 'flip_r': '0.00282', 'pmean': '0.10371', 'trn_auc': '0.62717', 'val_auc': '0.63469', 'tst_auc': '0.58713', 'trn_aps': '0.13865', 'val_aps': '0.18396', 'tst_aps': '0.13538', 'trn_loss0': '0.34399'}
Epoch 49: {'val_loss': '0.33086', 'g0': '0.00007', 'g1': '0.05310', 'flip_r': '0.00113', 'pmean': '0.10089', 'trn_auc': '0.62989', 'val_auc': '0.64565', 'tst_auc': '0.59323', 'trn_aps': '0.14088', 'val_aps': '0.19321', 'tst_aps': '0.13303', 'trn_loss0': '0.33712'}
Epoch 50: {'val_loss': '0.33064', 'g0': '0.00011', 'g1': '0.05306', 'flip_r': '0.00075', 'pmean': '0.10567', 'trn_auc': '0.63605', 'val_auc': '0.63982', 'tst_auc': '0.58710', 'trn_aps': '0.14245', 'val_aps': '0.16554', 'tst_aps': '0.13175', 'trn_loss0': '0.33893'}
Epoch 51: {'val_loss': '0.33106', 'g0': '0.00012', 'g1': '0.05305', 'flip_r': '0.00094', 'pmean': '0.10191', 'trn_auc': '0.62636', 'val_auc': '0.64023', 'tst_auc': '0.58488', 'trn_aps': '0.13778', 'val_aps': '0.16704', 'tst_aps': '0.13247', 'trn_loss0': '0.34143'}
Epoch 52: {'val_loss': '0.33010', 'g0': '0.00018', 'g1': '0.05299', 'flip_r': '0.00188', 'pmean': '0.10494', 'trn_auc': '0.63180', 'val_auc': '0.64888', 'tst_auc': '0.59298', 'trn_aps': '0.14027', 'val_aps': '0.17673', 'tst_aps': '0.13352', 'trn_loss0': '0.33492'}
Epoch 53: {'val_loss': '0.32984', 'g0': '0.00011', 'g1': '0.05306', 'flip_r': '0.00169', 'pmean': '0.10533', 'trn_auc': '0.63595', 'val_auc': '0.64864', 'tst_auc': '0.59052', 'trn_aps': '0.14187', 'val_aps': '0.17493', 'tst_aps': '0.13624', 'trn_loss0': '0.34332'}
Epoch 54: {'val_loss': '0.33060', 'g0': '0.00015', 'g1': '0.05302', 'flip_r': '0.00188', 'pmean': '0.10297', 'trn_auc': '0.62966', 'val_auc': '0.64915', 'tst_auc': '0.58471', 'trn_aps': '0.14031', 'val_aps': '0.17484', 'tst_aps': '0.13308', 'trn_loss0': '0.33978'}
Epoch 55: {'val_loss': '0.32927', 'g0': '0.00014', 'g1': '0.05303', 'flip_r': '0.00169', 'pmean': '0.10042', 'trn_auc': '0.63943', 'val_auc': '0.65349', 'tst_auc': '0.59794', 'trn_aps': '0.14571', 'val_aps': '0.17768', 'tst_aps': '0.13659', 'trn_loss0': '0.33640'}
Epoch 56: {'val_loss': '0.32993', 'g0': '0.00011', 'g1': '0.05306', 'flip_r': '0.00207', 'pmean': '0.10473', 'trn_auc': '0.64301', 'val_auc': '0.65444', 'tst_auc': '0.59754', 'trn_aps': '0.14600', 'val_aps': '0.17555', 'tst_aps': '0.13391', 'trn_loss0': '0.33674'}
Epoch 57: {'val_loss': '0.32986', 'g0': '0.00014', 'g1': '0.05303', 'flip_r': '0.00207', 'pmean': '0.09992', 'trn_auc': '0.64400', 'val_auc': '0.65183', 'tst_auc': '0.59792', 'trn_aps': '0.14613', 'val_aps': '0.17224', 'tst_aps': '0.13342', 'trn_loss0': '0.33226'}
Epoch 58: {'val_loss': '0.32860', 'g0': '0.00017', 'g1': '0.05300', 'flip_r': '0.00207', 'pmean': '0.10083', 'trn_auc': '0.64789', 'val_auc': '0.65447', 'tst_auc': '0.60207', 'trn_aps': '0.14796', 'val_aps': '0.17808', 'tst_aps': '0.13821', 'trn_loss0': '0.33931'}
Epoch 59: {'val_loss': '0.33152', 'g0': '0.00015', 'g1': '0.05302', 'flip_r': '0.00301', 'pmean': '0.09954', 'trn_auc': '0.63704', 'val_auc': '0.64173', 'tst_auc': '0.59808', 'trn_aps': '0.14230', 'val_aps': '0.16718', 'tst_aps': '0.13465', 'trn_loss0': '0.34234'}
Epoch 60: {'val_loss': '0.32923', 'g0': '0.00016', 'g1': '0.05301', 'flip_r': '0.00207', 'pmean': '0.10170', 'trn_auc': '0.64724', 'val_auc': '0.65315', 'tst_auc': '0.60165', 'trn_aps': '0.14731', 'val_aps': '0.17665', 'tst_aps': '0.13605', 'trn_loss0': '0.33830'}
Epoch 61: {'val_loss': '0.32736', 'g0': '0.00013', 'g1': '0.05304', 'flip_r': '0.00282', 'pmean': '0.10365', 'trn_auc': '0.65158', 'val_auc': '0.65848', 'tst_auc': '0.61267', 'trn_aps': '0.15169', 'val_aps': '0.19547', 'tst_aps': '0.14385', 'trn_loss0': '0.33623'}
Epoch 62: {'val_loss': '0.32799', 'g0': '0.00011', 'g1': '0.05306', 'flip_r': '0.00226', 'pmean': '0.10324', 'trn_auc': '0.64897', 'val_auc': '0.65845', 'tst_auc': '0.60970', 'trn_aps': '0.14845', 'val_aps': '0.18415', 'tst_aps': '0.14199', 'trn_loss0': '0.33993'}
Epoch 63: {'val_loss': '0.32723', 'g0': '0.00012', 'g1': '0.05305', 'flip_r': '0.00169', 'pmean': '0.10394', 'trn_auc': '0.65965', 'val_auc': '0.66391', 'tst_auc': '0.61167', 'trn_aps': '0.15539', 'val_aps': '0.18773', 'tst_aps': '0.14499', 'trn_loss0': '0.33811'}
Epoch 64: {'val_loss': '0.32709', 'g0': '0.00013', 'g1': '0.05304', 'flip_r': '0.00132', 'pmean': '0.10441', 'trn_auc': '0.66054', 'val_auc': '0.66501', 'tst_auc': '0.61213', 'trn_aps': '0.15644', 'val_aps': '0.18597', 'tst_aps': '0.14350', 'trn_loss0': '0.33837'}
Epoch 65: {'val_loss': '0.32657', 'g0': '0.00012', 'g1': '0.05305', 'flip_r': '0.00056', 'pmean': '0.10784', 'trn_auc': '0.66528', 'val_auc': '0.66778', 'tst_auc': '0.61537', 'trn_aps': '0.15700', 'val_aps': '0.18656', 'tst_aps': '0.14794', 'trn_loss0': '0.33343'}
Epoch 66: {'val_loss': '0.32615', 'g0': '0.00011', 'g1': '0.05306', 'flip_r': '0.00094', 'pmean': '0.10704', 'trn_auc': '0.66983', 'val_auc': '0.67626', 'tst_auc': '0.61611', 'trn_aps': '0.15845', 'val_aps': '0.20642', 'tst_aps': '0.14725', 'trn_loss0': '0.34120'}
Epoch 67: {'val_loss': '0.32633', 'g0': '0.00011', 'g1': '0.05306', 'flip_r': '0.00150', 'pmean': '0.10513', 'trn_auc': '0.67206', 'val_auc': '0.67511', 'tst_auc': '0.62254', 'trn_aps': '0.16219', 'val_aps': '0.19430', 'tst_aps': '0.14810', 'trn_loss0': '0.33435'}
Epoch 68: {'val_loss': '0.32630', 'g0': '0.00014', 'g1': '0.05303', 'flip_r': '0.00169', 'pmean': '0.10802', 'trn_auc': '0.66364', 'val_auc': '0.67879', 'tst_auc': '0.62344', 'trn_aps': '0.15451', 'val_aps': '0.21475', 'tst_aps': '0.14374', 'trn_loss0': '0.33426'}
Epoch 69: {'val_loss': '0.32626', 'g0': '0.00012', 'g1': '0.05305', 'flip_r': '0.00113', 'pmean': '0.10790', 'trn_auc': '0.66442', 'val_auc': '0.67395', 'tst_auc': '0.61754', 'trn_aps': '0.15478', 'val_aps': '0.20676', 'tst_aps': '0.14357', 'trn_loss0': '0.33426'}
Epoch 70: {'val_loss': '0.32642', 'g0': '0.00017', 'g1': '0.05300', 'flip_r': '0.00094', 'pmean': '0.10784', 'trn_auc': '0.66682', 'val_auc': '0.67602', 'tst_auc': '0.62406', 'trn_aps': '0.15631', 'val_aps': '0.21608', 'tst_aps': '0.14556', 'trn_loss0': '0.33313'}
Epoch 71: {'val_loss': '0.32569', 'g0': '0.00015', 'g1': '0.05302', 'flip_r': '0.00113', 'pmean': '0.10782', 'trn_auc': '0.67226', 'val_auc': '0.67891', 'tst_auc': '0.62636', 'trn_aps': '0.15984', 'val_aps': '0.21168', 'tst_aps': '0.14521', 'trn_loss0': '0.33546'}
Epoch 72: {'val_loss': '0.32561', 'g0': '0.00017', 'g1': '0.05300', 'flip_r': '0.00188', 'pmean': '0.10776', 'trn_auc': '0.67005', 'val_auc': '0.67968', 'tst_auc': '0.62863', 'trn_aps': '0.16165', 'val_aps': '0.19491', 'tst_aps': '0.14768', 'trn_loss0': '0.33247'}
Epoch 73: {'val_loss': '0.32592', 'g0': '0.00016', 'g1': '0.05301', 'flip_r': '0.00132', 'pmean': '0.10424', 'trn_auc': '0.66854', 'val_auc': '0.68157', 'tst_auc': '0.62395', 'trn_aps': '0.15749', 'val_aps': '0.21799', 'tst_aps': '0.14429', 'trn_loss0': '0.33946'}
Epoch 74: {'val_loss': '0.32537', 'g0': '0.00015', 'g1': '0.05302', 'flip_r': '0.00056', 'pmean': '0.10285', 'trn_auc': '0.67622', 'val_auc': '0.68429', 'tst_auc': '0.62800', 'trn_aps': '0.16086', 'val_aps': '0.21141', 'tst_aps': '0.14513', 'trn_loss0': '0.33401'}
Epoch 75: {'val_loss': '0.32568', 'g0': '0.00019', 'g1': '0.05298', 'flip_r': '0.00113', 'pmean': '0.10751', 'trn_auc': '0.67369', 'val_auc': '0.68143', 'tst_auc': '0.62425', 'trn_aps': '0.16039', 'val_aps': '0.20856', 'tst_aps': '0.14647', 'trn_loss0': '0.33303'}
Epoch 76: {'val_loss': '0.32439', 'g0': '0.00022', 'g1': '0.05295', 'flip_r': '0.00169', 'pmean': '0.10844', 'trn_auc': '0.68038', 'val_auc': '0.68335', 'tst_auc': '0.63504', 'trn_aps': '0.16688', 'val_aps': '0.21445', 'tst_aps': '0.15359', 'trn_loss0': '0.33761'}
Epoch 77: {'val_loss': '0.32480', 'g0': '0.00021', 'g1': '0.05296', 'flip_r': '0.00282', 'pmean': '0.10491', 'trn_auc': '0.68395', 'val_auc': '0.68941', 'tst_auc': '0.63248', 'trn_aps': '0.16518', 'val_aps': '0.21327', 'tst_aps': '0.14943', 'trn_loss0': '0.33267'}
Epoch 78: {'val_loss': '0.32522', 'g0': '0.00017', 'g1': '0.05300', 'flip_r': '0.00188', 'pmean': '0.10503', 'trn_auc': '0.68662', 'val_auc': '0.68076', 'tst_auc': '0.63376', 'trn_aps': '0.16837', 'val_aps': '0.19991', 'tst_aps': '0.14875', 'trn_loss0': '0.33591'}
Epoch 79: {'val_loss': '0.32557', 'g0': '0.00014', 'g1': '0.05303', 'flip_r': '0.00094', 'pmean': '0.10668', 'trn_auc': '0.68930', 'val_auc': '0.68847', 'tst_auc': '0.64081', 'trn_aps': '0.16772', 'val_aps': '0.21034', 'tst_aps': '0.15201', 'trn_loss0': '0.33376'}
Epoch 80: {'val_loss': '0.32591', 'g0': '0.00012', 'g1': '0.05305', 'flip_r': '0.00226', 'pmean': '0.10428', 'trn_auc': '0.68432', 'val_auc': '0.68683', 'tst_auc': '0.63393', 'trn_aps': '0.16540', 'val_aps': '0.22383', 'tst_aps': '0.14723', 'trn_loss0': '0.33473'}
Epoch 81: {'val_loss': '0.32157', 'g0': '0.00013', 'g1': '0.05304', 'flip_r': '0.00207', 'pmean': '0.10383', 'trn_auc': '0.69489', 'val_auc': '0.70024', 'tst_auc': '0.64714', 'trn_aps': '0.17621', 'val_aps': '0.23859', 'tst_aps': '0.16484', 'trn_loss0': '0.32433'}
Epoch 82: {'val_loss': '0.32185', 'g0': '0.00017', 'g1': '0.05300', 'flip_r': '0.00263', 'pmean': '0.10285', 'trn_auc': '0.68953', 'val_auc': '0.69233', 'tst_auc': '0.64312', 'trn_aps': '0.17405', 'val_aps': '0.22554', 'tst_aps': '0.16182', 'trn_loss0': '0.33138'}
Epoch 83: {'val_loss': '0.32242', 'g0': '0.00018', 'g1': '0.05299', 'flip_r': '0.00169', 'pmean': '0.10665', 'trn_auc': '0.68749', 'val_auc': '0.69225', 'tst_auc': '0.63803', 'trn_aps': '0.16991', 'val_aps': '0.21526', 'tst_aps': '0.15198', 'trn_loss0': '0.33632'}
Epoch 84: {'val_loss': '0.32202', 'g0': '0.00018', 'g1': '0.05299', 'flip_r': '0.00113', 'pmean': '0.10590', 'trn_auc': '0.69316', 'val_auc': '0.69255', 'tst_auc': '0.63930', 'trn_aps': '0.17328', 'val_aps': '0.21123', 'tst_aps': '0.15263', 'trn_loss0': '0.32470'}
Epoch 85: {'val_loss': '0.32024', 'g0': '0.00019', 'g1': '0.05298', 'flip_r': '0.00094', 'pmean': '0.10750', 'trn_auc': '0.70162', 'val_auc': '0.69537', 'tst_auc': '0.65496', 'trn_aps': '0.17966', 'val_aps': '0.24283', 'tst_aps': '0.16601', 'trn_loss0': '0.32701'}
Epoch 86: {'val_loss': '0.32004', 'g0': '0.00027', 'g1': '0.05290', 'flip_r': '0.00263', 'pmean': '0.10473', 'trn_auc': '0.69867', 'val_auc': '0.69393', 'tst_auc': '0.65306', 'trn_aps': '0.17695', 'val_aps': '0.24056', 'tst_aps': '0.16823', 'trn_loss0': '0.32870'}
Epoch 87: {'val_loss': '0.32006', 'g0': '0.00027', 'g1': '0.05290', 'flip_r': '0.00339', 'pmean': '0.10385', 'trn_auc': '0.69984', 'val_auc': '0.69907', 'tst_auc': '0.65348', 'trn_aps': '0.17601', 'val_aps': '0.24943', 'tst_aps': '0.17042', 'trn_loss0': '0.33145'}
Epoch 88: {'val_loss': '0.31976', 'g0': '0.00037', 'g1': '0.05280', 'flip_r': '0.00301', 'pmean': '0.10326', 'trn_auc': '0.71015', 'val_auc': '0.69070', 'tst_auc': '0.65206', 'trn_aps': '0.18107', 'val_aps': '0.23449', 'tst_aps': '0.16425', 'trn_loss0': '0.33771'}
Epoch 89: {'val_loss': '0.31985', 'g0': '0.00031', 'g1': '0.05286', 'flip_r': '0.00263', 'pmean': '0.10609', 'trn_auc': '0.70302', 'val_auc': '0.69196', 'tst_auc': '0.65449', 'trn_aps': '0.17532', 'val_aps': '0.22897', 'tst_aps': '0.16668', 'trn_loss0': '0.32904'}
Epoch 90: {'val_loss': '0.32005', 'g0': '0.00036', 'g1': '0.05281', 'flip_r': '0.00244', 'pmean': '0.10767', 'trn_auc': '0.70140', 'val_auc': '0.69255', 'tst_auc': '0.65450', 'trn_aps': '0.17398', 'val_aps': '0.22831', 'tst_aps': '0.16486', 'trn_loss0': '0.31940'}
Epoch 91: {'val_loss': '0.31913', 'g0': '0.00035', 'g1': '0.05282', 'flip_r': '0.00470', 'pmean': '0.10487', 'trn_auc': '0.71152', 'val_auc': '0.70643', 'tst_auc': '0.66050', 'trn_aps': '0.18331', 'val_aps': '0.23887', 'tst_aps': '0.16918', 'trn_loss0': '0.32084'}
Epoch 92: {'val_loss': '0.31873', 'g0': '0.00034', 'g1': '0.05283', 'flip_r': '0.00395', 'pmean': '0.10396', 'trn_auc': '0.71790', 'val_auc': '0.70862', 'tst_auc': '0.66587', 'trn_aps': '0.18961', 'val_aps': '0.23735', 'tst_aps': '0.17012', 'trn_loss0': '0.32312'}
Epoch 93: {'val_loss': '0.31879', 'g0': '0.00029', 'g1': '0.05288', 'flip_r': '0.00545', 'pmean': '0.10483', 'trn_auc': '0.72135', 'val_auc': '0.70477', 'tst_auc': '0.66304', 'trn_aps': '0.19150', 'val_aps': '0.21942', 'tst_aps': '0.16578', 'trn_loss0': '0.32557'}
Epoch 94: {'val_loss': '0.31639', 'g0': '0.00026', 'g1': '0.05291', 'flip_r': '0.00357', 'pmean': '0.10613', 'trn_auc': '0.73041', 'val_auc': '0.71702', 'tst_auc': '0.67609', 'trn_aps': '0.20360', 'val_aps': '0.23303', 'tst_aps': '0.17853', 'trn_loss0': '0.32264'}
Epoch 95: {'val_loss': '0.31651', 'g0': '0.00025', 'g1': '0.05292', 'flip_r': '0.00357', 'pmean': '0.11023', 'trn_auc': '0.72951', 'val_auc': '0.71735', 'tst_auc': '0.67655', 'trn_aps': '0.20087', 'val_aps': '0.23757', 'tst_aps': '0.17788', 'trn_loss0': '0.32481'}
Epoch 96: {'val_loss': '0.31684', 'g0': '0.00034', 'g1': '0.05283', 'flip_r': '0.00508', 'pmean': '0.10616', 'trn_auc': '0.72538', 'val_auc': '0.71436', 'tst_auc': '0.67198', 'trn_aps': '0.19362', 'val_aps': '0.22412', 'tst_aps': '0.17174', 'trn_loss0': '0.32814'}
Epoch 97: {'val_loss': '0.31617', 'g0': '0.00072', 'g1': '0.05245', 'flip_r': '0.00865', 'pmean': '0.09926', 'trn_auc': '0.72559', 'val_auc': '0.71162', 'tst_auc': '0.67193', 'trn_aps': '0.19575', 'val_aps': '0.22656', 'tst_aps': '0.17334', 'trn_loss0': '0.32633'}
Epoch 98: {'val_loss': '0.31739', 'g0': '0.00067', 'g1': '0.05250', 'flip_r': '0.00508', 'pmean': '0.10003', 'trn_auc': '0.72988', 'val_auc': '0.70889', 'tst_auc': '0.67207', 'trn_aps': '0.19989', 'val_aps': '0.21207', 'tst_aps': '0.17300', 'trn_loss0': '0.31992'}
Epoch 99: {'val_loss': '0.31546', 'g0': '0.00046', 'g1': '0.05271', 'flip_r': '0.00696', 'pmean': '0.10514', 'trn_auc': '0.73115', 'val_auc': '0.71185', 'tst_auc': '0.67758', 'trn_aps': '0.20168', 'val_aps': '0.23775', 'tst_aps': '0.18058', 'trn_loss0': '0.32379'}
Epoch 100: {'val_loss': '0.31430', 'g0': '0.00072', 'g1': '0.05245', 'flip_r': '0.00828', 'pmean': '0.10398', 'trn_auc': '0.73360', 'val_auc': '0.71637', 'tst_auc': '0.68409', 'trn_aps': '0.20528', 'val_aps': '0.22639', 'tst_aps': '0.18724', 'trn_loss0': '0.31944'}
Epoch 101: {'val_loss': '0.31455', 'g0': '0.00062', 'g1': '0.05255', 'flip_r': '0.00602', 'pmean': '0.10245', 'trn_auc': '0.73384', 'val_auc': '0.71092', 'tst_auc': '0.68086', 'trn_aps': '0.20620', 'val_aps': '0.22048', 'tst_aps': '0.18689', 'trn_loss0': '0.32857'}
Epoch 102: {'val_loss': '0.31459', 'g0': '0.00061', 'g1': '0.05256', 'flip_r': '0.00433', 'pmean': '0.10150', 'trn_auc': '0.73445', 'val_auc': '0.71286', 'tst_auc': '0.67699', 'trn_aps': '0.20490', 'val_aps': '0.22763', 'tst_aps': '0.18258', 'trn_loss0': '0.31870'}
Epoch 103: {'val_loss': '0.31299', 'g0': '0.00063', 'g1': '0.05254', 'flip_r': '0.00602', 'pmean': '0.10274', 'trn_auc': '0.74046', 'val_auc': '0.72211', 'tst_auc': '0.67974', 'trn_aps': '0.21333', 'val_aps': '0.24227', 'tst_aps': '0.18516', 'trn_loss0': '0.31812'}
Epoch 104: {'val_loss': '0.31313', 'g0': '0.00068', 'g1': '0.05249', 'flip_r': '0.00809', 'pmean': '0.10437', 'trn_auc': '0.73637', 'val_auc': '0.73011', 'tst_auc': '0.68127', 'trn_aps': '0.20546', 'val_aps': '0.28569', 'tst_aps': '0.18531', 'trn_loss0': '0.32199'}
Epoch 105: {'val_loss': '0.31171', 'g0': '0.00067', 'g1': '0.05250', 'flip_r': '0.00733', 'pmean': '0.10111', 'trn_auc': '0.74457', 'val_auc': '0.73304', 'tst_auc': '0.68702', 'trn_aps': '0.21747', 'val_aps': '0.29353', 'tst_aps': '0.19082', 'trn_loss0': '0.31806'}
Epoch 106: {'val_loss': '0.31076', 'g0': '0.00055', 'g1': '0.05262', 'flip_r': '0.00865', 'pmean': '0.10178', 'trn_auc': '0.74879', 'val_auc': '0.72697', 'tst_auc': '0.69130', 'trn_aps': '0.22724', 'val_aps': '0.28488', 'tst_aps': '0.19934', 'trn_loss0': '0.32364'}
Epoch 107: {'val_loss': '0.31059', 'g0': '0.00067', 'g1': '0.05250', 'flip_r': '0.00677', 'pmean': '0.10147', 'trn_auc': '0.74923', 'val_auc': '0.72838', 'tst_auc': '0.69060', 'trn_aps': '0.22611', 'val_aps': '0.27272', 'tst_aps': '0.19621', 'trn_loss0': '0.32004'}
Epoch 108: {'val_loss': '0.31013', 'g0': '0.00085', 'g1': '0.05232', 'flip_r': '0.00715', 'pmean': '0.10005', 'trn_auc': '0.75113', 'val_auc': '0.72316', 'tst_auc': '0.69523', 'trn_aps': '0.22679', 'val_aps': '0.28458', 'tst_aps': '0.20290', 'trn_loss0': '0.31455'}
Epoch 109: {'val_loss': '0.30988', 'g0': '0.00091', 'g1': '0.05226', 'flip_r': '0.01053', 'pmean': '0.10015', 'trn_auc': '0.75170', 'val_auc': '0.73162', 'tst_auc': '0.69184', 'trn_aps': '0.22520', 'val_aps': '0.26290', 'tst_aps': '0.19893', 'trn_loss0': '0.32016'}
Epoch 110: {'val_loss': '0.30845', 'g0': '0.00071', 'g1': '0.05246', 'flip_r': '0.00903', 'pmean': '0.10049', 'trn_auc': '0.76447', 'val_auc': '0.72955', 'tst_auc': '0.70046', 'trn_aps': '0.23998', 'val_aps': '0.28334', 'tst_aps': '0.20062', 'trn_loss0': '0.32158'}
Epoch 111: {'val_loss': '0.30859', 'g0': '0.00071', 'g1': '0.05246', 'flip_r': '0.00677', 'pmean': '0.10036', 'trn_auc': '0.76328', 'val_auc': '0.72810', 'tst_auc': '0.70011', 'trn_aps': '0.24317', 'val_aps': '0.26103', 'tst_aps': '0.21105', 'trn_loss0': '0.32133'}
Epoch 112: {'val_loss': '0.30809', 'g0': '0.00088', 'g1': '0.05229', 'flip_r': '0.00809', 'pmean': '0.10121', 'trn_auc': '0.76620', 'val_auc': '0.73036', 'tst_auc': '0.70398', 'trn_aps': '0.24361', 'val_aps': '0.26893', 'tst_aps': '0.20673', 'trn_loss0': '0.32131'}
Epoch 113: {'val_loss': '0.30751', 'g0': '0.00148', 'g1': '0.05169', 'flip_r': '0.01655', 'pmean': '0.09924', 'trn_auc': '0.76446', 'val_auc': '0.73377', 'tst_auc': '0.70125', 'trn_aps': '0.24240', 'val_aps': '0.26893', 'tst_aps': '0.20390', 'trn_loss0': '0.31110'}
Epoch 114: {'val_loss': '0.30628', 'g0': '0.00150', 'g1': '0.05167', 'flip_r': '0.01279', 'pmean': '0.10013', 'trn_auc': '0.76669', 'val_auc': '0.73119', 'tst_auc': '0.70552', 'trn_aps': '0.25111', 'val_aps': '0.26360', 'tst_aps': '0.21146', 'trn_loss0': '0.30869'}
Epoch 115: {'val_loss': '0.30530', 'g0': '0.00181', 'g1': '0.05136', 'flip_r': '0.01260', 'pmean': '0.09794', 'trn_auc': '0.76887', 'val_auc': '0.73859', 'tst_auc': '0.70455', 'trn_aps': '0.25626', 'val_aps': '0.29419', 'tst_aps': '0.21297', 'trn_loss0': '0.31892'}
Epoch 116: {'val_loss': '0.30515', 'g0': '0.00203', 'g1': '0.05114', 'flip_r': '0.01467', 'pmean': '0.09661', 'trn_auc': '0.76888', 'val_auc': '0.73397', 'tst_auc': '0.70476', 'trn_aps': '0.25551', 'val_aps': '0.29403', 'tst_aps': '0.21292', 'trn_loss0': '0.30811'}
Epoch 117: {'val_loss': '0.30477', 'g0': '0.00182', 'g1': '0.05135', 'flip_r': '0.01185', 'pmean': '0.09975', 'trn_auc': '0.76858', 'val_auc': '0.74408', 'tst_auc': '0.70504', 'trn_aps': '0.25393', 'val_aps': '0.28732', 'tst_aps': '0.21372', 'trn_loss0': '0.31742'}
Epoch 118: {'val_loss': '0.30414', 'g0': '0.00170', 'g1': '0.05147', 'flip_r': '0.01091', 'pmean': '0.09820', 'trn_auc': '0.76908', 'val_auc': '0.74583', 'tst_auc': '0.70603', 'trn_aps': '0.25931', 'val_aps': '0.29403', 'tst_aps': '0.21551', 'trn_loss0': '0.31305'}
Epoch 119: {'val_loss': '0.30319', 'g0': '0.00211', 'g1': '0.05106', 'flip_r': '0.01561', 'pmean': '0.09518', 'trn_auc': '0.77235', 'val_auc': '0.74802', 'tst_auc': '0.71102', 'trn_aps': '0.26601', 'val_aps': '0.29943', 'tst_aps': '0.21444', 'trn_loss0': '0.31180'}
Epoch 120: {'val_loss': '0.30376', 'g0': '0.00177', 'g1': '0.05140', 'flip_r': '0.01392', 'pmean': '0.09742', 'trn_auc': '0.77209', 'val_auc': '0.74067', 'tst_auc': '0.71538', 'trn_aps': '0.25728', 'val_aps': '0.28541', 'tst_aps': '0.22684', 'trn_loss0': '0.30654'}
Epoch 121: {'val_loss': '0.30271', 'g0': '0.00168', 'g1': '0.05149', 'flip_r': '0.01448', 'pmean': '0.09847', 'trn_auc': '0.77445', 'val_auc': '0.74061', 'tst_auc': '0.71550', 'trn_aps': '0.26827', 'val_aps': '0.30000', 'tst_aps': '0.22198', 'trn_loss0': '0.31849'}
Epoch 122: {'val_loss': '0.30072', 'g0': '0.00274', 'g1': '0.05043', 'flip_r': '0.02708', 'pmean': '0.09660', 'trn_auc': '0.78184', 'val_auc': '0.74833', 'tst_auc': '0.71630', 'trn_aps': '0.28596', 'val_aps': '0.31741', 'tst_aps': '0.22604', 'trn_loss0': '0.31430'}
Epoch 123: {'val_loss': '0.30062', 'g0': '0.00247', 'g1': '0.05070', 'flip_r': '0.01486', 'pmean': '0.09780', 'trn_auc': '0.78213', 'val_auc': '0.74659', 'tst_auc': '0.72066', 'trn_aps': '0.27308', 'val_aps': '0.29371', 'tst_aps': '0.23203', 'trn_loss0': '0.30441'}
Epoch 124: {'val_loss': '0.30055', 'g0': '0.00245', 'g1': '0.05072', 'flip_r': '0.01580', 'pmean': '0.09699', 'trn_auc': '0.78702', 'val_auc': '0.73732', 'tst_auc': '0.72142', 'trn_aps': '0.28270', 'val_aps': '0.29340', 'tst_aps': '0.23375', 'trn_loss0': '0.30726'}
Epoch 125: {'val_loss': '0.29915', 'g0': '0.00262', 'g1': '0.05055', 'flip_r': '0.01636', 'pmean': '0.09670', 'trn_auc': '0.79258', 'val_auc': '0.73849', 'tst_auc': '0.72270', 'trn_aps': '0.30261', 'val_aps': '0.29762', 'tst_aps': '0.24118', 'trn_loss0': '0.30626'}
Epoch 126: {'val_loss': '0.29885', 'g0': '0.00201', 'g1': '0.05116', 'flip_r': '0.02088', 'pmean': '0.09649', 'trn_auc': '0.79476', 'val_auc': '0.74170', 'tst_auc': '0.72020', 'trn_aps': '0.31191', 'val_aps': '0.31320', 'tst_aps': '0.24909', 'trn_loss0': '0.30166'}
Epoch 127: {'val_loss': '0.29758', 'g0': '0.00264', 'g1': '0.05053', 'flip_r': '0.02200', 'pmean': '0.09821', 'trn_auc': '0.79639', 'val_auc': '0.74586', 'tst_auc': '0.72467', 'trn_aps': '0.31534', 'val_aps': '0.31756', 'tst_aps': '0.25118', 'trn_loss0': '0.30124'}
Epoch 128: {'val_loss': '0.29805', 'g0': '0.00273', 'g1': '0.05044', 'flip_r': '0.01636', 'pmean': '0.09958', 'trn_auc': '0.79393', 'val_auc': '0.74837', 'tst_auc': '0.72056', 'trn_aps': '0.31053', 'val_aps': '0.33078', 'tst_aps': '0.24560', 'trn_loss0': '0.30407'}
Epoch 129: {'val_loss': '0.29682', 'g0': '0.00344', 'g1': '0.04973', 'flip_r': '0.02163', 'pmean': '0.09699', 'trn_auc': '0.79789', 'val_auc': '0.74563', 'tst_auc': '0.72516', 'trn_aps': '0.31413', 'val_aps': '0.30398', 'tst_aps': '0.25764', 'trn_loss0': '0.30310'}
Epoch 130: {'val_loss': '0.29570', 'g0': '0.00438', 'g1': '0.04879', 'flip_r': '0.02595', 'pmean': '0.09564', 'trn_auc': '0.80343', 'val_auc': '0.75027', 'tst_auc': '0.72473', 'trn_aps': '0.32291', 'val_aps': '0.32238', 'tst_aps': '0.26451', 'trn_loss0': '0.31329'}
Epoch 131: {'val_loss': '0.29557', 'g0': '0.00411', 'g1': '0.04906', 'flip_r': '0.02125', 'pmean': '0.09483', 'trn_auc': '0.80582', 'val_auc': '0.74753', 'tst_auc': '0.73024', 'trn_aps': '0.31435', 'val_aps': '0.31153', 'tst_aps': '0.25957', 'trn_loss0': '0.30602'}
Epoch 132: {'val_loss': '0.29538', 'g0': '0.00473', 'g1': '0.04844', 'flip_r': '0.02483', 'pmean': '0.09429', 'trn_auc': '0.80492', 'val_auc': '0.74890', 'tst_auc': '0.72801', 'trn_aps': '0.31145', 'val_aps': '0.31209', 'tst_aps': '0.26128', 'trn_loss0': '0.29775'}
Epoch 133: {'val_loss': '0.29376', 'g0': '0.00440', 'g1': '0.04877', 'flip_r': '0.01862', 'pmean': '0.09539', 'trn_auc': '0.80639', 'val_auc': '0.75643', 'tst_auc': '0.73452', 'trn_aps': '0.31739', 'val_aps': '0.33509', 'tst_aps': '0.26567', 'trn_loss0': '0.30869'}
Epoch 134: {'val_loss': '0.29099', 'g0': '0.00519', 'g1': '0.04798', 'flip_r': '0.02238', 'pmean': '0.09395', 'trn_auc': '0.81710', 'val_auc': '0.76502', 'tst_auc': '0.73937', 'trn_aps': '0.33959', 'val_aps': '0.35348', 'tst_aps': '0.27030', 'trn_loss0': '0.29512'}
Epoch 135: {'val_loss': '0.29116', 'g0': '0.00475', 'g1': '0.04842', 'flip_r': '0.01881', 'pmean': '0.09687', 'trn_auc': '0.81770', 'val_auc': '0.75630', 'tst_auc': '0.73649', 'trn_aps': '0.34891', 'val_aps': '0.31777', 'tst_aps': '0.28495', 'trn_loss0': '0.29891'}
Epoch 136: {'val_loss': '0.28957', 'g0': '0.00472', 'g1': '0.04845', 'flip_r': '0.01411', 'pmean': '0.09691', 'trn_auc': '0.82043', 'val_auc': '0.76140', 'tst_auc': '0.74206', 'trn_aps': '0.35544', 'val_aps': '0.33453', 'tst_aps': '0.27737', 'trn_loss0': '0.30456'}
Epoch 137: {'val_loss': '0.29030', 'g0': '0.00504', 'g1': '0.04813', 'flip_r': '0.02106', 'pmean': '0.09582', 'trn_auc': '0.82033', 'val_auc': '0.76337', 'tst_auc': '0.74106', 'trn_aps': '0.35231', 'val_aps': '0.35112', 'tst_aps': '0.27510', 'trn_loss0': '0.30199'}
Epoch 138: {'val_loss': '0.29012', 'g0': '0.00515', 'g1': '0.04802', 'flip_r': '0.02012', 'pmean': '0.09768', 'trn_auc': '0.82040', 'val_auc': '0.76439', 'tst_auc': '0.73863', 'trn_aps': '0.35752', 'val_aps': '0.33872', 'tst_aps': '0.28168', 'trn_loss0': '0.29842'}
Epoch 139: {'val_loss': '0.28898', 'g0': '0.00537', 'g1': '0.04780', 'flip_r': '0.01843', 'pmean': '0.09762', 'trn_auc': '0.82339', 'val_auc': '0.76756', 'tst_auc': '0.74460', 'trn_aps': '0.36371', 'val_aps': '0.36520', 'tst_aps': '0.28634', 'trn_loss0': '0.29597'}
Epoch 140: {'val_loss': '0.28826', 'g0': '0.00674', 'g1': '0.04643', 'flip_r': '0.03479', 'pmean': '0.09418', 'trn_auc': '0.82514', 'val_auc': '0.76697', 'tst_auc': '0.74545', 'trn_aps': '0.36276', 'val_aps': '0.34665', 'tst_aps': '0.28958', 'trn_loss0': '0.30413'}
Epoch 141: {'val_loss': '0.28615', 'g0': '0.00619', 'g1': '0.04698', 'flip_r': '0.02426', 'pmean': '0.09349', 'trn_auc': '0.82841', 'val_auc': '0.77187', 'tst_auc': '0.75111', 'trn_aps': '0.36893', 'val_aps': '0.36233', 'tst_aps': '0.29853', 'trn_loss0': '0.29317'}
Epoch 142: {'val_loss': '0.28481', 'g0': '0.00691', 'g1': '0.04626', 'flip_r': '0.01994', 'pmean': '0.09097', 'trn_auc': '0.83347', 'val_auc': '0.77997', 'tst_auc': '0.75435', 'trn_aps': '0.38483', 'val_aps': '0.37833', 'tst_aps': '0.29254', 'trn_loss0': '0.28768'}
Epoch 143: {'val_loss': '0.28508', 'g0': '0.00776', 'g1': '0.04541', 'flip_r': '0.03592', 'pmean': '0.09174', 'trn_auc': '0.83442', 'val_auc': '0.77352', 'tst_auc': '0.74922', 'trn_aps': '0.39193', 'val_aps': '0.35859', 'tst_aps': '0.30190', 'trn_loss0': '0.29144'}
Epoch 144: {'val_loss': '0.28459', 'g0': '0.00763', 'g1': '0.04554', 'flip_r': '0.01411', 'pmean': '0.09248', 'trn_auc': '0.83491', 'val_auc': '0.77183', 'tst_auc': '0.74948', 'trn_aps': '0.38968', 'val_aps': '0.37434', 'tst_aps': '0.29006', 'trn_loss0': '0.28894'}
Epoch 145: {'val_loss': '0.28419', 'g0': '0.00890', 'g1': '0.04427', 'flip_r': '0.03103', 'pmean': '0.08963', 'trn_auc': '0.83702', 'val_auc': '0.77280', 'tst_auc': '0.75147', 'trn_aps': '0.39506', 'val_aps': '0.38792', 'tst_aps': '0.29101', 'trn_loss0': '0.28867'}
Epoch 146: {'val_loss': '0.28318', 'g0': '0.00846', 'g1': '0.04471', 'flip_r': '0.02106', 'pmean': '0.09101', 'trn_auc': '0.83794', 'val_auc': '0.76870', 'tst_auc': '0.75229', 'trn_aps': '0.40380', 'val_aps': '0.37822', 'tst_aps': '0.31327', 'trn_loss0': '0.29128'}
Epoch 147: {'val_loss': '0.28253', 'g0': '0.00768', 'g1': '0.04549', 'flip_r': '0.02144', 'pmean': '0.09366', 'trn_auc': '0.83818', 'val_auc': '0.77310', 'tst_auc': '0.75244', 'trn_aps': '0.40610', 'val_aps': '0.39997', 'tst_aps': '0.30158', 'trn_loss0': '0.29526'}
Epoch 148: {'val_loss': '0.28265', 'g0': '0.00633', 'g1': '0.04684', 'flip_r': '0.04194', 'pmean': '0.09762', 'trn_auc': '0.83804', 'val_auc': '0.77821', 'tst_auc': '0.75365', 'trn_aps': '0.40315', 'val_aps': '0.38190', 'tst_aps': '0.30812', 'trn_loss0': '0.29598'}
Epoch 149: {'val_loss': '0.28166', 'g0': '0.00737', 'g1': '0.04580', 'flip_r': '0.03385', 'pmean': '0.09711', 'trn_auc': '0.84076', 'val_auc': '0.77826', 'tst_auc': '0.75078', 'trn_aps': '0.41850', 'val_aps': '0.39191', 'tst_aps': '0.31365', 'trn_loss0': '0.28656'}
Epoch 150: {'val_loss': '0.28124', 'g0': '0.00725', 'g1': '0.04592', 'flip_r': '0.01204', 'pmean': '0.09923', 'trn_auc': '0.84347', 'val_auc': '0.77488', 'tst_auc': '0.75349', 'trn_aps': '0.43255', 'val_aps': '0.39473', 'tst_aps': '0.29779', 'trn_loss0': '0.29770'}
Epoch 151: {'val_loss': '0.28096', 'g0': '0.00770', 'g1': '0.04547', 'flip_r': '0.01711', 'pmean': '0.09641', 'trn_auc': '0.84682', 'val_auc': '0.77366', 'tst_auc': '0.75103', 'trn_aps': '0.42929', 'val_aps': '0.37556', 'tst_aps': '0.30608', 'trn_loss0': '0.28277'}
Epoch 152: {'val_loss': '0.28037', 'g0': '0.00862', 'g1': '0.04455', 'flip_r': '0.02784', 'pmean': '0.09708', 'trn_auc': '0.84728', 'val_auc': '0.77872', 'tst_auc': '0.74898', 'trn_aps': '0.43583', 'val_aps': '0.38818', 'tst_aps': '0.31080', 'trn_loss0': '0.27732'}
Epoch 153: {'val_loss': '0.28085', 'g0': '0.00856', 'g1': '0.04461', 'flip_r': '0.01016', 'pmean': '0.09633', 'trn_auc': '0.84685', 'val_auc': '0.77251', 'tst_auc': '0.74917', 'trn_aps': '0.44010', 'val_aps': '0.38852', 'tst_aps': '0.31027', 'trn_loss0': '0.28226'}
Epoch 154: {'val_loss': '0.27988', 'g0': '0.00975', 'g1': '0.04342', 'flip_r': '0.02426', 'pmean': '0.09275', 'trn_auc': '0.84910', 'val_auc': '0.77612', 'tst_auc': '0.75226', 'trn_aps': '0.45093', 'val_aps': '0.38344', 'tst_aps': '0.30633', 'trn_loss0': '0.28740'}
Epoch 155: {'val_loss': '0.28055', 'g0': '0.01015', 'g1': '0.04302', 'flip_r': '0.01655', 'pmean': '0.09431', 'trn_auc': '0.84809', 'val_auc': '0.77264', 'tst_auc': '0.74820', 'trn_aps': '0.46099', 'val_aps': '0.38166', 'tst_aps': '0.29709', 'trn_loss0': '0.28600'}
Epoch 156: {'val_loss': '0.27879', 'g0': '0.00954', 'g1': '0.04363', 'flip_r': '0.02727', 'pmean': '0.09377', 'trn_auc': '0.85353', 'val_auc': '0.77374', 'tst_auc': '0.75563', 'trn_aps': '0.47511', 'val_aps': '0.39434', 'tst_aps': '0.29852', 'trn_loss0': '0.27310'}
Epoch 157: {'val_loss': '0.27919', 'g0': '0.01019', 'g1': '0.04298', 'flip_r': '0.02577', 'pmean': '0.09155', 'trn_auc': '0.85105', 'val_auc': '0.77254', 'tst_auc': '0.75388', 'trn_aps': '0.47330', 'val_aps': '0.37651', 'tst_aps': '0.30357', 'trn_loss0': '0.27817'}
Epoch 158: {'val_loss': '0.27828', 'g0': '0.00988', 'g1': '0.04329', 'flip_r': '0.02238', 'pmean': '0.09371', 'trn_auc': '0.85155', 'val_auc': '0.77253', 'tst_auc': '0.75475', 'trn_aps': '0.47797', 'val_aps': '0.37743', 'tst_aps': '0.31289', 'trn_loss0': '0.28103'}
Epoch 159: {'val_loss': '0.27558', 'g0': '0.00944', 'g1': '0.04373', 'flip_r': '0.02708', 'pmean': '0.09270', 'trn_auc': '0.85839', 'val_auc': '0.77874', 'tst_auc': '0.76069', 'trn_aps': '0.48351', 'val_aps': '0.39218', 'tst_aps': '0.33218', 'trn_loss0': '0.28374'}
Epoch 160: {'val_loss': '0.27526', 'g0': '0.01019', 'g1': '0.04298', 'flip_r': '0.02577', 'pmean': '0.09097', 'trn_auc': '0.85848', 'val_auc': '0.77682', 'tst_auc': '0.76068', 'trn_aps': '0.48914', 'val_aps': '0.37744', 'tst_aps': '0.32761', 'trn_loss0': '0.26949'}
Epoch 161: {'val_loss': '0.27489', 'g0': '0.00947', 'g1': '0.04370', 'flip_r': '0.02934', 'pmean': '0.09618', 'trn_auc': '0.85805', 'val_auc': '0.78096', 'tst_auc': '0.76364', 'trn_aps': '0.48586', 'val_aps': '0.39508', 'tst_aps': '0.31860', 'trn_loss0': '0.27898'}
Epoch 162: {'val_loss': '0.27421', 'g0': '0.00960', 'g1': '0.04357', 'flip_r': '0.01900', 'pmean': '0.09761', 'trn_auc': '0.86095', 'val_auc': '0.77529', 'tst_auc': '0.76447', 'trn_aps': '0.50430', 'val_aps': '0.37665', 'tst_aps': '0.33069', 'trn_loss0': '0.27848'}
Epoch 163: {'val_loss': '0.27442', 'g0': '0.00956', 'g1': '0.04361', 'flip_r': '0.01166', 'pmean': '0.09667', 'trn_auc': '0.86286', 'val_auc': '0.77856', 'tst_auc': '0.76121', 'trn_aps': '0.50607', 'val_aps': '0.38585', 'tst_aps': '0.31578', 'trn_loss0': '0.28638'}
Epoch 164: {'val_loss': '0.27325', 'g0': '0.01027', 'g1': '0.04290', 'flip_r': '0.01523', 'pmean': '0.09328', 'trn_auc': '0.86550', 'val_auc': '0.77754', 'tst_auc': '0.76131', 'trn_aps': '0.50726', 'val_aps': '0.38316', 'tst_aps': '0.32784', 'trn_loss0': '0.27806'}
Epoch 165: {'val_loss': '0.27336', 'g0': '0.01002', 'g1': '0.04315', 'flip_r': '0.01222', 'pmean': '0.09451', 'trn_auc': '0.86559', 'val_auc': '0.77791', 'tst_auc': '0.75964', 'trn_aps': '0.52552', 'val_aps': '0.39128', 'tst_aps': '0.32693', 'trn_loss0': '0.26703'}
Epoch 166: {'val_loss': '0.27054', 'g0': '0.01127', 'g1': '0.04190', 'flip_r': '0.02426', 'pmean': '0.09344', 'trn_auc': '0.86886', 'val_auc': '0.78223', 'tst_auc': '0.76579', 'trn_aps': '0.53077', 'val_aps': '0.39215', 'tst_aps': '0.33187', 'trn_loss0': '0.26824'}
Epoch 167: {'val_loss': '0.27123', 'g0': '0.01168', 'g1': '0.04149', 'flip_r': '0.02238', 'pmean': '0.09403', 'trn_auc': '0.86759', 'val_auc': '0.77775', 'tst_auc': '0.76347', 'trn_aps': '0.52581', 'val_aps': '0.38722', 'tst_aps': '0.33860', 'trn_loss0': '0.26710'}
Epoch 168: {'val_loss': '0.27122', 'g0': '0.01320', 'g1': '0.03997', 'flip_r': '0.03197', 'pmean': '0.08844', 'trn_auc': '0.86698', 'val_auc': '0.78235', 'tst_auc': '0.76449', 'trn_aps': '0.53192', 'val_aps': '0.39198', 'tst_aps': '0.34454', 'trn_loss0': '0.27397'}
Epoch 169: {'val_loss': '0.27161', 'g0': '0.01370', 'g1': '0.03947', 'flip_r': '0.02520', 'pmean': '0.08461', 'trn_auc': '0.86719', 'val_auc': '0.78617', 'tst_auc': '0.76350', 'trn_aps': '0.52675', 'val_aps': '0.40272', 'tst_aps': '0.34412', 'trn_loss0': '0.27431'}
Epoch 170: {'val_loss': '0.27019', 'g0': '0.01318', 'g1': '0.03999', 'flip_r': '0.03009', 'pmean': '0.08563', 'trn_auc': '0.87064', 'val_auc': '0.78672', 'tst_auc': '0.76707', 'trn_aps': '0.53432', 'val_aps': '0.40562', 'tst_aps': '0.34447', 'trn_loss0': '0.26808'}
Epoch 171: {'val_loss': '0.26925', 'g0': '0.01335', 'g1': '0.03982', 'flip_r': '0.02426', 'pmean': '0.08486', 'trn_auc': '0.87343', 'val_auc': '0.78635', 'tst_auc': '0.76758', 'trn_aps': '0.54680', 'val_aps': '0.39687', 'tst_aps': '0.34946', 'trn_loss0': '0.26751'}
Epoch 172: {'val_loss': '0.26839', 'g0': '0.01206', 'g1': '0.04111', 'flip_r': '0.03592', 'pmean': '0.08778', 'trn_auc': '0.87389', 'val_auc': '0.78609', 'tst_auc': '0.76998', 'trn_aps': '0.55121', 'val_aps': '0.40555', 'tst_aps': '0.35039', 'trn_loss0': '0.26611'}
Epoch 173: {'val_loss': '0.26773', 'g0': '0.01249', 'g1': '0.04068', 'flip_r': '0.02426', 'pmean': '0.08558', 'trn_auc': '0.87615', 'val_auc': '0.78671', 'tst_auc': '0.77116', 'trn_aps': '0.55201', 'val_aps': '0.40702', 'tst_aps': '0.35127', 'trn_loss0': '0.27739'}
Epoch 174: {'val_loss': '0.26659', 'g0': '0.01219', 'g1': '0.04098', 'flip_r': '0.01505', 'pmean': '0.08914', 'trn_auc': '0.87819', 'val_auc': '0.78956', 'tst_auc': '0.77180', 'trn_aps': '0.55921', 'val_aps': '0.40307', 'tst_aps': '0.35265', 'trn_loss0': '0.26579'}
Epoch 175: {'val_loss': '0.26835', 'g0': '0.01202', 'g1': '0.04115', 'flip_r': '0.02163', 'pmean': '0.08868', 'trn_auc': '0.87766', 'val_auc': '0.78330', 'tst_auc': '0.76844', 'trn_aps': '0.54607', 'val_aps': '0.39032', 'tst_aps': '0.34673', 'trn_loss0': '0.26385'}
Epoch 176: {'val_loss': '0.26788', 'g0': '0.01259', 'g1': '0.04058', 'flip_r': '0.02802', 'pmean': '0.08807', 'trn_auc': '0.87776', 'val_auc': '0.78736', 'tst_auc': '0.76723', 'trn_aps': '0.56423', 'val_aps': '0.39721', 'tst_aps': '0.34872', 'trn_loss0': '0.26599'}
Epoch 177: {'val_loss': '0.26733', 'g0': '0.01328', 'g1': '0.03989', 'flip_r': '0.03404', 'pmean': '0.08663', 'trn_auc': '0.88076', 'val_auc': '0.77838', 'tst_auc': '0.76583', 'trn_aps': '0.57345', 'val_aps': '0.39377', 'tst_aps': '0.35036', 'trn_loss0': '0.26906'}
Epoch 178: {'val_loss': '0.26784', 'g0': '0.01389', 'g1': '0.03928', 'flip_r': '0.02012', 'pmean': '0.08512', 'trn_auc': '0.88018', 'val_auc': '0.78123', 'tst_auc': '0.76350', 'trn_aps': '0.57744', 'val_aps': '0.39541', 'tst_aps': '0.35157', 'trn_loss0': '0.26068'}
Epoch 179: {'val_loss': '0.26599', 'g0': '0.01510', 'g1': '0.03807', 'flip_r': '0.02614', 'pmean': '0.08473', 'trn_auc': '0.88272', 'val_auc': '0.78468', 'tst_auc': '0.76655', 'trn_aps': '0.58226', 'val_aps': '0.39684', 'tst_aps': '0.35638', 'trn_loss0': '0.25609'}
Epoch 180: {'val_loss': '0.26505', 'g0': '0.01338', 'g1': '0.03979', 'flip_r': '0.05379', 'pmean': '0.08894', 'trn_auc': '0.88327', 'val_auc': '0.79296', 'tst_auc': '0.76558', 'trn_aps': '0.58004', 'val_aps': '0.40282', 'tst_aps': '0.35551', 'trn_loss0': '0.26298'}
Epoch 181: {'val_loss': '0.26555', 'g0': '0.01287', 'g1': '0.04030', 'flip_r': '0.02689', 'pmean': '0.08835', 'trn_auc': '0.88015', 'val_auc': '0.79200', 'tst_auc': '0.77115', 'trn_aps': '0.56703', 'val_aps': '0.40033', 'tst_aps': '0.36197', 'trn_loss0': '0.26456'}
Epoch 182: {'val_loss': '0.26579', 'g0': '0.01401', 'g1': '0.03916', 'flip_r': '0.03837', 'pmean': '0.08649', 'trn_auc': '0.88130', 'val_auc': '0.79008', 'tst_auc': '0.76733', 'trn_aps': '0.58024', 'val_aps': '0.40192', 'tst_aps': '0.35494', 'trn_loss0': '0.25428'}
Epoch 183: {'val_loss': '0.26616', 'g0': '0.01593', 'g1': '0.03724', 'flip_r': '0.04025', 'pmean': '0.08201', 'trn_auc': '0.88368', 'val_auc': '0.79073', 'tst_auc': '0.76831', 'trn_aps': '0.58521', 'val_aps': '0.40239', 'tst_aps': '0.35393', 'trn_loss0': '0.26050'}
Epoch 184: {'val_loss': '0.26598', 'g0': '0.01372', 'g1': '0.03945', 'flip_r': '0.05360', 'pmean': '0.08569', 'trn_auc': '0.88062', 'val_auc': '0.79283', 'tst_auc': '0.77048', 'trn_aps': '0.57293', 'val_aps': '0.40341', 'tst_aps': '0.35741', 'trn_loss0': '0.26387'}
Epoch 185: {'val_loss': '0.26310', 'g0': '0.01423', 'g1': '0.03894', 'flip_r': '0.02915', 'pmean': '0.08800', 'trn_auc': '0.88688', 'val_auc': '0.79345', 'tst_auc': '0.77114', 'trn_aps': '0.59198', 'val_aps': '0.42011', 'tst_aps': '0.35990', 'trn_loss0': '0.25280'}
Epoch 186: {'val_loss': '0.26401', 'g0': '0.01523', 'g1': '0.03794', 'flip_r': '0.02896', 'pmean': '0.08798', 'trn_auc': '0.88494', 'val_auc': '0.79041', 'tst_auc': '0.76722', 'trn_aps': '0.59190', 'val_aps': '0.41105', 'tst_aps': '0.36039', 'trn_loss0': '0.26283'}
Epoch 187: {'val_loss': '0.26250', 'g0': '0.01442', 'g1': '0.03875', 'flip_r': '0.02577', 'pmean': '0.08906', 'trn_auc': '0.88761', 'val_auc': '0.79256', 'tst_auc': '0.77096', 'trn_aps': '0.59344', 'val_aps': '0.41810', 'tst_aps': '0.36490', 'trn_loss0': '0.26780'}
Epoch 188: {'val_loss': '0.26141', 'g0': '0.01385', 'g1': '0.03932', 'flip_r': '0.02200', 'pmean': '0.09371', 'trn_auc': '0.88571', 'val_auc': '0.78907', 'tst_auc': '0.77606', 'trn_aps': '0.58746', 'val_aps': '0.40993', 'tst_aps': '0.37288', 'trn_loss0': '0.26480'}
Epoch 189: {'val_loss': '0.26198', 'g0': '0.01452', 'g1': '0.03865', 'flip_r': '0.02577', 'pmean': '0.08746', 'trn_auc': '0.89024', 'val_auc': '0.79188', 'tst_auc': '0.77216', 'trn_aps': '0.59967', 'val_aps': '0.41190', 'tst_aps': '0.36560', 'trn_loss0': '0.26544'}
Epoch 190: {'val_loss': '0.26304', 'g0': '0.01535', 'g1': '0.03782', 'flip_r': '0.03216', 'pmean': '0.08226', 'trn_auc': '0.89389', 'val_auc': '0.78194', 'tst_auc': '0.76998', 'trn_aps': '0.60942', 'val_aps': '0.41100', 'tst_aps': '0.35908', 'trn_loss0': '0.24906'}
Epoch 191: {'val_loss': '0.26164', 'g0': '0.01547', 'g1': '0.03770', 'flip_r': '0.01768', 'pmean': '0.08256', 'trn_auc': '0.89672', 'val_auc': '0.78459', 'tst_auc': '0.77227', 'trn_aps': '0.61270', 'val_aps': '0.41448', 'tst_aps': '0.36293', 'trn_loss0': '0.25370'}
Epoch 192: {'val_loss': '0.26200', 'g0': '0.01446', 'g1': '0.03871', 'flip_r': '0.02802', 'pmean': '0.08763', 'trn_auc': '0.89451', 'val_auc': '0.78111', 'tst_auc': '0.77174', 'trn_aps': '0.60206', 'val_aps': '0.40355', 'tst_aps': '0.36313', 'trn_loss0': '0.25723'}
Epoch 193: {'val_loss': '0.26209', 'g0': '0.01465', 'g1': '0.03852', 'flip_r': '0.02163', 'pmean': '0.08933', 'trn_auc': '0.88936', 'val_auc': '0.78387', 'tst_auc': '0.77008', 'trn_aps': '0.60351', 'val_aps': '0.40218', 'tst_aps': '0.36117', 'trn_loss0': '0.25058'}
Epoch 194: {'val_loss': '0.25884', 'g0': '0.01519', 'g1': '0.03798', 'flip_r': '0.01693', 'pmean': '0.08875', 'trn_auc': '0.89899', 'val_auc': '0.78642', 'tst_auc': '0.77434', 'trn_aps': '0.61572', 'val_aps': '0.40818', 'tst_aps': '0.36786', 'trn_loss0': '0.25084'}
Epoch 195: {'val_loss': '0.26016', 'g0': '0.01545', 'g1': '0.03772', 'flip_r': '0.02671', 'pmean': '0.08753', 'trn_auc': '0.89579', 'val_auc': '0.78987', 'tst_auc': '0.77197', 'trn_aps': '0.59947', 'val_aps': '0.41047', 'tst_aps': '0.36405', 'trn_loss0': '0.25390'}
Epoch 196: {'val_loss': '0.25835', 'g0': '0.01526', 'g1': '0.03791', 'flip_r': '0.01824', 'pmean': '0.09053', 'trn_auc': '0.89806', 'val_auc': '0.78958', 'tst_auc': '0.77389', 'trn_aps': '0.60937', 'val_aps': '0.41664', 'tst_aps': '0.36695', 'trn_loss0': '0.25004'}
Epoch 197: {'val_loss': '0.25847', 'g0': '0.01529', 'g1': '0.03788', 'flip_r': '0.01222', 'pmean': '0.08991', 'trn_auc': '0.89942', 'val_auc': '0.78586', 'tst_auc': '0.77298', 'trn_aps': '0.61983', 'val_aps': '0.41228', 'tst_aps': '0.36380', 'trn_loss0': '0.24739'}
Epoch 198: {'val_loss': '0.25961', 'g0': '0.01506', 'g1': '0.03811', 'flip_r': '0.02088', 'pmean': '0.09116', 'trn_auc': '0.89751', 'val_auc': '0.78376', 'tst_auc': '0.76884', 'trn_aps': '0.61871', 'val_aps': '0.40973', 'tst_aps': '0.36174', 'trn_loss0': '0.24084'}
Epoch 199: {'val_loss': '0.26166', 'g0': '0.01441', 'g1': '0.03876', 'flip_r': '0.01937', 'pmean': '0.09369', 'trn_auc': '0.89141', 'val_auc': '0.78244', 'tst_auc': '0.76280', 'trn_aps': '0.61338', 'val_aps': '0.39695', 'tst_aps': '0.36193', 'trn_loss0': '0.24508'}
Epoch 200: {'val_loss': '0.25828', 'g0': '0.01498', 'g1': '0.03819', 'flip_r': '0.01862', 'pmean': '0.09330', 'trn_auc': '0.89772', 'val_auc': '0.78750', 'tst_auc': '0.77061', 'trn_aps': '0.62003', 'val_aps': '0.40222', 'tst_aps': '0.36810', 'trn_loss0': '0.25053'}
Epoch 201: {'val_loss': '0.25673', 'g0': '0.01484', 'g1': '0.03833', 'flip_r': '0.00790', 'pmean': '0.09412', 'trn_auc': '0.89989', 'val_auc': '0.79178', 'tst_auc': '0.77318', 'trn_aps': '0.62646', 'val_aps': '0.40961', 'tst_aps': '0.37208', 'trn_loss0': '0.24775'}
Epoch 202: {'val_loss': '0.25701', 'g0': '0.01572', 'g1': '0.03745', 'flip_r': '0.02746', 'pmean': '0.08870', 'trn_auc': '0.90173', 'val_auc': '0.78661', 'tst_auc': '0.77451', 'trn_aps': '0.62827', 'val_aps': '0.40349', 'tst_aps': '0.37260', 'trn_loss0': '0.24730'}
Epoch 203: {'val_loss': '0.25578', 'g0': '0.01674', 'g1': '0.03643', 'flip_r': '0.02257', 'pmean': '0.08848', 'trn_auc': '0.90522', 'val_auc': '0.78797', 'tst_auc': '0.77207', 'trn_aps': '0.63319', 'val_aps': '0.40795', 'tst_aps': '0.37135', 'trn_loss0': '0.24071'}
Epoch 204: {'val_loss': '0.25716', 'g0': '0.01708', 'g1': '0.03609', 'flip_r': '0.02257', 'pmean': '0.08489', 'trn_auc': '0.90222', 'val_auc': '0.79264', 'tst_auc': '0.77433', 'trn_aps': '0.62578', 'val_aps': '0.40830', 'tst_aps': '0.37265', 'trn_loss0': '0.25424'}
Epoch 205: {'val_loss': '0.25951', 'g0': '0.01672', 'g1': '0.03645', 'flip_r': '0.02182', 'pmean': '0.08141', 'trn_auc': '0.90051', 'val_auc': '0.79078', 'tst_auc': '0.77353', 'trn_aps': '0.62096', 'val_aps': '0.40381', 'tst_aps': '0.37261', 'trn_loss0': '0.24275'}
Epoch 206: {'val_loss': '0.25832', 'g0': '0.01685', 'g1': '0.03632', 'flip_r': '0.03780', 'pmean': '0.08230', 'trn_auc': '0.89954', 'val_auc': '0.79956', 'tst_auc': '0.77784', 'trn_aps': '0.61876', 'val_aps': '0.40312', 'tst_aps': '0.37771', 'trn_loss0': '0.24818'}
Epoch 207: {'val_loss': '0.26092', 'g0': '0.01750', 'g1': '0.03567', 'flip_r': '0.03329', 'pmean': '0.07909', 'trn_auc': '0.90164', 'val_auc': '0.79252', 'tst_auc': '0.76951', 'trn_aps': '0.61536', 'val_aps': '0.40153', 'tst_aps': '0.37141', 'trn_loss0': '0.25378'}
Epoch 208: {'val_loss': '0.26084', 'g0': '0.01700', 'g1': '0.03617', 'flip_r': '0.03498', 'pmean': '0.07980', 'trn_auc': '0.90134', 'val_auc': '0.78792', 'tst_auc': '0.76649', 'trn_aps': '0.63025', 'val_aps': '0.38232', 'tst_aps': '0.37200', 'trn_loss0': '0.24796'}
Epoch 209: {'val_loss': '0.25822', 'g0': '0.01648', 'g1': '0.03669', 'flip_r': '0.02031', 'pmean': '0.08528', 'trn_auc': '0.90418', 'val_auc': '0.78410', 'tst_auc': '0.76914', 'trn_aps': '0.63290', 'val_aps': '0.39724', 'tst_aps': '0.37644', 'trn_loss0': '0.24678'}
Epoch 00210: reducing learning rate of group 0 to 1.2500e-04.
Epoch 210: {'val_loss': '0.25584', 'g0': '0.01641', 'g1': '0.03676', 'flip_r': '0.02765', 'pmean': '0.08717', 'trn_auc': '0.90494', 'val_auc': '0.79459', 'tst_auc': '0.77402', 'trn_aps': '0.64237', 'val_aps': '0.40139', 'tst_aps': '0.37462', 'trn_loss0': '0.24386'}
Epoch 211: {'val_loss': '0.25774', 'g0': '0.01607', 'g1': '0.03710', 'flip_r': '0.01806', 'pmean': '0.08859', 'trn_auc': '0.90177', 'val_auc': '0.79215', 'tst_auc': '0.76890', 'trn_aps': '0.63253', 'val_aps': '0.39395', 'tst_aps': '0.37536', 'trn_loss0': '0.24185'}
Epoch 212: {'val_loss': '0.25541', 'g0': '0.01618', 'g1': '0.03699', 'flip_r': '0.01561', 'pmean': '0.08862', 'trn_auc': '0.90665', 'val_auc': '0.79426', 'tst_auc': '0.77239', 'trn_aps': '0.64055', 'val_aps': '0.40047', 'tst_aps': '0.37487', 'trn_loss0': '0.24245'}
Epoch 213: {'val_loss': '0.25371', 'g0': '0.01649', 'g1': '0.03668', 'flip_r': '0.00733', 'pmean': '0.09195', 'trn_auc': '0.90695', 'val_auc': '0.79300', 'tst_auc': '0.77502', 'trn_aps': '0.64300', 'val_aps': '0.39885', 'tst_aps': '0.38022', 'trn_loss0': '0.23491'}
Epoch 214: {'val_loss': '0.25543', 'g0': '0.01641', 'g1': '0.03676', 'flip_r': '0.01204', 'pmean': '0.08877', 'trn_auc': '0.90598', 'val_auc': '0.79035', 'tst_auc': '0.77327', 'trn_aps': '0.63997', 'val_aps': '0.39957', 'tst_aps': '0.37974', 'trn_loss0': '0.24207'}
Epoch 215: {'val_loss': '0.25647', 'g0': '0.01669', 'g1': '0.03648', 'flip_r': '0.01392', 'pmean': '0.08611', 'trn_auc': '0.90429', 'val_auc': '0.79176', 'tst_auc': '0.77079', 'trn_aps': '0.64123', 'val_aps': '0.39965', 'tst_aps': '0.37592', 'trn_loss0': '0.23719'}
Epoch 216: {'val_loss': '0.25619', 'g0': '0.01631', 'g1': '0.03686', 'flip_r': '0.01806', 'pmean': '0.08859', 'trn_auc': '0.90523', 'val_auc': '0.78883', 'tst_auc': '0.77207', 'trn_aps': '0.64069', 'val_aps': '0.39728', 'tst_aps': '0.37497', 'trn_loss0': '0.24674'}
Epoch 217: {'val_loss': '0.25544', 'g0': '0.01602', 'g1': '0.03715', 'flip_r': '0.01674', 'pmean': '0.09109', 'trn_auc': '0.90567', 'val_auc': '0.79336', 'tst_auc': '0.77183', 'trn_aps': '0.63890', 'val_aps': '0.39940', 'tst_aps': '0.37699', 'trn_loss0': '0.23295'}
Epoch 218: {'val_loss': '0.25463', 'g0': '0.01640', 'g1': '0.03677', 'flip_r': '0.01091', 'pmean': '0.08960', 'trn_auc': '0.90828', 'val_auc': '0.79442', 'tst_auc': '0.77410', 'trn_aps': '0.64225', 'val_aps': '0.40691', 'tst_aps': '0.37817', 'trn_loss0': '0.23984'}
Epoch 219: {'val_loss': '0.25522', 'g0': '0.01622', 'g1': '0.03695', 'flip_r': '0.01016', 'pmean': '0.08934', 'trn_auc': '0.90585', 'val_auc': '0.79331', 'tst_auc': '0.77270', 'trn_aps': '0.64361', 'val_aps': '0.39834', 'tst_aps': '0.37750', 'trn_loss0': '0.24674'}
Epoch 00220: reducing learning rate of group 0 to 6.2500e-05.
Epoch 220: {'val_loss': '0.25531', 'g0': '0.01643', 'g1': '0.03674', 'flip_r': '0.01749', 'pmean': '0.08765', 'trn_auc': '0.90845', 'val_auc': '0.78946', 'tst_auc': '0.77042', 'trn_aps': '0.64839', 'val_aps': '0.40406', 'tst_aps': '0.37592', 'trn_loss0': '0.24285'}
Epoch 221: {'val_loss': '0.25620', 'g0': '0.01808', 'g1': '0.03509', 'flip_r': '0.03856', 'pmean': '0.08379', 'trn_auc': '0.91232', 'val_auc': '0.78429', 'tst_auc': '0.76990', 'trn_aps': '0.65082', 'val_aps': '0.40326', 'tst_aps': '0.37267', 'trn_loss0': '0.23722'}
Epoch 222: {'val_loss': '0.25880', 'g0': '0.01698', 'g1': '0.03619', 'flip_r': '0.03047', 'pmean': '0.08342', 'trn_auc': '0.90567', 'val_auc': '0.78719', 'tst_auc': '0.76632', 'trn_aps': '0.63874', 'val_aps': '0.39800', 'tst_aps': '0.36900', 'trn_loss0': '0.22645'}
Epoch 223: {'val_loss': '0.25907', 'g0': '0.01760', 'g1': '0.03557', 'flip_r': '0.03084', 'pmean': '0.08147', 'trn_auc': '0.90738', 'val_auc': '0.78477', 'tst_auc': '0.76633', 'trn_aps': '0.64060', 'val_aps': '0.39387', 'tst_aps': '0.37308', 'trn_loss0': '0.23726'}
Epoch 224: {'val_loss': '0.25512', 'g0': '0.01672', 'g1': '0.03645', 'flip_r': '0.03498', 'pmean': '0.08589', 'trn_auc': '0.91129', 'val_auc': '0.79033', 'tst_auc': '0.77187', 'trn_aps': '0.65135', 'val_aps': '0.39846', 'tst_aps': '0.37489', 'trn_loss0': '0.23509'}
Epoch 225: {'val_loss': '0.25735', 'g0': '0.01692', 'g1': '0.03625', 'flip_r': '0.02295', 'pmean': '0.08410', 'trn_auc': '0.90938', 'val_auc': '0.78534', 'tst_auc': '0.76787', 'trn_aps': '0.64562', 'val_aps': '0.39652', 'tst_aps': '0.37448', 'trn_loss0': '0.23873'}
Epoch 00226: reducing learning rate of group 0 to 3.1250e-05.
Epoch 226: {'val_loss': '0.25719', 'g0': '0.01790', 'g1': '0.03527', 'flip_r': '0.02784', 'pmean': '0.08351', 'trn_auc': '0.90936', 'val_auc': '0.78507', 'tst_auc': '0.76798', 'trn_aps': '0.64989', 'val_aps': '0.39661', 'tst_aps': '0.37515', 'trn_loss0': '0.23612'}
Epoch 227: {'val_loss': '0.25496', 'g0': '0.01759', 'g1': '0.03558', 'flip_r': '0.01862', 'pmean': '0.08452', 'trn_auc': '0.91366', 'val_auc': '0.78718', 'tst_auc': '0.77339', 'trn_aps': '0.65302', 'val_aps': '0.39970', 'tst_aps': '0.37871', 'trn_loss0': '0.23467'}
Epoch 228: {'val_loss': '0.25462', 'g0': '0.01701', 'g1': '0.03616', 'flip_r': '0.02633', 'pmean': '0.08807', 'trn_auc': '0.91182', 'val_auc': '0.79022', 'tst_auc': '0.77205', 'trn_aps': '0.65156', 'val_aps': '0.39513', 'tst_aps': '0.37416', 'trn_loss0': '0.23545'}
Epoch 229: {'val_loss': '0.25365', 'g0': '0.01664', 'g1': '0.03653', 'flip_r': '0.02125', 'pmean': '0.09137', 'trn_auc': '0.90975', 'val_auc': '0.79149', 'tst_auc': '0.77528', 'trn_aps': '0.64388', 'val_aps': '0.39935', 'tst_aps': '0.38350', 'trn_loss0': '0.23692'}
Epoch 230: {'val_loss': '0.25383', 'g0': '0.01709', 'g1': '0.03608', 'flip_r': '0.02125', 'pmean': '0.08926', 'trn_auc': '0.91233', 'val_auc': '0.78988', 'tst_auc': '0.77130', 'trn_aps': '0.64861', 'val_aps': '0.39982', 'tst_aps': '0.37893', 'trn_loss0': '0.23430'}
Epoch 231: {'val_loss': '0.25438', 'g0': '0.01686', 'g1': '0.03631', 'flip_r': '0.01787', 'pmean': '0.08921', 'trn_auc': '0.90903', 'val_auc': '0.79055', 'tst_auc': '0.77222', 'trn_aps': '0.64602', 'val_aps': '0.40281', 'tst_aps': '0.38292', 'trn_loss0': '0.23882'}
Epoch 232: {'val_loss': '0.25443', 'g0': '0.01730', 'g1': '0.03587', 'flip_r': '0.02708', 'pmean': '0.08977', 'trn_auc': '0.91189', 'val_auc': '0.78442', 'tst_auc': '0.77101', 'trn_aps': '0.65377', 'val_aps': '0.39937', 'tst_aps': '0.37839', 'trn_loss0': '0.23444'}
Epoch 233: {'val_loss': '0.25535', 'g0': '0.01732', 'g1': '0.03585', 'flip_r': '0.01768', 'pmean': '0.08687', 'trn_auc': '0.90948', 'val_auc': '0.78952', 'tst_auc': '0.77064', 'trn_aps': '0.65174', 'val_aps': '0.39988', 'tst_aps': '0.37320', 'trn_loss0': '0.24398'}
Epoch 234: {'val_loss': '0.25543', 'g0': '0.01727', 'g1': '0.03590', 'flip_r': '0.01975', 'pmean': '0.08807', 'trn_auc': '0.91301', 'val_auc': '0.78487', 'tst_auc': '0.76706', 'trn_aps': '0.65243', 'val_aps': '0.39233', 'tst_aps': '0.37490', 'trn_loss0': '0.22903'}
Epoch 235: {'val_loss': '0.25286', 'g0': '0.01708', 'g1': '0.03609', 'flip_r': '0.02200', 'pmean': '0.09198', 'trn_auc': '0.91321', 'val_auc': '0.79086', 'tst_auc': '0.77252', 'trn_aps': '0.65585', 'val_aps': '0.40042', 'tst_aps': '0.37957', 'trn_loss0': '0.23835'}
Epoch 236: {'val_loss': '0.25349', 'g0': '0.01691', 'g1': '0.03626', 'flip_r': '0.01900', 'pmean': '0.08890', 'trn_auc': '0.91525', 'val_auc': '0.78878', 'tst_auc': '0.77369', 'trn_aps': '0.65604', 'val_aps': '0.40015', 'tst_aps': '0.38148', 'trn_loss0': '0.23470'}
Epoch 237: {'val_loss': '0.25423', 'g0': '0.01700', 'g1': '0.03617', 'flip_r': '0.01222', 'pmean': '0.09017', 'trn_auc': '0.91351', 'val_auc': '0.78565', 'tst_auc': '0.77301', 'trn_aps': '0.65295', 'val_aps': '0.39726', 'tst_aps': '0.38001', 'trn_loss0': '0.24210'}
Epoch 238: {'val_loss': '0.25443', 'g0': '0.01735', 'g1': '0.03582', 'flip_r': '0.01110', 'pmean': '0.08804', 'trn_auc': '0.91458', 'val_auc': '0.78402', 'tst_auc': '0.77291', 'trn_aps': '0.65439', 'val_aps': '0.39535', 'tst_aps': '0.37868', 'trn_loss0': '0.24594'}
Epoch 239: {'val_loss': '0.25361', 'g0': '0.01714', 'g1': '0.03603', 'flip_r': '0.01674', 'pmean': '0.08916', 'trn_auc': '0.91454', 'val_auc': '0.78801', 'tst_auc': '0.77119', 'trn_aps': '0.65550', 'val_aps': '0.40112', 'tst_aps': '0.37523', 'trn_loss0': '0.24042'}
Epoch 240: {'val_loss': '0.25347', 'g0': '0.01679', 'g1': '0.03638', 'flip_r': '0.02163', 'pmean': '0.09305', 'trn_auc': '0.91028', 'val_auc': '0.79037', 'tst_auc': '0.77190', 'trn_aps': '0.64921', 'val_aps': '0.40472', 'tst_aps': '0.38199', 'trn_loss0': '0.24008'}
Epoch 241: {'val_loss': '0.25266', 'g0': '0.01681', 'g1': '0.03636', 'flip_r': '0.00978', 'pmean': '0.09518', 'trn_auc': '0.90874', 'val_auc': '0.79200', 'tst_auc': '0.77284', 'trn_aps': '0.65076', 'val_aps': '0.40637', 'tst_aps': '0.38099', 'trn_loss0': '0.24882'}
Epoch 242: {'val_loss': '0.25256', 'g0': '0.01666', 'g1': '0.03651', 'flip_r': '0.01561', 'pmean': '0.09221', 'trn_auc': '0.91212', 'val_auc': '0.79319', 'tst_auc': '0.77238', 'trn_aps': '0.65339', 'val_aps': '0.40364', 'tst_aps': '0.38375', 'trn_loss0': '0.23696'}
Epoch 243: {'val_loss': '0.25356', 'g0': '0.01713', 'g1': '0.03604', 'flip_r': '0.02765', 'pmean': '0.09009', 'trn_auc': '0.91552', 'val_auc': '0.78336', 'tst_auc': '0.76878', 'trn_aps': '0.66006', 'val_aps': '0.40272', 'tst_aps': '0.37617', 'trn_loss0': '0.23840'}
Epoch 244: {'val_loss': '0.25404', 'g0': '0.01719', 'g1': '0.03598', 'flip_r': '0.02144', 'pmean': '0.08772', 'trn_auc': '0.91244', 'val_auc': '0.79116', 'tst_auc': '0.77108', 'trn_aps': '0.65792', 'val_aps': '0.40545', 'tst_aps': '0.37631', 'trn_loss0': '0.23635'}
Epoch 245: {'val_loss': '0.25449', 'g0': '0.01710', 'g1': '0.03607', 'flip_r': '0.01711', 'pmean': '0.08853', 'trn_auc': '0.91261', 'val_auc': '0.78788', 'tst_auc': '0.77020', 'trn_aps': '0.65315', 'val_aps': '0.40092', 'tst_aps': '0.37886', 'trn_loss0': '0.23063'}
Epoch 246: {'val_loss': '0.25271', 'g0': '0.01712', 'g1': '0.03605', 'flip_r': '0.01693', 'pmean': '0.09021', 'trn_auc': '0.91592', 'val_auc': '0.79061', 'tst_auc': '0.77433', 'trn_aps': '0.65923', 'val_aps': '0.40047', 'tst_aps': '0.37406', 'trn_loss0': '0.24019'}
Epoch 247: {'val_loss': '0.25206', 'g0': '0.01748', 'g1': '0.03569', 'flip_r': '0.01580', 'pmean': '0.08973', 'trn_auc': '0.91777', 'val_auc': '0.78622', 'tst_auc': '0.77346', 'trn_aps': '0.66355', 'val_aps': '0.39945', 'tst_aps': '0.38279', 'trn_loss0': '0.23650'}
Epoch 248: {'val_loss': '0.25324', 'g0': '0.01712', 'g1': '0.03605', 'flip_r': '0.00940', 'pmean': '0.08972', 'trn_auc': '0.91659', 'val_auc': '0.78578', 'tst_auc': '0.77119', 'trn_aps': '0.66089', 'val_aps': '0.40092', 'tst_aps': '0.37890', 'trn_loss0': '0.25235'}
Epoch 249: {'val_loss': '0.25397', 'g0': '0.01704', 'g1': '0.03613', 'flip_r': '0.00828', 'pmean': '0.08961', 'trn_auc': '0.91544', 'val_auc': '0.78338', 'tst_auc': '0.77040', 'trn_aps': '0.65757', 'val_aps': '0.39433', 'tst_aps': '0.37807', 'trn_loss0': '0.22955'}
Epoch 250: {'val_loss': '0.25468', 'g0': '0.01711', 'g1': '0.03606', 'flip_r': '0.01072', 'pmean': '0.08788', 'trn_auc': '0.91350', 'val_auc': '0.78533', 'tst_auc': '0.77154', 'trn_aps': '0.65599', 'val_aps': '0.39448', 'tst_aps': '0.38019', 'trn_loss0': '0.23505'}
Epoch 251: {'val_loss': '0.25437', 'g0': '0.01738', 'g1': '0.03579', 'flip_r': '0.02012', 'pmean': '0.08750', 'trn_auc': '0.91423', 'val_auc': '0.79264', 'tst_auc': '0.76769', 'trn_aps': '0.65961', 'val_aps': '0.39889', 'tst_aps': '0.37421', 'trn_loss0': '0.23306'}
Epoch 252: {'val_loss': '0.25377', 'g0': '0.01661', 'g1': '0.03656', 'flip_r': '0.02163', 'pmean': '0.09107', 'trn_auc': '0.91010', 'val_auc': '0.79446', 'tst_auc': '0.77151', 'trn_aps': '0.65160', 'val_aps': '0.40611', 'tst_aps': '0.38049', 'trn_loss0': '0.23408'}
Epoch 253: {'val_loss': '0.25209', 'g0': '0.01680', 'g1': '0.03637', 'flip_r': '0.01486', 'pmean': '0.09413', 'trn_auc': '0.91124', 'val_auc': '0.78943', 'tst_auc': '0.77413', 'trn_aps': '0.65641', 'val_aps': '0.39856', 'tst_aps': '0.39134', 'trn_loss0': '0.24158'}
Epoch 00254: reducing learning rate of group 0 to 1.5625e-05.
Epoch 254: {'val_loss': '0.25230', 'g0': '0.01697', 'g1': '0.03620', 'flip_r': '0.01787', 'pmean': '0.09238', 'trn_auc': '0.91366', 'val_auc': '0.79432', 'tst_auc': '0.77216', 'trn_aps': '0.65850', 'val_aps': '0.40496', 'tst_aps': '0.38199', 'trn_loss0': '0.23353'}
Epoch 255: {'val_loss': '0.25312', 'g0': '0.01692', 'g1': '0.03625', 'flip_r': '0.01185', 'pmean': '0.08895', 'trn_auc': '0.91324', 'val_auc': '0.79251', 'tst_auc': '0.77254', 'trn_aps': '0.65687', 'val_aps': '0.40085', 'tst_aps': '0.38285', 'trn_loss0': '0.23604'}
Epoch 256: {'val_loss': '0.25368', 'g0': '0.01721', 'g1': '0.03596', 'flip_r': '0.02238', 'pmean': '0.08533', 'trn_auc': '0.91551', 'val_auc': '0.79262', 'tst_auc': '0.77217', 'trn_aps': '0.66346', 'val_aps': '0.40341', 'tst_aps': '0.37692', 'trn_loss0': '0.23693'}
Epoch 257: {'val_loss': '0.25569', 'g0': '0.01744', 'g1': '0.03573', 'flip_r': '0.01900', 'pmean': '0.08400', 'trn_auc': '0.91581', 'val_auc': '0.78437', 'tst_auc': '0.76796', 'trn_aps': '0.66046', 'val_aps': '0.39755', 'tst_aps': '0.37801', 'trn_loss0': '0.23110'}
Epoch 258: {'val_loss': '0.25482', 'g0': '0.01705', 'g1': '0.03612', 'flip_r': '0.01411', 'pmean': '0.08719', 'trn_auc': '0.91339', 'val_auc': '0.78601', 'tst_auc': '0.76852', 'trn_aps': '0.65834', 'val_aps': '0.40219', 'tst_aps': '0.37979', 'trn_loss0': '0.22800'}
Epoch 259: {'val_loss': '0.25407', 'g0': '0.01720', 'g1': '0.03597', 'flip_r': '0.01072', 'pmean': '0.08786', 'trn_auc': '0.91472', 'val_auc': '0.78535', 'tst_auc': '0.76979', 'trn_aps': '0.66005', 'val_aps': '0.39906', 'tst_aps': '0.37929', 'trn_loss0': '0.24114'}
Epoch 00260: reducing learning rate of group 0 to 7.8125e-06.
Epoch 260: {'val_loss': '0.25423', 'g0': '0.01740', 'g1': '0.03577', 'flip_r': '0.01317', 'pmean': '0.08813', 'trn_auc': '0.91454', 'val_auc': '0.78535', 'tst_auc': '0.76925', 'trn_aps': '0.65998', 'val_aps': '0.39826', 'tst_aps': '0.37889', 'trn_loss0': '0.23213'}
Epoch 261: {'val_loss': '0.25448', 'g0': '0.01780', 'g1': '0.03537', 'flip_r': '0.01279', 'pmean': '0.08522', 'trn_auc': '0.91615', 'val_auc': '0.78726', 'tst_auc': '0.76928', 'trn_aps': '0.66271', 'val_aps': '0.39770', 'tst_aps': '0.37908', 'trn_loss0': '0.23687'}
Epoch 262: {'val_loss': '0.25140', 'g0': '0.01778', 'g1': '0.03539', 'flip_r': '0.02445', 'pmean': '0.08857', 'trn_auc': '0.91962', 'val_auc': '0.79426', 'tst_auc': '0.77444', 'trn_aps': '0.66772', 'val_aps': '0.40864', 'tst_aps': '0.37913', 'trn_loss0': '0.22777'}
Epoch 263: {'val_loss': '0.25388', 'g0': '0.01685', 'g1': '0.03632', 'flip_r': '0.02802', 'pmean': '0.09162', 'trn_auc': '0.90815', 'val_auc': '0.79311', 'tst_auc': '0.77177', 'trn_aps': '0.64666', 'val_aps': '0.40336', 'tst_aps': '0.38404', 'trn_loss0': '0.22776'}
Epoch 264: {'val_loss': '0.25272', 'g0': '0.01740', 'g1': '0.03577', 'flip_r': '0.02238', 'pmean': '0.08993', 'trn_auc': '0.91573', 'val_auc': '0.79102', 'tst_auc': '0.77148', 'trn_aps': '0.66216', 'val_aps': '0.40539', 'tst_aps': '0.38170', 'trn_loss0': '0.23056'}
Epoch 265: {'val_loss': '0.25216', 'g0': '0.01755', 'g1': '0.03562', 'flip_r': '0.01486', 'pmean': '0.08806', 'trn_auc': '0.91815', 'val_auc': '0.79300', 'tst_auc': '0.77349', 'trn_aps': '0.66574', 'val_aps': '0.40618', 'tst_aps': '0.37905', 'trn_loss0': '0.23691'}
Epoch 266: {'val_loss': '0.25383', 'g0': '0.01705', 'g1': '0.03612', 'flip_r': '0.02483', 'pmean': '0.08918', 'trn_auc': '0.91054', 'val_auc': '0.79093', 'tst_auc': '0.77167', 'trn_aps': '0.65409', 'val_aps': '0.39917', 'tst_aps': '0.38458', 'trn_loss0': '0.23049'}
Epoch 267: {'val_loss': '0.25393', 'g0': '0.01719', 'g1': '0.03598', 'flip_r': '0.02332', 'pmean': '0.08686', 'trn_auc': '0.91357', 'val_auc': '0.79042', 'tst_auc': '0.77081', 'trn_aps': '0.65991', 'val_aps': '0.40288', 'tst_aps': '0.37527', 'trn_loss0': '0.23760'}
Epoch 268: {'val_loss': '0.25534', 'g0': '0.01733', 'g1': '0.03584', 'flip_r': '0.02182', 'pmean': '0.08682', 'trn_auc': '0.91417', 'val_auc': '0.78203', 'tst_auc': '0.76613', 'trn_aps': '0.65685', 'val_aps': '0.39725', 'tst_aps': '0.37561', 'trn_loss0': '0.23131'}
Epoch 00269: reducing learning rate of group 0 to 3.9063e-06.
Epoch 269: {'val_loss': '0.25433', 'g0': '0.01716', 'g1': '0.03601', 'flip_r': '0.02088', 'pmean': '0.08792', 'trn_auc': '0.91291', 'val_auc': '0.78982', 'tst_auc': '0.77115', 'trn_aps': '0.65867', 'val_aps': '0.40288', 'tst_aps': '0.37391', 'trn_loss0': '0.23119'}
Epoch 270: {'val_loss': '0.25496', 'g0': '0.01757', 'g1': '0.03560', 'flip_r': '0.02088', 'pmean': '0.08764', 'trn_auc': '0.91363', 'val_auc': '0.78330', 'tst_auc': '0.76790', 'trn_aps': '0.65740', 'val_aps': '0.39750', 'tst_aps': '0.37450', 'trn_loss0': '0.22756'}
Epoch 271: {'val_loss': '0.25526', 'g0': '0.01765', 'g1': '0.03552', 'flip_r': '0.01542', 'pmean': '0.08453', 'trn_auc': '0.91510', 'val_auc': '0.78596', 'tst_auc': '0.76980', 'trn_aps': '0.65812', 'val_aps': '0.39665', 'tst_aps': '0.37576', 'trn_loss0': '0.23314'}
Epoch 272: {'val_loss': '0.25462', 'g0': '0.01796', 'g1': '0.03521', 'flip_r': '0.01448', 'pmean': '0.08556', 'trn_auc': '0.91673', 'val_auc': '0.78736', 'tst_auc': '0.77000', 'trn_aps': '0.65868', 'val_aps': '0.40244', 'tst_aps': '0.37485', 'trn_loss0': '0.23219'}
Epoch 273: {'val_loss': '0.25328', 'g0': '0.01743', 'g1': '0.03574', 'flip_r': '0.02276', 'pmean': '0.08720', 'trn_auc': '0.91676', 'val_auc': '0.79273', 'tst_auc': '0.77281', 'trn_aps': '0.66113', 'val_aps': '0.40605', 'tst_aps': '0.37316', 'trn_loss0': '0.23308'}
Epoch 274: {'val_loss': '0.25375', 'g0': '0.01702', 'g1': '0.03615', 'flip_r': '0.01862', 'pmean': '0.09062', 'trn_auc': '0.91132', 'val_auc': '0.79330', 'tst_auc': '0.77236', 'trn_aps': '0.65167', 'val_aps': '0.39659', 'tst_aps': '0.37600', 'trn_loss0': '0.23087'}
Epoch 00275: reducing learning rate of group 0 to 1.9531e-06.
Epoch 275: {'val_loss': '0.25295', 'g0': '0.01666', 'g1': '0.03651', 'flip_r': '0.01241', 'pmean': '0.09384', 'trn_auc': '0.91125', 'val_auc': '0.79107', 'tst_auc': '0.77232', 'trn_aps': '0.65670', 'val_aps': '0.40220', 'tst_aps': '0.38325', 'trn_loss0': '0.23179'}
Epoch 276: {'val_loss': '0.25253', 'g0': '0.01702', 'g1': '0.03615', 'flip_r': '0.01617', 'pmean': '0.09081', 'trn_auc': '0.91585', 'val_auc': '0.79292', 'tst_auc': '0.77205', 'trn_aps': '0.66375', 'val_aps': '0.40458', 'tst_aps': '0.37874', 'trn_loss0': '0.24006'}
Epoch 277: {'val_loss': '0.25313', 'g0': '0.01700', 'g1': '0.03617', 'flip_r': '0.01768', 'pmean': '0.09253', 'trn_auc': '0.90990', 'val_auc': '0.79110', 'tst_auc': '0.77067', 'trn_aps': '0.65564', 'val_aps': '0.39908', 'tst_aps': '0.38597', 'trn_loss0': '0.23954'}
Epoch 278: {'val_loss': '0.25414', 'g0': '0.01678', 'g1': '0.03639', 'flip_r': '0.02257', 'pmean': '0.09041', 'trn_auc': '0.91069', 'val_auc': '0.79093', 'tst_auc': '0.76954', 'trn_aps': '0.65442', 'val_aps': '0.40488', 'tst_aps': '0.37747', 'trn_loss0': '0.23334'}
Epoch 279: {'val_loss': '0.25392', 'g0': '0.01711', 'g1': '0.03606', 'flip_r': '0.01975', 'pmean': '0.08798', 'trn_auc': '0.91562', 'val_auc': '0.78581', 'tst_auc': '0.76959', 'trn_aps': '0.65908', 'val_aps': '0.40157', 'tst_aps': '0.37973', 'trn_loss0': '0.22978'}
Epoch 280: {'val_loss': '0.25291', 'g0': '0.01694', 'g1': '0.03623', 'flip_r': '0.01824', 'pmean': '0.08960', 'trn_auc': '0.91386', 'val_auc': '0.79234', 'tst_auc': '0.77321', 'trn_aps': '0.66155', 'val_aps': '0.40656', 'tst_aps': '0.37726', 'trn_loss0': '0.23266'}
Epoch 00281: reducing learning rate of group 0 to 9.7656e-07.
Epoch 281: {'val_loss': '0.25269', 'g0': '0.01740', 'g1': '0.03577', 'flip_r': '0.01580', 'pmean': '0.08856', 'trn_auc': '0.91757', 'val_auc': '0.78666', 'tst_auc': '0.77419', 'trn_aps': '0.66478', 'val_aps': '0.40161', 'tst_aps': '0.38180', 'trn_loss0': '0.23846'}
Epoch 282: {'val_loss': '0.25428', 'g0': '0.01744', 'g1': '0.03573', 'flip_r': '0.00752', 'pmean': '0.08766', 'trn_auc': '0.91508', 'val_auc': '0.78410', 'tst_auc': '0.77146', 'trn_aps': '0.66012', 'val_aps': '0.39747', 'tst_aps': '0.37919', 'trn_loss0': '0.22542'}
Epoch 283: {'val_loss': '0.25583', 'g0': '0.01746', 'g1': '0.03571', 'flip_r': '0.01166', 'pmean': '0.08555', 'trn_auc': '0.91359', 'val_auc': '0.78203', 'tst_auc': '0.76980', 'trn_aps': '0.65723', 'val_aps': '0.39673', 'tst_aps': '0.37518', 'trn_loss0': '0.22953'}
Epoch 284: {'val_loss': '0.25506', 'g0': '0.01691', 'g1': '0.03626', 'flip_r': '0.01260', 'pmean': '0.08773', 'trn_auc': '0.91292', 'val_auc': '0.78351', 'tst_auc': '0.77090', 'trn_aps': '0.65673', 'val_aps': '0.39983', 'tst_aps': '0.37901', 'trn_loss0': '0.22997'}
Epoch 285: {'val_loss': '0.25263', 'g0': '0.01803', 'g1': '0.03514', 'flip_r': '0.03423', 'pmean': '0.08708', 'trn_auc': '0.91383', 'val_auc': '0.79704', 'tst_auc': '0.77680', 'trn_aps': '0.65891', 'val_aps': '0.40660', 'tst_aps': '0.37627', 'trn_loss0': '0.23399'}
Epoch 286: {'val_loss': '0.25184', 'g0': '0.01753', 'g1': '0.03564', 'flip_r': '0.01241', 'pmean': '0.08978', 'trn_auc': '0.91560', 'val_auc': '0.79515', 'tst_auc': '0.77590', 'trn_aps': '0.66147', 'val_aps': '0.40310', 'tst_aps': '0.38204', 'trn_loss0': '0.23747'}
Epoch 00287: reducing learning rate of group 0 to 4.8828e-07.
Epoch 287: {'val_loss': '0.25180', 'g0': '0.01721', 'g1': '0.03596', 'flip_r': '0.01053', 'pmean': '0.09019', 'trn_auc': '0.91541', 'val_auc': '0.79519', 'tst_auc': '0.77568', 'trn_aps': '0.65902', 'val_aps': '0.40375', 'tst_aps': '0.38292', 'trn_loss0': '0.23826'}
training time elapsed 193.32s
Evaluating model in ./lightning_logs/jv19vosj/checkpoints/epoch=262-step=2367.ckpt
  0%|          | 0/1 [00:00<?, ?it/s]100%|██████████| 1/1 [00:00<00:00, 44.87it/s]
{'final_trn/auc': '0.91859', 'final_trn/aps': '0.64757', 'final_trn/mf1': '0.80658', 'final_trn/th1': '0.20902', 'final_trn/gme': '0.84616', 'final_trn/th2': '0.10809', 'final_trn/rec': '0.66964', 'final_trn/pre': '0.63559'}
{'final_val/auc': '0.77775', 'final_val/aps': '0.35979', 'final_val/mf1': '0.69839', 'final_val/th1': '0.18208', 'final_val/gme': '0.70996', 'final_val/th2': '0.08648', 'final_val/rec': '0.47748', 'final_val/pre': '0.43802'}
{'final_tst/auc': '0.77631', 'final_tst/aps': '0.38004', 'final_tst/mf1': '0.67019', 'final_tst/th1': '0.18208', 'final_tst/gme': '0.63463', 'final_tst/th2': '0.08648', 'final_tst/rec': '0.43750', 'final_tst/pre': '0.39200'}
wandb: Waiting for W&B process to finish... (success).
wandb: 
wandb: Run history:
wandb:               epoch ▁▁▁▁▂▂▂▂▂▃▃▃▃▃▃▄▄▄▄▄▅▅▅▅▅▅▆▆▆▆▆▇▇▇▇▇▇███
wandb:       final_trn/aps ▁
wandb:       final_trn/auc ▁
wandb:       final_trn/gme ▁
wandb:       final_trn/mf1 ▁
wandb:       final_trn/pre ▁
wandb:       final_trn/rec ▁
wandb:       final_trn/th1 ▁
wandb:       final_trn/th2 ▁
wandb:       final_tst/aps ▁
wandb:       final_tst/auc ▁
wandb:       final_tst/gme ▁
wandb:       final_tst/mf1 ▁
wandb:       final_tst/pre ▁
wandb:       final_tst/rec ▁
wandb:       final_tst/th1 ▁
wandb:       final_tst/th2 ▁
wandb:       final_val/aps ▁
wandb:       final_val/auc ▁
wandb:       final_val/gme ▁
wandb:       final_val/mf1 ▁
wandb:       final_val/pre ▁
wandb:       final_val/rec ▁
wandb:       final_val/th1 ▁
wandb:       final_val/th2 ▁
wandb:              flip_r ▁▂▁▁▁▁▁▁▁▁▁▁▁▂▂▂▄▄▅▄▅▄▃▅▅█▄▄▅▄▃▄▅▆▄▃▆▄▄▃
wandb:                  g0 ▁▁▁▁▁▁▁▁▁▁▁▁▁▁▁▁▂▂▃▃▄▅▅▆▆▇▇▇█▇▇█████████
wandb:                  g1 ████████████████▇▇▆▆▅▄▄▃▃▂▂▂▁▂▂▁▁▁▁▁▁▁▁▁
wandb:               pmean █▃▂▁▂▂▂▂▁▂▂▂▂▂▂▁▁▁▁▁▁▁▁▁▁▁▁▁▁▁▁▁▁▁▁▁▁▁▁▁
wandb: trainer/global_step ▁▁▁▁▂▂▂▂▂▃▃▃▃▃▃▄▄▄▄▄▅▅▅▅▅▅▆▆▆▆▆▇▇▇▇▇▇███
wandb:             trn_aps ▁▁▁▁▁▁▁▁▁▂▂▂▂▂▂▃▃▃▄▄▅▅▆▆▇▇▇▇████████████
wandb:             trn_auc ▁▁▂▂▂▃▃▃▃▄▄▄▄▅▅▅▅▆▆▆▇▇▇▇▇▇██████████████
wandb:           trn_loss0 █▄▃▃▃▃▃▃▃▃▃▃▃▃▃▃▃▂▂▂▂▂▂▂▂▂▁▁▁▁▁▁▁▁▁▁▁▁▁▁
wandb:             tst_aps ▁▁▁▁▂▂▂▂▂▂▂▂▃▃▃▄▄▄▅▅▆▆▆▇▇▇▇▇████████████
wandb:             tst_auc ▂▁▂▂▂▃▃▃▃▄▄▄▅▅▅▆▆▇▇▇▇▇██████████████████
wandb:        unclear_down ▁
wandb:          unclear_up ▁
wandb:             val_aps ▁▂▂▂▂▃▂▂▂▃▃▃▄▄▄▄▅▅▆▇█▇▇▇▇███████████████
wandb:             val_auc ▁▂▃▃▃▄▄▄▄▅▅▅▆▆▆▆▇▇▇▇▇▇██████████████████
wandb:            val_loss █▄▄▄▃▃▃▃▃▃▃▃▃▃▃▃▂▂▂▂▂▂▂▂▁▁▁▁▁▁▁▁▁▁▁▁▁▁▁▁
wandb: 
wandb: Run summary:
wandb:               epoch 287
wandb:       final_trn/aps 0.64757
wandb:       final_trn/auc 0.91859
wandb:       final_trn/gme 0.84616
wandb:       final_trn/mf1 0.80658
wandb:       final_trn/pre 0.63559
wandb:       final_trn/rec 0.66964
wandb:       final_trn/th1 0.20902
wandb:       final_trn/th2 0.10809
wandb:       final_tst/aps 0.38004
wandb:       final_tst/auc 0.77631
wandb:       final_tst/gme 0.63463
wandb:       final_tst/mf1 0.67019
wandb:       final_tst/pre 0.392
wandb:       final_tst/rec 0.4375
wandb:       final_tst/th1 0.18208
wandb:       final_tst/th2 0.08648
wandb:       final_val/aps 0.35979
wandb:       final_val/auc 0.77775
wandb:       final_val/gme 0.70996
wandb:       final_val/mf1 0.69839
wandb:       final_val/pre 0.43802
wandb:       final_val/rec 0.47748
wandb:       final_val/th1 0.18208
wandb:       final_val/th2 0.08648
wandb:              flip_r 0.01053
wandb:                  g0 0.01721
wandb:                  g1 0.03596
wandb:               pmean 0.09019
wandb: trainer/global_step 2591
wandb:             trn_aps 0.65902
wandb:             trn_auc 0.91541
wandb:           trn_loss0 0.23826
wandb:             tst_aps 0.38292
wandb:             tst_auc 0.77568
wandb:        unclear_down 0.025
wandb:          unclear_up 0.025
wandb:             val_aps 0.40375
wandb:             val_auc 0.79519
wandb:            val_loss 0.2518
wandb: 
wandb: You can sync this run to the cloud by running:
wandb: wandb sync /workspace/COMP8851-fraud-dataset-analysis/models/dga-gnn/dga_gnn_upstream/code/wandb/offline-run-20260916_091602-jv19vosj
wandb: Find logs at: ./wandb/offline-run-20260916_091602-jv19vosj/logs
==============================
==============================
