=== Run: splitgnn_tsocial_unified_tr30_seed42_a6000_20260919T063930Z ===
Result dir: /workspace/splitgnn_vast/results/splitgnn/tsocial/unified/tr30/seed_42
Split overlap checks: PASSED
train=260148 valid=173432 test=346864
Model source commit: 32fbdb836781d5c02523844a7079425f89be8831
Config SHA256: a30bab7e5520e3ca8e2f2689d1f4aa2ef5c6bd43c833b390ac77f3084387306c
Split SHA256: 197cd8a496ca269cfa2affeea08837bb97bc55181f878b36cc724036ba6d001b
epoch 0: loss=1.7204 val_auprc=0.0582 val_auc=0.7148 val_f1_macro=0.4923 (best_epoch=0, best_auprc=0.0582)
epoch 1: loss=1.7076 val_auprc=0.1091 val_auc=0.7839 val_f1_macro=0.4923 (best_epoch=1, best_auprc=0.1091)
epoch 2: loss=1.7004 val_auprc=0.1725 val_auc=0.8028 val_f1_macro=0.4923 (best_epoch=2, best_auprc=0.1725)
epoch 3: loss=1.6947 val_auprc=0.2081 val_auc=0.8097 val_f1_macro=0.4923 (best_epoch=3, best_auprc=0.2081)
epoch 4: loss=1.6886 val_auprc=0.2099 val_auc=0.8073 val_f1_macro=0.4961 (best_epoch=4, best_auprc=0.2099)
epoch 5: loss=1.6814 val_auprc=0.2249 val_auc=0.8097 val_f1_macro=0.6080 (best_epoch=5, best_auprc=0.2249)
epoch 6: loss=1.6726 val_auprc=0.2331 val_auc=0.8114 val_f1_macro=0.5502 (best_epoch=6, best_auprc=0.2331)
epoch 7: loss=1.6629 val_auprc=0.2374 val_auc=0.8120 val_f1_macro=0.4146 (best_epoch=7, best_auprc=0.2374)
epoch 8: loss=1.6521 val_auprc=0.2394 val_auc=0.8116 val_f1_macro=0.3588 (best_epoch=8, best_auprc=0.2394)
epoch 9: loss=1.6387 val_auprc=0.2398 val_auc=0.8108 val_f1_macro=0.3550 (best_epoch=9, best_auprc=0.2398)
epoch 10: loss=1.6255 val_auprc=0.2393 val_auc=0.8099 val_f1_macro=0.3755 (best_epoch=9, best_auprc=0.2398)
epoch 11: loss=1.6086 val_auprc=0.2376 val_auc=0.8088 val_f1_macro=0.4054 (best_epoch=9, best_auprc=0.2398)
epoch 12: loss=1.5884 val_auprc=0.2352 val_auc=0.8079 val_f1_macro=0.4349 (best_epoch=9, best_auprc=0.2398)
epoch 13: loss=1.5683 val_auprc=0.2331 val_auc=0.8071 val_f1_macro=0.4553 (best_epoch=9, best_auprc=0.2398)
epoch 14: loss=1.5426 val_auprc=0.2316 val_auc=0.8060 val_f1_macro=0.4686 (best_epoch=9, best_auprc=0.2398)
epoch 15: loss=1.5211 val_auprc=0.2308 val_auc=0.8052 val_f1_macro=0.4776 (best_epoch=9, best_auprc=0.2398)
epoch 16: loss=1.4952 val_auprc=0.2314 val_auc=0.8048 val_f1_macro=0.4837 (best_epoch=9, best_auprc=0.2398)
epoch 17: loss=1.4776 val_auprc=0.2328 val_auc=0.8048 val_f1_macro=0.4877 (best_epoch=9, best_auprc=0.2398)
epoch 18: loss=1.4654 val_auprc=0.2348 val_auc=0.8056 val_f1_macro=0.4908 (best_epoch=9, best_auprc=0.2398)
epoch 19: loss=1.4458 val_auprc=0.2373 val_auc=0.8073 val_f1_macro=0.4943 (best_epoch=9, best_auprc=0.2398)
epoch 20: loss=1.4311 val_auprc=0.2415 val_auc=0.8107 val_f1_macro=0.4953 (best_epoch=20, best_auprc=0.2415)
epoch 21: loss=1.4215 val_auprc=0.2465 val_auc=0.8149 val_f1_macro=0.4962 (best_epoch=21, best_auprc=0.2465)
epoch 22: loss=1.4059 val_auprc=0.2512 val_auc=0.8189 val_f1_macro=0.4971 (best_epoch=22, best_auprc=0.2512)
epoch 23: loss=1.3878 val_auprc=0.2555 val_auc=0.8225 val_f1_macro=0.4978 (best_epoch=23, best_auprc=0.2555)
epoch 24: loss=1.3710 val_auprc=0.2583 val_auc=0.8251 val_f1_macro=0.4988 (best_epoch=24, best_auprc=0.2583)
epoch 25: loss=1.3483 val_auprc=0.2606 val_auc=0.8272 val_f1_macro=0.4990 (best_epoch=25, best_auprc=0.2606)
epoch 26: loss=1.3283 val_auprc=0.2625 val_auc=0.8288 val_f1_macro=0.4978 (best_epoch=26, best_auprc=0.2625)
epoch 27: loss=1.3179 val_auprc=0.2643 val_auc=0.8302 val_f1_macro=0.4975 (best_epoch=27, best_auprc=0.2643)
epoch 28: loss=1.3086 val_auprc=0.2658 val_auc=0.8317 val_f1_macro=0.5005 (best_epoch=28, best_auprc=0.2658)
epoch 29: loss=1.2990 val_auprc=0.2675 val_auc=0.8333 val_f1_macro=0.5042 (best_epoch=29, best_auprc=0.2675)
epoch 30: loss=1.2804 val_auprc=0.2692 val_auc=0.8351 val_f1_macro=0.5072 (best_epoch=30, best_auprc=0.2692)
epoch 31: loss=1.2718 val_auprc=0.2705 val_auc=0.8365 val_f1_macro=0.5069 (best_epoch=31, best_auprc=0.2705)
epoch 32: loss=1.2618 val_auprc=0.2718 val_auc=0.8379 val_f1_macro=0.5039 (best_epoch=32, best_auprc=0.2718)
epoch 33: loss=1.2533 val_auprc=0.2731 val_auc=0.8393 val_f1_macro=0.4993 (best_epoch=33, best_auprc=0.2731)
epoch 34: loss=1.2433 val_auprc=0.2741 val_auc=0.8402 val_f1_macro=0.4932 (best_epoch=34, best_auprc=0.2741)
epoch 35: loss=1.2397 val_auprc=0.2752 val_auc=0.8411 val_f1_macro=0.4912 (best_epoch=35, best_auprc=0.2752)
epoch 36: loss=1.2270 val_auprc=0.2761 val_auc=0.8418 val_f1_macro=0.4922 (best_epoch=36, best_auprc=0.2761)
epoch 37: loss=1.2219 val_auprc=0.2770 val_auc=0.8426 val_f1_macro=0.4952 (best_epoch=37, best_auprc=0.2770)
epoch 38: loss=1.2152 val_auprc=0.2780 val_auc=0.8436 val_f1_macro=0.4993 (best_epoch=38, best_auprc=0.2780)
epoch 39: loss=1.2184 val_auprc=0.2791 val_auc=0.8445 val_f1_macro=0.5021 (best_epoch=39, best_auprc=0.2791)
epoch 40: loss=1.2040 val_auprc=0.2802 val_auc=0.8456 val_f1_macro=0.5006 (best_epoch=40, best_auprc=0.2802)
epoch 41: loss=1.2000 val_auprc=0.2813 val_auc=0.8464 val_f1_macro=0.4960 (best_epoch=41, best_auprc=0.2813)
epoch 42: loss=1.1931 val_auprc=0.2824 val_auc=0.8473 val_f1_macro=0.4904 (best_epoch=42, best_auprc=0.2824)
epoch 43: loss=1.1945 val_auprc=0.2839 val_auc=0.8485 val_f1_macro=0.4877 (best_epoch=43, best_auprc=0.2839)
epoch 44: loss=1.1846 val_auprc=0.2856 val_auc=0.8497 val_f1_macro=0.4883 (best_epoch=44, best_auprc=0.2856)
epoch 45: loss=1.1752 val_auprc=0.2874 val_auc=0.8507 val_f1_macro=0.4902 (best_epoch=45, best_auprc=0.2874)
epoch 46: loss=1.1745 val_auprc=0.2892 val_auc=0.8515 val_f1_macro=0.4928 (best_epoch=46, best_auprc=0.2892)
epoch 47: loss=1.1693 val_auprc=0.2911 val_auc=0.8522 val_f1_macro=0.4955 (best_epoch=47, best_auprc=0.2911)
epoch 48: loss=1.1677 val_auprc=0.2930 val_auc=0.8529 val_f1_macro=0.4983 (best_epoch=48, best_auprc=0.2930)
epoch 49: loss=1.1701 val_auprc=0.2951 val_auc=0.8536 val_f1_macro=0.5015 (best_epoch=49, best_auprc=0.2951)
epoch 50: loss=1.1565 val_auprc=0.2975 val_auc=0.8547 val_f1_macro=0.5019 (best_epoch=50, best_auprc=0.2975)
epoch 51: loss=1.1530 val_auprc=0.2999 val_auc=0.8558 val_f1_macro=0.5007 (best_epoch=51, best_auprc=0.2999)
epoch 52: loss=1.1512 val_auprc=0.3022 val_auc=0.8570 val_f1_macro=0.4995 (best_epoch=52, best_auprc=0.3022)
epoch 53: loss=1.1584 val_auprc=0.3048 val_auc=0.8586 val_f1_macro=0.5021 (best_epoch=53, best_auprc=0.3048)
epoch 54: loss=1.1553 val_auprc=0.3073 val_auc=0.8601 val_f1_macro=0.5066 (best_epoch=54, best_auprc=0.3073)
epoch 55: loss=1.1461 val_auprc=0.3095 val_auc=0.8615 val_f1_macro=0.5114 (best_epoch=55, best_auprc=0.3095)
epoch 56: loss=1.1449 val_auprc=0.3112 val_auc=0.8629 val_f1_macro=0.5154 (best_epoch=56, best_auprc=0.3112)
epoch 57: loss=1.1421 val_auprc=0.3130 val_auc=0.8642 val_f1_macro=0.5178 (best_epoch=57, best_auprc=0.3130)
epoch 58: loss=1.1420 val_auprc=0.3150 val_auc=0.8655 val_f1_macro=0.5193 (best_epoch=58, best_auprc=0.3150)
epoch 59: loss=1.1343 val_auprc=0.3173 val_auc=0.8669 val_f1_macro=0.5186 (best_epoch=59, best_auprc=0.3173)
epoch 60: loss=1.1370 val_auprc=0.3200 val_auc=0.8685 val_f1_macro=0.5181 (best_epoch=60, best_auprc=0.3200)
epoch 61: loss=1.1258 val_auprc=0.3226 val_auc=0.8699 val_f1_macro=0.5154 (best_epoch=61, best_auprc=0.3226)
epoch 62: loss=1.1296 val_auprc=0.3248 val_auc=0.8711 val_f1_macro=0.5123 (best_epoch=62, best_auprc=0.3248)
epoch 63: loss=1.1303 val_auprc=0.3272 val_auc=0.8722 val_f1_macro=0.5119 (best_epoch=63, best_auprc=0.3272)
epoch 64: loss=1.1245 val_auprc=0.3297 val_auc=0.8732 val_f1_macro=0.5118 (best_epoch=64, best_auprc=0.3297)
epoch 65: loss=1.1155 val_auprc=0.3327 val_auc=0.8742 val_f1_macro=0.5098 (best_epoch=65, best_auprc=0.3327)
epoch 66: loss=1.1164 val_auprc=0.3360 val_auc=0.8752 val_f1_macro=0.5055 (best_epoch=66, best_auprc=0.3360)
epoch 67: loss=1.1221 val_auprc=0.3394 val_auc=0.8762 val_f1_macro=0.5039 (best_epoch=67, best_auprc=0.3394)
epoch 68: loss=1.1164 val_auprc=0.3430 val_auc=0.8772 val_f1_macro=0.5090 (best_epoch=68, best_auprc=0.3430)
epoch 69: loss=1.1166 val_auprc=0.3464 val_auc=0.8780 val_f1_macro=0.5134 (best_epoch=69, best_auprc=0.3464)
epoch 70: loss=1.1111 val_auprc=0.3493 val_auc=0.8790 val_f1_macro=0.5128 (best_epoch=70, best_auprc=0.3493)
epoch 71: loss=1.1080 val_auprc=0.3511 val_auc=0.8797 val_f1_macro=0.5105 (best_epoch=71, best_auprc=0.3511)
epoch 72: loss=1.1168 val_auprc=0.3534 val_auc=0.8808 val_f1_macro=0.5146 (best_epoch=72, best_auprc=0.3534)
epoch 73: loss=1.1155 val_auprc=0.3574 val_auc=0.8824 val_f1_macro=0.5272 (best_epoch=73, best_auprc=0.3574)
epoch 74: loss=1.1113 val_auprc=0.3610 val_auc=0.8837 val_f1_macro=0.5362 (best_epoch=74, best_auprc=0.3610)
epoch 75: loss=1.1056 val_auprc=0.3627 val_auc=0.8846 val_f1_macro=0.5293 (best_epoch=75, best_auprc=0.3627)
epoch 76: loss=1.1092 val_auprc=0.3648 val_auc=0.8854 val_f1_macro=0.5249 (best_epoch=76, best_auprc=0.3648)
epoch 77: loss=1.1087 val_auprc=0.3687 val_auc=0.8867 val_f1_macro=0.5335 (best_epoch=77, best_auprc=0.3687)
epoch 78: loss=1.1078 val_auprc=0.3723 val_auc=0.8876 val_f1_macro=0.5408 (best_epoch=78, best_auprc=0.3723)
epoch 79: loss=1.1030 val_auprc=0.3740 val_auc=0.8884 val_f1_macro=0.5371 (best_epoch=79, best_auprc=0.3740)
epoch 80: loss=1.1036 val_auprc=0.3739 val_auc=0.8889 val_f1_macro=0.5246 (best_epoch=79, best_auprc=0.3740)
epoch 81: loss=1.1073 val_auprc=0.3765 val_auc=0.8902 val_f1_macro=0.5307 (best_epoch=81, best_auprc=0.3765)
epoch 82: loss=1.1048 val_auprc=0.3797 val_auc=0.8919 val_f1_macro=0.5414 (best_epoch=82, best_auprc=0.3797)
epoch 83: loss=1.1007 val_auprc=0.3807 val_auc=0.8931 val_f1_macro=0.5379 (best_epoch=83, best_auprc=0.3807)
epoch 84: loss=1.0962 val_auprc=0.3809 val_auc=0.8939 val_f1_macro=0.5269 (best_epoch=84, best_auprc=0.3809)
epoch 85: loss=1.1011 val_auprc=0.3820 val_auc=0.8948 val_f1_macro=0.5313 (best_epoch=85, best_auprc=0.3820)
epoch 86: loss=1.0978 val_auprc=0.3836 val_auc=0.8955 val_f1_macro=0.5416 (best_epoch=86, best_auprc=0.3836)
epoch 87: loss=1.1003 val_auprc=0.3851 val_auc=0.8960 val_f1_macro=0.5469 (best_epoch=87, best_auprc=0.3851)
epoch 88: loss=1.0892 val_auprc=0.3836 val_auc=0.8957 val_f1_macro=0.5282 (best_epoch=87, best_auprc=0.3851)
epoch 89: loss=1.0925 val_auprc=0.3848 val_auc=0.8962 val_f1_macro=0.5316 (best_epoch=87, best_auprc=0.3851)
epoch 90: loss=1.1025 val_auprc=0.3888 val_auc=0.8970 val_f1_macro=0.5512 (best_epoch=90, best_auprc=0.3888)
epoch 91: loss=1.0949 val_auprc=0.3905 val_auc=0.8974 val_f1_macro=0.5499 (best_epoch=91, best_auprc=0.3905)
epoch 92: loss=1.0868 val_auprc=0.3890 val_auc=0.8976 val_f1_macro=0.5289 (best_epoch=91, best_auprc=0.3905)
epoch 93: loss=1.0880 val_auprc=0.3898 val_auc=0.8982 val_f1_macro=0.5303 (best_epoch=91, best_auprc=0.3905)
epoch 94: loss=1.0918 val_auprc=0.3934 val_auc=0.8991 val_f1_macro=0.5535 (best_epoch=94, best_auprc=0.3934)
epoch 95: loss=1.0922 val_auprc=0.3940 val_auc=0.8994 val_f1_macro=0.5590 (best_epoch=95, best_auprc=0.3940)
epoch 96: loss=1.0875 val_auprc=0.3916 val_auc=0.8992 val_f1_macro=0.5389 (best_epoch=95, best_auprc=0.3940)
epoch 97: loss=1.0897 val_auprc=0.3923 val_auc=0.8996 val_f1_macro=0.5376 (best_epoch=95, best_auprc=0.3940)
epoch 98: loss=1.0823 val_auprc=0.3948 val_auc=0.9002 val_f1_macro=0.5502 (best_epoch=98, best_auprc=0.3948)
epoch 99: loss=1.0847 val_auprc=0.3964 val_auc=0.9006 val_f1_macro=0.5561 (best_epoch=99, best_auprc=0.3964)
Selected threshold (best val macro-F1): 0.85 (val F1=0.7142)
TEST metrics: {'auprc': 0.41525206854442587, 'auc': 0.9047108450503014, 'f1_macro': 0.7156185993863828, 'recall': 0.4337764177106245, 'threshold_used': 0.8500000000000001, 'best_epoch': 99}