**************** UNIFIED PC-GNN CONFIGURATION ****************
alpha                            -->   1
batch_size                       -->   256
checkpoint_metric                -->   validation_auprc
checkpoint_selection_note        -->   TR40 tuning trial; validation AUPRC checkpoint selection.
compatibility_only               -->   False
cuda_id                          -->   0
data_dir                         -->   /workspace/comp8851_pcgnn/source/PC-GNN-COMP8851-Instrumented/data/
data_name                        -->   tfinance
early_stopping_patience          -->   20
emb_size                         -->   128
evaluate_test                    -->   False
final_benchmark_result           -->   False
hardware_profile_id              -->   pcgnn-vast-a6000-instance-51121624-gpu0
lr                               -->   0.000351
mode                             -->   tune
model                            -->   PCGNN
multi_relation                   -->   GNN
no_cuda                          -->   False
num_epochs                       -->   100
optimizer                        -->   adam
results_dir                      -->   /workspace/comp8851_pcgnn/runs/pcgnn/tfinance/tuning_tr40
rho                              -->   0.65
run_mode                         -->   tune_tr40_trial_06
save_dir                         -->   ./pytorch_models/
seed                             -->   2
select_threshold_on_validation   -->   False
split_identity                   -->   team_frozen
split_path                       -->   /workspace/comp8851_pcgnn/source/PC-GNN-COMP8851-Instrumented/splits/team_frozen/tfinance_TR40_seed2.npz
split_seed                       -->   2
test_ratio                       -->   0.4
thres                            -->   0.5
threshold_note                   -->   Not used during tuning (evaluate_test=False); placeholder only.
track                            -->   unified
train_ratio                      -->   0.4
valid_epochs                     -->   1
weight_decay                     -->   1e-05
**************** UNIFIED PC-GNN CONFIGURATION ****************
Run on tfinance, positive/total: 1804/39357, train: 18891, validation: 7872, test IDs held out: 12594
Feature dimension: 10
Relations preserved: 3
/workspace/comp8851_pcgnn/source/PC-GNN-COMP8851-Instrumented/src/layers.py:84: UserWarning: The torch.cuda.*DtypeTensor constructors are no longer recommended. It's best to use methods such as torch.tensor(data, dtype=*, device='cuda') to create tensors. (Triggered internally at /pytorch/torch/csrc/tensor/python_tensor.cpp:78.)
  batch_features = self.features(torch.cuda.LongTensor(list(unique_nodes)))
Epoch 0 loss=1.339918 train=22.537469s validation=55.261722s val_AUPRC=0.717651 best=0.717651@0 stale=0
Epoch 1 loss=1.227158 train=23.780774s validation=42.138846s val_AUPRC=0.718460 best=0.718460@1 stale=0
Epoch 2 loss=1.143742 train=22.309948s validation=43.951047s val_AUPRC=0.718581 best=0.718581@2 stale=0
Epoch 3 loss=1.081080 train=24.602169s validation=55.645977s val_AUPRC=0.719671 best=0.719671@3 stale=0
Epoch 4 loss=1.036786 train=26.205477s validation=47.197023s val_AUPRC=0.720837 best=0.720837@4 stale=0
Epoch 5 loss=1.030614 train=26.270567s validation=57.048335s val_AUPRC=0.722127 best=0.722127@5 stale=0
Epoch 6 loss=0.995402 train=24.121378s validation=49.429525s val_AUPRC=0.723688 best=0.723688@6 stale=0
Epoch 7 loss=0.965807 train=26.445365s validation=64.587475s val_AUPRC=0.724943 best=0.724943@7 stale=0
Epoch 8 loss=0.962539 train=22.111128s validation=40.996198s val_AUPRC=0.726364 best=0.726364@8 stale=0
Epoch 9 loss=0.976410 train=26.373646s validation=41.289381s val_AUPRC=0.728163 best=0.728163@9 stale=0
Epoch 10 loss=0.956106 train=22.866672s validation=58.602344s val_AUPRC=0.730039 best=0.730039@10 stale=0
Epoch 11 loss=0.928761 train=22.699091s validation=38.270137s val_AUPRC=0.732213 best=0.732213@11 stale=0
Epoch 12 loss=0.900742 train=28.810597s validation=51.824318s val_AUPRC=0.733485 best=0.733485@12 stale=0
Epoch 13 loss=0.903712 train=26.219594s validation=50.939014s val_AUPRC=0.734120 best=0.734120@13 stale=0
Epoch 14 loss=0.883351 train=25.451309s validation=38.172036s val_AUPRC=0.734445 best=0.734445@14 stale=0
Epoch 15 loss=0.907103 train=22.344390s validation=66.701713s val_AUPRC=0.735110 best=0.735110@15 stale=0
Epoch 16 loss=0.880867 train=28.902188s validation=53.814227s val_AUPRC=0.735598 best=0.735598@16 stale=0
Epoch 17 loss=0.867944 train=30.102512s validation=59.551264s val_AUPRC=0.736070 best=0.736070@17 stale=0
Epoch 18 loss=0.857603 train=25.491795s validation=48.088037s val_AUPRC=0.736380 best=0.736380@18 stale=0
Epoch 19 loss=0.860142 train=26.291626s validation=67.959499s val_AUPRC=0.736776 best=0.736776@19 stale=0
Epoch 20 loss=0.876629 train=31.585430s validation=56.426388s val_AUPRC=0.736980 best=0.736980@20 stale=0
Epoch 21 loss=0.844746 train=27.283144s validation=46.543301s val_AUPRC=0.737663 best=0.737663@21 stale=0
Epoch 22 loss=0.851336 train=26.121076s validation=61.362094s val_AUPRC=0.738145 best=0.738145@22 stale=0
Epoch 23 loss=0.841524 train=28.371139s validation=44.960563s val_AUPRC=0.738370 best=0.738370@23 stale=0
Epoch 24 loss=0.838988 train=28.154346s validation=65.570557s val_AUPRC=0.739061 best=0.739061@24 stale=0
Epoch 25 loss=0.823888 train=27.427226s validation=53.465299s val_AUPRC=0.740181 best=0.740181@25 stale=0
Epoch 26 loss=0.805558 train=24.367005s validation=58.411479s val_AUPRC=0.741289 best=0.741289@26 stale=0
Epoch 27 loss=0.797830 train=26.034890s validation=50.202479s val_AUPRC=0.742067 best=0.742067@27 stale=0
Epoch 28 loss=0.801790 train=25.202572s validation=48.277934s val_AUPRC=0.742145 best=0.742145@28 stale=0
Epoch 29 loss=0.829780 train=29.189897s validation=58.440837s val_AUPRC=0.742710 best=0.742710@29 stale=0
Epoch 30 loss=0.812938 train=22.101064s validation=41.434344s val_AUPRC=0.743372 best=0.743372@30 stale=0
Epoch 31 loss=0.785873 train=26.814961s validation=64.468697s val_AUPRC=0.743016 best=0.743372@30 stale=1
Epoch 32 loss=0.772981 train=24.899753s validation=50.035677s val_AUPRC=0.743045 best=0.743372@30 stale=2
Epoch 33 loss=0.792488 train=25.672235s validation=46.775191s val_AUPRC=0.743524 best=0.743524@33 stale=0
Epoch 34 loss=0.784716 train=25.619465s validation=59.013814s val_AUPRC=0.743841 best=0.743841@34 stale=0
Epoch 35 loss=0.796526 train=23.865897s validation=46.321640s val_AUPRC=0.744482 best=0.744482@35 stale=0
Epoch 36 loss=0.760791 train=28.384712s validation=62.204988s val_AUPRC=0.744940 best=0.744940@36 stale=0
Epoch 37 loss=0.758566 train=25.831261s validation=54.865290s val_AUPRC=0.745251 best=0.745251@37 stale=0
Epoch 38 loss=0.739406 train=31.972143s validation=58.610877s val_AUPRC=0.745736 best=0.745736@38 stale=0
Epoch 39 loss=0.764141 train=24.080743s validation=40.985423s val_AUPRC=0.746585 best=0.746585@39 stale=0
Epoch 40 loss=0.753526 train=22.060759s validation=49.771223s val_AUPRC=0.747983 best=0.747983@40 stale=0
Epoch 41 loss=0.755582 train=25.945295s validation=63.505717s val_AUPRC=0.747960 best=0.747983@40 stale=1
Epoch 42 loss=0.740682 train=26.825291s validation=47.152852s val_AUPRC=0.748158 best=0.748158@42 stale=0
Epoch 43 loss=0.750893 train=26.153839s validation=61.910280s val_AUPRC=0.749382 best=0.749382@43 stale=0
Epoch 44 loss=0.742604 train=29.769853s validation=48.551068s val_AUPRC=0.749981 best=0.749981@44 stale=0
Epoch 45 loss=0.735481 train=30.600350s validation=65.832568s val_AUPRC=0.750131 best=0.750131@45 stale=0
Epoch 46 loss=0.743211 train=22.265435s validation=45.149203s val_AUPRC=0.751209 best=0.751209@46 stale=0
Epoch 47 loss=0.736079 train=29.922177s validation=41.703066s val_AUPRC=0.751619 best=0.751619@47 stale=0
Epoch 48 loss=0.744927 train=22.423793s validation=58.786139s val_AUPRC=0.752420 best=0.752420@48 stale=0
Epoch 49 loss=0.735545 train=22.179119s validation=38.486362s val_AUPRC=0.752547 best=0.752547@49 stale=0
Epoch 50 loss=0.733653 train=27.663203s validation=51.424764s val_AUPRC=0.752658 best=0.752658@50 stale=0
Epoch 51 loss=0.716061 train=26.247318s validation=40.595682s val_AUPRC=0.752188 best=0.752658@50 stale=1
Epoch 52 loss=0.704365 train=21.729134s validation=37.193637s val_AUPRC=0.751982 best=0.752658@50 stale=2
Epoch 53 loss=0.720090 train=20.863642s validation=50.905258s val_AUPRC=0.752208 best=0.752658@50 stale=3
Epoch 54 loss=0.712222 train=28.387737s validation=49.121750s val_AUPRC=0.752513 best=0.752658@50 stale=4
Epoch 55 loss=0.716129 train=30.324417s validation=61.604915s val_AUPRC=0.752574 best=0.752658@50 stale=5
