**************** UNIFIED PC-GNN CONFIGURATION ****************
alpha                            -->   2
batch_size                       -->   256
checkpoint_metric                -->   validation_auprc
checkpoint_selection_note        -->   Final benchmark run; validation AUPRC checkpoint selection.
compatibility_only               -->   False
cuda_id                          -->   0
data_dir                         -->   /workspace/comp8851_pcgnn/source/PC-GNN-COMP8851-Instrumented/data/
data_name                        -->   elliptic
early_stopping_patience          -->   20
emb_size                         -->   64
evaluate_test                    -->   True
final_benchmark_result           -->   True
hardware_profile_id              -->   pcgnn-vast-a6000-instance-51121624-gpu0
lr                               -->   0.001453
mode                             -->   final
model                            -->   PCGNN
multi_relation                   -->   GNN
no_cuda                          -->   False
num_epochs                       -->   100
optimizer                        -->   adam
results_dir                      -->   /workspace/comp8851_pcgnn/runs/pcgnn/elliptic/final
rho                              -->   0.56
run_mode                         -->   final_tr40
save_dir                         -->   ./pytorch_models/
seed                             -->   2
select_threshold_on_validation   -->   True
split_identity                   -->   team_frozen
split_path                       -->   /workspace/comp8851_pcgnn/source/PC-GNN-COMP8851-Instrumented/splits/team_frozen/elliptic_TR40_seed2.npz
split_seed                       -->   2
test_ratio                       -->   0.4
thres                            -->   0.5
threshold_note                   -->   Overridden by validation-selected threshold (select_threshold_on_validation=True).
track                            -->   unified
train_ratio                      -->   0.4
valid_epochs                     -->   1
weight_decay                     -->   1e-05
**************** UNIFIED PC-GNN CONFIGURATION ****************
Run on elliptic, positive/total: 4545/203769, train: 18889, validation: 10049, test IDs held out: 17626
Feature dimension: 166
Relations preserved: 3
/workspace/comp8851_pcgnn/source/PC-GNN-COMP8851-Instrumented/src/layers.py:84: UserWarning: The torch.cuda.*DtypeTensor constructors are no longer recommended. It's best to use methods such as torch.tensor(data, dtype=*, device='cuda') to create tensors. (Triggered internally at /pytorch/torch/csrc/tensor/python_tensor.cpp:78.)
  batch_features = self.features(torch.cuda.LongTensor(list(unique_nodes)))
Epoch 0 loss=1.998659 train=5.784698s validation=8.464638s val_AUPRC=0.431864 best=0.431864@0 stale=0
Epoch 1 loss=2.350384 train=5.390571s validation=8.851198s val_AUPRC=0.275559 best=0.431864@0 stale=1
Epoch 2 loss=2.081213 train=6.384962s validation=9.407657s val_AUPRC=0.310194 best=0.431864@0 stale=2
Epoch 3 loss=1.871201 train=6.196516s validation=7.040389s val_AUPRC=0.444656 best=0.444656@3 stale=0
Epoch 4 loss=1.825573 train=5.515974s validation=7.027154s val_AUPRC=0.497953 best=0.497953@4 stale=0
Epoch 5 loss=1.778273 train=7.206504s validation=7.547864s val_AUPRC=0.539041 best=0.539041@5 stale=0
Epoch 6 loss=1.799663 train=5.465557s validation=8.501647s val_AUPRC=0.464600 best=0.539041@5 stale=1
Epoch 7 loss=1.762363 train=6.395638s validation=8.753352s val_AUPRC=0.491695 best=0.539041@5 stale=2
Epoch 8 loss=1.741056 train=6.349175s validation=7.630013s val_AUPRC=0.508431 best=0.539041@5 stale=3
Epoch 9 loss=1.719224 train=5.052875s validation=7.925028s val_AUPRC=0.544958 best=0.544958@9 stale=0
Epoch 10 loss=1.681504 train=5.318409s validation=7.835092s val_AUPRC=0.547743 best=0.547743@10 stale=0
Epoch 11 loss=1.659138 train=5.417413s validation=7.057519s val_AUPRC=0.534939 best=0.547743@10 stale=1
Epoch 12 loss=1.644597 train=5.381512s validation=6.958212s val_AUPRC=0.477865 best=0.547743@10 stale=2
Epoch 13 loss=1.681413 train=5.293525s validation=6.926876s val_AUPRC=0.500967 best=0.547743@10 stale=3
Epoch 14 loss=1.621246 train=5.183804s validation=7.548085s val_AUPRC=0.503011 best=0.547743@10 stale=4
Epoch 15 loss=1.632512 train=9.157992s validation=6.990856s val_AUPRC=0.525673 best=0.547743@10 stale=5
Epoch 16 loss=1.585886 train=5.338059s validation=6.953358s val_AUPRC=0.551460 best=0.551460@16 stale=0
Epoch 17 loss=1.612758 train=5.212694s validation=6.809601s val_AUPRC=0.578266 best=0.578266@17 stale=0
Epoch 18 loss=1.560512 train=5.953300s validation=8.245673s val_AUPRC=0.569165 best=0.578266@17 stale=1
Epoch 19 loss=1.573782 train=5.395602s validation=7.218487s val_AUPRC=0.577034 best=0.578266@17 stale=2
Epoch 20 loss=1.544543 train=9.204104s validation=7.050717s val_AUPRC=0.561131 best=0.578266@17 stale=3
Epoch 21 loss=1.528196 train=5.440657s validation=6.942053s val_AUPRC=0.564237 best=0.578266@17 stale=4
Epoch 22 loss=1.544386 train=5.308953s validation=7.695145s val_AUPRC=0.573824 best=0.578266@17 stale=5
Epoch 23 loss=1.512614 train=5.517668s validation=7.507735s val_AUPRC=0.588882 best=0.588882@23 stale=0
Epoch 24 loss=1.546981 train=5.706383s validation=7.472601s val_AUPRC=0.582265 best=0.588882@23 stale=1
Epoch 25 loss=1.579452 train=6.810727s validation=7.494093s val_AUPRC=0.553307 best=0.588882@23 stale=2
Epoch 26 loss=1.638168 train=5.576838s validation=8.399201s val_AUPRC=0.541187 best=0.588882@23 stale=3
Epoch 27 loss=1.743708 train=5.722678s validation=7.463915s val_AUPRC=0.540012 best=0.588882@23 stale=4
Epoch 28 loss=1.542721 train=5.772043s validation=7.281751s val_AUPRC=0.572899 best=0.588882@23 stale=5
Epoch 29 loss=1.541369 train=5.352384s validation=6.995490s val_AUPRC=0.548064 best=0.588882@23 stale=6
Epoch 30 loss=1.526589 train=8.615625s validation=7.693749s val_AUPRC=0.587929 best=0.588882@23 stale=7
Epoch 31 loss=1.515066 train=5.295278s validation=7.003335s val_AUPRC=0.614257 best=0.614257@31 stale=0
Epoch 32 loss=1.534127 train=5.503655s validation=6.951198s val_AUPRC=0.619215 best=0.619215@32 stale=0
Epoch 33 loss=1.516571 train=5.288112s validation=6.945223s val_AUPRC=0.602457 best=0.619215@32 stale=1
Epoch 34 loss=1.474704 train=5.350282s validation=7.792168s val_AUPRC=0.584566 best=0.619215@32 stale=2
Epoch 35 loss=1.503306 train=6.527883s validation=10.411617s val_AUPRC=0.625717 best=0.625717@35 stale=0
Epoch 36 loss=1.499575 train=5.493036s validation=6.988141s val_AUPRC=0.602134 best=0.625717@35 stale=1
Epoch 37 loss=1.520542 train=5.262605s validation=6.945279s val_AUPRC=0.586082 best=0.625717@35 stale=2
Epoch 38 loss=1.535687 train=5.352070s validation=7.787479s val_AUPRC=0.627279 best=0.627279@38 stale=0
Epoch 39 loss=1.476867 train=5.322887s validation=6.999493s val_AUPRC=0.604989 best=0.627279@38 stale=1
Epoch 40 loss=1.477161 train=5.321333s validation=14.361374s val_AUPRC=0.615531 best=0.627279@38 stale=2
Epoch 41 loss=1.513782 train=7.534950s validation=6.905343s val_AUPRC=0.622158 best=0.627279@38 stale=3
Epoch 42 loss=1.455384 train=5.211081s validation=7.676186s val_AUPRC=0.603938 best=0.627279@38 stale=4
Epoch 43 loss=1.472627 train=5.393351s validation=7.052208s val_AUPRC=0.609034 best=0.627279@38 stale=5
Epoch 44 loss=1.452582 train=5.271262s validation=6.934751s val_AUPRC=0.605359 best=0.627279@38 stale=6
Epoch 45 loss=1.458359 train=5.216042s validation=6.953081s val_AUPRC=0.576190 best=0.627279@38 stale=7
Epoch 46 loss=1.474383 train=6.944361s validation=15.071222s val_AUPRC=0.581293 best=0.627279@38 stale=8
Epoch 47 loss=1.455287 train=5.291790s validation=7.611912s val_AUPRC=0.605423 best=0.627279@38 stale=9
Epoch 48 loss=1.470710 train=6.444135s validation=8.880092s val_AUPRC=0.600123 best=0.627279@38 stale=10
Epoch 49 loss=1.439010 train=6.522210s validation=8.352426s val_AUPRC=0.584894 best=0.627279@38 stale=11
Epoch 50 loss=1.468164 train=5.519353s validation=7.884401s val_AUPRC=0.602204 best=0.627279@38 stale=12
Epoch 51 loss=1.432604 train=8.124484s validation=15.207314s val_AUPRC=0.622559 best=0.627279@38 stale=13
Epoch 52 loss=1.435071 train=5.281160s validation=6.988752s val_AUPRC=0.583408 best=0.627279@38 stale=14
Epoch 53 loss=1.431084 train=5.450478s validation=7.058954s val_AUPRC=0.590520 best=0.627279@38 stale=15
Epoch 54 loss=1.421944 train=5.343345s validation=7.773840s val_AUPRC=0.628901 best=0.628901@54 stale=0
Epoch 55 loss=1.405810 train=5.258967s validation=7.038755s val_AUPRC=0.623083 best=0.628901@54 stale=1
Epoch 56 loss=1.420229 train=5.453856s validation=7.505708s val_AUPRC=0.607879 best=0.628901@54 stale=2
Epoch 57 loss=1.414663 train=5.248839s validation=6.964755s val_AUPRC=0.619355 best=0.628901@54 stale=3
Epoch 58 loss=1.399116 train=5.351537s validation=7.840667s val_AUPRC=0.624150 best=0.628901@54 stale=4
Epoch 59 loss=1.436445 train=5.328743s validation=6.918897s val_AUPRC=0.619008 best=0.628901@54 stale=5
Epoch 60 loss=1.420996 train=5.791224s validation=8.941883s val_AUPRC=0.616683 best=0.628901@54 stale=6
Epoch 61 loss=1.443208 train=6.427473s validation=16.457615s val_AUPRC=0.618523 best=0.628901@54 stale=7
Epoch 62 loss=1.419451 train=12.876774s validation=6.916383s val_AUPRC=0.604696 best=0.628901@54 stale=8
Epoch 63 loss=1.398947 train=5.148438s validation=7.007817s val_AUPRC=0.595899 best=0.628901@54 stale=9
Epoch 64 loss=1.508995 train=5.198067s validation=6.888739s val_AUPRC=0.509160 best=0.628901@54 stale=10
Epoch 65 loss=1.561894 train=5.157028s validation=6.856203s val_AUPRC=0.542601 best=0.628901@54 stale=11
Epoch 66 loss=1.494748 train=5.666506s validation=6.949182s val_AUPRC=0.539533 best=0.628901@54 stale=12
Epoch 67 loss=1.451322 train=5.154764s validation=11.032304s val_AUPRC=0.547398 best=0.628901@54 stale=13
Epoch 68 loss=1.756329 train=5.155048s validation=6.826823s val_AUPRC=0.348546 best=0.628901@54 stale=14
Epoch 69 loss=2.008416 train=5.093067s validation=6.873261s val_AUPRC=0.343493 best=0.628901@54 stale=15
Epoch 70 loss=1.597966 train=5.813288s validation=7.006855s val_AUPRC=0.471513 best=0.628901@54 stale=16
Epoch 71 loss=1.501571 train=5.180207s validation=6.896797s val_AUPRC=0.450020 best=0.628901@54 stale=17
Epoch 72 loss=1.442082 train=5.264704s validation=9.520386s val_AUPRC=0.474727 best=0.628901@54 stale=18
Epoch 73 loss=1.509044 train=6.488491s validation=9.494655s val_AUPRC=0.509375 best=0.628901@54 stale=19
Epoch 74 loss=1.611800 train=5.971486s validation=7.092451s val_AUPRC=0.580025 best=0.628901@54 stale=20
EARLY_STOPPING_TRIGGERED epoch=74
Restored validation-AUPRC checkpoint from epoch 54
VALIDATION_SELECTED AUPRC=0.628901 AUROC=0.812713 Macro-F1=0.793295 Fraud-F1=0.648505 G-Mean=0.754823 threshold=0.44
FINAL_TEST AUPRC=0.529402 AUROC=0.863835 Macro-F1=0.775528 Fraud-F1=0.576081 G-Mean=0.698210 threshold=0.44
Structured run artifacts: /workspace/comp8851_pcgnn/runs/pcgnn/elliptic/final/20260916T210536438906Z_elliptic_PCGNN_final_tr40_seed2
UNIFIED_RUN_STATUS=PASS
RUN_ID=20260916T210536438906Z_elliptic_PCGNN_final_tr40_seed2
TEST_ACCESSED=True
BEST_VALIDATION_EPOCH=54
BEST_VALIDATION_AUPRC=0.628900961913
VALIDATION_SELECTED_THRESHOLD=0.44
{"mode": "final", "run_id": "20260916T210536438906Z_elliptic_PCGNN_final_tr40_seed2", "status": "PASS", "test_accessed": true}
