=== Run: splitgnn_amazon_unified_tr40_seed72_a6000_20260917T231641Z ===
Result dir: /workspace/splitgnn_vast/results/splitgnn/amazon/unified/tr40/seed_72
Split overlap checks: PASSED
train=4778 valid=2389 test=4777
Model source commit: 32fbdb836781d5c02523844a7079425f89be8831
Config SHA256: 73bce08957ad408bc8fcc09b2a7c960834252eaa42ec22edb6c8df6997f0704d
Split SHA256: 194b49f7cac03b0081747e62cd5d422718e854d4350e200337c19b7663dca8dc
epoch 0: loss=1.7108 val_auprc=0.0881 val_auc=0.5832 val_f1_macro=0.0642 (best_epoch=0, best_auprc=0.0881)
epoch 1: loss=1.9128 val_auprc=0.0657 val_auc=0.4651 val_f1_macro=0.4822 (best_epoch=0, best_auprc=0.0881)
epoch 2: loss=1.6391 val_auprc=0.0722 val_auc=0.5090 val_f1_macro=0.4822 (best_epoch=0, best_auprc=0.0881)
epoch 3: loss=1.5651 val_auprc=0.1986 val_auc=0.7302 val_f1_macro=0.4822 (best_epoch=3, best_auprc=0.1986)
epoch 4: loss=1.4686 val_auprc=0.0642 val_auc=0.4930 val_f1_macro=0.4822 (best_epoch=3, best_auprc=0.1986)
epoch 5: loss=1.4309 val_auprc=0.0942 val_auc=0.5626 val_f1_macro=0.4822 (best_epoch=3, best_auprc=0.1986)
epoch 6: loss=1.3991 val_auprc=0.2560 val_auc=0.6951 val_f1_macro=0.4822 (best_epoch=6, best_auprc=0.2560)
epoch 7: loss=1.3716 val_auprc=0.2158 val_auc=0.7535 val_f1_macro=0.3466 (best_epoch=6, best_auprc=0.2560)
epoch 8: loss=1.3335 val_auprc=0.2449 val_auc=0.7590 val_f1_macro=0.3231 (best_epoch=6, best_auprc=0.2560)
epoch 9: loss=1.3019 val_auprc=0.2774 val_auc=0.7670 val_f1_macro=0.3331 (best_epoch=9, best_auprc=0.2774)
epoch 10: loss=1.2648 val_auprc=0.3242 val_auc=0.7741 val_f1_macro=0.3723 (best_epoch=10, best_auprc=0.3242)
epoch 11: loss=1.2347 val_auprc=0.3473 val_auc=0.7816 val_f1_macro=0.6113 (best_epoch=11, best_auprc=0.3473)
epoch 12: loss=1.1658 val_auprc=0.3335 val_auc=0.7849 val_f1_macro=0.6431 (best_epoch=11, best_auprc=0.3473)
epoch 13: loss=1.2724 val_auprc=0.3557 val_auc=0.7976 val_f1_macro=0.6618 (best_epoch=13, best_auprc=0.3557)
epoch 14: loss=1.1548 val_auprc=0.3915 val_auc=0.8073 val_f1_macro=0.7259 (best_epoch=14, best_auprc=0.3915)
epoch 15: loss=1.1849 val_auprc=0.3967 val_auc=0.8190 val_f1_macro=0.7005 (best_epoch=15, best_auprc=0.3967)
epoch 16: loss=1.1407 val_auprc=0.3866 val_auc=0.8100 val_f1_macro=0.6737 (best_epoch=15, best_auprc=0.3967)
epoch 17: loss=1.1407 val_auprc=0.4041 val_auc=0.8188 val_f1_macro=0.7054 (best_epoch=17, best_auprc=0.4041)
epoch 18: loss=1.1117 val_auprc=0.4141 val_auc=0.8311 val_f1_macro=0.7261 (best_epoch=18, best_auprc=0.4141)
epoch 19: loss=1.1145 val_auprc=0.4121 val_auc=0.8348 val_f1_macro=0.7006 (best_epoch=18, best_auprc=0.4141)
epoch 20: loss=1.1136 val_auprc=0.4089 val_auc=0.8390 val_f1_macro=0.6972 (best_epoch=18, best_auprc=0.4141)
epoch 21: loss=1.1022 val_auprc=0.4152 val_auc=0.8457 val_f1_macro=0.7019 (best_epoch=21, best_auprc=0.4152)
epoch 22: loss=1.0556 val_auprc=0.4122 val_auc=0.8368 val_f1_macro=0.7034 (best_epoch=21, best_auprc=0.4152)
epoch 23: loss=1.0471 val_auprc=0.4084 val_auc=0.8318 val_f1_macro=0.7074 (best_epoch=21, best_auprc=0.4152)
epoch 24: loss=1.0367 val_auprc=0.4120 val_auc=0.8390 val_f1_macro=0.6879 (best_epoch=21, best_auprc=0.4152)
epoch 25: loss=1.0346 val_auprc=0.4011 val_auc=0.8428 val_f1_macro=0.6487 (best_epoch=21, best_auprc=0.4152)
epoch 26: loss=1.2311 val_auprc=0.4304 val_auc=0.8463 val_f1_macro=0.7175 (best_epoch=26, best_auprc=0.4304)
epoch 27: loss=1.0823 val_auprc=0.4333 val_auc=0.8560 val_f1_macro=0.7071 (best_epoch=27, best_auprc=0.4333)
epoch 28: loss=1.0967 val_auprc=0.4593 val_auc=0.8609 val_f1_macro=0.6651 (best_epoch=28, best_auprc=0.4593)
epoch 29: loss=1.1030 val_auprc=0.4491 val_auc=0.8575 val_f1_macro=0.6394 (best_epoch=28, best_auprc=0.4593)
epoch 30: loss=1.1353 val_auprc=0.4248 val_auc=0.8575 val_f1_macro=0.6513 (best_epoch=28, best_auprc=0.4593)
epoch 31: loss=1.0376 val_auprc=0.4274 val_auc=0.8566 val_f1_macro=0.6706 (best_epoch=28, best_auprc=0.4593)
epoch 32: loss=1.0304 val_auprc=0.4250 val_auc=0.8545 val_f1_macro=0.6785 (best_epoch=28, best_auprc=0.4593)
epoch 33: loss=1.0282 val_auprc=0.4161 val_auc=0.8472 val_f1_macro=0.6599 (best_epoch=28, best_auprc=0.4593)
epoch 34: loss=1.0380 val_auprc=0.4124 val_auc=0.8465 val_f1_macro=0.6363 (best_epoch=28, best_auprc=0.4593)
epoch 35: loss=1.0522 val_auprc=0.4125 val_auc=0.8512 val_f1_macro=0.6226 (best_epoch=28, best_auprc=0.4593)
epoch 36: loss=1.0522 val_auprc=0.4156 val_auc=0.8547 val_f1_macro=0.6651 (best_epoch=28, best_auprc=0.4593)
epoch 37: loss=1.0359 val_auprc=0.4234 val_auc=0.8620 val_f1_macro=0.6873 (best_epoch=28, best_auprc=0.4593)
epoch 38: loss=1.0462 val_auprc=0.4293 val_auc=0.8646 val_f1_macro=0.6687 (best_epoch=28, best_auprc=0.4593)
epoch 39: loss=1.0365 val_auprc=0.4270 val_auc=0.8645 val_f1_macro=0.6237 (best_epoch=28, best_auprc=0.4593)
epoch 40: loss=1.0033 val_auprc=0.4287 val_auc=0.8656 val_f1_macro=0.5964 (best_epoch=28, best_auprc=0.4593)
epoch 41: loss=1.0507 val_auprc=0.4329 val_auc=0.8662 val_f1_macro=0.5999 (best_epoch=28, best_auprc=0.4593)
epoch 42: loss=1.0402 val_auprc=0.4327 val_auc=0.8641 val_f1_macro=0.6220 (best_epoch=28, best_auprc=0.4593)
epoch 43: loss=1.0195 val_auprc=0.4419 val_auc=0.8651 val_f1_macro=0.6542 (best_epoch=28, best_auprc=0.4593)
epoch 44: loss=1.0301 val_auprc=0.4447 val_auc=0.8659 val_f1_macro=0.6546 (best_epoch=28, best_auprc=0.4593)
epoch 45: loss=1.0012 val_auprc=0.4432 val_auc=0.8647 val_f1_macro=0.6330 (best_epoch=28, best_auprc=0.4593)
epoch 46: loss=0.9860 val_auprc=0.4421 val_auc=0.8632 val_f1_macro=0.6267 (best_epoch=28, best_auprc=0.4593)
epoch 47: loss=0.9804 val_auprc=0.4473 val_auc=0.8622 val_f1_macro=0.6404 (best_epoch=28, best_auprc=0.4593)
epoch 48: loss=0.9935 val_auprc=0.4524 val_auc=0.8625 val_f1_macro=0.6664 (best_epoch=28, best_auprc=0.4593)
Early stopping at epoch 48 (no improvement for 20 epochs)
Selected threshold (best val macro-F1): 0.90 (val F1=0.7349)
TEST metrics: {'auprc': 0.5325946041583143, 'auc': 0.8962078351397135, 'f1_macro': 0.7662543872334349, 'recall': 0.5274390243902439, 'threshold_used': 0.9000000000000001, 'best_epoch': 28}