/workspace/COMP8851-fraud-dataset-analysis/models/dga-gnn/dga_gnn_upstream/code
========================================
数据名称 yelpchi
总样本数: 45954
欺诈样本数: 6677
非欺诈样本数: 39277
欺诈样本占比: 14.53%
特征个数: 32

net_rsr边关系下的统计信息:
边的个数: 6805486
平均出度: 148.09
net_rtr边关系下的统计信息:
边的个数: 1147232
平均出度: 24.96
net_rur边关系下的统计信息:
边的个数: 98630
平均出度: 2.15

数据划分情况:
训练集: 18381 验证集: 9099 测试集: 18474
训练集: 40.00% 验证集: 19.80% 测试集: 40.20%
========================================
超参数设定：
dname: yelpchi
project: dga_reproduction
model: dga_bin
bin_encoding: true
n_head: 2
n_hidden: 64
p: 0.3
k: 32
z: 0.025
seed: 2
bs: 256
lr: 0.001
weight_decay: 0.0005
max_epochs: 2
patience: 25
usegpu: true
gpuid: 0
nowandb: true

n_etypes 3
n_classes 2
========================================
after bin_encoding： (45954, 742)
========================================
{'unclear_up': 0.025, 'unclear_down': 0.025}
GPU available: True (cuda), used: True
TPU available: False, using: 0 TPU cores
IPU available: False, using: 0 IPUs
HPU available: False, using: 0 HPUs
You are using a CUDA device ('NVIDIA RTX A6000') that has Tensor Cores. To properly utilize them, you should set `torch.set_float32_matmul_precision('medium' | 'high')` which will trade-off precision for performance. For more details, read https://pytorch.org/docs/stable/generated/torch.set_float32_matmul_precision.html#torch.set_float32_matmul_precision
LOCAL_RANK: 0 - CUDA_VISIBLE_DEVICES: [0]

  | Name | Type | Params
------------------------------
0 | dga  | DGA  | 148 K 
------------------------------
148 K     Trainable params
0         Non-trainable params
148 K     Total params
0.594     Total estimated model params size (MB)
Epoch 0: {'val_loss': '0.54015', 'g0': '0.00264', 'g1': '0.45690', 'flip_r': '0.00825', 'pmean': '0.27416', 'trn_auc': '0.45690', 'val_auc': '0.44119', 'tst_auc': '0.45637', 'trn_aps': '0.13765', 'val_aps': '0.12984', 'tst_aps': '0.13421', 'trn_loss0': '1.23727'}
Epoch 1: {'val_loss': '0.50699', 'g0': '0.00784', 'g1': '0.45170', 'flip_r': '0.01737', 'pmean': '0.16298', 'trn_auc': '0.44480', 'val_auc': '0.43687', 'tst_auc': '0.44718', 'trn_aps': '0.13318', 'val_aps': '0.12916', 'tst_aps': '0.13257', 'trn_loss0': '0.52152'}
`Trainer.fit` stopped: `max_epochs=2` reached.
training time elapsed 13.20s
Evaluating model in ./lightning_logs/1jva99gq/checkpoints/epoch=1-step=144.ckpt
  0%|          | 0/2 [00:00<?, ?it/s]100%|██████████| 2/2 [00:00<00:00, 18.59it/s]100%|██████████| 2/2 [00:00<00:00, 18.51it/s]
{'final_trn/auc': '0.41132', 'final_trn/aps': '0.11606', 'final_trn/mf1': '0.46379', 'final_trn/th1': '0.31270', 'final_trn/gme': '0.43943', 'final_trn/th2': '0.11379', 'final_trn/rec': '0.05466', 'final_trn/pre': '0.07381'}
{'final_val/auc': '0.40118', 'final_val/aps': '0.11469', 'final_val/mf1': '0.47027', 'final_val/th1': '0.37931', 'final_val/gme': '0.42323', 'final_val/th2': '0.09749', 'final_val/rec': '0.04085', 'final_val/pre': '0.08257'}
{'final_tst/auc': '0.42042', 'final_tst/aps': '0.11853', 'final_tst/mf1': '0.46700', 'final_tst/th1': '0.37931', 'final_tst/gme': '0.17652', 'final_tst/th2': '0.09749', 'final_tst/rec': '0.03353', 'final_tst/pre': '0.07457'}
==============================
==============================
