**************** MODEL CONFIGURATION ****************
alpha                    -->   2
batch_size               -->   256
cuda_id                  -->   0
data_dir                 -->   ./data/
data_name                -->   amazon
emb_size                 -->   64
lr                       -->   0.005
model                    -->   PCGNN
multi_relation           -->   GNN
no_cuda                  -->   False
num_epochs               -->   51
optimizer                -->   adam
results_dir              -->   ./results/unified/amazon/pcgnn/final/tr20/seed42
rho                      -->   0.2
run_mode                 -->   unified_final_amazon_tr20_kaggle_t4_seed42_rho0p2
save_dir                 -->   ./pytorch_models/
seed                     -->   42
split_path               -->   ./shared/splits/amazon/amazon_TR20_seed2.npz
test_ratio               -->   0.6666666666666666
thres                    -->   0.4
train_ratio              -->   0.2
valid_epochs             -->   5
weight_decay             -->   0.0005
**************** MODEL CONFIGURATION ****************
Run on amazon, postive/total num: 821.0/11944, train num 1727,valid num 1728, test num 3456, test positive num 329.0
Classification threshold: 0.4
Feature dimension: 25
Model: PCGNN, multi-relation aggregator: GNN, emb_size: 64.
/kaggle/working/pcgnn_clean_restart/PC-GNN-COMP8851-Instrumented/src/model_handler.py:258: UserWarning: The torch.cuda.*DtypeTensor constructors are no longer recommended. It's best to use methods such as torch.tensor(data, dtype=*, device='cuda') to create tensors. (Triggered internally at /pytorch/torch/csrc/tensor/python_tensor.cpp:78.)
  batch_loss = gnn_model.loss(batch_nodes, Variable(torch.cuda.LongTensor(batch_label)))
Epoch: 0, loss: 2.0247422456741333, time: 1.5294409340003767s
Valid at epoch 0
   GNN F1-binary-1: 0.2307	F1-binary-0: 0.6149	F1-macro: 0.4228	G-Mean: 0.6059	AUC: 0.8360
   GNN TP: 133	TN: 708	FN: 31	FP: 856
Label1 F1: 0.4242	Accuracy: 0.5201	Recall: 0.5505	AUC: 0.6861	AP: 0.1655
  Saving model ...
Epoch: 1, loss: 1.8759044408798218, time: 0.9848786929997004s
Epoch: 2, loss: 1.7061996459960938, time: 1.057532225999239s
Epoch: 3, loss: 1.78682941198349, time: 1.055138572000942s
Epoch: 4, loss: 1.8572736978530884, time: 1.0366060500000458s
Epoch: 5, loss: 1.6321613788604736, time: 0.9840349309997691s
Valid at epoch 5
   GNN F1-binary-1: 0.6139	F1-binary-0: 0.9489	F1-macro: 0.7814	G-Mean: 0.8367	AUC: 0.8584
   GNN TP: 124	TN: 1448	FN: 40	FP: 116
Label1 F1: 0.4753	Accuracy: 0.9059	Recall: 0.5000	AUC: 0.7844	AP: 0.4580
  Saving model ...
Epoch: 6, loss: 1.6317705512046814, time: 0.9852040860005218s
Epoch: 7, loss: 1.556685209274292, time: 1.0299129850009194s
Epoch: 8, loss: 1.5493746995925903, time: 1.0173902259994065s
Epoch: 9, loss: 1.5418961644172668, time: 1.0802475309992587s
Epoch: 10, loss: 1.493829369544983, time: 0.9761847519985167s
Valid at epoch 10
   GNN F1-binary-1: 0.8121	F1-binary-0: 0.9823	F1-macro: 0.8972	G-Mean: 0.8554	AUC: 0.9218
   GNN TP: 121	TN: 1551	FN: 43	FP: 13
Label1 F1: 0.4753	Accuracy: 0.9059	Recall: 0.5000	AUC: 0.8227	AP: 0.6521
  Saving model ...
Epoch: 11, loss: 1.4060081243515015, time: 1.0299022540002625s
Epoch: 12, loss: 1.3471487760543823, time: 1.017631820999668s
Epoch: 13, loss: 1.5032674074172974, time: 1.0405818349991023s
Epoch: 14, loss: 1.4017572402954102, time: 1.0232392599991726s
Epoch: 15, loss: 1.325442612171173, time: 1.0283409809999284s
Valid at epoch 15
   GNN F1-binary-1: 0.7937	F1-binary-0: 0.9790	F1-macro: 0.8864	G-Mean: 0.8718	AUC: 0.9197
   GNN TP: 127	TN: 1535	FN: 37	FP: 29
Label1 F1: 0.4753	Accuracy: 0.9059	Recall: 0.5000	AUC: 0.8355	AP: 0.7236
Epoch: 16, loss: 1.3909597396850586, time: 1.0650269940015278s
Epoch: 17, loss: 1.326059639453888, time: 1.0174384319998353s
Epoch: 18, loss: 1.4434371590614319, time: 1.0012464100000216s
Epoch: 19, loss: 1.2911890149116516, time: 1.060703047998686s
Epoch: 20, loss: 1.265788495540619, time: 1.0165428840009554s
Valid at epoch 20
   GNN F1-binary-1: 0.7734	F1-binary-0: 0.9760	F1-macro: 0.8747	G-Mean: 0.8724	AUC: 0.9237
   GNN TP: 128	TN: 1525	FN: 36	FP: 39
Label1 F1: 0.4753	Accuracy: 0.9059	Recall: 0.5000	AUC: 0.8403	AP: 0.7481
  Saving model ...
Epoch: 21, loss: 1.2577891945838928, time: 0.9820590580002317s
Epoch: 22, loss: 1.3234059810638428, time: 1.0766749800004618s
Epoch: 23, loss: 1.286870539188385, time: 1.007017365000138s
Epoch: 24, loss: 1.2380131483078003, time: 1.0380077129993879s
Epoch: 25, loss: 1.2953932285308838, time: 1.0009099189992412s
Valid at epoch 25
   GNN F1-binary-1: 0.7988	F1-binary-0: 0.9789	F1-macro: 0.8888	G-Mean: 0.8843	AUC: 0.9289
   GNN TP: 131	TN: 1531	FN: 33	FP: 33
Label1 F1: 0.4753	Accuracy: 0.9059	Recall: 0.5000	AUC: 0.8424	AP: 0.7570
  Saving model ...
Epoch: 26, loss: 1.251717209815979, time: 1.0125179440001375s
Epoch: 27, loss: 1.330969750881195, time: 0.9845880180000677s
Epoch: 28, loss: 1.298270583152771, time: 1.0117272600000433s
Epoch: 29, loss: 1.1901735663414001, time: 1.0351609760000429s
Epoch: 30, loss: 1.249041736125946, time: 1.0475910839995777s
Valid at epoch 30
   GNN F1-binary-1: 0.7116	F1-binary-0: 0.9653	F1-macro: 0.8385	G-Mean: 0.8754	AUC: 0.9326
   GNN TP: 132	TN: 1489	FN: 32	FP: 75
Label1 F1: 0.4753	Accuracy: 0.9059	Recall: 0.5000	AUC: 0.8439	AP: 0.7612
  Saving model ...
Epoch: 31, loss: 1.2426068186759949, time: 1.049068215999796s
Epoch: 32, loss: 1.0542006194591522, time: 1.0494005210002797s
Epoch: 33, loss: 1.2558286786079407, time: 1.0048394959994766s
Epoch: 34, loss: 1.10063236951828, time: 1.0258971430012025s
Epoch: 35, loss: 1.2751899361610413, time: 0.991242816000522s
Valid at epoch 35
   GNN F1-binary-1: 0.7438	F1-binary-0: 0.9699	F1-macro: 0.8569	G-Mean: 0.8885	AUC: 0.9336
   GNN TP: 135	TN: 1500	FN: 29	FP: 64
Label1 F1: 0.4753	Accuracy: 0.9059	Recall: 0.5000	AUC: 0.8449	AP: 0.7649
  Saving model ...
Epoch: 36, loss: 1.2554966807365417, time: 0.9921405620007135s
Epoch: 37, loss: 1.199539065361023, time: 1.0709379679992708s
Epoch: 38, loss: 1.1397310495376587, time: 0.9967070769998827s
Epoch: 39, loss: 1.3328699469566345, time: 1.0437591819991212s
Epoch: 40, loss: 1.1456822752952576, time: 1.0132482440003514s
Valid at epoch 40
   GNN F1-binary-1: 0.5234	F1-binary-0: 0.9127	F1-macro: 0.7180	G-Mean: 0.8530	AUC: 0.9313
   GNN TP: 140	TN: 1333	FN: 24	FP: 231
Label1 F1: 0.4957	Accuracy: 0.9077	Recall: 0.5105	AUC: 0.8460	AP: 0.7667
Epoch: 41, loss: 1.1586794257164001, time: 0.9929731030006224s
Epoch: 42, loss: 1.1337711811065674, time: 0.9777366439993784s
Epoch: 43, loss: 1.225068986415863, time: 1.028406071000063s
Epoch: 44, loss: 1.1547532081604004, time: 0.9995835029985756s
Epoch: 45, loss: 1.1878833174705505, time: 1.0569718989991088s
Valid at epoch 45
   GNN F1-binary-1: 0.7228	F1-binary-0: 0.9670	F1-macro: 0.8449	G-Mean: 0.8799	AUC: 0.9345
   GNN TP: 133	TN: 1493	FN: 31	FP: 71
Label1 F1: 0.5196	Accuracy: 0.9102	Recall: 0.5236	AUC: 0.8462	AP: 0.7671
  Saving model ...
Epoch: 46, loss: 0.9892013669013977, time: 0.9438792900000408s
Epoch: 47, loss: 1.0932538509368896, time: 1.0630071410014352s
Epoch: 48, loss: 1.0931562185287476, time: 0.9562117030000081s
Epoch: 49, loss: 1.1591562628746033, time: 1.0153788030002033s
Epoch: 50, loss: 1.09217369556427, time: 1.040186983998865s
Valid at epoch 50
   GNN F1-binary-1: 0.6106	F1-binary-0: 0.9414	F1-macro: 0.7760	G-Mean: 0.8722	AUC: 0.9367
   GNN TP: 138	TN: 1414	FN: 26	FP: 150
Label1 F1: 0.5245	Accuracy: 0.9107	Recall: 0.5262	AUC: 0.8465	AP: 0.7679
  Saving model ...
Restore model from epoch 50
Model path: ./results/unified/amazon/pcgnn/final/tr20/seed42/20260909T120153109703Z_amazon_PCGNN_unified_final_amazon_tr20_kaggle_t4_seed42_rho0p2_seed42/checkpoints/amazon_PCGNN.pkl
   GNN F1-binary-1: 0.6159	F1-binary-0: 0.9392	F1-macro: 0.7775	G-Mean: 0.8903	AUC: 0.9497
   GNN TP: 291	TN: 2802	FN: 38	FP: 325
Label1 F1: 0.4936	Accuracy: 0.9065	Recall: 0.5098	AUC: 0.8902	AP: 0.8200
Structured run artifacts: ./results/unified/amazon/pcgnn/final/tr20/seed42/20260909T120153109703Z_amazon_PCGNN_unified_final_amazon_tr20_kaggle_t4_seed42_rho0p2_seed42
Average training epoch time: 1.030295s
F1-Macro: 0.7775192128133305
AUC: 0.9496842385614849
G-Mean: 0.8902637097302102
