**************** MODEL CONFIGURATION ****************
alpha                    -->   2
batch_size               -->   256
cuda_id                  -->   0
data_dir                 -->   ./data/
data_name                -->   amazon
emb_size                 -->   64
lr                       -->   0.005
model                    -->   PCGNN
multi_relation           -->   GNN
no_cuda                  -->   False
num_epochs               -->   51
optimizer                -->   adam
results_dir              -->   ./results/unified/amazon/pcgnn/final/tr20/seed72
rho                      -->   0.2
run_mode                 -->   unified_final_amazon_tr20_kaggle_t4_seed72_rho0p2
save_dir                 -->   ./pytorch_models/
seed                     -->   72
split_path               -->   ./shared/splits/amazon/amazon_TR20_seed2.npz
test_ratio               -->   0.6666666666666666
thres                    -->   0.4
train_ratio              -->   0.2
valid_epochs             -->   5
weight_decay             -->   0.0005
**************** MODEL CONFIGURATION ****************
Run on amazon, postive/total num: 821.0/11944, train num 1727,valid num 1728, test num 3456, test positive num 329.0
Classification threshold: 0.4
Feature dimension: 25
Model: PCGNN, multi-relation aggregator: GNN, emb_size: 64.
/kaggle/working/pcgnn_clean_restart/PC-GNN-COMP8851-Instrumented/src/model_handler.py:258: UserWarning: The torch.cuda.*DtypeTensor constructors are no longer recommended. It's best to use methods such as torch.tensor(data, dtype=*, device='cuda') to create tensors. (Triggered internally at /pytorch/torch/csrc/tensor/python_tensor.cpp:78.)
  batch_loss = gnn_model.loss(batch_nodes, Variable(torch.cuda.LongTensor(batch_label)))
Epoch: 0, loss: 1.9622157216072083, time: 1.5436186449987872s
Valid at epoch 0
   GNN F1-binary-1: 0.1735	F1-binary-0: 0.0013	F1-macro: 0.0874	G-Mean: 0.0253	AUC: 0.8924
   GNN TP: 164	TN: 1	FN: 0	FP: 1563
Label1 F1: 0.4753	Accuracy: 0.9059	Recall: 0.5000	AUC: 0.2840	AP: 0.0615
  Saving model ...
Epoch: 1, loss: 1.7879155278205872, time: 1.0150565179992554s
Epoch: 2, loss: 1.792213499546051, time: 1.0176384829992458s
Epoch: 3, loss: 1.5871984362602234, time: 0.9922804350007937s
Epoch: 4, loss: 1.7006661295890808, time: 1.0667927760005114s
Epoch: 5, loss: 1.5427603721618652, time: 1.0238990210000338s
Valid at epoch 5
   GNN F1-binary-1: 0.6231	F1-binary-0: 0.9509	F1-macro: 0.7870	G-Mean: 0.8384	AUC: 0.8936
   GNN TP: 124	TN: 1454	FN: 40	FP: 110
Label1 F1: 0.4753	Accuracy: 0.9059	Recall: 0.5000	AUC: 0.5505	AP: 0.0962
  Saving model ...
Epoch: 6, loss: 1.533497393131256, time: 1.0237019269989105s
Epoch: 7, loss: 1.5405898094177246, time: 1.0359244259998377s
Epoch: 8, loss: 1.4787119626998901, time: 0.9919898900006956s
Epoch: 9, loss: 1.5564122200012207, time: 1.0256004750008287s
Epoch: 10, loss: 1.4904298186302185, time: 1.002206204999311s
Valid at epoch 10
   GNN F1-binary-1: 0.6205	F1-binary-0: 0.9476	F1-macro: 0.7841	G-Mean: 0.8540	AUC: 0.9116
   GNN TP: 130	TN: 1439	FN: 34	FP: 125
Label1 F1: 0.4753	Accuracy: 0.9059	Recall: 0.5000	AUC: 0.7928	AP: 0.4029
  Saving model ...
Epoch: 11, loss: 1.4193735122680664, time: 1.017183481999382s
Epoch: 12, loss: 1.3335884809494019, time: 1.0009683299995231s
Epoch: 13, loss: 1.448196828365326, time: 1.0506336069993267s
Epoch: 14, loss: 1.4063705205917358, time: 1.037716172000728s
Epoch: 15, loss: 1.2955355644226074, time: 1.0422834679993684s
Valid at epoch 15
   GNN F1-binary-1: 0.6212	F1-binary-0: 0.9469	F1-macro: 0.7840	G-Mean: 0.8594	AUC: 0.9141
   GNN TP: 132	TN: 1435	FN: 32	FP: 129
Label1 F1: 0.4753	Accuracy: 0.9059	Recall: 0.5000	AUC: 0.8364	AP: 0.7118
  Saving model ...
Epoch: 16, loss: 1.3506117463111877, time: 1.0219533780000347s
Epoch: 17, loss: 1.2981147170066833, time: 0.9991679579998163s
Epoch: 18, loss: 1.32222980260849, time: 0.9720589690004999s
Epoch: 19, loss: 1.3455992341041565, time: 1.0295128010002372s
Epoch: 20, loss: 1.3326088190078735, time: 1.0173133840016817s
Valid at epoch 20
   GNN F1-binary-1: 0.7116	F1-binary-0: 0.9653	F1-macro: 0.8385	G-Mean: 0.8754	AUC: 0.9271
   GNN TP: 132	TN: 1489	FN: 32	FP: 75
Label1 F1: 0.4753	Accuracy: 0.9059	Recall: 0.5000	AUC: 0.8426	AP: 0.7464
  Saving model ...
Epoch: 21, loss: 1.3088717460632324, time: 0.9484182859996508s
Epoch: 22, loss: 1.3709728717803955, time: 1.0519922180010326s
Epoch: 23, loss: 1.171261191368103, time: 1.0430897740006912s
Epoch: 24, loss: 1.2463933229446411, time: 1.0522285750012088s
Epoch: 25, loss: 1.284799337387085, time: 1.0183382449995406s
Valid at epoch 25
   GNN F1-binary-1: 0.5656	F1-binary-0: 0.9286	F1-macro: 0.7471	G-Mean: 0.8610	AUC: 0.9268
   GNN TP: 138	TN: 1378	FN: 26	FP: 186
Label1 F1: 0.4753	Accuracy: 0.9059	Recall: 0.5000	AUC: 0.8453	AP: 0.7568
Epoch: 26, loss: 1.1891056299209595, time: 1.0603250499989372s
Epoch: 27, loss: 1.2478483319282532, time: 1.0196406769991881s
Epoch: 28, loss: 1.2072830200195312, time: 0.9966713409994554s
Epoch: 29, loss: 1.096873700618744, time: 1.0100842640003975s
Epoch: 30, loss: 1.1624537110328674, time: 0.9630485749985382s
Valid at epoch 30
   GNN F1-binary-1: 0.7939	F1-binary-0: 0.9782	F1-macro: 0.8861	G-Mean: 0.8837	AUC: 0.9321
   GNN TP: 131	TN: 1529	FN: 33	FP: 35
Label1 F1: 0.4753	Accuracy: 0.9059	Recall: 0.5000	AUC: 0.8466	AP: 0.7606
  Saving model ...
Epoch: 31, loss: 1.1989025473594666, time: 1.0279848160007532s
Epoch: 32, loss: 1.1707189083099365, time: 1.041339966999658s
Epoch: 33, loss: 1.162602186203003, time: 1.0573264119993837s
Epoch: 34, loss: 1.093902826309204, time: 1.0320239320008113s
Epoch: 35, loss: 1.0487051606178284, time: 1.0293862750004337s
Valid at epoch 35
   GNN F1-binary-1: 0.6265	F1-binary-0: 0.9468	F1-macro: 0.7866	G-Mean: 0.8682	AUC: 0.9299
   GNN TP: 135	TN: 1432	FN: 29	FP: 132
Label1 F1: 0.4753	Accuracy: 0.9059	Recall: 0.5000	AUC: 0.8472	AP: 0.7625
Epoch: 36, loss: 1.2316806316375732, time: 1.7895372419989144s
Epoch: 37, loss: 1.2080041766166687, time: 1.0387560439994559s
Epoch: 38, loss: 1.2951322197914124, time: 0.9975107189984556s
Epoch: 39, loss: 1.019758403301239, time: 1.0312277719986014s
Epoch: 40, loss: 1.2191534042358398, time: 0.9900367019999976s
Valid at epoch 40
   GNN F1-binary-1: 0.6802	F1-binary-0: 0.9589	F1-macro: 0.8195	G-Mean: 0.8757	AUC: 0.9329
   GNN TP: 134	TN: 1468	FN: 30	FP: 96
Label1 F1: 0.4957	Accuracy: 0.9077	Recall: 0.5105	AUC: 0.8469	AP: 0.7628
  Saving model ...
Epoch: 41, loss: 1.3269232511520386, time: 0.9984091639998951s
Epoch: 42, loss: 1.0994962453842163, time: 0.9871966670016263s
Epoch: 43, loss: 1.1621174216270447, time: 1.020021614000143s
Epoch: 44, loss: 1.2119112610816956, time: 1.0232120049986406s
Epoch: 45, loss: 1.266864538192749, time: 1.0856330480000906s
Valid at epoch 45
   GNN F1-binary-1: 0.5127	F1-binary-0: 0.9078	F1-macro: 0.7103	G-Mean: 0.8515	AUC: 0.9341
   GNN TP: 141	TN: 1319	FN: 23	FP: 245
Label1 F1: 0.5142	Accuracy: 0.9096	Recall: 0.5208	AUC: 0.8465	AP: 0.7631
  Saving model ...
Epoch: 46, loss: 1.1841257810592651, time: 1.0117236960013543s
Epoch: 47, loss: 1.1332873106002808, time: 1.0716527420008788s
Epoch: 48, loss: 1.0578249096870422, time: 1.0093603450004593s
Epoch: 49, loss: 1.1711367964744568, time: 1.100071159999061s
Epoch: 50, loss: 1.0711785554885864, time: 1.0146154729991395s
Valid at epoch 50
   GNN F1-binary-1: 0.6507	F1-binary-0: 0.9519	F1-macro: 0.8013	G-Mean: 0.8756	AUC: 0.9374
   GNN TP: 136	TN: 1446	FN: 28	FP: 118
Label1 F1: 0.5245	Accuracy: 0.9107	Recall: 0.5262	AUC: 0.8466	AP: 0.7636
  Saving model ...
Restore model from epoch 50
Model path: ./results/unified/amazon/pcgnn/final/tr20/seed72/20260909T120341364045Z_amazon_PCGNN_unified_final_amazon_tr20_kaggle_t4_seed72_rho0p2_seed72/checkpoints/amazon_PCGNN.pkl
   GNN F1-binary-1: 0.6667	F1-binary-0: 0.9520	F1-macro: 0.8093	G-Mean: 0.9004	AUC: 0.9476
   GNN TP: 290	TN: 2876	FN: 39	FP: 251
Label1 F1: 0.5041	Accuracy: 0.9076	Recall: 0.5154	AUC: 0.8920	AP: 0.8198
Structured run artifacts: ./results/unified/amazon/pcgnn/final/tr20/seed72/20260909T120341364045Z_amazon_PCGNN_unified_final_amazon_tr20_kaggle_t4_seed72_rho0p2_seed72
Average training epoch time: 1.048007s
F1-Macro: 0.8093346573982125
AUC: 0.9476449358125086
G-Mean: 0.9003918394854935
