**************** MODEL CONFIGURATION ****************
alpha                    -->   2
batch_size               -->   256
cuda_id                  -->   0
data_dir                 -->   ./data/
data_name                -->   amazon
emb_size                 -->   64
lr                       -->   0.005
model                    -->   PCGNN
multi_relation           -->   GNN
no_cuda                  -->   False
num_epochs               -->   51
optimizer                -->   adam
results_dir              -->   ./results/unified/amazon/pcgnn/final/tr10/seed72
rho                      -->   0.2
run_mode                 -->   unified_final_amazon_tr10_kaggle_t4_seed72_rho0p2
save_dir                 -->   ./pytorch_models/
seed                     -->   72
split_path               -->   ./shared/splits/amazon/amazon_TR10_seed2.npz
test_ratio               -->   0.6666666666666666
thres                    -->   0.4
train_ratio              -->   0.1
valid_epochs             -->   5
weight_decay             -->   0.0005
**************** MODEL CONFIGURATION ****************
Run on amazon, postive/total num: 821.0/11944, train num 863,valid num 1728, test num 3456, test positive num 329.0
Classification threshold: 0.4
Feature dimension: 25
Model: PCGNN, multi-relation aggregator: GNN, emb_size: 64.
/kaggle/working/pcgnn_clean_restart/PC-GNN-COMP8851-Instrumented/src/model_handler.py:258: UserWarning: The torch.cuda.*DtypeTensor constructors are no longer recommended. It's best to use methods such as torch.tensor(data, dtype=*, device='cuda') to create tensors. (Triggered internally at /pytorch/torch/csrc/tensor/python_tensor.cpp:78.)
  batch_loss = gnn_model.loss(batch_nodes, Variable(torch.cuda.LongTensor(batch_label)))
Epoch: 0, loss: 2.0140154361724854, time: 1.0405341730001965s
Valid at epoch 0
   GNN F1-binary-1: 0.1734	F1-binary-0: 0.0000	F1-macro: 0.0867	G-Mean: 0.0000	AUC: 0.8625
   GNN TP: 164	TN: 0	FN: 0	FP: 1564
Label1 F1: 0.4753	Accuracy: 0.9059	Recall: 0.5000	AUC: 0.2547	AP: 0.0592
  Saving model ...
Epoch: 1, loss: 1.896432876586914, time: 0.49429509900073754s
Epoch: 2, loss: 1.8221133947372437, time: 0.4666968130004534s
Epoch: 3, loss: 1.7986830472946167, time: 0.4770315109999501s
Epoch: 4, loss: 1.7352067232131958, time: 0.5141953639995336s
Epoch: 5, loss: 1.6137430667877197, time: 0.4854857699992863s
Valid at epoch 5
   GNN F1-binary-1: 0.7111	F1-binary-0: 0.9710	F1-macro: 0.8411	G-Mean: 0.8160	AUC: 0.8703
   GNN TP: 112	TN: 1525	FN: 52	FP: 39
Label1 F1: 0.4753	Accuracy: 0.9059	Recall: 0.5000	AUC: 0.3757	AP: 0.0701
  Saving model ...
Epoch: 6, loss: 1.6490869522094727, time: 0.48228657800063957s
Epoch: 7, loss: 1.6714463233947754, time: 0.49678745299934235s
Epoch: 8, loss: 1.7181001901626587, time: 0.4847087529997225s
Epoch: 9, loss: 1.5910041332244873, time: 0.4408284029996139s
Epoch: 10, loss: 1.539868712425232, time: 0.45331943000019237s
Valid at epoch 10
   GNN F1-binary-1: 0.6244	F1-binary-0: 0.9517	F1-macro: 0.7880	G-Mean: 0.8359	AUC: 0.9006
   GNN TP: 123	TN: 1457	FN: 41	FP: 107
Label1 F1: 0.4753	Accuracy: 0.9059	Recall: 0.5000	AUC: 0.5298	AP: 0.0916
  Saving model ...
Epoch: 11, loss: 1.4870399236679077, time: 0.4652079160005087s
Epoch: 12, loss: 1.4707072973251343, time: 0.5018332550007472s
Epoch: 13, loss: 1.4571599960327148, time: 0.48675548899882415s
Epoch: 14, loss: 1.5240709781646729, time: 0.45043283100130793s
Epoch: 15, loss: 1.391412615776062, time: 0.45305618199927267s
Valid at epoch 15
   GNN F1-binary-1: 0.6447	F1-binary-0: 0.9543	F1-macro: 0.7995	G-Mean: 0.8505	AUC: 0.9073
   GNN TP: 127	TN: 1461	FN: 37	FP: 103
Label1 F1: 0.4753	Accuracy: 0.9059	Recall: 0.5000	AUC: 0.6751	AP: 0.1518
  Saving model ...
Epoch: 16, loss: 1.4711544513702393, time: 0.47009159499975794s
Epoch: 17, loss: 1.402620792388916, time: 0.5337903580002603s
Epoch: 18, loss: 1.4471588134765625, time: 0.47169056399980036s
Epoch: 19, loss: 1.3527880907058716, time: 0.5028117439997004s
Epoch: 20, loss: 1.2598867416381836, time: 0.48410560299998906s
Valid at epoch 20
   GNN F1-binary-1: 0.6430	F1-binary-0: 0.9539	F1-macro: 0.7985	G-Mean: 0.8502	AUC: 0.9099
   GNN TP: 127	TN: 1460	FN: 37	FP: 104
Label1 F1: 0.4753	Accuracy: 0.9059	Recall: 0.5000	AUC: 0.7873	AP: 0.3709
  Saving model ...
Epoch: 21, loss: 1.371492624282837, time: 0.4945070109988592s
Epoch: 22, loss: 1.4555144309997559, time: 0.49325904000033916s
Epoch: 23, loss: 1.4813978672027588, time: 0.5137176640000689s
Epoch: 24, loss: 1.304042935371399, time: 0.44776261700098985s
Epoch: 25, loss: 1.353050947189331, time: 0.477985452998837s
Valid at epoch 25
   GNN F1-binary-1: 0.5563	F1-binary-0: 0.9300	F1-macro: 0.7431	G-Mean: 0.8420	AUC: 0.9119
   GNN TP: 131	TN: 1388	FN: 33	FP: 176
Label1 F1: 0.4753	Accuracy: 0.9059	Recall: 0.5000	AUC: 0.8240	AP: 0.6334
  Saving model ...
Epoch: 26, loss: 1.3540723323822021, time: 0.4861142839999957s
Epoch: 27, loss: 1.3818433284759521, time: 0.5165347429992835s
Epoch: 28, loss: 1.2145898342132568, time: 0.4921100159990601s
Epoch: 29, loss: 1.2263469696044922, time: 0.48177605500131904s
Epoch: 30, loss: 1.3026254177093506, time: 0.49225231600030384s
Valid at epoch 30
   GNN F1-binary-1: 0.7717	F1-binary-0: 0.9774	F1-macro: 0.8746	G-Mean: 0.8480	AUC: 0.9166
   GNN TP: 120	TN: 1537	FN: 44	FP: 27
Label1 F1: 0.4753	Accuracy: 0.9059	Recall: 0.5000	AUC: 0.8357	AP: 0.7081
  Saving model ...
Epoch: 31, loss: 1.2152196168899536, time: 0.5219027940001979s
Epoch: 32, loss: 1.3786394596099854, time: 0.4987380660004419s
Epoch: 33, loss: 1.2485476732254028, time: 0.5156924270013405s
Epoch: 34, loss: 1.1539167165756226, time: 0.48890414299967233s
Epoch: 35, loss: 1.2269747257232666, time: 0.49792005399831396s
Valid at epoch 35
   GNN F1-binary-1: 0.6230	F1-binary-0: 0.9468	F1-macro: 0.7849	G-Mean: 0.8623	AUC: 0.9186
   GNN TP: 133	TN: 1434	FN: 31	FP: 130
Label1 F1: 0.4753	Accuracy: 0.9059	Recall: 0.5000	AUC: 0.8404	AP: 0.7372
  Saving model ...
Epoch: 36, loss: 1.2803235054016113, time: 0.5597995400003128s
Epoch: 37, loss: 1.1649271249771118, time: 0.5116183999998611s
Epoch: 38, loss: 1.1707682609558105, time: 0.4614188209998247s
Epoch: 39, loss: 1.2177008390426636, time: 0.4927191189999576s
Epoch: 40, loss: 1.1163774728775024, time: 0.5286776109987841s
Valid at epoch 40
   GNN F1-binary-1: 0.7222	F1-binary-0: 0.9677	F1-macro: 0.8450	G-Mean: 0.8713	AUC: 0.9191
   GNN TP: 130	TN: 1498	FN: 34	FP: 66
Label1 F1: 0.4753	Accuracy: 0.9059	Recall: 0.5000	AUC: 0.8428	AP: 0.7476
  Saving model ...
Epoch: 41, loss: 1.5431766510009766, time: 0.5205937179998728s
Epoch: 42, loss: 1.2003378868103027, time: 0.5031196159998217s
Epoch: 43, loss: 1.1181312799453735, time: 0.48278953800036106s
Epoch: 44, loss: 1.2802519798278809, time: 0.48500438100018073s
Epoch: 45, loss: 1.3516743183135986, time: 0.5358175180008402s
Valid at epoch 45
   GNN F1-binary-1: 0.5295	F1-binary-0: 0.9157	F1-macro: 0.7226	G-Mean: 0.8528	AUC: 0.9239
   GNN TP: 139	TN: 1342	FN: 25	FP: 222
Label1 F1: 0.4753	Accuracy: 0.9059	Recall: 0.5000	AUC: 0.8444	AP: 0.7543
  Saving model ...
Epoch: 46, loss: 1.1709336042404175, time: 0.4621179919995484s
Epoch: 47, loss: 1.324918508529663, time: 0.4799961879998591s
Epoch: 48, loss: 1.1807786226272583, time: 0.442674062000151s
Epoch: 49, loss: 1.2027474641799927, time: 0.5028815299992857s
Epoch: 50, loss: 0.9878733158111572, time: 0.4995211929999641s
Valid at epoch 50
   GNN F1-binary-1: 0.7189	F1-binary-0: 0.9663	F1-macro: 0.8426	G-Mean: 0.8793	AUC: 0.9255
   GNN TP: 133	TN: 1491	FN: 31	FP: 73
Label1 F1: 0.4753	Accuracy: 0.9059	Recall: 0.5000	AUC: 0.8456	AP: 0.7580
  Saving model ...
Restore model from epoch 50
Model path: ./results/unified/amazon/pcgnn/final/tr10/seed72/20260909T120816602134Z_amazon_PCGNN_unified_final_amazon_tr10_kaggle_t4_seed72_rho0p2_seed72/checkpoints/amazon_PCGNN.pkl
   GNN F1-binary-1: 0.7282	F1-binary-0: 0.9660	F1-macro: 0.8471	G-Mean: 0.8986	AUC: 0.9383
   GNN TP: 280	TN: 2967	FN: 49	FP: 160
Label1 F1: 0.4749	Accuracy: 0.9046	Recall: 0.5000	AUC: 0.8892	AP: 0.8135
Structured run artifacts: ./results/unified/amazon/pcgnn/final/tr10/seed72/20260909T120816602134Z_amazon_PCGNN_unified_final_amazon_tr10_kaggle_t4_seed72_rho0p2_seed72
Average training epoch time: 0.500860s
F1-Macro: 0.8470980004729076
AUC: 0.9383349063893941
G-Mean: 0.8986196256064162
