**************** MODEL CONFIGURATION ****************
alpha                    -->   2
batch_size               -->   256
cuda_id                  -->   0
data_dir                 -->   ./data/
data_name                -->   amazon
emb_size                 -->   64
lr                       -->   0.005
model                    -->   PCGNN
multi_relation           -->   GNN
no_cuda                  -->   False
num_epochs               -->   51
optimizer                -->   adam
results_dir              -->   ./results/unified/amazon/pcgnn/final/tr30/seed42
rho                      -->   0.2
run_mode                 -->   unified_final_amazon_tr30_kaggle_t4_seed42_rho0p2
save_dir                 -->   ./pytorch_models/
seed                     -->   42
split_path               -->   ./shared/splits/amazon/amazon_TR30_seed2.npz
test_ratio               -->   0.6666666666666666
thres                    -->   0.4
train_ratio              -->   0.3
valid_epochs             -->   5
weight_decay             -->   0.0005
**************** MODEL CONFIGURATION ****************
Run on amazon, postive/total num: 821.0/11944, train num 2591,valid num 1728, test num 3456, test positive num 329.0
Classification threshold: 0.4
Feature dimension: 25
Model: PCGNN, multi-relation aggregator: GNN, emb_size: 64.
/kaggle/working/pcgnn_clean_restart/PC-GNN-COMP8851-Instrumented/src/model_handler.py:258: UserWarning: The torch.cuda.*DtypeTensor constructors are no longer recommended. It's best to use methods such as torch.tensor(data, dtype=*, device='cuda') to create tensors. (Triggered internally at /pytorch/torch/csrc/tensor/python_tensor.cpp:78.)
  batch_loss = gnn_model.loss(batch_nodes, Variable(torch.cuda.LongTensor(batch_label)))
Epoch: 0, loss: 2.0079935789108276, time: 2.002550756000346s
Valid at epoch 0
   GNN F1-binary-1: 0.2416	F1-binary-0: 0.6454	F1-macro: 0.4435	G-Mean: 0.6278	AUC: 0.8402
   GNN TP: 133	TN: 760	FN: 31	FP: 804
Label1 F1: 0.4242	Accuracy: 0.5201	Recall: 0.5505	AUC: 0.6861	AP: 0.1655
  Saving model ...
Epoch: 1, loss: 1.8522961139678955, time: 1.4296452159996988s
Epoch: 2, loss: 1.7787721753120422, time: 1.4332101979998697s
Epoch: 3, loss: 1.7246124148368835, time: 1.4777966260007815s
Epoch: 4, loss: 1.7067583203315735, time: 1.4122001670002646s
Epoch: 5, loss: 1.6498162746429443, time: 2.177512199001285s
Valid at epoch 5
   GNN F1-binary-1: 0.7300	F1-binary-0: 0.9708	F1-macro: 0.8504	G-Mean: 0.8521	AUC: 0.8601
   GNN TP: 123	TN: 1514	FN: 41	FP: 50
Label1 F1: 0.4753	Accuracy: 0.9059	Recall: 0.5000	AUC: 0.7865	AP: 0.4702
  Saving model ...
Epoch: 6, loss: 1.5375937223434448, time: 1.4518103819991666s
Epoch: 7, loss: 1.5557081699371338, time: 1.5026873719998548s
Epoch: 8, loss: 1.6035598516464233, time: 1.4425822560006054s
Epoch: 9, loss: 1.5372223854064941, time: 1.4794870789992274s
Epoch: 10, loss: 1.557798445224762, time: 1.465871275999234s
Valid at epoch 10
   GNN F1-binary-1: 0.7810	F1-binary-0: 0.9780	F1-macro: 0.8795	G-Mean: 0.8582	AUC: 0.9244
   GNN TP: 123	TN: 1536	FN: 41	FP: 28
Label1 F1: 0.4753	Accuracy: 0.9059	Recall: 0.5000	AUC: 0.8233	AP: 0.6559
  Saving model ...
Epoch: 11, loss: 1.474462866783142, time: 1.4963169209986518s
Epoch: 12, loss: 1.4728127717971802, time: 1.4519881010000972s
Epoch: 13, loss: 1.4495420455932617, time: 1.4366500280011678s
Epoch: 14, loss: 1.3846676349639893, time: 1.472351725000408s
Epoch: 15, loss: 1.3768502473831177, time: 1.511600259998886s
Valid at epoch 15
   GNN F1-binary-1: 0.8013	F1-binary-0: 0.9799	F1-macro: 0.8906	G-Mean: 0.8726	AUC: 0.9305
   GNN TP: 127	TN: 1538	FN: 37	FP: 26
Label1 F1: 0.4753	Accuracy: 0.9059	Recall: 0.5000	AUC: 0.8355	AP: 0.7244
  Saving model ...
Epoch: 16, loss: 1.3894506096839905, time: 1.5604487959990365s
Epoch: 17, loss: 1.3355859518051147, time: 1.4593099570010963s
Epoch: 18, loss: 1.325889527797699, time: 1.4543059640000138s
Epoch: 19, loss: 1.321589171886444, time: 1.4810347330003424s
Epoch: 20, loss: 1.3477581143379211, time: 1.4761881559988979s
Valid at epoch 20
   GNN F1-binary-1: 0.7037	F1-binary-0: 0.9636	F1-macro: 0.8337	G-Mean: 0.8769	AUC: 0.9389
   GNN TP: 133	TN: 1483	FN: 31	FP: 81
Label1 F1: 0.4753	Accuracy: 0.9059	Recall: 0.5000	AUC: 0.8402	AP: 0.7485
  Saving model ...
Epoch: 21, loss: 1.2976677417755127, time: 1.4971112169987464s
Epoch: 22, loss: 1.2408883571624756, time: 1.481903780999346s
Epoch: 23, loss: 1.3189936876296997, time: 1.464547481999034s
Epoch: 24, loss: 1.287773072719574, time: 1.482957811000233s
Epoch: 25, loss: 1.334431529045105, time: 1.4707929899996088s
Valid at epoch 25
   GNN F1-binary-1: 0.7465	F1-binary-0: 0.9706	F1-macro: 0.8586	G-Mean: 0.8861	AUC: 0.9396
   GNN TP: 134	TN: 1503	FN: 30	FP: 61
Label1 F1: 0.4753	Accuracy: 0.9059	Recall: 0.5000	AUC: 0.8422	AP: 0.7575
  Saving model ...
Epoch: 26, loss: 1.3024653792381287, time: 1.4561386960012896s
Epoch: 27, loss: 1.2878276705741882, time: 1.4907002159998228s
Epoch: 28, loss: 1.2639859318733215, time: 1.4130941510011326s
Epoch: 29, loss: 1.346866250038147, time: 1.4197231229991303s
Epoch: 30, loss: 1.2139662504196167, time: 1.5167570789999445s
Valid at epoch 30
   GNN F1-binary-1: 0.7635	F1-binary-0: 0.9733	F1-macro: 0.8684	G-Mean: 0.8885	AUC: 0.9489
   GNN TP: 134	TN: 1511	FN: 30	FP: 53
Label1 F1: 0.4753	Accuracy: 0.9059	Recall: 0.5000	AUC: 0.8433	AP: 0.7618
  Saving model ...
Epoch: 31, loss: 1.1925015449523926, time: 1.4780204780017812s
Epoch: 32, loss: 1.1478919982910156, time: 1.4926530530010496s
Epoch: 33, loss: 1.320155382156372, time: 1.4383348749997822s
Epoch: 34, loss: 1.2990705370903015, time: 1.4429559580003115s
Epoch: 35, loss: 1.2447609305381775, time: 1.4577851089998148s
Valid at epoch 35
   GNN F1-binary-1: 0.7132	F1-binary-0: 0.9638	F1-macro: 0.8385	G-Mean: 0.8920	AUC: 0.9462
   GNN TP: 138	TN: 1479	FN: 26	FP: 85
Label1 F1: 0.4901	Accuracy: 0.9072	Recall: 0.5077	AUC: 0.8442	AP: 0.7644
Epoch: 36, loss: 1.1622074246406555, time: 1.4634397289992194s
Epoch: 37, loss: 1.206782877445221, time: 1.436831153001549s
Epoch: 38, loss: 1.302323818206787, time: 1.453440806000799s
Epoch: 39, loss: 1.2362275123596191, time: 1.41960760999973s
Epoch: 40, loss: 1.140020489692688, time: 1.4315312190010445s
Valid at epoch 40
   GNN F1-binary-1: 0.7857	F1-binary-0: 0.9769	F1-macro: 0.8813	G-Mean: 0.8856	AUC: 0.9519
   GNN TP: 132	TN: 1524	FN: 32	FP: 40
Label1 F1: 0.5042	Accuracy: 0.9085	Recall: 0.5156	AUC: 0.8449	AP: 0.7662
  Saving model ...
Epoch: 41, loss: 1.16006201505661, time: 1.396514522999496s
Epoch: 42, loss: 1.0950401425361633, time: 1.4595482740005536s
Epoch: 43, loss: 1.216445803642273, time: 1.4695117299997946s
Epoch: 44, loss: 1.2174971103668213, time: 1.4789431959998183s
Epoch: 45, loss: 1.1978952884674072, time: 1.4824444340010814s
Valid at epoch 45
   GNN F1-binary-1: 0.7670	F1-binary-0: 0.9747	F1-macro: 0.8708	G-Mean: 0.8774	AUC: 0.9547
   GNN TP: 130	TN: 1519	FN: 34	FP: 45
Label1 F1: 0.5196	Accuracy: 0.9102	Recall: 0.5236	AUC: 0.8452	AP: 0.7666
  Saving model ...
Epoch: 46, loss: 1.162126898765564, time: 1.4351344320002681s
Epoch: 47, loss: 1.1875949501991272, time: 2.2048828389997652s
Epoch: 48, loss: 1.2218931317329407, time: 1.462078622998888s
Epoch: 49, loss: 1.119156002998352, time: 1.4244030600002588s
Epoch: 50, loss: 1.108695387840271, time: 1.4006833630010078s
Valid at epoch 50
   GNN F1-binary-1: 0.7738	F1-binary-0: 0.9756	F1-macro: 0.8747	G-Mean: 0.8783	AUC: 0.9549
   GNN TP: 130	TN: 1522	FN: 34	FP: 42
Label1 F1: 0.5245	Accuracy: 0.9107	Recall: 0.5262	AUC: 0.8455	AP: 0.7667
  Saving model ...
Restore model from epoch 50
Model path: ./results/unified/amazon/pcgnn/final/tr30/seed42/20260909T115542606340Z_amazon_PCGNN_unified_final_amazon_tr30_kaggle_t4_seed42_rho0p2_seed42/checkpoints/amazon_PCGNN.pkl
   GNN F1-binary-1: 0.8000	F1-binary-0: 0.9778	F1-macro: 0.8889	G-Mean: 0.9034	AUC: 0.9673
   GNN TP: 276	TN: 3042	FN: 53	FP: 85
Label1 F1: 0.5139	Accuracy: 0.9088	Recall: 0.5205	AUC: 0.8896	AP: 0.8190
Structured run artifacts: ./results/unified/amazon/pcgnn/final/tr30/seed42/20260909T115542606340Z_amazon_PCGNN_unified_final_amazon_tr30_kaggle_t4_seed42_rho0p2_seed42
Average training epoch time: 1.499961s
F1-Macro: 0.8889103182256509
AUC: 0.9672603454761597
G-Mean: 0.9033837126743438
