/kaggle/working/pcgnn_clean_restart/PC-GNN-COMP8851-Instrumented/src/model_handler.py:258: UserWarning: The torch.cuda.*DtypeTensor constructors are no longer recommended. It's best to use methods such as torch.tensor(data, dtype=*, device='cuda') to create tensors. (Triggered internally at /pytorch/torch/csrc/tensor/python_tensor.cpp:78.)
  batch_loss = gnn_model.loss(batch_nodes, Variable(torch.cuda.LongTensor(batch_label)))
**************** MODEL CONFIGURATION ****************
alpha                    -->   2
batch_size               -->   256
cuda_id                  -->   0
data_dir                 -->   ./data/
data_name                -->   amazon
emb_size                 -->   64
lr                       -->   0.005
model                    -->   PCGNN
multi_relation           -->   GNN
no_cuda                  -->   False
num_epochs               -->   51
optimizer                -->   adam
rho                      -->   0.5
save_dir                 -->   ./pytorch_models/
seed                     -->   72
test_ratio               -->   0.67
thres                    -->   0.4
train_ratio              -->   0.4
valid_epochs             -->   5
weight_decay             -->   0.0005
**************** MODEL CONFIGURATION ****************
Run on amazon, postive/total num: 821.0/11944, train num 3455,valid num 1710, test num 3474, test positive num 330.0
Classification threshold: 0.4
Feature dimension: 25
Model: PCGNN, multi-relation aggregator: GNN, emb_size: 64.
Epoch: 0, loss: 1.907681902249654, time: 2.455614111000159s
Valid at epoch 0
   GNN F1-binary-1: 0.3341	F1-binary-0: 0.7818	F1-macro: 0.5580	G-Mean: 0.7504	AUC: 0.8839
   GNN TP: 141	TN: 1007	FN: 22	FP: 540
Label1 F1: 0.4751	Accuracy: 0.9051	Recall: 0.5000	AUC: 0.3063	AP: 0.0637
  Saving model ...
Epoch: 1, loss: 1.757001797358195, time: 1.9448416649997853s
Epoch: 2, loss: 1.6852657794952393, time: 1.9430515159997412s
Epoch: 3, loss: 1.6051135460535686, time: 1.8937284019998515s
Epoch: 4, loss: 1.5848238070805867, time: 2.7168726299996706s
Epoch: 5, loss: 1.5512781143188477, time: 1.9433958820000043s
Valid at epoch 5
   GNN F1-binary-1: 0.6649	F1-binary-0: 0.9575	F1-macro: 0.8112	G-Mean: 0.8588	AUC: 0.9180
   GNN TP: 128	TN: 1453	FN: 35	FP: 94
Label1 F1: 0.4751	Accuracy: 0.9051	Recall: 0.5000	AUC: 0.7207	AP: 0.1967
  Saving model ...
Epoch: 6, loss: 1.4796593586603801, time: 1.8889917599999535s
Epoch: 7, loss: 1.3710859616597493, time: 1.9861819340003422s
Epoch: 8, loss: 1.3979933261871338, time: 1.9189947229997415s
Epoch: 9, loss: 1.39117427666982, time: 1.9586320390003493s
Epoch: 10, loss: 1.3804539044698079, time: 1.948973974999717s
Valid at epoch 10
   GNN F1-binary-1: 0.6909	F1-binary-0: 0.9608	F1-macro: 0.8258	G-Mean: 0.8769	AUC: 0.9322
   GNN TP: 133	TN: 1458	FN: 30	FP: 89
Label1 F1: 0.4751	Accuracy: 0.9051	Recall: 0.5000	AUC: 0.8365	AP: 0.7140
  Saving model ...
Epoch: 11, loss: 1.3013228575388591, time: 1.9155014259999916s
Epoch: 12, loss: 1.2836230993270874, time: 1.9255806179999126s
Epoch: 13, loss: 1.2453406651814778, time: 1.9318887559998075s
Epoch: 14, loss: 1.308549960454305, time: 1.8935882220002895s
Epoch: 15, loss: 1.2246874570846558, time: 1.9639362890002303s
Valid at epoch 15
   GNN F1-binary-1: 0.7071	F1-binary-0: 0.9635	F1-macro: 0.8353	G-Mean: 0.8823	AUC: 0.9329
   GNN TP: 134	TN: 1465	FN: 29	FP: 82
Label1 F1: 0.4751	Accuracy: 0.9051	Recall: 0.5000	AUC: 0.8433	AP: 0.7502
  Saving model ...
Epoch: 16, loss: 1.1741888523101807, time: 1.843152474999897s
Epoch: 17, loss: 1.1449658870697021, time: 1.9096291830001064s
Epoch: 18, loss: 1.2027204434076946, time: 2.0120627009996497s
Epoch: 19, loss: 1.1910480658213298, time: 2.0482223829999384s
Epoch: 20, loss: 1.1224261124928792, time: 1.9805715610000334s
Valid at epoch 20
   GNN F1-binary-1: 0.6751	F1-binary-0: 0.9577	F1-macro: 0.8164	G-Mean: 0.8742	AUC: 0.9269
   GNN TP: 133	TN: 1449	FN: 30	FP: 98
Label1 F1: 0.4751	Accuracy: 0.9051	Recall: 0.5000	AUC: 0.8441	AP: 0.7570
Epoch: 21, loss: 1.181273063023885, time: 1.9235664450002332s
Epoch: 22, loss: 1.08193701505661, time: 2.000267163999979s
Epoch: 23, loss: 1.0658931334813435, time: 1.9851699319997351s
Epoch: 24, loss: 1.151022990544637, time: 1.9543660310000632s
Epoch: 25, loss: 1.06105903784434, time: 1.9306440260002091s
Valid at epoch 25
   GNN F1-binary-1: 0.6961	F1-binary-0: 0.9614	F1-macro: 0.8288	G-Mean: 0.8805	AUC: 0.9373
   GNN TP: 134	TN: 1459	FN: 29	FP: 88
Label1 F1: 0.4953	Accuracy: 0.9070	Recall: 0.5104	AUC: 0.8428	AP: 0.7565
  Saving model ...
Epoch: 26, loss: 1.0769699017206829, time: 1.917869638999946s
Epoch: 27, loss: 1.1087222496668498, time: 1.890092862000074s
Epoch: 28, loss: 1.0147745211919148, time: 1.9512659049996728s
Epoch: 29, loss: 1.0846829414367676, time: 2.019097664000128s
Epoch: 30, loss: 1.070220907529195, time: 2.024010755999825s
Valid at epoch 30
   GNN F1-binary-1: 0.7198	F1-binary-0: 0.9666	F1-macro: 0.8432	G-Mean: 0.8760	AUC: 0.9433
   GNN TP: 131	TN: 1477	FN: 32	FP: 70
Label1 F1: 0.5159	Accuracy: 0.9093	Recall: 0.5212	AUC: 0.8422	AP: 0.7556
  Saving model ...
Epoch: 31, loss: 1.08936603864034, time: 1.9824093049996918s
Epoch: 32, loss: 1.1034648418426514, time: 2.045878516000357s
Epoch: 33, loss: 1.0974280039469402, time: 1.9311295190000237s
Epoch: 34, loss: 1.0344212849934895, time: 2.042508326999723s
Epoch: 35, loss: 1.0271414518356323, time: 1.9724363830000584s
Valid at epoch 35
   GNN F1-binary-1: 0.7679	F1-binary-0: 0.9736	F1-macro: 0.8708	G-Mean: 0.8913	AUC: 0.9382
   GNN TP: 134	TN: 1495	FN: 29	FP: 52
Label1 F1: 0.5362	Accuracy: 0.9115	Recall: 0.5324	AUC: 0.8414	AP: 0.7535
Epoch: 36, loss: 1.017035722732544, time: 1.9246181690000412s
Epoch: 37, loss: 1.054880936940511, time: 1.9405758610000703s
Epoch: 38, loss: 0.9604241847991943, time: 1.9967949980000412s
Epoch: 39, loss: 1.0461899439493816, time: 1.8818156669999553s
Epoch: 40, loss: 1.0625637372334797, time: 1.9498616930000026s
Valid at epoch 40
   GNN F1-binary-1: 0.7701	F1-binary-0: 0.9750	F1-macro: 0.8726	G-Mean: 0.8772	AUC: 0.9515
   GNN TP: 129	TN: 1504	FN: 34	FP: 43
Label1 F1: 0.5564	Accuracy: 0.9137	Recall: 0.5437	AUC: 0.8416	AP: 0.7540
  Saving model ...
Epoch: 41, loss: 0.9376514355341593, time: 1.983156658000098s
Epoch: 42, loss: 1.007250189781189, time: 2.000642111000161s
Epoch: 43, loss: 1.0218249162038167, time: 1.9475497350003934s
Epoch: 44, loss: 1.0213195482889812, time: 1.9448441559998173s
Epoch: 45, loss: 1.060705025990804, time: 2.729320738000297s
Valid at epoch 45
   GNN F1-binary-1: 0.7278	F1-binary-0: 0.9680	F1-macro: 0.8479	G-Mean: 0.8772	AUC: 0.9469
   GNN TP: 131	TN: 1481	FN: 32	FP: 66
Label1 F1: 0.6053	Accuracy: 0.9193	Recall: 0.5736	AUC: 0.8417	AP: 0.7538
Epoch: 46, loss: 0.9835442105929056, time: 1.945900342999721s
Epoch: 47, loss: 1.0785607894261677, time: 1.9223305840000648s
Epoch: 48, loss: 0.9916053811709086, time: 1.8770625729998756s
Epoch: 49, loss: 1.0421886841456096, time: 1.9755305119997502s
Epoch: 50, loss: 1.0217174887657166, time: 1.922279276000154s
Valid at epoch 50
   GNN F1-binary-1: 0.7492	F1-binary-0: 0.9731	F1-macro: 0.8612	G-Mean: 0.8597	AUC: 0.9439
   GNN TP: 124	TN: 1503	FN: 39	FP: 44
Label1 F1: 0.6682	Accuracy: 0.9271	Recall: 0.6174	AUC: 0.8412	AP: 0.7522
Restore model from epoch 40
Model path: ./results/20260909T092239238829Z_amazon_PCGNN_author_reproduction_seed72/checkpoints/amazon_PCGNN.pkl
   GNN F1-binary-1: 0.7904	F1-binary-0: 0.9763	F1-macro: 0.8833	G-Mean: 0.9052	AUC: 0.9643
   GNN TP: 279	TN: 3047	FN: 51	FP: 97
Label1 F1: 0.5905	Accuracy: 0.9168	Recall: 0.5645	AUC: 0.8900	AP: 0.8099
Structured run artifacts: ./results/20260909T092239238829Z_amazon_PCGNN_author_reproduction_seed72
Average training epoch time: 1.990910s
F1-Macro: 0.883328961353819
AUC: 0.9642937003624027
G-Mean: 0.905190714163393
