=== Run: splitgnn_elliptic_unified_tr40_seed72_a6000_20260918T034625Z ===
Result dir: /workspace/splitgnn_vast/results/splitgnn/elliptic/unified/tr40/seed_72
Split overlap checks: PASSED
train=18625 valid=9313 test=18626
Model source commit: 32fbdb836781d5c02523844a7079425f89be8831
Config SHA256: a85b4e4b803b37cbd9dfdb2357501224ae978b3e42714043aa9ada3884bcd5a1
Split SHA256: 77008be57543be620a444bf233a229fe6f09d3d5b4fcf427a8481f7972e5ebf5
epoch 0: loss=1.6970 val_auprc=0.1135 val_auc=0.5230 val_f1_macro=0.5262 (best_epoch=0, best_auprc=0.1135)
epoch 1: loss=1.6828 val_auprc=0.1078 val_auc=0.5227 val_f1_macro=0.4941 (best_epoch=0, best_auprc=0.1135)
epoch 2: loss=1.6660 val_auprc=0.1193 val_auc=0.5401 val_f1_macro=0.5048 (best_epoch=2, best_auprc=0.1193)
epoch 3: loss=1.6463 val_auprc=0.1428 val_auc=0.5648 val_f1_macro=0.5443 (best_epoch=3, best_auprc=0.1428)
epoch 4: loss=1.6372 val_auprc=0.1548 val_auc=0.5813 val_f1_macro=0.4840 (best_epoch=4, best_auprc=0.1548)
epoch 5: loss=1.6207 val_auprc=0.1584 val_auc=0.5938 val_f1_macro=0.1947 (best_epoch=5, best_auprc=0.1584)
epoch 6: loss=1.6094 val_auprc=0.1621 val_auc=0.6017 val_f1_macro=0.1913 (best_epoch=6, best_auprc=0.1621)
epoch 7: loss=1.5938 val_auprc=0.1673 val_auc=0.6103 val_f1_macro=0.2394 (best_epoch=7, best_auprc=0.1673)
epoch 8: loss=1.5786 val_auprc=0.1729 val_auc=0.6191 val_f1_macro=0.3238 (best_epoch=8, best_auprc=0.1729)
epoch 9: loss=1.5588 val_auprc=0.1794 val_auc=0.6297 val_f1_macro=0.4231 (best_epoch=9, best_auprc=0.1794)
epoch 10: loss=1.5543 val_auprc=0.1829 val_auc=0.6364 val_f1_macro=0.5030 (best_epoch=10, best_auprc=0.1829)
epoch 11: loss=1.6016 val_auprc=0.1864 val_auc=0.6423 val_f1_macro=0.5630 (best_epoch=11, best_auprc=0.1864)
epoch 12: loss=1.5053 val_auprc=0.1906 val_auc=0.6525 val_f1_macro=0.5723 (best_epoch=12, best_auprc=0.1906)
epoch 13: loss=1.4912 val_auprc=0.1964 val_auc=0.6670 val_f1_macro=0.5759 (best_epoch=13, best_auprc=0.1964)
epoch 14: loss=1.4784 val_auprc=0.2028 val_auc=0.6776 val_f1_macro=0.5815 (best_epoch=14, best_auprc=0.2028)
epoch 15: loss=1.4740 val_auprc=0.2115 val_auc=0.6866 val_f1_macro=0.5678 (best_epoch=15, best_auprc=0.2115)
epoch 16: loss=1.4682 val_auprc=0.2212 val_auc=0.6951 val_f1_macro=0.5529 (best_epoch=16, best_auprc=0.2212)
epoch 17: loss=1.4317 val_auprc=0.2278 val_auc=0.6973 val_f1_macro=0.5600 (best_epoch=17, best_auprc=0.2278)
epoch 18: loss=1.4140 val_auprc=0.2346 val_auc=0.7004 val_f1_macro=0.5473 (best_epoch=18, best_auprc=0.2346)
epoch 19: loss=1.3847 val_auprc=0.2440 val_auc=0.7050 val_f1_macro=0.5318 (best_epoch=19, best_auprc=0.2440)
epoch 20: loss=1.3592 val_auprc=0.2560 val_auc=0.7112 val_f1_macro=0.5307 (best_epoch=20, best_auprc=0.2560)
epoch 21: loss=1.3569 val_auprc=0.2662 val_auc=0.7169 val_f1_macro=0.5404 (best_epoch=21, best_auprc=0.2662)
epoch 22: loss=1.3176 val_auprc=0.2724 val_auc=0.7208 val_f1_macro=0.5580 (best_epoch=22, best_auprc=0.2724)
epoch 23: loss=1.3346 val_auprc=0.2787 val_auc=0.7261 val_f1_macro=0.5651 (best_epoch=23, best_auprc=0.2787)
epoch 24: loss=1.2977 val_auprc=0.2827 val_auc=0.7321 val_f1_macro=0.5589 (best_epoch=24, best_auprc=0.2827)
epoch 25: loss=1.2589 val_auprc=0.2895 val_auc=0.7387 val_f1_macro=0.5457 (best_epoch=25, best_auprc=0.2895)
epoch 26: loss=1.2682 val_auprc=0.2959 val_auc=0.7448 val_f1_macro=0.5355 (best_epoch=26, best_auprc=0.2959)
epoch 27: loss=1.2359 val_auprc=0.3026 val_auc=0.7502 val_f1_macro=0.5405 (best_epoch=27, best_auprc=0.3026)
epoch 28: loss=1.2739 val_auprc=0.3083 val_auc=0.7550 val_f1_macro=0.5592 (best_epoch=28, best_auprc=0.3083)
epoch 29: loss=1.2075 val_auprc=0.3166 val_auc=0.7604 val_f1_macro=0.5597 (best_epoch=29, best_auprc=0.3166)
epoch 30: loss=1.2285 val_auprc=0.3286 val_auc=0.7682 val_f1_macro=0.5408 (best_epoch=30, best_auprc=0.3286)
epoch 31: loss=1.1625 val_auprc=0.3282 val_auc=0.7696 val_f1_macro=0.5223 (best_epoch=30, best_auprc=0.3286)
epoch 32: loss=1.1605 val_auprc=0.3213 val_auc=0.7707 val_f1_macro=0.5373 (best_epoch=30, best_auprc=0.3286)
epoch 33: loss=1.1663 val_auprc=0.3124 val_auc=0.7722 val_f1_macro=0.5671 (best_epoch=30, best_auprc=0.3286)
epoch 34: loss=1.1553 val_auprc=0.3065 val_auc=0.7729 val_f1_macro=0.5826 (best_epoch=30, best_auprc=0.3286)
epoch 35: loss=1.1864 val_auprc=0.3079 val_auc=0.7767 val_f1_macro=0.5674 (best_epoch=30, best_auprc=0.3286)
epoch 36: loss=1.1335 val_auprc=0.3159 val_auc=0.7830 val_f1_macro=0.5418 (best_epoch=30, best_auprc=0.3286)
epoch 37: loss=1.1167 val_auprc=0.3262 val_auc=0.7897 val_f1_macro=0.5378 (best_epoch=30, best_auprc=0.3286)
epoch 38: loss=1.1137 val_auprc=0.3373 val_auc=0.7937 val_f1_macro=0.5604 (best_epoch=38, best_auprc=0.3373)
epoch 39: loss=1.1046 val_auprc=0.3481 val_auc=0.7970 val_f1_macro=0.5915 (best_epoch=39, best_auprc=0.3481)
epoch 40: loss=1.1213 val_auprc=0.3553 val_auc=0.8026 val_f1_macro=0.5980 (best_epoch=40, best_auprc=0.3553)
epoch 41: loss=1.1102 val_auprc=0.3654 val_auc=0.8105 val_f1_macro=0.5793 (best_epoch=41, best_auprc=0.3654)
epoch 42: loss=1.0599 val_auprc=0.3760 val_auc=0.8173 val_f1_macro=0.5565 (best_epoch=42, best_auprc=0.3760)
epoch 43: loss=1.0475 val_auprc=0.3766 val_auc=0.8198 val_f1_macro=0.5607 (best_epoch=43, best_auprc=0.3766)
epoch 44: loss=1.0828 val_auprc=0.3775 val_auc=0.8224 val_f1_macro=0.5916 (best_epoch=44, best_auprc=0.3775)
epoch 45: loss=1.0032 val_auprc=0.3805 val_auc=0.8249 val_f1_macro=0.6173 (best_epoch=45, best_auprc=0.3805)
epoch 46: loss=1.0626 val_auprc=0.3843 val_auc=0.8291 val_f1_macro=0.6242 (best_epoch=46, best_auprc=0.3843)
epoch 47: loss=1.0247 val_auprc=0.3951 val_auc=0.8349 val_f1_macro=0.6130 (best_epoch=47, best_auprc=0.3951)
epoch 48: loss=1.0733 val_auprc=0.4060 val_auc=0.8412 val_f1_macro=0.5947 (best_epoch=48, best_auprc=0.4060)
epoch 49: loss=1.0261 val_auprc=0.4159 val_auc=0.8458 val_f1_macro=0.5884 (best_epoch=49, best_auprc=0.4159)
epoch 50: loss=1.0242 val_auprc=0.4164 val_auc=0.8469 val_f1_macro=0.6075 (best_epoch=50, best_auprc=0.4164)
epoch 51: loss=1.0096 val_auprc=0.4112 val_auc=0.8467 val_f1_macro=0.6280 (best_epoch=50, best_auprc=0.4164)
epoch 52: loss=1.0261 val_auprc=0.4111 val_auc=0.8492 val_f1_macro=0.6264 (best_epoch=50, best_auprc=0.4164)
epoch 53: loss=1.0426 val_auprc=0.4174 val_auc=0.8534 val_f1_macro=0.6084 (best_epoch=53, best_auprc=0.4174)
epoch 54: loss=0.9973 val_auprc=0.4197 val_auc=0.8567 val_f1_macro=0.6001 (best_epoch=54, best_auprc=0.4197)
epoch 55: loss=1.0153 val_auprc=0.4164 val_auc=0.8568 val_f1_macro=0.6055 (best_epoch=54, best_auprc=0.4197)
epoch 56: loss=0.9606 val_auprc=0.4120 val_auc=0.8565 val_f1_macro=0.6234 (best_epoch=54, best_auprc=0.4197)
epoch 57: loss=0.9405 val_auprc=0.4123 val_auc=0.8570 val_f1_macro=0.6331 (best_epoch=54, best_auprc=0.4197)
epoch 58: loss=0.9512 val_auprc=0.4180 val_auc=0.8588 val_f1_macro=0.6297 (best_epoch=54, best_auprc=0.4197)
epoch 59: loss=1.0092 val_auprc=0.4263 val_auc=0.8615 val_f1_macro=0.6138 (best_epoch=59, best_auprc=0.4263)
epoch 60: loss=0.9736 val_auprc=0.4306 val_auc=0.8633 val_f1_macro=0.6067 (best_epoch=60, best_auprc=0.4306)
epoch 61: loss=0.9895 val_auprc=0.4291 val_auc=0.8633 val_f1_macro=0.6248 (best_epoch=60, best_auprc=0.4306)
epoch 62: loss=0.9912 val_auprc=0.4291 val_auc=0.8633 val_f1_macro=0.6358 (best_epoch=60, best_auprc=0.4306)
epoch 63: loss=0.9230 val_auprc=0.4347 val_auc=0.8649 val_f1_macro=0.6347 (best_epoch=63, best_auprc=0.4347)
epoch 64: loss=0.9445 val_auprc=0.4467 val_auc=0.8679 val_f1_macro=0.6225 (best_epoch=64, best_auprc=0.4467)
epoch 65: loss=0.9360 val_auprc=0.4540 val_auc=0.8703 val_f1_macro=0.6091 (best_epoch=65, best_auprc=0.4540)
epoch 66: loss=0.9052 val_auprc=0.4581 val_auc=0.8717 val_f1_macro=0.6170 (best_epoch=66, best_auprc=0.4581)
epoch 67: loss=0.9352 val_auprc=0.4609 val_auc=0.8715 val_f1_macro=0.6440 (best_epoch=67, best_auprc=0.4609)
epoch 68: loss=0.9305 val_auprc=0.4653 val_auc=0.8723 val_f1_macro=0.6565 (best_epoch=68, best_auprc=0.4653)
epoch 69: loss=0.9510 val_auprc=0.4813 val_auc=0.8768 val_f1_macro=0.6413 (best_epoch=69, best_auprc=0.4813)
epoch 70: loss=0.9745 val_auprc=0.4933 val_auc=0.8802 val_f1_macro=0.6268 (best_epoch=70, best_auprc=0.4933)
epoch 71: loss=0.9493 val_auprc=0.5018 val_auc=0.8822 val_f1_macro=0.6297 (best_epoch=71, best_auprc=0.5018)
epoch 72: loss=1.0951 val_auprc=0.5035 val_auc=0.8817 val_f1_macro=0.6487 (best_epoch=72, best_auprc=0.5035)
epoch 73: loss=0.9166 val_auprc=0.4992 val_auc=0.8802 val_f1_macro=0.6656 (best_epoch=72, best_auprc=0.5035)
epoch 74: loss=0.8835 val_auprc=0.5054 val_auc=0.8816 val_f1_macro=0.6566 (best_epoch=74, best_auprc=0.5054)
epoch 75: loss=0.9289 val_auprc=0.5146 val_auc=0.8840 val_f1_macro=0.6375 (best_epoch=75, best_auprc=0.5146)
epoch 76: loss=0.9168 val_auprc=0.5198 val_auc=0.8856 val_f1_macro=0.6285 (best_epoch=76, best_auprc=0.5198)
epoch 77: loss=0.9708 val_auprc=0.5183 val_auc=0.8857 val_f1_macro=0.6343 (best_epoch=76, best_auprc=0.5198)
epoch 78: loss=0.9024 val_auprc=0.5175 val_auc=0.8844 val_f1_macro=0.6510 (best_epoch=76, best_auprc=0.5198)
epoch 79: loss=0.9750 val_auprc=0.5125 val_auc=0.8834 val_f1_macro=0.6625 (best_epoch=76, best_auprc=0.5198)
epoch 80: loss=0.8858 val_auprc=0.5185 val_auc=0.8843 val_f1_macro=0.6555 (best_epoch=76, best_auprc=0.5198)
epoch 81: loss=0.8791 val_auprc=0.5248 val_auc=0.8852 val_f1_macro=0.6394 (best_epoch=81, best_auprc=0.5248)
epoch 82: loss=0.8498 val_auprc=0.5272 val_auc=0.8854 val_f1_macro=0.6340 (best_epoch=82, best_auprc=0.5272)
epoch 83: loss=0.8973 val_auprc=0.5254 val_auc=0.8845 val_f1_macro=0.6431 (best_epoch=82, best_auprc=0.5272)
epoch 84: loss=0.8828 val_auprc=0.5235 val_auc=0.8834 val_f1_macro=0.6605 (best_epoch=82, best_auprc=0.5272)
epoch 85: loss=0.8935 val_auprc=0.5271 val_auc=0.8843 val_f1_macro=0.6618 (best_epoch=82, best_auprc=0.5272)
epoch 86: loss=0.9004 val_auprc=0.5346 val_auc=0.8867 val_f1_macro=0.6513 (best_epoch=86, best_auprc=0.5346)
epoch 87: loss=0.8867 val_auprc=0.5406 val_auc=0.8896 val_f1_macro=0.6425 (best_epoch=87, best_auprc=0.5406)
epoch 88: loss=0.8547 val_auprc=0.5454 val_auc=0.8918 val_f1_macro=0.6429 (best_epoch=88, best_auprc=0.5454)
epoch 89: loss=0.9326 val_auprc=0.5471 val_auc=0.8926 val_f1_macro=0.6564 (best_epoch=89, best_auprc=0.5471)
epoch 90: loss=0.9105 val_auprc=0.5464 val_auc=0.8923 val_f1_macro=0.6661 (best_epoch=89, best_auprc=0.5471)
epoch 91: loss=0.8903 val_auprc=0.5504 val_auc=0.8940 val_f1_macro=0.6637 (best_epoch=91, best_auprc=0.5504)
epoch 92: loss=0.9043 val_auprc=0.5596 val_auc=0.8974 val_f1_macro=0.6540 (best_epoch=92, best_auprc=0.5596)
epoch 93: loss=0.8698 val_auprc=0.5638 val_auc=0.8992 val_f1_macro=0.6542 (best_epoch=93, best_auprc=0.5638)
epoch 94: loss=0.8630 val_auprc=0.5638 val_auc=0.9001 val_f1_macro=0.6592 (best_epoch=94, best_auprc=0.5638)
epoch 95: loss=0.8317 val_auprc=0.5631 val_auc=0.9004 val_f1_macro=0.6642 (best_epoch=94, best_auprc=0.5638)
epoch 96: loss=0.8552 val_auprc=0.5603 val_auc=0.9001 val_f1_macro=0.6711 (best_epoch=94, best_auprc=0.5638)
epoch 97: loss=0.8680 val_auprc=0.5638 val_auc=0.9012 val_f1_macro=0.6677 (best_epoch=94, best_auprc=0.5638)
epoch 98: loss=0.8490 val_auprc=0.5691 val_auc=0.9019 val_f1_macro=0.6686 (best_epoch=98, best_auprc=0.5691)
epoch 99: loss=0.8785 val_auprc=0.5689 val_auc=0.9013 val_f1_macro=0.6743 (best_epoch=98, best_auprc=0.5691)
Selected threshold (best val macro-F1): 0.80 (val F1=0.7758)
TEST metrics: {'auprc': 0.5871163037901873, 'auc': 0.9066619849157692, 'f1_macro': 0.7825694528339078, 'recall': 0.599009900990099, 'threshold_used': 0.8, 'best_epoch': 98}