=== Run: splitgnn_tfinance_unified_tr40_seed2_a6000_20260918T010905Z ===
Result dir: /workspace/splitgnn_vast/results/splitgnn/tfinance/unified/tr40/seed_2
No existing split file at /workspace/splitgnn_vast/splits/tfinance_seed2_nested_splits.npz, generating now.
Split overlap checks: PASSED
train=15742 valid=7872 test=15743
Model source commit: 32fbdb836781d5c02523844a7079425f89be8831
Config SHA256: 155c8b23e95871c18157b8ba5e9b360a59c22cf403079fdab6b4902f20646a2f
Split SHA256: e7f78da52dc324c283f864744cd85105fe1c5d0feab065727930a50ba1c1971c
epoch 0: loss=1.6966 val_auprc=0.6551 val_auc=0.8724 val_f1_macro=0.2308 (best_epoch=0, best_auprc=0.6551)
epoch 1: loss=1.6767 val_auprc=0.7100 val_auc=0.8770 val_f1_macro=0.6279 (best_epoch=1, best_auprc=0.7100)
epoch 2: loss=1.6571 val_auprc=0.7170 val_auc=0.8807 val_f1_macro=0.6677 (best_epoch=2, best_auprc=0.7170)
epoch 3: loss=1.6349 val_auprc=0.7136 val_auc=0.8821 val_f1_macro=0.6433 (best_epoch=2, best_auprc=0.7170)
epoch 4: loss=1.6082 val_auprc=0.7077 val_auc=0.8820 val_f1_macro=0.6265 (best_epoch=2, best_auprc=0.7170)
epoch 5: loss=1.5786 val_auprc=0.7001 val_auc=0.8812 val_f1_macro=0.6240 (best_epoch=2, best_auprc=0.7170)
epoch 6: loss=1.5457 val_auprc=0.6951 val_auc=0.8800 val_f1_macro=0.6327 (best_epoch=2, best_auprc=0.7170)
epoch 7: loss=1.5158 val_auprc=0.6867 val_auc=0.8786 val_f1_macro=0.6337 (best_epoch=2, best_auprc=0.7170)
epoch 8: loss=1.4804 val_auprc=0.6701 val_auc=0.8783 val_f1_macro=0.6561 (best_epoch=2, best_auprc=0.7170)
epoch 9: loss=1.4354 val_auprc=0.6569 val_auc=0.8789 val_f1_macro=0.6787 (best_epoch=2, best_auprc=0.7170)
epoch 10: loss=1.3927 val_auprc=0.6473 val_auc=0.8808 val_f1_macro=0.6891 (best_epoch=2, best_auprc=0.7170)
epoch 11: loss=1.3672 val_auprc=0.6456 val_auc=0.8838 val_f1_macro=0.6883 (best_epoch=2, best_auprc=0.7170)
epoch 12: loss=1.3373 val_auprc=0.6379 val_auc=0.8873 val_f1_macro=0.6761 (best_epoch=2, best_auprc=0.7170)
epoch 13: loss=1.2970 val_auprc=0.6210 val_auc=0.8913 val_f1_macro=0.6576 (best_epoch=2, best_auprc=0.7170)
epoch 14: loss=1.2755 val_auprc=0.5937 val_auc=0.8950 val_f1_macro=0.6376 (best_epoch=2, best_auprc=0.7170)
epoch 15: loss=1.2511 val_auprc=0.5702 val_auc=0.8983 val_f1_macro=0.6164 (best_epoch=2, best_auprc=0.7170)
epoch 16: loss=1.2150 val_auprc=0.5471 val_auc=0.9013 val_f1_macro=0.6070 (best_epoch=2, best_auprc=0.7170)
epoch 17: loss=1.1984 val_auprc=0.5332 val_auc=0.9049 val_f1_macro=0.6114 (best_epoch=2, best_auprc=0.7170)
epoch 18: loss=1.1667 val_auprc=0.5519 val_auc=0.9096 val_f1_macro=0.6240 (best_epoch=2, best_auprc=0.7170)
epoch 19: loss=1.1239 val_auprc=0.5997 val_auc=0.9156 val_f1_macro=0.6424 (best_epoch=2, best_auprc=0.7170)
epoch 20: loss=1.1139 val_auprc=0.6501 val_auc=0.9224 val_f1_macro=0.6669 (best_epoch=2, best_auprc=0.7170)
epoch 21: loss=1.0586 val_auprc=0.7214 val_auc=0.9291 val_f1_macro=0.6952 (best_epoch=21, best_auprc=0.7214)
epoch 22: loss=1.0209 val_auprc=0.7525 val_auc=0.9352 val_f1_macro=0.7143 (best_epoch=22, best_auprc=0.7525)
epoch 23: loss=0.9935 val_auprc=0.7672 val_auc=0.9406 val_f1_macro=0.7321 (best_epoch=23, best_auprc=0.7672)
epoch 24: loss=0.9641 val_auprc=0.7804 val_auc=0.9451 val_f1_macro=0.7413 (best_epoch=24, best_auprc=0.7804)
epoch 25: loss=0.9484 val_auprc=0.7944 val_auc=0.9488 val_f1_macro=0.7516 (best_epoch=25, best_auprc=0.7944)
epoch 26: loss=0.9260 val_auprc=0.8084 val_auc=0.9516 val_f1_macro=0.7661 (best_epoch=26, best_auprc=0.8084)
epoch 27: loss=0.9116 val_auprc=0.8228 val_auc=0.9536 val_f1_macro=0.7890 (best_epoch=27, best_auprc=0.8228)
epoch 28: loss=0.8896 val_auprc=0.8349 val_auc=0.9544 val_f1_macro=0.8088 (best_epoch=28, best_auprc=0.8349)
epoch 29: loss=0.8790 val_auprc=0.8427 val_auc=0.9546 val_f1_macro=0.8205 (best_epoch=29, best_auprc=0.8427)
epoch 30: loss=0.8677 val_auprc=0.8465 val_auc=0.9547 val_f1_macro=0.8224 (best_epoch=30, best_auprc=0.8465)
epoch 31: loss=0.8590 val_auprc=0.8473 val_auc=0.9548 val_f1_macro=0.8178 (best_epoch=31, best_auprc=0.8473)
epoch 32: loss=0.8286 val_auprc=0.8459 val_auc=0.9549 val_f1_macro=0.8056 (best_epoch=31, best_auprc=0.8473)
epoch 33: loss=0.8310 val_auprc=0.8430 val_auc=0.9550 val_f1_macro=0.7908 (best_epoch=31, best_auprc=0.8473)
epoch 34: loss=0.8332 val_auprc=0.8386 val_auc=0.9549 val_f1_macro=0.7708 (best_epoch=31, best_auprc=0.8473)
epoch 35: loss=0.8165 val_auprc=0.8372 val_auc=0.9549 val_f1_macro=0.7617 (best_epoch=31, best_auprc=0.8473)
epoch 36: loss=0.8134 val_auprc=0.8383 val_auc=0.9551 val_f1_macro=0.7659 (best_epoch=31, best_auprc=0.8473)
epoch 37: loss=0.8097 val_auprc=0.8408 val_auc=0.9555 val_f1_macro=0.7709 (best_epoch=31, best_auprc=0.8473)
epoch 38: loss=0.8340 val_auprc=0.8465 val_auc=0.9559 val_f1_macro=0.7873 (best_epoch=31, best_auprc=0.8473)
epoch 39: loss=0.8150 val_auprc=0.8516 val_auc=0.9560 val_f1_macro=0.7975 (best_epoch=39, best_auprc=0.8516)
epoch 40: loss=0.8030 val_auprc=0.8551 val_auc=0.9562 val_f1_macro=0.7986 (best_epoch=40, best_auprc=0.8551)
epoch 41: loss=0.8033 val_auprc=0.8575 val_auc=0.9564 val_f1_macro=0.7949 (best_epoch=41, best_auprc=0.8575)
epoch 42: loss=0.8075 val_auprc=0.8606 val_auc=0.9566 val_f1_macro=0.7943 (best_epoch=42, best_auprc=0.8606)
epoch 43: loss=0.7933 val_auprc=0.8622 val_auc=0.9568 val_f1_macro=0.7884 (best_epoch=43, best_auprc=0.8622)
epoch 44: loss=0.8026 val_auprc=0.8659 val_auc=0.9571 val_f1_macro=0.7970 (best_epoch=44, best_auprc=0.8659)
epoch 45: loss=0.7910 val_auprc=0.8684 val_auc=0.9577 val_f1_macro=0.8085 (best_epoch=45, best_auprc=0.8684)
epoch 46: loss=0.7941 val_auprc=0.8688 val_auc=0.9583 val_f1_macro=0.8103 (best_epoch=46, best_auprc=0.8688)
epoch 47: loss=0.7930 val_auprc=0.8680 val_auc=0.9588 val_f1_macro=0.8114 (best_epoch=46, best_auprc=0.8688)
epoch 48: loss=0.7944 val_auprc=0.8664 val_auc=0.9591 val_f1_macro=0.8110 (best_epoch=46, best_auprc=0.8688)
epoch 49: loss=0.7835 val_auprc=0.8659 val_auc=0.9594 val_f1_macro=0.8162 (best_epoch=46, best_auprc=0.8688)
epoch 50: loss=0.7973 val_auprc=0.8662 val_auc=0.9596 val_f1_macro=0.8189 (best_epoch=46, best_auprc=0.8688)
epoch 51: loss=0.7811 val_auprc=0.8651 val_auc=0.9597 val_f1_macro=0.8114 (best_epoch=46, best_auprc=0.8688)
epoch 52: loss=0.8061 val_auprc=0.8667 val_auc=0.9598 val_f1_macro=0.8136 (best_epoch=46, best_auprc=0.8688)
epoch 53: loss=0.7805 val_auprc=0.8690 val_auc=0.9599 val_f1_macro=0.8162 (best_epoch=53, best_auprc=0.8690)
epoch 54: loss=0.7890 val_auprc=0.8717 val_auc=0.9599 val_f1_macro=0.8235 (best_epoch=54, best_auprc=0.8717)
epoch 55: loss=0.7738 val_auprc=0.8740 val_auc=0.9600 val_f1_macro=0.8247 (best_epoch=55, best_auprc=0.8740)
epoch 56: loss=0.7780 val_auprc=0.8751 val_auc=0.9601 val_f1_macro=0.8219 (best_epoch=56, best_auprc=0.8751)
epoch 57: loss=0.7815 val_auprc=0.8765 val_auc=0.9601 val_f1_macro=0.8294 (best_epoch=57, best_auprc=0.8765)
epoch 58: loss=0.7789 val_auprc=0.8772 val_auc=0.9601 val_f1_macro=0.8266 (best_epoch=58, best_auprc=0.8772)
epoch 59: loss=0.7814 val_auprc=0.8777 val_auc=0.9602 val_f1_macro=0.8277 (best_epoch=59, best_auprc=0.8777)
epoch 60: loss=0.7779 val_auprc=0.8786 val_auc=0.9601 val_f1_macro=0.8378 (best_epoch=60, best_auprc=0.8786)
epoch 61: loss=0.7794 val_auprc=0.8784 val_auc=0.9600 val_f1_macro=0.8366 (best_epoch=60, best_auprc=0.8786)
epoch 62: loss=0.7723 val_auprc=0.8784 val_auc=0.9599 val_f1_macro=0.8316 (best_epoch=60, best_auprc=0.8786)
epoch 63: loss=0.7716 val_auprc=0.8781 val_auc=0.9598 val_f1_macro=0.8269 (best_epoch=60, best_auprc=0.8786)
epoch 64: loss=0.7693 val_auprc=0.8775 val_auc=0.9597 val_f1_macro=0.8184 (best_epoch=60, best_auprc=0.8786)
epoch 65: loss=0.7557 val_auprc=0.8767 val_auc=0.9596 val_f1_macro=0.8132 (best_epoch=60, best_auprc=0.8786)
epoch 66: loss=0.7677 val_auprc=0.8756 val_auc=0.9595 val_f1_macro=0.8096 (best_epoch=60, best_auprc=0.8786)
epoch 67: loss=0.7678 val_auprc=0.8752 val_auc=0.9595 val_f1_macro=0.8103 (best_epoch=60, best_auprc=0.8786)
epoch 68: loss=0.7695 val_auprc=0.8752 val_auc=0.9596 val_f1_macro=0.8128 (best_epoch=60, best_auprc=0.8786)
epoch 69: loss=0.7641 val_auprc=0.8757 val_auc=0.9596 val_f1_macro=0.8169 (best_epoch=60, best_auprc=0.8786)
epoch 70: loss=0.7650 val_auprc=0.8760 val_auc=0.9597 val_f1_macro=0.8211 (best_epoch=60, best_auprc=0.8786)
epoch 71: loss=0.7633 val_auprc=0.8774 val_auc=0.9600 val_f1_macro=0.8246 (best_epoch=60, best_auprc=0.8786)
epoch 72: loss=0.7558 val_auprc=0.8783 val_auc=0.9603 val_f1_macro=0.8245 (best_epoch=60, best_auprc=0.8786)
epoch 73: loss=0.7644 val_auprc=0.8792 val_auc=0.9606 val_f1_macro=0.8176 (best_epoch=73, best_auprc=0.8792)
epoch 74: loss=0.7707 val_auprc=0.8802 val_auc=0.9609 val_f1_macro=0.8244 (best_epoch=74, best_auprc=0.8802)
epoch 75: loss=0.7677 val_auprc=0.8808 val_auc=0.9611 val_f1_macro=0.8350 (best_epoch=75, best_auprc=0.8808)
epoch 76: loss=0.7610 val_auprc=0.8810 val_auc=0.9612 val_f1_macro=0.8379 (best_epoch=76, best_auprc=0.8810)
epoch 77: loss=0.7616 val_auprc=0.8811 val_auc=0.9612 val_f1_macro=0.8379 (best_epoch=77, best_auprc=0.8811)
epoch 78: loss=0.7660 val_auprc=0.8810 val_auc=0.9612 val_f1_macro=0.8358 (best_epoch=77, best_auprc=0.8811)
epoch 79: loss=0.7497 val_auprc=0.8808 val_auc=0.9612 val_f1_macro=0.8236 (best_epoch=77, best_auprc=0.8811)
epoch 80: loss=0.7619 val_auprc=0.8803 val_auc=0.9611 val_f1_macro=0.8124 (best_epoch=77, best_auprc=0.8811)
epoch 81: loss=0.7533 val_auprc=0.8792 val_auc=0.9609 val_f1_macro=0.8046 (best_epoch=77, best_auprc=0.8811)
epoch 82: loss=0.7580 val_auprc=0.8785 val_auc=0.9607 val_f1_macro=0.8050 (best_epoch=77, best_auprc=0.8811)
epoch 83: loss=0.7782 val_auprc=0.8787 val_auc=0.9608 val_f1_macro=0.8264 (best_epoch=77, best_auprc=0.8811)
epoch 84: loss=0.7629 val_auprc=0.8792 val_auc=0.9609 val_f1_macro=0.8394 (best_epoch=77, best_auprc=0.8811)
epoch 85: loss=0.7513 val_auprc=0.8798 val_auc=0.9612 val_f1_macro=0.8488 (best_epoch=77, best_auprc=0.8811)
epoch 86: loss=0.7599 val_auprc=0.8803 val_auc=0.9614 val_f1_macro=0.8439 (best_epoch=77, best_auprc=0.8811)
epoch 87: loss=0.7592 val_auprc=0.8809 val_auc=0.9615 val_f1_macro=0.8319 (best_epoch=77, best_auprc=0.8811)
epoch 88: loss=0.7488 val_auprc=0.8812 val_auc=0.9618 val_f1_macro=0.8132 (best_epoch=88, best_auprc=0.8812)
epoch 89: loss=0.7567 val_auprc=0.8810 val_auc=0.9618 val_f1_macro=0.8009 (best_epoch=88, best_auprc=0.8812)
epoch 90: loss=0.7581 val_auprc=0.8804 val_auc=0.9617 val_f1_macro=0.8117 (best_epoch=88, best_auprc=0.8812)
epoch 91: loss=0.7409 val_auprc=0.8799 val_auc=0.9616 val_f1_macro=0.8172 (best_epoch=88, best_auprc=0.8812)
epoch 92: loss=0.7590 val_auprc=0.8797 val_auc=0.9615 val_f1_macro=0.8261 (best_epoch=88, best_auprc=0.8812)
epoch 93: loss=0.7511 val_auprc=0.8794 val_auc=0.9615 val_f1_macro=0.8340 (best_epoch=88, best_auprc=0.8812)
epoch 94: loss=0.7573 val_auprc=0.8797 val_auc=0.9617 val_f1_macro=0.8387 (best_epoch=88, best_auprc=0.8812)
epoch 95: loss=0.7496 val_auprc=0.8803 val_auc=0.9619 val_f1_macro=0.8308 (best_epoch=88, best_auprc=0.8812)
epoch 96: loss=0.7515 val_auprc=0.8809 val_auc=0.9621 val_f1_macro=0.8224 (best_epoch=88, best_auprc=0.8812)
epoch 97: loss=0.7591 val_auprc=0.8815 val_auc=0.9624 val_f1_macro=0.8247 (best_epoch=97, best_auprc=0.8815)
epoch 98: loss=0.7643 val_auprc=0.8817 val_auc=0.9624 val_f1_macro=0.8299 (best_epoch=98, best_auprc=0.8817)
epoch 99: loss=0.7462 val_auprc=0.8816 val_auc=0.9625 val_f1_macro=0.8335 (best_epoch=98, best_auprc=0.8817)
Selected threshold (best val macro-F1): 0.95 (val F1=0.9263)
TEST metrics: {'auprc': 0.8402608820155505, 'auc': 0.9487971687283232, 'f1_macro': 0.9003685666584293, 'recall': 0.739612188365651, 'threshold_used': 0.9500000000000001, 'best_epoch': 98}