=== Run: splitgnn_comp_unified_tr10_seed2_a6000_20260918T004825Z ===
Result dir: /workspace/splitgnn_vast/results/splitgnn/comp/unified/tr10/seed_2
Split overlap checks: PASSED
train=532 valid=1064 test=2127
Model source commit: 32fbdb836781d5c02523844a7079425f89be8831
Config SHA256: fca79d18664a31e55c8abf55d52a46e3332a4ab61c321beb02925c4cd6c6c327
Split SHA256: 193f52954bc953878d02f1334a94c4137fb8c2a7e3d37d0aaff51b9f11f1ae02
epoch 0: loss=1.7157 val_auprc=0.0992 val_auc=0.4664 val_f1_macro=0.4722 (best_epoch=0, best_auprc=0.0992)
epoch 1: loss=1.7315 val_auprc=0.0994 val_auc=0.4662 val_f1_macro=0.4722 (best_epoch=1, best_auprc=0.0994)
epoch 2: loss=1.7222 val_auprc=0.0992 val_auc=0.4645 val_f1_macro=0.4722 (best_epoch=1, best_auprc=0.0994)
epoch 3: loss=1.7138 val_auprc=0.0992 val_auc=0.4645 val_f1_macro=0.4722 (best_epoch=1, best_auprc=0.0994)
epoch 4: loss=1.7242 val_auprc=0.1030 val_auc=0.4692 val_f1_macro=0.4722 (best_epoch=4, best_auprc=0.1030)
epoch 5: loss=1.7083 val_auprc=0.1045 val_auc=0.4712 val_f1_macro=0.4722 (best_epoch=5, best_auprc=0.1045)
epoch 6: loss=1.7123 val_auprc=0.1066 val_auc=0.4767 val_f1_macro=0.4722 (best_epoch=6, best_auprc=0.1066)
epoch 7: loss=1.7145 val_auprc=0.1078 val_auc=0.4762 val_f1_macro=0.4722 (best_epoch=7, best_auprc=0.1078)
epoch 8: loss=1.7145 val_auprc=0.1084 val_auc=0.4763 val_f1_macro=0.4722 (best_epoch=8, best_auprc=0.1084)
epoch 9: loss=1.7075 val_auprc=0.1083 val_auc=0.4764 val_f1_macro=0.4722 (best_epoch=8, best_auprc=0.1084)
epoch 10: loss=1.7197 val_auprc=0.1081 val_auc=0.4760 val_f1_macro=0.4722 (best_epoch=8, best_auprc=0.1084)
epoch 11: loss=1.7053 val_auprc=0.1086 val_auc=0.4761 val_f1_macro=0.4722 (best_epoch=11, best_auprc=0.1086)
epoch 12: loss=1.7020 val_auprc=0.1094 val_auc=0.4769 val_f1_macro=0.4722 (best_epoch=12, best_auprc=0.1094)
epoch 13: loss=1.6960 val_auprc=0.1099 val_auc=0.4776 val_f1_macro=0.4722 (best_epoch=13, best_auprc=0.1099)
epoch 14: loss=1.7093 val_auprc=0.1104 val_auc=0.4779 val_f1_macro=0.4722 (best_epoch=14, best_auprc=0.1104)
epoch 15: loss=1.7064 val_auprc=0.1111 val_auc=0.4789 val_f1_macro=0.4722 (best_epoch=15, best_auprc=0.1111)
epoch 16: loss=1.7019 val_auprc=0.1121 val_auc=0.4799 val_f1_macro=0.4722 (best_epoch=16, best_auprc=0.1121)
epoch 17: loss=1.7042 val_auprc=0.1119 val_auc=0.4802 val_f1_macro=0.4722 (best_epoch=16, best_auprc=0.1121)
epoch 18: loss=1.6935 val_auprc=0.1122 val_auc=0.4800 val_f1_macro=0.4722 (best_epoch=18, best_auprc=0.1122)
epoch 19: loss=1.7128 val_auprc=0.1124 val_auc=0.4795 val_f1_macro=0.4722 (best_epoch=19, best_auprc=0.1124)
epoch 20: loss=1.6880 val_auprc=0.1142 val_auc=0.4799 val_f1_macro=0.4722 (best_epoch=20, best_auprc=0.1142)
epoch 21: loss=1.6982 val_auprc=0.1143 val_auc=0.4800 val_f1_macro=0.4722 (best_epoch=21, best_auprc=0.1143)
epoch 22: loss=1.6980 val_auprc=0.1143 val_auc=0.4791 val_f1_macro=0.4722 (best_epoch=22, best_auprc=0.1143)
epoch 23: loss=1.6838 val_auprc=0.1142 val_auc=0.4781 val_f1_macro=0.4722 (best_epoch=22, best_auprc=0.1143)
epoch 24: loss=1.6871 val_auprc=0.1142 val_auc=0.4776 val_f1_macro=0.4722 (best_epoch=22, best_auprc=0.1143)
epoch 25: loss=1.6876 val_auprc=0.1145 val_auc=0.4770 val_f1_macro=0.4722 (best_epoch=25, best_auprc=0.1145)
epoch 26: loss=1.6886 val_auprc=0.1145 val_auc=0.4769 val_f1_macro=0.4722 (best_epoch=26, best_auprc=0.1145)
epoch 27: loss=1.6946 val_auprc=0.1145 val_auc=0.4767 val_f1_macro=0.4722 (best_epoch=26, best_auprc=0.1145)
epoch 28: loss=1.6869 val_auprc=0.1191 val_auc=0.4767 val_f1_macro=0.4722 (best_epoch=28, best_auprc=0.1191)
epoch 29: loss=1.6910 val_auprc=0.1192 val_auc=0.4769 val_f1_macro=0.4722 (best_epoch=29, best_auprc=0.1192)
epoch 30: loss=1.7150 val_auprc=0.1197 val_auc=0.4773 val_f1_macro=0.4722 (best_epoch=30, best_auprc=0.1197)
epoch 31: loss=1.6859 val_auprc=0.1198 val_auc=0.4775 val_f1_macro=0.4722 (best_epoch=31, best_auprc=0.1198)
epoch 32: loss=1.6802 val_auprc=0.1199 val_auc=0.4780 val_f1_macro=0.4722 (best_epoch=32, best_auprc=0.1199)
epoch 33: loss=1.6856 val_auprc=0.1207 val_auc=0.4771 val_f1_macro=0.4722 (best_epoch=33, best_auprc=0.1207)
epoch 34: loss=1.6914 val_auprc=0.1216 val_auc=0.4763 val_f1_macro=0.4722 (best_epoch=34, best_auprc=0.1216)
epoch 35: loss=1.6691 val_auprc=0.1218 val_auc=0.4766 val_f1_macro=0.4722 (best_epoch=35, best_auprc=0.1218)
epoch 36: loss=1.6886 val_auprc=0.1219 val_auc=0.4770 val_f1_macro=0.4722 (best_epoch=36, best_auprc=0.1219)
epoch 37: loss=1.6602 val_auprc=0.1230 val_auc=0.4782 val_f1_macro=0.4722 (best_epoch=37, best_auprc=0.1230)
epoch 38: loss=1.6784 val_auprc=0.1230 val_auc=0.4782 val_f1_macro=0.4722 (best_epoch=37, best_auprc=0.1230)
epoch 39: loss=1.6775 val_auprc=0.1224 val_auc=0.4787 val_f1_macro=0.4722 (best_epoch=37, best_auprc=0.1230)
epoch 40: loss=1.6874 val_auprc=0.1233 val_auc=0.4790 val_f1_macro=0.4722 (best_epoch=40, best_auprc=0.1233)
epoch 41: loss=1.6840 val_auprc=0.1235 val_auc=0.4796 val_f1_macro=0.4722 (best_epoch=41, best_auprc=0.1235)
epoch 42: loss=1.6702 val_auprc=0.1238 val_auc=0.4805 val_f1_macro=0.4810 (best_epoch=42, best_auprc=0.1238)
epoch 43: loss=1.6755 val_auprc=0.1244 val_auc=0.4810 val_f1_macro=0.5145 (best_epoch=43, best_auprc=0.1244)
epoch 44: loss=1.6533 val_auprc=0.1250 val_auc=0.4805 val_f1_macro=0.4725 (best_epoch=44, best_auprc=0.1250)
epoch 45: loss=1.6853 val_auprc=0.1157 val_auc=0.4764 val_f1_macro=0.4053 (best_epoch=44, best_auprc=0.1250)
epoch 46: loss=1.6751 val_auprc=0.1139 val_auc=0.4810 val_f1_macro=0.3106 (best_epoch=44, best_auprc=0.1250)
epoch 47: loss=1.6785 val_auprc=0.1198 val_auc=0.4815 val_f1_macro=0.2574 (best_epoch=44, best_auprc=0.1250)
epoch 48: loss=1.6521 val_auprc=0.1142 val_auc=0.4766 val_f1_macro=0.2241 (best_epoch=44, best_auprc=0.1250)
epoch 49: loss=1.6712 val_auprc=0.1138 val_auc=0.4750 val_f1_macro=0.2197 (best_epoch=44, best_auprc=0.1250)
epoch 50: loss=1.6606 val_auprc=0.1141 val_auc=0.4758 val_f1_macro=0.2192 (best_epoch=44, best_auprc=0.1250)
epoch 51: loss=1.6712 val_auprc=0.1132 val_auc=0.4772 val_f1_macro=0.2183 (best_epoch=44, best_auprc=0.1250)
epoch 52: loss=1.6526 val_auprc=0.1134 val_auc=0.4777 val_f1_macro=0.2166 (best_epoch=44, best_auprc=0.1250)
epoch 53: loss=1.6611 val_auprc=0.1134 val_auc=0.4782 val_f1_macro=0.2157 (best_epoch=44, best_auprc=0.1250)
epoch 54: loss=1.6529 val_auprc=0.1174 val_auc=0.4818 val_f1_macro=0.2166 (best_epoch=44, best_auprc=0.1250)
epoch 55: loss=1.6335 val_auprc=0.1177 val_auc=0.4833 val_f1_macro=0.2183 (best_epoch=44, best_auprc=0.1250)
epoch 56: loss=1.6551 val_auprc=0.1180 val_auc=0.4855 val_f1_macro=0.2183 (best_epoch=44, best_auprc=0.1250)
epoch 57: loss=1.6709 val_auprc=0.1161 val_auc=0.4847 val_f1_macro=0.2217 (best_epoch=44, best_auprc=0.1250)
epoch 58: loss=1.6440 val_auprc=0.1172 val_auc=0.4894 val_f1_macro=0.2256 (best_epoch=44, best_auprc=0.1250)
epoch 59: loss=1.6686 val_auprc=0.1173 val_auc=0.4907 val_f1_macro=0.2364 (best_epoch=44, best_auprc=0.1250)
epoch 60: loss=1.6586 val_auprc=0.1175 val_auc=0.4923 val_f1_macro=0.2642 (best_epoch=44, best_auprc=0.1250)
epoch 61: loss=1.6413 val_auprc=0.1174 val_auc=0.4931 val_f1_macro=0.2739 (best_epoch=44, best_auprc=0.1250)
epoch 62: loss=1.6415 val_auprc=0.1177 val_auc=0.4942 val_f1_macro=0.2754 (best_epoch=44, best_auprc=0.1250)
epoch 63: loss=1.6340 val_auprc=0.1165 val_auc=0.4896 val_f1_macro=0.2829 (best_epoch=44, best_auprc=0.1250)
epoch 64: loss=1.6535 val_auprc=0.1165 val_auc=0.4889 val_f1_macro=0.2854 (best_epoch=44, best_auprc=0.1250)
Early stopping at epoch 64 (no improvement for 20 epochs)
Selected threshold (best val macro-F1): 0.50 (val F1=0.4725)
TEST metrics: {'auprc': 0.08999912140293202, 'auc': 0.4265093649125441, 'f1_macro': 0.4423206720385446, 'recall': 0.26339285714285715, 'threshold_used': 0.5, 'best_epoch': 44}