=== Run: splitgnn_amazon_unified_tr10_seed42_a6000_20260918T002505Z ===
Result dir: /workspace/splitgnn_vast/results/splitgnn/amazon/unified/tr10/seed_42
Split overlap checks: PASSED
train=1194 valid=2389 test=4777
Model source commit: 32fbdb836781d5c02523844a7079425f89be8831
Config SHA256: 82c999eb8187e4fa3152fc072b25a44cd92bbb6c2ee34214bf225db41f756b54
Split SHA256: 194b49f7cac03b0081747e62cd5d422718e854d4350e200337c19b7663dca8dc
epoch 0: loss=1.7120 val_auprc=0.0471 val_auc=0.3127 val_f1_macro=0.4822 (best_epoch=0, best_auprc=0.0471)
epoch 1: loss=1.8206 val_auprc=0.0544 val_auc=0.4190 val_f1_macro=0.0642 (best_epoch=1, best_auprc=0.0544)
epoch 2: loss=1.7848 val_auprc=0.0580 val_auc=0.4452 val_f1_macro=0.0647 (best_epoch=2, best_auprc=0.0580)
epoch 3: loss=1.5569 val_auprc=0.0909 val_auc=0.6122 val_f1_macro=0.3157 (best_epoch=3, best_auprc=0.0909)
epoch 4: loss=1.4496 val_auprc=0.1334 val_auc=0.6496 val_f1_macro=0.3130 (best_epoch=4, best_auprc=0.1334)
epoch 5: loss=1.4476 val_auprc=0.1990 val_auc=0.7319 val_f1_macro=0.3264 (best_epoch=5, best_auprc=0.1990)
epoch 6: loss=1.3893 val_auprc=0.2760 val_auc=0.7625 val_f1_macro=0.4870 (best_epoch=6, best_auprc=0.2760)
epoch 7: loss=1.3531 val_auprc=0.1683 val_auc=0.7217 val_f1_macro=0.3220 (best_epoch=6, best_auprc=0.2760)
epoch 8: loss=1.4707 val_auprc=0.3067 val_auc=0.7673 val_f1_macro=0.6772 (best_epoch=8, best_auprc=0.3067)
epoch 9: loss=1.3447 val_auprc=0.3113 val_auc=0.7752 val_f1_macro=0.4822 (best_epoch=9, best_auprc=0.3113)
epoch 10: loss=1.3556 val_auprc=0.2449 val_auc=0.7625 val_f1_macro=0.4822 (best_epoch=9, best_auprc=0.3113)
epoch 11: loss=1.3502 val_auprc=0.2312 val_auc=0.7620 val_f1_macro=0.5416 (best_epoch=9, best_auprc=0.3113)
epoch 12: loss=1.3021 val_auprc=0.2913 val_auc=0.7807 val_f1_macro=0.6799 (best_epoch=9, best_auprc=0.3113)
epoch 13: loss=1.2682 val_auprc=0.2685 val_auc=0.7756 val_f1_macro=0.5195 (best_epoch=9, best_auprc=0.3113)
epoch 14: loss=1.2600 val_auprc=0.3460 val_auc=0.7862 val_f1_macro=0.5983 (best_epoch=14, best_auprc=0.3460)
epoch 15: loss=1.2030 val_auprc=0.3834 val_auc=0.7999 val_f1_macro=0.6274 (best_epoch=15, best_auprc=0.3834)
epoch 16: loss=1.1697 val_auprc=0.3772 val_auc=0.8098 val_f1_macro=0.5766 (best_epoch=15, best_auprc=0.3834)
epoch 17: loss=1.1584 val_auprc=0.4063 val_auc=0.8367 val_f1_macro=0.7092 (best_epoch=17, best_auprc=0.4063)
epoch 18: loss=1.3092 val_auprc=0.4022 val_auc=0.8307 val_f1_macro=0.6539 (best_epoch=17, best_auprc=0.4063)
epoch 19: loss=1.1493 val_auprc=0.3975 val_auc=0.8310 val_f1_macro=0.5875 (best_epoch=17, best_auprc=0.4063)
epoch 20: loss=1.2664 val_auprc=0.4066 val_auc=0.8324 val_f1_macro=0.6998 (best_epoch=20, best_auprc=0.4066)
epoch 21: loss=1.1013 val_auprc=0.3894 val_auc=0.8151 val_f1_macro=0.7327 (best_epoch=20, best_auprc=0.4066)
epoch 22: loss=1.1920 val_auprc=0.3979 val_auc=0.8283 val_f1_macro=0.7026 (best_epoch=20, best_auprc=0.4066)
epoch 23: loss=1.1139 val_auprc=0.3849 val_auc=0.8437 val_f1_macro=0.6387 (best_epoch=20, best_auprc=0.4066)
epoch 24: loss=1.1340 val_auprc=0.3948 val_auc=0.8486 val_f1_macro=0.6333 (best_epoch=20, best_auprc=0.4066)
epoch 25: loss=1.1324 val_auprc=0.4072 val_auc=0.8401 val_f1_macro=0.7142 (best_epoch=25, best_auprc=0.4072)
epoch 26: loss=1.1646 val_auprc=0.4010 val_auc=0.8365 val_f1_macro=0.7198 (best_epoch=25, best_auprc=0.4072)
epoch 27: loss=1.3165 val_auprc=0.3897 val_auc=0.8344 val_f1_macro=0.6862 (best_epoch=25, best_auprc=0.4072)
epoch 28: loss=1.2943 val_auprc=0.3959 val_auc=0.8318 val_f1_macro=0.5841 (best_epoch=25, best_auprc=0.4072)
epoch 29: loss=1.1792 val_auprc=0.3908 val_auc=0.8242 val_f1_macro=0.4724 (best_epoch=25, best_auprc=0.4072)
epoch 30: loss=1.1718 val_auprc=0.3862 val_auc=0.8253 val_f1_macro=0.4646 (best_epoch=25, best_auprc=0.4072)
epoch 31: loss=1.2045 val_auprc=0.3819 val_auc=0.8241 val_f1_macro=0.5020 (best_epoch=25, best_auprc=0.4072)
epoch 32: loss=1.1863 val_auprc=0.3708 val_auc=0.8230 val_f1_macro=0.5528 (best_epoch=25, best_auprc=0.4072)
epoch 33: loss=1.1539 val_auprc=0.3887 val_auc=0.8333 val_f1_macro=0.6215 (best_epoch=25, best_auprc=0.4072)
epoch 34: loss=1.1985 val_auprc=0.3956 val_auc=0.8420 val_f1_macro=0.6337 (best_epoch=25, best_auprc=0.4072)
epoch 35: loss=1.0963 val_auprc=0.3965 val_auc=0.8503 val_f1_macro=0.6312 (best_epoch=25, best_auprc=0.4072)
epoch 36: loss=1.0145 val_auprc=0.4009 val_auc=0.8574 val_f1_macro=0.6272 (best_epoch=25, best_auprc=0.4072)
epoch 37: loss=1.0702 val_auprc=0.4042 val_auc=0.8623 val_f1_macro=0.6322 (best_epoch=25, best_auprc=0.4072)
epoch 38: loss=1.2461 val_auprc=0.3929 val_auc=0.8633 val_f1_macro=0.6684 (best_epoch=25, best_auprc=0.4072)
epoch 39: loss=1.0797 val_auprc=0.3784 val_auc=0.8567 val_f1_macro=0.7094 (best_epoch=25, best_auprc=0.4072)
epoch 40: loss=1.1470 val_auprc=0.4013 val_auc=0.8540 val_f1_macro=0.7238 (best_epoch=25, best_auprc=0.4072)
epoch 41: loss=1.1620 val_auprc=0.4167 val_auc=0.8601 val_f1_macro=0.7244 (best_epoch=41, best_auprc=0.4167)
epoch 42: loss=1.1158 val_auprc=0.4277 val_auc=0.8630 val_f1_macro=0.6994 (best_epoch=42, best_auprc=0.4277)
epoch 43: loss=1.0943 val_auprc=0.4407 val_auc=0.8626 val_f1_macro=0.6393 (best_epoch=43, best_auprc=0.4407)
epoch 44: loss=1.1008 val_auprc=0.4454 val_auc=0.8637 val_f1_macro=0.5684 (best_epoch=44, best_auprc=0.4454)
epoch 45: loss=1.0853 val_auprc=0.4477 val_auc=0.8658 val_f1_macro=0.5981 (best_epoch=45, best_auprc=0.4477)
epoch 46: loss=1.1291 val_auprc=0.4508 val_auc=0.8663 val_f1_macro=0.6269 (best_epoch=46, best_auprc=0.4508)
epoch 47: loss=1.1191 val_auprc=0.4518 val_auc=0.8687 val_f1_macro=0.6029 (best_epoch=47, best_auprc=0.4518)
epoch 48: loss=1.0051 val_auprc=0.4575 val_auc=0.8674 val_f1_macro=0.5983 (best_epoch=48, best_auprc=0.4575)
epoch 49: loss=1.0553 val_auprc=0.4601 val_auc=0.8679 val_f1_macro=0.6159 (best_epoch=49, best_auprc=0.4601)
epoch 50: loss=1.0342 val_auprc=0.4603 val_auc=0.8687 val_f1_macro=0.6121 (best_epoch=50, best_auprc=0.4603)
epoch 51: loss=1.0924 val_auprc=0.4627 val_auc=0.8714 val_f1_macro=0.5998 (best_epoch=51, best_auprc=0.4627)
epoch 52: loss=1.0276 val_auprc=0.4648 val_auc=0.8721 val_f1_macro=0.6147 (best_epoch=52, best_auprc=0.4648)
epoch 53: loss=1.0332 val_auprc=0.4609 val_auc=0.8687 val_f1_macro=0.6458 (best_epoch=52, best_auprc=0.4648)
epoch 54: loss=1.0072 val_auprc=0.4559 val_auc=0.8631 val_f1_macro=0.6529 (best_epoch=52, best_auprc=0.4648)
epoch 55: loss=1.0461 val_auprc=0.4562 val_auc=0.8631 val_f1_macro=0.6080 (best_epoch=52, best_auprc=0.4648)
epoch 56: loss=1.0308 val_auprc=0.4597 val_auc=0.8633 val_f1_macro=0.5700 (best_epoch=52, best_auprc=0.4648)
epoch 57: loss=1.0151 val_auprc=0.4598 val_auc=0.8636 val_f1_macro=0.5744 (best_epoch=52, best_auprc=0.4648)
epoch 58: loss=1.0991 val_auprc=0.4544 val_auc=0.8661 val_f1_macro=0.6510 (best_epoch=52, best_auprc=0.4648)
epoch 59: loss=0.9903 val_auprc=0.4496 val_auc=0.8694 val_f1_macro=0.7045 (best_epoch=52, best_auprc=0.4648)
epoch 60: loss=0.9958 val_auprc=0.4651 val_auc=0.8745 val_f1_macro=0.7102 (best_epoch=60, best_auprc=0.4651)
epoch 61: loss=1.0208 val_auprc=0.4695 val_auc=0.8788 val_f1_macro=0.6587 (best_epoch=61, best_auprc=0.4695)
epoch 62: loss=0.9865 val_auprc=0.4690 val_auc=0.8804 val_f1_macro=0.5825 (best_epoch=61, best_auprc=0.4695)
epoch 63: loss=0.9448 val_auprc=0.4692 val_auc=0.8809 val_f1_macro=0.5462 (best_epoch=61, best_auprc=0.4695)
epoch 64: loss=0.9493 val_auprc=0.4694 val_auc=0.8822 val_f1_macro=0.5843 (best_epoch=61, best_auprc=0.4695)
epoch 65: loss=0.9697 val_auprc=0.4674 val_auc=0.8796 val_f1_macro=0.6442 (best_epoch=61, best_auprc=0.4695)
epoch 66: loss=0.9880 val_auprc=0.4653 val_auc=0.8776 val_f1_macro=0.6283 (best_epoch=61, best_auprc=0.4695)
epoch 67: loss=0.9418 val_auprc=0.4602 val_auc=0.8741 val_f1_macro=0.5845 (best_epoch=61, best_auprc=0.4695)
epoch 68: loss=0.9596 val_auprc=0.4625 val_auc=0.8774 val_f1_macro=0.5733 (best_epoch=61, best_auprc=0.4695)
epoch 69: loss=0.9693 val_auprc=0.4608 val_auc=0.8789 val_f1_macro=0.5990 (best_epoch=61, best_auprc=0.4695)
epoch 70: loss=0.9679 val_auprc=0.4505 val_auc=0.8804 val_f1_macro=0.6310 (best_epoch=61, best_auprc=0.4695)
epoch 71: loss=0.8783 val_auprc=0.4228 val_auc=0.8777 val_f1_macro=0.6237 (best_epoch=61, best_auprc=0.4695)
epoch 72: loss=0.8961 val_auprc=0.4372 val_auc=0.8799 val_f1_macro=0.6253 (best_epoch=61, best_auprc=0.4695)
epoch 73: loss=0.9401 val_auprc=0.4504 val_auc=0.8796 val_f1_macro=0.6322 (best_epoch=61, best_auprc=0.4695)
epoch 74: loss=0.8820 val_auprc=0.4472 val_auc=0.8732 val_f1_macro=0.6350 (best_epoch=61, best_auprc=0.4695)
epoch 75: loss=0.8581 val_auprc=0.4465 val_auc=0.8683 val_f1_macro=0.6073 (best_epoch=61, best_auprc=0.4695)
epoch 76: loss=0.8611 val_auprc=0.4502 val_auc=0.8651 val_f1_macro=0.5617 (best_epoch=61, best_auprc=0.4695)
epoch 77: loss=0.9229 val_auprc=0.4542 val_auc=0.8708 val_f1_macro=0.5613 (best_epoch=61, best_auprc=0.4695)
epoch 78: loss=0.8353 val_auprc=0.4590 val_auc=0.8781 val_f1_macro=0.5911 (best_epoch=61, best_auprc=0.4695)
epoch 79: loss=0.8413 val_auprc=0.4638 val_auc=0.8816 val_f1_macro=0.6535 (best_epoch=61, best_auprc=0.4695)
epoch 80: loss=0.8473 val_auprc=0.4634 val_auc=0.8826 val_f1_macro=0.6336 (best_epoch=61, best_auprc=0.4695)
epoch 81: loss=0.8653 val_auprc=0.4615 val_auc=0.8817 val_f1_macro=0.5969 (best_epoch=61, best_auprc=0.4695)
Early stopping at epoch 81 (no improvement for 20 epochs)
Selected threshold (best val macro-F1): 0.85 (val F1=0.7354)
TEST metrics: {'auprc': 0.5382003661568799, 'auc': 0.9092369345810788, 'f1_macro': 0.7651001500555656, 'recall': 0.5579268292682927, 'threshold_used': 0.8500000000000001, 'best_epoch': 61}