=== Run: splitgnn_tfinance_unified_tr30_seed42_a6000_20260918T014353Z ===
Result dir: /workspace/splitgnn_vast/results/splitgnn/tfinance/unified/tr30/seed_42
Split overlap checks: PASSED
train=11807 valid=7872 test=15743
Model source commit: 32fbdb836781d5c02523844a7079425f89be8831
Config SHA256: 61f81f2306e990b158f51d5685f90d444c6af9b5e61b7548ad7dddffcde6ef00
Split SHA256: e7f78da52dc324c283f864744cd85105fe1c5d0feab065727930a50ba1c1971c
epoch 0: loss=1.7183 val_auprc=0.2942 val_auc=0.8168 val_f1_macro=0.4883 (best_epoch=0, best_auprc=0.2942)
epoch 1: loss=1.7022 val_auprc=0.4989 val_auc=0.8640 val_f1_macro=0.4883 (best_epoch=1, best_auprc=0.4989)
epoch 2: loss=1.6883 val_auprc=0.5849 val_auc=0.8740 val_f1_macro=0.4883 (best_epoch=2, best_auprc=0.5849)
epoch 3: loss=1.6728 val_auprc=0.6537 val_auc=0.8807 val_f1_macro=0.4883 (best_epoch=3, best_auprc=0.6537)
epoch 4: loss=1.6567 val_auprc=0.6768 val_auc=0.8836 val_f1_macro=0.8455 (best_epoch=4, best_auprc=0.6768)
epoch 5: loss=1.6346 val_auprc=0.6835 val_auc=0.8853 val_f1_macro=0.7414 (best_epoch=5, best_auprc=0.6835)
epoch 6: loss=1.6129 val_auprc=0.6857 val_auc=0.8867 val_f1_macro=0.6851 (best_epoch=6, best_auprc=0.6857)
epoch 7: loss=1.5877 val_auprc=0.6884 val_auc=0.8864 val_f1_macro=0.6591 (best_epoch=7, best_auprc=0.6884)
epoch 8: loss=1.5489 val_auprc=0.6914 val_auc=0.8831 val_f1_macro=0.6519 (best_epoch=8, best_auprc=0.6914)
epoch 9: loss=1.5141 val_auprc=0.6935 val_auc=0.8816 val_f1_macro=0.6526 (best_epoch=9, best_auprc=0.6935)
epoch 10: loss=1.4689 val_auprc=0.6963 val_auc=0.8810 val_f1_macro=0.6486 (best_epoch=10, best_auprc=0.6963)
epoch 11: loss=1.4211 val_auprc=0.6972 val_auc=0.8813 val_f1_macro=0.6405 (best_epoch=11, best_auprc=0.6972)
epoch 12: loss=1.3784 val_auprc=0.6946 val_auc=0.8820 val_f1_macro=0.6368 (best_epoch=11, best_auprc=0.6972)
epoch 13: loss=1.3350 val_auprc=0.6891 val_auc=0.8828 val_f1_macro=0.6374 (best_epoch=11, best_auprc=0.6972)
epoch 14: loss=1.2868 val_auprc=0.6794 val_auc=0.8840 val_f1_macro=0.6391 (best_epoch=11, best_auprc=0.6972)
epoch 15: loss=1.2590 val_auprc=0.6746 val_auc=0.8856 val_f1_macro=0.6399 (best_epoch=11, best_auprc=0.6972)
epoch 16: loss=1.2170 val_auprc=0.6813 val_auc=0.8875 val_f1_macro=0.6394 (best_epoch=11, best_auprc=0.6972)
epoch 17: loss=1.1769 val_auprc=0.6913 val_auc=0.8899 val_f1_macro=0.6366 (best_epoch=11, best_auprc=0.6972)
epoch 18: loss=1.1669 val_auprc=0.7010 val_auc=0.8927 val_f1_macro=0.6335 (best_epoch=18, best_auprc=0.7010)
epoch 19: loss=1.1281 val_auprc=0.7084 val_auc=0.8956 val_f1_macro=0.6341 (best_epoch=19, best_auprc=0.7084)
epoch 20: loss=1.0920 val_auprc=0.7148 val_auc=0.8985 val_f1_macro=0.6394 (best_epoch=20, best_auprc=0.7148)
epoch 21: loss=1.0927 val_auprc=0.7204 val_auc=0.9014 val_f1_macro=0.6560 (best_epoch=21, best_auprc=0.7204)
epoch 22: loss=1.0500 val_auprc=0.7254 val_auc=0.9045 val_f1_macro=0.6810 (best_epoch=22, best_auprc=0.7254)
epoch 23: loss=1.0374 val_auprc=0.7304 val_auc=0.9077 val_f1_macro=0.7082 (best_epoch=23, best_auprc=0.7304)
epoch 24: loss=0.9870 val_auprc=0.7345 val_auc=0.9110 val_f1_macro=0.7267 (best_epoch=24, best_auprc=0.7345)
epoch 25: loss=0.9824 val_auprc=0.7399 val_auc=0.9145 val_f1_macro=0.7419 (best_epoch=25, best_auprc=0.7399)
epoch 26: loss=0.9482 val_auprc=0.7449 val_auc=0.9180 val_f1_macro=0.7439 (best_epoch=26, best_auprc=0.7449)
epoch 27: loss=0.9421 val_auprc=0.7504 val_auc=0.9214 val_f1_macro=0.7412 (best_epoch=27, best_auprc=0.7504)
epoch 28: loss=0.9191 val_auprc=0.7560 val_auc=0.9249 val_f1_macro=0.7395 (best_epoch=28, best_auprc=0.7560)
epoch 29: loss=0.9113 val_auprc=0.7621 val_auc=0.9282 val_f1_macro=0.7403 (best_epoch=29, best_auprc=0.7621)
epoch 30: loss=0.8953 val_auprc=0.7680 val_auc=0.9314 val_f1_macro=0.7484 (best_epoch=30, best_auprc=0.7680)
epoch 31: loss=0.8905 val_auprc=0.7737 val_auc=0.9343 val_f1_macro=0.7592 (best_epoch=31, best_auprc=0.7737)
epoch 32: loss=0.8942 val_auprc=0.7801 val_auc=0.9370 val_f1_macro=0.7740 (best_epoch=32, best_auprc=0.7801)
epoch 33: loss=0.8631 val_auprc=0.7857 val_auc=0.9392 val_f1_macro=0.7836 (best_epoch=33, best_auprc=0.7857)
epoch 34: loss=0.8582 val_auprc=0.7915 val_auc=0.9410 val_f1_macro=0.7856 (best_epoch=34, best_auprc=0.7915)
epoch 35: loss=0.8441 val_auprc=0.7968 val_auc=0.9425 val_f1_macro=0.7847 (best_epoch=35, best_auprc=0.7968)
epoch 36: loss=0.8555 val_auprc=0.8018 val_auc=0.9437 val_f1_macro=0.7820 (best_epoch=36, best_auprc=0.8018)
epoch 37: loss=0.8304 val_auprc=0.8067 val_auc=0.9448 val_f1_macro=0.7749 (best_epoch=37, best_auprc=0.8067)
epoch 38: loss=0.8274 val_auprc=0.8116 val_auc=0.9456 val_f1_macro=0.7651 (best_epoch=38, best_auprc=0.8116)
epoch 39: loss=0.8253 val_auprc=0.8160 val_auc=0.9463 val_f1_macro=0.7689 (best_epoch=39, best_auprc=0.8160)
epoch 40: loss=0.8270 val_auprc=0.8212 val_auc=0.9469 val_f1_macro=0.7841 (best_epoch=40, best_auprc=0.8212)
epoch 41: loss=0.8213 val_auprc=0.8272 val_auc=0.9477 val_f1_macro=0.8011 (best_epoch=41, best_auprc=0.8272)
epoch 42: loss=0.8106 val_auprc=0.8331 val_auc=0.9486 val_f1_macro=0.8122 (best_epoch=42, best_auprc=0.8331)
epoch 43: loss=0.7918 val_auprc=0.8382 val_auc=0.9494 val_f1_macro=0.8137 (best_epoch=43, best_auprc=0.8382)
epoch 44: loss=0.8013 val_auprc=0.8425 val_auc=0.9500 val_f1_macro=0.8096 (best_epoch=44, best_auprc=0.8425)
epoch 45: loss=0.8015 val_auprc=0.8463 val_auc=0.9504 val_f1_macro=0.7964 (best_epoch=45, best_auprc=0.8463)
epoch 46: loss=0.8068 val_auprc=0.8502 val_auc=0.9509 val_f1_macro=0.7968 (best_epoch=46, best_auprc=0.8502)
epoch 47: loss=0.7968 val_auprc=0.8539 val_auc=0.9516 val_f1_macro=0.8010 (best_epoch=47, best_auprc=0.8539)
epoch 48: loss=0.8132 val_auprc=0.8575 val_auc=0.9523 val_f1_macro=0.8183 (best_epoch=48, best_auprc=0.8575)
epoch 49: loss=0.7799 val_auprc=0.8598 val_auc=0.9530 val_f1_macro=0.8282 (best_epoch=49, best_auprc=0.8598)
epoch 50: loss=0.8073 val_auprc=0.8619 val_auc=0.9537 val_f1_macro=0.8378 (best_epoch=50, best_auprc=0.8619)
epoch 51: loss=0.7957 val_auprc=0.8630 val_auc=0.9543 val_f1_macro=0.8408 (best_epoch=51, best_auprc=0.8630)
epoch 52: loss=0.7772 val_auprc=0.8636 val_auc=0.9549 val_f1_macro=0.8369 (best_epoch=52, best_auprc=0.8636)
epoch 53: loss=0.7869 val_auprc=0.8636 val_auc=0.9555 val_f1_macro=0.8265 (best_epoch=52, best_auprc=0.8636)
epoch 54: loss=0.7765 val_auprc=0.8632 val_auc=0.9560 val_f1_macro=0.8096 (best_epoch=52, best_auprc=0.8636)
epoch 55: loss=0.7868 val_auprc=0.8629 val_auc=0.9563 val_f1_macro=0.7965 (best_epoch=52, best_auprc=0.8636)
epoch 56: loss=0.7932 val_auprc=0.8643 val_auc=0.9568 val_f1_macro=0.8074 (best_epoch=56, best_auprc=0.8643)
epoch 57: loss=0.7619 val_auprc=0.8648 val_auc=0.9571 val_f1_macro=0.8103 (best_epoch=57, best_auprc=0.8648)
epoch 58: loss=0.7602 val_auprc=0.8651 val_auc=0.9573 val_f1_macro=0.8088 (best_epoch=58, best_auprc=0.8651)
epoch 59: loss=0.7658 val_auprc=0.8655 val_auc=0.9574 val_f1_macro=0.8088 (best_epoch=59, best_auprc=0.8655)
epoch 60: loss=0.7710 val_auprc=0.8661 val_auc=0.9575 val_f1_macro=0.8148 (best_epoch=60, best_auprc=0.8661)
epoch 61: loss=0.7766 val_auprc=0.8669 val_auc=0.9577 val_f1_macro=0.8182 (best_epoch=61, best_auprc=0.8669)
epoch 62: loss=0.7615 val_auprc=0.8676 val_auc=0.9579 val_f1_macro=0.8182 (best_epoch=62, best_auprc=0.8676)
epoch 63: loss=0.7664 val_auprc=0.8684 val_auc=0.9581 val_f1_macro=0.8174 (best_epoch=63, best_auprc=0.8684)
epoch 64: loss=0.7590 val_auprc=0.8689 val_auc=0.9584 val_f1_macro=0.8092 (best_epoch=64, best_auprc=0.8689)
epoch 65: loss=0.7687 val_auprc=0.8697 val_auc=0.9586 val_f1_macro=0.8053 (best_epoch=65, best_auprc=0.8697)
epoch 66: loss=0.7804 val_auprc=0.8712 val_auc=0.9591 val_f1_macro=0.8178 (best_epoch=66, best_auprc=0.8712)
epoch 67: loss=0.7616 val_auprc=0.8725 val_auc=0.9594 val_f1_macro=0.8256 (best_epoch=67, best_auprc=0.8725)
epoch 68: loss=0.7609 val_auprc=0.8733 val_auc=0.9597 val_f1_macro=0.8375 (best_epoch=68, best_auprc=0.8733)
epoch 69: loss=0.7619 val_auprc=0.8739 val_auc=0.9599 val_f1_macro=0.8379 (best_epoch=69, best_auprc=0.8739)
epoch 70: loss=0.7395 val_auprc=0.8743 val_auc=0.9601 val_f1_macro=0.8227 (best_epoch=70, best_auprc=0.8743)
epoch 71: loss=0.7545 val_auprc=0.8746 val_auc=0.9602 val_f1_macro=0.8043 (best_epoch=71, best_auprc=0.8746)
epoch 72: loss=0.7534 val_auprc=0.8748 val_auc=0.9603 val_f1_macro=0.7954 (best_epoch=72, best_auprc=0.8748)
epoch 73: loss=0.7592 val_auprc=0.8750 val_auc=0.9604 val_f1_macro=0.7971 (best_epoch=73, best_auprc=0.8750)
epoch 74: loss=0.7573 val_auprc=0.8749 val_auc=0.9604 val_f1_macro=0.8099 (best_epoch=73, best_auprc=0.8750)
epoch 75: loss=0.7345 val_auprc=0.8750 val_auc=0.9604 val_f1_macro=0.8188 (best_epoch=75, best_auprc=0.8750)
epoch 76: loss=0.7406 val_auprc=0.8750 val_auc=0.9604 val_f1_macro=0.8173 (best_epoch=76, best_auprc=0.8750)
epoch 77: loss=0.7446 val_auprc=0.8751 val_auc=0.9604 val_f1_macro=0.8057 (best_epoch=77, best_auprc=0.8751)
epoch 78: loss=0.7419 val_auprc=0.8750 val_auc=0.9603 val_f1_macro=0.8009 (best_epoch=77, best_auprc=0.8751)
epoch 79: loss=0.7316 val_auprc=0.8749 val_auc=0.9603 val_f1_macro=0.7952 (best_epoch=77, best_auprc=0.8751)
epoch 80: loss=0.7321 val_auprc=0.8748 val_auc=0.9603 val_f1_macro=0.7897 (best_epoch=77, best_auprc=0.8751)
epoch 81: loss=0.7340 val_auprc=0.8747 val_auc=0.9602 val_f1_macro=0.7935 (best_epoch=77, best_auprc=0.8751)
epoch 82: loss=0.7318 val_auprc=0.8749 val_auc=0.9602 val_f1_macro=0.7955 (best_epoch=77, best_auprc=0.8751)
epoch 83: loss=0.7648 val_auprc=0.8750 val_auc=0.9601 val_f1_macro=0.8117 (best_epoch=77, best_auprc=0.8751)
epoch 84: loss=0.7513 val_auprc=0.8751 val_auc=0.9602 val_f1_macro=0.8218 (best_epoch=84, best_auprc=0.8751)
epoch 85: loss=0.7422 val_auprc=0.8750 val_auc=0.9603 val_f1_macro=0.8406 (best_epoch=84, best_auprc=0.8751)
epoch 86: loss=0.7397 val_auprc=0.8756 val_auc=0.9604 val_f1_macro=0.8385 (best_epoch=86, best_auprc=0.8756)
epoch 87: loss=0.7494 val_auprc=0.8759 val_auc=0.9605 val_f1_macro=0.8340 (best_epoch=87, best_auprc=0.8759)
epoch 88: loss=0.7378 val_auprc=0.8758 val_auc=0.9605 val_f1_macro=0.8307 (best_epoch=87, best_auprc=0.8759)
epoch 89: loss=0.7380 val_auprc=0.8760 val_auc=0.9605 val_f1_macro=0.8260 (best_epoch=89, best_auprc=0.8760)
epoch 90: loss=0.7260 val_auprc=0.8760 val_auc=0.9604 val_f1_macro=0.8292 (best_epoch=89, best_auprc=0.8760)
epoch 91: loss=0.7362 val_auprc=0.8759 val_auc=0.9603 val_f1_macro=0.8339 (best_epoch=89, best_auprc=0.8760)
epoch 92: loss=0.7306 val_auprc=0.8760 val_auc=0.9601 val_f1_macro=0.8360 (best_epoch=92, best_auprc=0.8760)
epoch 93: loss=0.7238 val_auprc=0.8760 val_auc=0.9600 val_f1_macro=0.8318 (best_epoch=92, best_auprc=0.8760)
epoch 94: loss=0.7548 val_auprc=0.8758 val_auc=0.9599 val_f1_macro=0.8232 (best_epoch=92, best_auprc=0.8760)
epoch 95: loss=0.7312 val_auprc=0.8755 val_auc=0.9598 val_f1_macro=0.8103 (best_epoch=92, best_auprc=0.8760)
epoch 96: loss=0.7335 val_auprc=0.8752 val_auc=0.9597 val_f1_macro=0.8019 (best_epoch=92, best_auprc=0.8760)
epoch 97: loss=0.7507 val_auprc=0.8747 val_auc=0.9595 val_f1_macro=0.8146 (best_epoch=92, best_auprc=0.8760)
epoch 98: loss=0.7334 val_auprc=0.8744 val_auc=0.9594 val_f1_macro=0.8206 (best_epoch=92, best_auprc=0.8760)
epoch 99: loss=0.7244 val_auprc=0.8744 val_auc=0.9595 val_f1_macro=0.8195 (best_epoch=92, best_auprc=0.8760)
Selected threshold (best val macro-F1): 0.95 (val F1=0.9272)
TEST metrics: {'auprc': 0.8352667752230195, 'auc': 0.9442371630778775, 'f1_macro': 0.8984816616553112, 'recall': 0.7188365650969529, 'threshold_used': 0.9500000000000001, 'best_epoch': 92}