=== Run: splitgnn_elliptic_unified_tr30_seed2_a6000_20260918T034659Z ===
Result dir: /workspace/splitgnn_vast/results/splitgnn/elliptic/unified/tr30/seed_2
Split overlap checks: PASSED
train=13969 valid=9313 test=18626
Model source commit: 32fbdb836781d5c02523844a7079425f89be8831
Config SHA256: 93e3487e4f3e08e2883bf047012c8ca78c602a86f21849d848ba934160ef122b
Split SHA256: 77008be57543be620a444bf233a229fe6f09d3d5b4fcf427a8481f7972e5ebf5
epoch 0: loss=1.7107 val_auprc=0.1136 val_auc=0.5522 val_f1_macro=0.0906 (best_epoch=0, best_auprc=0.1136)
epoch 1: loss=1.6739 val_auprc=0.1256 val_auc=0.5690 val_f1_macro=0.0929 (best_epoch=1, best_auprc=0.1256)
epoch 2: loss=1.6548 val_auprc=0.1295 val_auc=0.5672 val_f1_macro=0.0972 (best_epoch=2, best_auprc=0.1295)
epoch 3: loss=1.6297 val_auprc=0.1378 val_auc=0.5757 val_f1_macro=0.1041 (best_epoch=3, best_auprc=0.1378)
epoch 4: loss=1.6154 val_auprc=0.1436 val_auc=0.5833 val_f1_macro=0.1400 (best_epoch=4, best_auprc=0.1436)
epoch 5: loss=1.5925 val_auprc=0.1427 val_auc=0.5842 val_f1_macro=0.5094 (best_epoch=4, best_auprc=0.1436)
epoch 6: loss=1.5758 val_auprc=0.1430 val_auc=0.5788 val_f1_macro=0.5205 (best_epoch=4, best_auprc=0.1436)
epoch 7: loss=1.5638 val_auprc=0.1472 val_auc=0.5812 val_f1_macro=0.5164 (best_epoch=7, best_auprc=0.1472)
epoch 8: loss=1.5648 val_auprc=0.1574 val_auc=0.5892 val_f1_macro=0.5172 (best_epoch=8, best_auprc=0.1574)
epoch 9: loss=1.5612 val_auprc=0.1624 val_auc=0.5940 val_f1_macro=0.5212 (best_epoch=9, best_auprc=0.1624)
epoch 10: loss=1.5298 val_auprc=0.1646 val_auc=0.6052 val_f1_macro=0.5281 (best_epoch=10, best_auprc=0.1646)
epoch 11: loss=1.4986 val_auprc=0.1714 val_auc=0.6239 val_f1_macro=0.5400 (best_epoch=11, best_auprc=0.1714)
epoch 12: loss=1.5188 val_auprc=0.1758 val_auc=0.6331 val_f1_macro=0.5637 (best_epoch=12, best_auprc=0.1758)
epoch 13: loss=1.4745 val_auprc=0.1802 val_auc=0.6429 val_f1_macro=0.5685 (best_epoch=13, best_auprc=0.1802)
epoch 14: loss=1.4259 val_auprc=0.1828 val_auc=0.6487 val_f1_macro=0.4874 (best_epoch=14, best_auprc=0.1828)
epoch 15: loss=1.4527 val_auprc=0.1867 val_auc=0.6557 val_f1_macro=0.4342 (best_epoch=15, best_auprc=0.1867)
epoch 16: loss=1.3971 val_auprc=0.1880 val_auc=0.6595 val_f1_macro=0.4116 (best_epoch=16, best_auprc=0.1880)
epoch 17: loss=1.4019 val_auprc=0.1929 val_auc=0.6636 val_f1_macro=0.4050 (best_epoch=17, best_auprc=0.1929)
epoch 18: loss=1.3575 val_auprc=0.1996 val_auc=0.6677 val_f1_macro=0.4215 (best_epoch=18, best_auprc=0.1996)
epoch 19: loss=1.3439 val_auprc=0.2031 val_auc=0.6670 val_f1_macro=0.4418 (best_epoch=19, best_auprc=0.2031)
epoch 20: loss=1.3323 val_auprc=0.2070 val_auc=0.6671 val_f1_macro=0.4603 (best_epoch=20, best_auprc=0.2070)
epoch 21: loss=1.3078 val_auprc=0.2132 val_auc=0.6705 val_f1_macro=0.4716 (best_epoch=21, best_auprc=0.2132)
epoch 22: loss=1.2823 val_auprc=0.2220 val_auc=0.6762 val_f1_macro=0.4738 (best_epoch=22, best_auprc=0.2220)
epoch 23: loss=1.2730 val_auprc=0.2288 val_auc=0.6843 val_f1_macro=0.4703 (best_epoch=23, best_auprc=0.2288)
epoch 24: loss=1.2239 val_auprc=0.2317 val_auc=0.6923 val_f1_macro=0.4719 (best_epoch=24, best_auprc=0.2317)
epoch 25: loss=1.2723 val_auprc=0.2331 val_auc=0.6995 val_f1_macro=0.4733 (best_epoch=25, best_auprc=0.2331)
epoch 26: loss=1.2453 val_auprc=0.2349 val_auc=0.7072 val_f1_macro=0.4801 (best_epoch=26, best_auprc=0.2349)
epoch 27: loss=1.1695 val_auprc=0.2325 val_auc=0.7121 val_f1_macro=0.4874 (best_epoch=26, best_auprc=0.2349)
epoch 28: loss=1.1925 val_auprc=0.2292 val_auc=0.7164 val_f1_macro=0.4929 (best_epoch=26, best_auprc=0.2349)
epoch 29: loss=1.1240 val_auprc=0.2293 val_auc=0.7208 val_f1_macro=0.5065 (best_epoch=26, best_auprc=0.2349)
epoch 30: loss=1.1850 val_auprc=0.2327 val_auc=0.7274 val_f1_macro=0.5200 (best_epoch=26, best_auprc=0.2349)
epoch 31: loss=1.1822 val_auprc=0.2366 val_auc=0.7327 val_f1_macro=0.5232 (best_epoch=31, best_auprc=0.2366)
epoch 32: loss=1.1573 val_auprc=0.2445 val_auc=0.7381 val_f1_macro=0.5287 (best_epoch=32, best_auprc=0.2445)
epoch 33: loss=1.0951 val_auprc=0.2540 val_auc=0.7442 val_f1_macro=0.5286 (best_epoch=33, best_auprc=0.2540)
epoch 34: loss=1.0953 val_auprc=0.2637 val_auc=0.7525 val_f1_macro=0.5189 (best_epoch=34, best_auprc=0.2637)
epoch 35: loss=1.0857 val_auprc=0.2748 val_auc=0.7604 val_f1_macro=0.5217 (best_epoch=35, best_auprc=0.2748)
epoch 36: loss=1.0722 val_auprc=0.2837 val_auc=0.7665 val_f1_macro=0.5337 (best_epoch=36, best_auprc=0.2837)
epoch 37: loss=1.0544 val_auprc=0.2903 val_auc=0.7715 val_f1_macro=0.5413 (best_epoch=37, best_auprc=0.2903)
epoch 38: loss=1.0653 val_auprc=0.2964 val_auc=0.7777 val_f1_macro=0.5477 (best_epoch=38, best_auprc=0.2964)
epoch 39: loss=1.1372 val_auprc=0.3042 val_auc=0.7844 val_f1_macro=0.5693 (best_epoch=39, best_auprc=0.3042)
epoch 40: loss=1.0691 val_auprc=0.3132 val_auc=0.7917 val_f1_macro=0.5796 (best_epoch=40, best_auprc=0.3132)
epoch 41: loss=1.0510 val_auprc=0.3233 val_auc=0.8007 val_f1_macro=0.5756 (best_epoch=41, best_auprc=0.3233)
epoch 42: loss=1.0737 val_auprc=0.3320 val_auc=0.8078 val_f1_macro=0.5588 (best_epoch=42, best_auprc=0.3320)
epoch 43: loss=1.0774 val_auprc=0.3365 val_auc=0.8133 val_f1_macro=0.5687 (best_epoch=43, best_auprc=0.3365)
epoch 44: loss=1.0287 val_auprc=0.3430 val_auc=0.8185 val_f1_macro=0.5936 (best_epoch=44, best_auprc=0.3430)
epoch 45: loss=0.9785 val_auprc=0.3498 val_auc=0.8237 val_f1_macro=0.6026 (best_epoch=45, best_auprc=0.3498)
epoch 46: loss=0.9776 val_auprc=0.3571 val_auc=0.8280 val_f1_macro=0.5915 (best_epoch=46, best_auprc=0.3571)
epoch 47: loss=0.9967 val_auprc=0.3606 val_auc=0.8305 val_f1_macro=0.5870 (best_epoch=47, best_auprc=0.3606)
epoch 48: loss=0.9871 val_auprc=0.3651 val_auc=0.8324 val_f1_macro=0.5879 (best_epoch=48, best_auprc=0.3651)
epoch 49: loss=1.0384 val_auprc=0.3706 val_auc=0.8338 val_f1_macro=0.5987 (best_epoch=49, best_auprc=0.3706)
epoch 50: loss=0.9857 val_auprc=0.3816 val_auc=0.8375 val_f1_macro=0.5943 (best_epoch=50, best_auprc=0.3816)
epoch 51: loss=0.9837 val_auprc=0.3935 val_auc=0.8425 val_f1_macro=0.5994 (best_epoch=51, best_auprc=0.3935)
epoch 52: loss=0.9698 val_auprc=0.4053 val_auc=0.8476 val_f1_macro=0.6076 (best_epoch=52, best_auprc=0.4053)
epoch 53: loss=0.9661 val_auprc=0.4161 val_auc=0.8526 val_f1_macro=0.5988 (best_epoch=53, best_auprc=0.4161)
epoch 54: loss=1.0052 val_auprc=0.4230 val_auc=0.8544 val_f1_macro=0.6120 (best_epoch=54, best_auprc=0.4230)
epoch 55: loss=0.9387 val_auprc=0.4309 val_auc=0.8568 val_f1_macro=0.6148 (best_epoch=55, best_auprc=0.4309)
epoch 56: loss=0.9552 val_auprc=0.4435 val_auc=0.8598 val_f1_macro=0.6273 (best_epoch=56, best_auprc=0.4435)
epoch 57: loss=0.9296 val_auprc=0.4589 val_auc=0.8643 val_f1_macro=0.6256 (best_epoch=57, best_auprc=0.4589)
epoch 58: loss=0.9635 val_auprc=0.4725 val_auc=0.8675 val_f1_macro=0.6210 (best_epoch=58, best_auprc=0.4725)
epoch 59: loss=0.9512 val_auprc=0.4786 val_auc=0.8687 val_f1_macro=0.6278 (best_epoch=59, best_auprc=0.4786)
epoch 60: loss=0.9504 val_auprc=0.4804 val_auc=0.8688 val_f1_macro=0.6411 (best_epoch=60, best_auprc=0.4804)
epoch 61: loss=0.9485 val_auprc=0.4784 val_auc=0.8682 val_f1_macro=0.6421 (best_epoch=60, best_auprc=0.4804)
epoch 62: loss=0.9178 val_auprc=0.4710 val_auc=0.8692 val_f1_macro=0.6301 (best_epoch=60, best_auprc=0.4804)
epoch 63: loss=0.9131 val_auprc=0.4693 val_auc=0.8709 val_f1_macro=0.6274 (best_epoch=60, best_auprc=0.4804)
epoch 64: loss=0.9207 val_auprc=0.4684 val_auc=0.8717 val_f1_macro=0.6459 (best_epoch=60, best_auprc=0.4804)
epoch 65: loss=0.9273 val_auprc=0.4675 val_auc=0.8721 val_f1_macro=0.6605 (best_epoch=60, best_auprc=0.4804)
epoch 66: loss=0.8909 val_auprc=0.4724 val_auc=0.8740 val_f1_macro=0.6557 (best_epoch=60, best_auprc=0.4804)
epoch 67: loss=0.8845 val_auprc=0.4785 val_auc=0.8744 val_f1_macro=0.6491 (best_epoch=60, best_auprc=0.4804)
epoch 68: loss=0.8538 val_auprc=0.4880 val_auc=0.8759 val_f1_macro=0.6601 (best_epoch=68, best_auprc=0.4880)
epoch 69: loss=0.8664 val_auprc=0.4932 val_auc=0.8761 val_f1_macro=0.6710 (best_epoch=69, best_auprc=0.4932)
epoch 70: loss=0.8936 val_auprc=0.5018 val_auc=0.8785 val_f1_macro=0.6599 (best_epoch=70, best_auprc=0.5018)
epoch 71: loss=0.8973 val_auprc=0.5139 val_auc=0.8818 val_f1_macro=0.6368 (best_epoch=71, best_auprc=0.5139)
epoch 72: loss=0.8739 val_auprc=0.5242 val_auc=0.8836 val_f1_macro=0.6433 (best_epoch=72, best_auprc=0.5242)
epoch 73: loss=0.8923 val_auprc=0.5282 val_auc=0.8837 val_f1_macro=0.6686 (best_epoch=73, best_auprc=0.5282)
epoch 74: loss=0.9055 val_auprc=0.5385 val_auc=0.8857 val_f1_macro=0.6728 (best_epoch=74, best_auprc=0.5385)
epoch 75: loss=0.8694 val_auprc=0.5490 val_auc=0.8878 val_f1_macro=0.6663 (best_epoch=75, best_auprc=0.5490)
epoch 76: loss=0.8176 val_auprc=0.5536 val_auc=0.8887 val_f1_macro=0.6565 (best_epoch=76, best_auprc=0.5536)
epoch 77: loss=0.8715 val_auprc=0.5537 val_auc=0.8883 val_f1_macro=0.6693 (best_epoch=77, best_auprc=0.5537)
epoch 78: loss=0.8441 val_auprc=0.5521 val_auc=0.8872 val_f1_macro=0.6796 (best_epoch=77, best_auprc=0.5537)
epoch 79: loss=0.8456 val_auprc=0.5567 val_auc=0.8874 val_f1_macro=0.6793 (best_epoch=79, best_auprc=0.5567)
epoch 80: loss=0.8419 val_auprc=0.5673 val_auc=0.8897 val_f1_macro=0.6594 (best_epoch=80, best_auprc=0.5673)
epoch 81: loss=0.8301 val_auprc=0.5693 val_auc=0.8900 val_f1_macro=0.6587 (best_epoch=81, best_auprc=0.5693)
epoch 82: loss=0.8391 val_auprc=0.5673 val_auc=0.8891 val_f1_macro=0.6782 (best_epoch=81, best_auprc=0.5693)
epoch 83: loss=0.7917 val_auprc=0.5688 val_auc=0.8892 val_f1_macro=0.6906 (best_epoch=81, best_auprc=0.5693)
epoch 84: loss=0.8902 val_auprc=0.5778 val_auc=0.8913 val_f1_macro=0.6821 (best_epoch=84, best_auprc=0.5778)
epoch 85: loss=0.8231 val_auprc=0.5910 val_auc=0.8940 val_f1_macro=0.6614 (best_epoch=85, best_auprc=0.5910)
epoch 86: loss=0.8201 val_auprc=0.5997 val_auc=0.8968 val_f1_macro=0.6612 (best_epoch=86, best_auprc=0.5997)
epoch 87: loss=0.8337 val_auprc=0.5997 val_auc=0.8972 val_f1_macro=0.6835 (best_epoch=86, best_auprc=0.5997)
epoch 88: loss=0.8054 val_auprc=0.6011 val_auc=0.8977 val_f1_macro=0.6856 (best_epoch=88, best_auprc=0.6011)
epoch 89: loss=0.8043 val_auprc=0.6091 val_auc=0.8994 val_f1_macro=0.6703 (best_epoch=89, best_auprc=0.6091)
epoch 90: loss=0.8747 val_auprc=0.6140 val_auc=0.9001 val_f1_macro=0.6638 (best_epoch=90, best_auprc=0.6140)
epoch 91: loss=0.8180 val_auprc=0.6146 val_auc=0.9001 val_f1_macro=0.6690 (best_epoch=91, best_auprc=0.6146)
epoch 92: loss=0.7907 val_auprc=0.6080 val_auc=0.8991 val_f1_macro=0.6808 (best_epoch=91, best_auprc=0.6146)
epoch 93: loss=0.8212 val_auprc=0.6118 val_auc=0.8999 val_f1_macro=0.6784 (best_epoch=91, best_auprc=0.6146)
epoch 94: loss=0.8150 val_auprc=0.6165 val_auc=0.9010 val_f1_macro=0.6778 (best_epoch=94, best_auprc=0.6165)
epoch 95: loss=0.7661 val_auprc=0.6163 val_auc=0.9015 val_f1_macro=0.6919 (best_epoch=94, best_auprc=0.6165)
epoch 96: loss=0.7926 val_auprc=0.6203 val_auc=0.9026 val_f1_macro=0.6964 (best_epoch=96, best_auprc=0.6203)
epoch 97: loss=0.8372 val_auprc=0.6211 val_auc=0.9035 val_f1_macro=0.7025 (best_epoch=97, best_auprc=0.6211)
epoch 98: loss=0.7455 val_auprc=0.6241 val_auc=0.9044 val_f1_macro=0.7012 (best_epoch=98, best_auprc=0.6241)
epoch 99: loss=0.7514 val_auprc=0.6246 val_auc=0.9045 val_f1_macro=0.6941 (best_epoch=99, best_auprc=0.6246)
Selected threshold (best val macro-F1): 0.80 (val F1=0.7909)
TEST metrics: {'auprc': 0.61282014092661, 'auc': 0.9083200368466167, 'f1_macro': 0.79616852035081, 'recall': 0.6402640264026402, 'threshold_used': 0.8, 'best_epoch': 99}