====================================================================
tfinance...
总样本数: 39357
欺诈样本数: 1804
非欺诈样本数: 37553
欺诈样本占比: 4.58%
特征个数: 10

_E边关系下的统计信息:
边的个数: 42445086
平均出度: 1078.46

数据划分情况:
训练集: 15742 验证集: 7792 测试集: 15823
训练集: 40.00% 验证集: 19.80% 测试集: 40.20%
====================================================================
yelpchi...
总样本数: 45954
欺诈样本数: 6677
非欺诈样本数: 39277
欺诈样本占比: 14.53%
特征个数: 32

_E边关系下的统计信息:
边的个数: 98630
平均出度: 2.15

数据划分情况:
训练集: 18381 验证集: 9099 测试集: 18474
训练集: 40.00% 验证集: 19.80% 测试集: 40.20%
总样本数: 45954
欺诈样本数: 6677
非欺诈样本数: 39277
欺诈样本占比: 14.53%
特征个数: 32

_E边关系下的统计信息:
边的个数: 7693958
平均出度: 167.43

数据划分情况:
训练集: 18381 验证集: 9099 测试集: 18474
训练集: 40.00% 验证集: 19.80% 测试集: 40.20%
总样本数: 45954
欺诈样本数: 6677
非欺诈样本数: 39277
欺诈样本占比: 14.53%
特征个数: 32

net_rsr边关系下的统计信息:
边的个数: 6805486
平均出度: 148.09
net_rtr边关系下的统计信息:
边的个数: 1147232
平均出度: 24.96
net_rur边关系下的统计信息:
边的个数: 98630
平均出度: 2.15

数据划分情况:
训练集: 18381 验证集: 9099 测试集: 18474
训练集: 40.00% 验证集: 19.80% 测试集: 40.20%
====================================================================
amazon...
总样本数: 11944
欺诈样本数: 821
非欺诈样本数: 11123
欺诈样本占比: 6.87%
特征个数: 25

_E边关系下的统计信息:
边的个数: 8796784
平均出度: 736.50

数据划分情况:
训练集: 3432 验证集: 1717 测试集: 3490
训练集: 28.73% 验证集: 14.38% 测试集: 29.22%
总样本数: 11944
欺诈样本数: 821
非欺诈样本数: 11123
欺诈样本占比: 6.87%
特征个数: 25

net_upu边关系下的统计信息:
边的个数: 351216
平均出度: 29.41
net_usu边关系下的统计信息:
边的个数: 7132958
平均出度: 597.20
net_uvu边关系下的统计信息:
边的个数: 2073474
平均出度: 173.60

数据划分情况:
训练集: 3432 验证集: 1717 测试集: 3490
训练集: 28.73% 验证集: 14.38% 测试集: 29.22%
