=== Run: splitgnn_amazon_unified_tr20_seed72_a6000_20260918T000413Z ===
Result dir: /workspace/splitgnn_vast/results/splitgnn/amazon/unified/tr20/seed_72
Split overlap checks: PASSED
train=2388 valid=2389 test=4777
Model source commit: 32fbdb836781d5c02523844a7079425f89be8831
Config SHA256: 8213572f4cf30257f3a998d86f0658ff668e30c27fc35a37b981d90923552bf9
Split SHA256: 194b49f7cac03b0081747e62cd5d422718e854d4350e200337c19b7663dca8dc
epoch 0: loss=1.7105 val_auprc=0.1026 val_auc=0.6247 val_f1_macro=0.0642 (best_epoch=0, best_auprc=0.1026)
epoch 1: loss=1.8547 val_auprc=0.0841 val_auc=0.5526 val_f1_macro=0.4822 (best_epoch=0, best_auprc=0.1026)
epoch 2: loss=1.6083 val_auprc=0.0707 val_auc=0.5035 val_f1_macro=0.4822 (best_epoch=0, best_auprc=0.1026)
epoch 3: loss=1.5618 val_auprc=0.1039 val_auc=0.6194 val_f1_macro=0.4822 (best_epoch=3, best_auprc=0.1039)
epoch 4: loss=1.4172 val_auprc=0.0985 val_auc=0.6087 val_f1_macro=0.4822 (best_epoch=3, best_auprc=0.1039)
epoch 5: loss=1.3789 val_auprc=0.0717 val_auc=0.4887 val_f1_macro=0.4822 (best_epoch=3, best_auprc=0.1039)
epoch 6: loss=1.3598 val_auprc=0.2716 val_auc=0.7549 val_f1_macro=0.4822 (best_epoch=6, best_auprc=0.2716)
epoch 7: loss=1.3249 val_auprc=0.2148 val_auc=0.7491 val_f1_macro=0.3240 (best_epoch=6, best_auprc=0.2716)
epoch 8: loss=1.2944 val_auprc=0.2307 val_auc=0.7538 val_f1_macro=0.3211 (best_epoch=6, best_auprc=0.2716)
epoch 9: loss=1.2535 val_auprc=0.2177 val_auc=0.7515 val_f1_macro=0.3184 (best_epoch=6, best_auprc=0.2716)
epoch 10: loss=1.2739 val_auprc=0.2781 val_auc=0.7659 val_f1_macro=0.3308 (best_epoch=10, best_auprc=0.2781)
epoch 11: loss=1.2212 val_auprc=0.2600 val_auc=0.7647 val_f1_macro=0.3555 (best_epoch=10, best_auprc=0.2781)
epoch 12: loss=1.3159 val_auprc=0.3248 val_auc=0.7781 val_f1_macro=0.6718 (best_epoch=12, best_auprc=0.3248)
epoch 13: loss=1.2459 val_auprc=0.3511 val_auc=0.7858 val_f1_macro=0.5109 (best_epoch=13, best_auprc=0.3511)
epoch 14: loss=1.2500 val_auprc=0.3506 val_auc=0.7925 val_f1_macro=0.4822 (best_epoch=13, best_auprc=0.3511)
epoch 15: loss=1.2441 val_auprc=0.3433 val_auc=0.7908 val_f1_macro=0.4943 (best_epoch=13, best_auprc=0.3511)
epoch 16: loss=1.2569 val_auprc=0.3330 val_auc=0.7887 val_f1_macro=0.6624 (best_epoch=13, best_auprc=0.3511)
epoch 17: loss=1.2137 val_auprc=0.3226 val_auc=0.7814 val_f1_macro=0.6569 (best_epoch=13, best_auprc=0.3511)
epoch 18: loss=1.1861 val_auprc=0.2959 val_auc=0.7741 val_f1_macro=0.3211 (best_epoch=13, best_auprc=0.3511)
epoch 19: loss=1.2080 val_auprc=0.2663 val_auc=0.7675 val_f1_macro=0.2538 (best_epoch=13, best_auprc=0.3511)
epoch 20: loss=1.2021 val_auprc=0.2568 val_auc=0.7653 val_f1_macro=0.2281 (best_epoch=13, best_auprc=0.3511)
epoch 21: loss=1.2093 val_auprc=0.2665 val_auc=0.7694 val_f1_macro=0.2516 (best_epoch=13, best_auprc=0.3511)
epoch 22: loss=1.1973 val_auprc=0.2869 val_auc=0.7780 val_f1_macro=0.3102 (best_epoch=13, best_auprc=0.3511)
epoch 23: loss=1.1665 val_auprc=0.3109 val_auc=0.7855 val_f1_macro=0.4919 (best_epoch=13, best_auprc=0.3511)
epoch 24: loss=1.1352 val_auprc=0.3305 val_auc=0.7979 val_f1_macro=0.6144 (best_epoch=13, best_auprc=0.3511)
epoch 25: loss=1.1006 val_auprc=0.3466 val_auc=0.8116 val_f1_macro=0.6181 (best_epoch=13, best_auprc=0.3511)
epoch 26: loss=1.1004 val_auprc=0.3584 val_auc=0.8245 val_f1_macro=0.6231 (best_epoch=26, best_auprc=0.3584)
epoch 27: loss=1.0823 val_auprc=0.3683 val_auc=0.8332 val_f1_macro=0.6441 (best_epoch=27, best_auprc=0.3683)
epoch 28: loss=1.0265 val_auprc=0.3835 val_auc=0.8359 val_f1_macro=0.6368 (best_epoch=28, best_auprc=0.3835)
epoch 29: loss=1.0727 val_auprc=0.3818 val_auc=0.8349 val_f1_macro=0.6102 (best_epoch=28, best_auprc=0.3835)
epoch 30: loss=0.9836 val_auprc=0.3886 val_auc=0.8385 val_f1_macro=0.6005 (best_epoch=30, best_auprc=0.3886)
epoch 31: loss=1.2504 val_auprc=0.3674 val_auc=0.8326 val_f1_macro=0.6428 (best_epoch=30, best_auprc=0.3886)
epoch 32: loss=1.1018 val_auprc=0.3561 val_auc=0.8350 val_f1_macro=0.5842 (best_epoch=30, best_auprc=0.3886)
epoch 33: loss=1.1143 val_auprc=0.3600 val_auc=0.8392 val_f1_macro=0.6007 (best_epoch=30, best_auprc=0.3886)
epoch 34: loss=1.0463 val_auprc=0.3710 val_auc=0.8422 val_f1_macro=0.6332 (best_epoch=30, best_auprc=0.3886)
epoch 35: loss=0.9287 val_auprc=0.3888 val_auc=0.8469 val_f1_macro=0.5945 (best_epoch=35, best_auprc=0.3888)
epoch 36: loss=0.9579 val_auprc=0.3881 val_auc=0.8450 val_f1_macro=0.5528 (best_epoch=35, best_auprc=0.3888)
epoch 37: loss=1.0309 val_auprc=0.3964 val_auc=0.8455 val_f1_macro=0.5965 (best_epoch=37, best_auprc=0.3964)
epoch 38: loss=1.0017 val_auprc=0.4017 val_auc=0.8463 val_f1_macro=0.6207 (best_epoch=38, best_auprc=0.4017)
epoch 39: loss=0.9978 val_auprc=0.4066 val_auc=0.8482 val_f1_macro=0.6069 (best_epoch=39, best_auprc=0.4066)
epoch 40: loss=0.9484 val_auprc=0.4106 val_auc=0.8494 val_f1_macro=0.6028 (best_epoch=40, best_auprc=0.4106)
epoch 41: loss=0.9678 val_auprc=0.4241 val_auc=0.8507 val_f1_macro=0.6282 (best_epoch=41, best_auprc=0.4241)
epoch 42: loss=1.0422 val_auprc=0.4293 val_auc=0.8564 val_f1_macro=0.5751 (best_epoch=42, best_auprc=0.4293)
epoch 43: loss=0.9580 val_auprc=0.4338 val_auc=0.8552 val_f1_macro=0.5977 (best_epoch=43, best_auprc=0.4338)
epoch 44: loss=0.9633 val_auprc=0.4363 val_auc=0.8534 val_f1_macro=0.6364 (best_epoch=44, best_auprc=0.4363)
epoch 45: loss=0.9254 val_auprc=0.4384 val_auc=0.8593 val_f1_macro=0.6440 (best_epoch=45, best_auprc=0.4384)
epoch 46: loss=0.9419 val_auprc=0.4356 val_auc=0.8647 val_f1_macro=0.6256 (best_epoch=45, best_auprc=0.4384)
epoch 47: loss=0.9193 val_auprc=0.4379 val_auc=0.8670 val_f1_macro=0.6034 (best_epoch=45, best_auprc=0.4384)
epoch 48: loss=0.9556 val_auprc=0.4354 val_auc=0.8663 val_f1_macro=0.6336 (best_epoch=45, best_auprc=0.4384)
epoch 49: loss=0.9174 val_auprc=0.4306 val_auc=0.8654 val_f1_macro=0.6581 (best_epoch=45, best_auprc=0.4384)
epoch 50: loss=0.8891 val_auprc=0.4345 val_auc=0.8644 val_f1_macro=0.6584 (best_epoch=45, best_auprc=0.4384)
epoch 51: loss=0.9014 val_auprc=0.4365 val_auc=0.8644 val_f1_macro=0.6387 (best_epoch=45, best_auprc=0.4384)
epoch 52: loss=1.0127 val_auprc=0.4384 val_auc=0.8645 val_f1_macro=0.6183 (best_epoch=52, best_auprc=0.4384)
epoch 53: loss=0.9315 val_auprc=0.4414 val_auc=0.8632 val_f1_macro=0.6282 (best_epoch=53, best_auprc=0.4414)
epoch 54: loss=0.9038 val_auprc=0.4508 val_auc=0.8672 val_f1_macro=0.6329 (best_epoch=54, best_auprc=0.4508)
epoch 55: loss=0.8972 val_auprc=0.4500 val_auc=0.8694 val_f1_macro=0.6134 (best_epoch=54, best_auprc=0.4508)
epoch 56: loss=1.0889 val_auprc=0.4436 val_auc=0.8616 val_f1_macro=0.6931 (best_epoch=54, best_auprc=0.4508)
epoch 57: loss=0.9741 val_auprc=0.4352 val_auc=0.8585 val_f1_macro=0.7035 (best_epoch=54, best_auprc=0.4508)
epoch 58: loss=1.0560 val_auprc=0.4277 val_auc=0.8596 val_f1_macro=0.5567 (best_epoch=54, best_auprc=0.4508)
epoch 59: loss=1.0901 val_auprc=0.4290 val_auc=0.8654 val_f1_macro=0.4253 (best_epoch=54, best_auprc=0.4508)
epoch 60: loss=1.1485 val_auprc=0.4299 val_auc=0.8676 val_f1_macro=0.3905 (best_epoch=54, best_auprc=0.4508)
epoch 61: loss=1.1305 val_auprc=0.4323 val_auc=0.8679 val_f1_macro=0.4226 (best_epoch=54, best_auprc=0.4508)
epoch 62: loss=1.0592 val_auprc=0.4310 val_auc=0.8640 val_f1_macro=0.5006 (best_epoch=54, best_auprc=0.4508)
epoch 63: loss=1.0419 val_auprc=0.4349 val_auc=0.8600 val_f1_macro=0.5797 (best_epoch=54, best_auprc=0.4508)
epoch 64: loss=0.9815 val_auprc=0.4342 val_auc=0.8556 val_f1_macro=0.6068 (best_epoch=54, best_auprc=0.4508)
epoch 65: loss=1.0654 val_auprc=0.4393 val_auc=0.8525 val_f1_macro=0.6017 (best_epoch=54, best_auprc=0.4508)
epoch 66: loss=1.0713 val_auprc=0.4397 val_auc=0.8565 val_f1_macro=0.5452 (best_epoch=54, best_auprc=0.4508)
epoch 67: loss=1.0728 val_auprc=0.4407 val_auc=0.8589 val_f1_macro=0.4816 (best_epoch=54, best_auprc=0.4508)
epoch 68: loss=0.9866 val_auprc=0.4414 val_auc=0.8639 val_f1_macro=0.4728 (best_epoch=54, best_auprc=0.4508)
epoch 69: loss=1.0339 val_auprc=0.4396 val_auc=0.8613 val_f1_macro=0.5310 (best_epoch=54, best_auprc=0.4508)
epoch 70: loss=1.0973 val_auprc=0.4355 val_auc=0.8522 val_f1_macro=0.6261 (best_epoch=54, best_auprc=0.4508)
epoch 71: loss=1.0217 val_auprc=0.4389 val_auc=0.8555 val_f1_macro=0.6884 (best_epoch=54, best_auprc=0.4508)
epoch 72: loss=1.0453 val_auprc=0.4424 val_auc=0.8638 val_f1_macro=0.6834 (best_epoch=54, best_auprc=0.4508)
epoch 73: loss=0.9884 val_auprc=0.4274 val_auc=0.8658 val_f1_macro=0.6551 (best_epoch=54, best_auprc=0.4508)
epoch 74: loss=1.6099 val_auprc=0.4669 val_auc=0.8687 val_f1_macro=0.7272 (best_epoch=74, best_auprc=0.4669)
epoch 75: loss=1.0663 val_auprc=0.4164 val_auc=0.8610 val_f1_macro=0.7117 (best_epoch=74, best_auprc=0.4669)
epoch 76: loss=1.1440 val_auprc=0.3111 val_auc=0.8458 val_f1_macro=0.6212 (best_epoch=74, best_auprc=0.4669)
epoch 77: loss=1.2474 val_auprc=0.2932 val_auc=0.8402 val_f1_macro=0.5327 (best_epoch=74, best_auprc=0.4669)
epoch 78: loss=1.1932 val_auprc=0.3843 val_auc=0.8485 val_f1_macro=0.4923 (best_epoch=74, best_auprc=0.4669)
epoch 79: loss=1.1461 val_auprc=0.4562 val_auc=0.8665 val_f1_macro=0.4984 (best_epoch=74, best_auprc=0.4669)
epoch 80: loss=1.1230 val_auprc=0.4517 val_auc=0.8631 val_f1_macro=0.5517 (best_epoch=74, best_auprc=0.4669)
epoch 81: loss=1.0857 val_auprc=0.4372 val_auc=0.8498 val_f1_macro=0.6124 (best_epoch=74, best_auprc=0.4669)
epoch 82: loss=1.1552 val_auprc=0.4352 val_auc=0.8495 val_f1_macro=0.6102 (best_epoch=74, best_auprc=0.4669)
epoch 83: loss=1.0210 val_auprc=0.4325 val_auc=0.8487 val_f1_macro=0.6377 (best_epoch=74, best_auprc=0.4669)
epoch 84: loss=1.1010 val_auprc=0.4351 val_auc=0.8533 val_f1_macro=0.6513 (best_epoch=74, best_auprc=0.4669)
epoch 85: loss=1.0486 val_auprc=0.4403 val_auc=0.8588 val_f1_macro=0.6531 (best_epoch=74, best_auprc=0.4669)
epoch 86: loss=1.0316 val_auprc=0.4409 val_auc=0.8639 val_f1_macro=0.6370 (best_epoch=74, best_auprc=0.4669)
epoch 87: loss=1.0003 val_auprc=0.4387 val_auc=0.8653 val_f1_macro=0.5973 (best_epoch=74, best_auprc=0.4669)
epoch 88: loss=1.0508 val_auprc=0.4456 val_auc=0.8691 val_f1_macro=0.6093 (best_epoch=74, best_auprc=0.4669)
epoch 89: loss=1.0860 val_auprc=0.4554 val_auc=0.8716 val_f1_macro=0.6405 (best_epoch=74, best_auprc=0.4669)
epoch 90: loss=1.0353 val_auprc=0.4570 val_auc=0.8711 val_f1_macro=0.6110 (best_epoch=74, best_auprc=0.4669)
epoch 91: loss=0.9731 val_auprc=0.4582 val_auc=0.8698 val_f1_macro=0.5890 (best_epoch=74, best_auprc=0.4669)
epoch 92: loss=1.0001 val_auprc=0.4624 val_auc=0.8715 val_f1_macro=0.6304 (best_epoch=74, best_auprc=0.4669)
epoch 93: loss=1.0138 val_auprc=0.4632 val_auc=0.8700 val_f1_macro=0.6581 (best_epoch=74, best_auprc=0.4669)
epoch 94: loss=1.0117 val_auprc=0.4584 val_auc=0.8688 val_f1_macro=0.6652 (best_epoch=74, best_auprc=0.4669)
Early stopping at epoch 94 (no improvement for 20 epochs)
Selected threshold (best val macro-F1): 0.60 (val F1=0.7535)
TEST metrics: {'auprc': 0.5540440168517325, 'auc': 0.904607228809982, 'f1_macro': 0.7670953040639867, 'recall': 0.5945121951219512, 'threshold_used': 0.6000000000000001, 'best_epoch': 74}