=== Run: splitgnn_amazon_unified_tr40_seed2_a6000_20260917T225714Z ===
Result dir: /workspace/splitgnn_vast/results/splitgnn/amazon/unified/tr40/seed_2
No existing split file at /workspace/splitgnn_vast/splits/amazon_seed2_nested_splits.npz, generating now.
Split overlap checks: PASSED
train=4778 valid=2389 test=4777
Model source commit: 32fbdb836781d5c02523844a7079425f89be8831
Config SHA256: e95d6e739e12cdaeec133cd909e51974423d626957b639c6dc47b33e9e8254ad
Split SHA256: 194b49f7cac03b0081747e62cd5d422718e854d4350e200337c19b7663dca8dc
epoch 0: loss=1.6924 val_auprc=0.0677 val_auc=0.4845 val_f1_macro=0.0642 (best_epoch=0, best_auprc=0.0677)
epoch 1: loss=1.7164 val_auprc=0.0757 val_auc=0.5376 val_f1_macro=0.4822 (best_epoch=1, best_auprc=0.0757)
epoch 2: loss=1.5632 val_auprc=0.1748 val_auc=0.7072 val_f1_macro=0.4822 (best_epoch=2, best_auprc=0.1748)
epoch 3: loss=1.4528 val_auprc=0.2371 val_auc=0.7306 val_f1_macro=0.3133 (best_epoch=3, best_auprc=0.2371)
epoch 4: loss=1.4129 val_auprc=0.1942 val_auc=0.7478 val_f1_macro=0.3097 (best_epoch=3, best_auprc=0.2371)
epoch 5: loss=1.3872 val_auprc=0.2730 val_auc=0.7621 val_f1_macro=0.3172 (best_epoch=5, best_auprc=0.2730)
epoch 6: loss=1.3775 val_auprc=0.2850 val_auc=0.7680 val_f1_macro=0.3075 (best_epoch=6, best_auprc=0.2850)
epoch 7: loss=1.3372 val_auprc=0.3017 val_auc=0.7726 val_f1_macro=0.2840 (best_epoch=7, best_auprc=0.3017)
epoch 8: loss=1.3234 val_auprc=0.3547 val_auc=0.7921 val_f1_macro=0.2981 (best_epoch=8, best_auprc=0.3547)
epoch 9: loss=1.2980 val_auprc=0.3613 val_auc=0.8020 val_f1_macro=0.5949 (best_epoch=9, best_auprc=0.3613)
epoch 10: loss=1.2229 val_auprc=0.3417 val_auc=0.7868 val_f1_macro=0.4896 (best_epoch=9, best_auprc=0.3613)
epoch 11: loss=1.2480 val_auprc=0.3675 val_auc=0.8367 val_f1_macro=0.6935 (best_epoch=11, best_auprc=0.3675)
epoch 12: loss=1.3328 val_auprc=0.3588 val_auc=0.8270 val_f1_macro=0.6072 (best_epoch=11, best_auprc=0.3675)
epoch 13: loss=1.1678 val_auprc=0.3524 val_auc=0.8267 val_f1_macro=0.5617 (best_epoch=11, best_auprc=0.3675)
epoch 14: loss=1.2079 val_auprc=0.3761 val_auc=0.8470 val_f1_macro=0.6667 (best_epoch=14, best_auprc=0.3761)
epoch 15: loss=1.1609 val_auprc=0.3808 val_auc=0.8401 val_f1_macro=0.7216 (best_epoch=15, best_auprc=0.3808)
epoch 16: loss=1.1599 val_auprc=0.3888 val_auc=0.8402 val_f1_macro=0.7162 (best_epoch=16, best_auprc=0.3888)
epoch 17: loss=1.1559 val_auprc=0.3803 val_auc=0.8344 val_f1_macro=0.7086 (best_epoch=16, best_auprc=0.3888)
epoch 18: loss=1.1085 val_auprc=0.3769 val_auc=0.8321 val_f1_macro=0.6890 (best_epoch=16, best_auprc=0.3888)
epoch 19: loss=1.1148 val_auprc=0.3759 val_auc=0.8376 val_f1_macro=0.6666 (best_epoch=16, best_auprc=0.3888)
epoch 20: loss=1.0615 val_auprc=0.3818 val_auc=0.8461 val_f1_macro=0.6690 (best_epoch=16, best_auprc=0.3888)
epoch 21: loss=1.0488 val_auprc=0.3970 val_auc=0.8520 val_f1_macro=0.6977 (best_epoch=21, best_auprc=0.3970)
epoch 22: loss=1.0807 val_auprc=0.4067 val_auc=0.8544 val_f1_macro=0.7135 (best_epoch=22, best_auprc=0.4067)
epoch 23: loss=1.0438 val_auprc=0.4092 val_auc=0.8575 val_f1_macro=0.7110 (best_epoch=23, best_auprc=0.4092)
epoch 24: loss=1.0467 val_auprc=0.4054 val_auc=0.8593 val_f1_macro=0.6394 (best_epoch=23, best_auprc=0.4092)
epoch 25: loss=1.0207 val_auprc=0.3986 val_auc=0.8588 val_f1_macro=0.6240 (best_epoch=23, best_auprc=0.4092)
epoch 26: loss=1.0398 val_auprc=0.3985 val_auc=0.8606 val_f1_macro=0.6267 (best_epoch=23, best_auprc=0.4092)
epoch 27: loss=1.0342 val_auprc=0.4019 val_auc=0.8602 val_f1_macro=0.6348 (best_epoch=23, best_auprc=0.4092)
epoch 28: loss=1.0044 val_auprc=0.4018 val_auc=0.8602 val_f1_macro=0.6305 (best_epoch=23, best_auprc=0.4092)
epoch 29: loss=1.0114 val_auprc=0.3984 val_auc=0.8592 val_f1_macro=0.6072 (best_epoch=23, best_auprc=0.4092)
epoch 30: loss=1.0298 val_auprc=0.3980 val_auc=0.8599 val_f1_macro=0.5945 (best_epoch=23, best_auprc=0.4092)
epoch 31: loss=1.0162 val_auprc=0.4061 val_auc=0.8624 val_f1_macro=0.6392 (best_epoch=23, best_auprc=0.4092)
epoch 32: loss=0.9894 val_auprc=0.4121 val_auc=0.8642 val_f1_macro=0.6538 (best_epoch=32, best_auprc=0.4121)
epoch 33: loss=1.0021 val_auprc=0.4147 val_auc=0.8660 val_f1_macro=0.6569 (best_epoch=33, best_auprc=0.4147)
epoch 34: loss=1.0048 val_auprc=0.4128 val_auc=0.8673 val_f1_macro=0.6386 (best_epoch=33, best_auprc=0.4147)
epoch 35: loss=1.0403 val_auprc=0.4219 val_auc=0.8717 val_f1_macro=0.6885 (best_epoch=35, best_auprc=0.4219)
epoch 36: loss=1.0220 val_auprc=0.4224 val_auc=0.8731 val_f1_macro=0.6986 (best_epoch=36, best_auprc=0.4224)
epoch 37: loss=1.0684 val_auprc=0.4278 val_auc=0.8724 val_f1_macro=0.6629 (best_epoch=37, best_auprc=0.4278)
epoch 38: loss=1.0610 val_auprc=0.4260 val_auc=0.8711 val_f1_macro=0.6065 (best_epoch=37, best_auprc=0.4278)
epoch 39: loss=1.0701 val_auprc=0.4306 val_auc=0.8685 val_f1_macro=0.5979 (best_epoch=39, best_auprc=0.4306)
epoch 40: loss=1.0337 val_auprc=0.4341 val_auc=0.8643 val_f1_macro=0.6008 (best_epoch=40, best_auprc=0.4341)
epoch 41: loss=1.0195 val_auprc=0.4326 val_auc=0.8632 val_f1_macro=0.5963 (best_epoch=40, best_auprc=0.4341)
epoch 42: loss=1.0043 val_auprc=0.4333 val_auc=0.8656 val_f1_macro=0.5919 (best_epoch=40, best_auprc=0.4341)
epoch 43: loss=1.0354 val_auprc=0.4317 val_auc=0.8649 val_f1_macro=0.5786 (best_epoch=40, best_auprc=0.4341)
epoch 44: loss=1.0474 val_auprc=0.4332 val_auc=0.8657 val_f1_macro=0.5646 (best_epoch=40, best_auprc=0.4341)
epoch 45: loss=1.0417 val_auprc=0.4340 val_auc=0.8657 val_f1_macro=0.5552 (best_epoch=40, best_auprc=0.4341)
epoch 46: loss=1.0530 val_auprc=0.4322 val_auc=0.8570 val_f1_macro=0.5714 (best_epoch=40, best_auprc=0.4341)
epoch 47: loss=1.0808 val_auprc=0.4389 val_auc=0.8666 val_f1_macro=0.5693 (best_epoch=47, best_auprc=0.4389)
epoch 48: loss=1.0276 val_auprc=0.4474 val_auc=0.8717 val_f1_macro=0.6168 (best_epoch=48, best_auprc=0.4474)
epoch 49: loss=1.0301 val_auprc=0.4561 val_auc=0.8810 val_f1_macro=0.6490 (best_epoch=49, best_auprc=0.4561)
epoch 50: loss=0.9898 val_auprc=0.4610 val_auc=0.8815 val_f1_macro=0.6784 (best_epoch=50, best_auprc=0.4610)
epoch 51: loss=1.0026 val_auprc=0.4576 val_auc=0.8753 val_f1_macro=0.6790 (best_epoch=50, best_auprc=0.4610)
epoch 52: loss=1.0187 val_auprc=0.4664 val_auc=0.8840 val_f1_macro=0.6645 (best_epoch=52, best_auprc=0.4664)
epoch 53: loss=0.9657 val_auprc=0.4617 val_auc=0.8778 val_f1_macro=0.6557 (best_epoch=52, best_auprc=0.4664)
epoch 54: loss=0.9719 val_auprc=0.4593 val_auc=0.8719 val_f1_macro=0.6621 (best_epoch=52, best_auprc=0.4664)
epoch 55: loss=0.9658 val_auprc=0.4624 val_auc=0.8729 val_f1_macro=0.6659 (best_epoch=52, best_auprc=0.4664)
epoch 56: loss=0.9402 val_auprc=0.4663 val_auc=0.8767 val_f1_macro=0.6499 (best_epoch=52, best_auprc=0.4664)
epoch 57: loss=0.9528 val_auprc=0.4690 val_auc=0.8782 val_f1_macro=0.6509 (best_epoch=57, best_auprc=0.4690)
epoch 58: loss=0.9469 val_auprc=0.4706 val_auc=0.8796 val_f1_macro=0.6491 (best_epoch=58, best_auprc=0.4706)
epoch 59: loss=0.9576 val_auprc=0.4662 val_auc=0.8816 val_f1_macro=0.6590 (best_epoch=58, best_auprc=0.4706)
epoch 60: loss=0.9562 val_auprc=0.4481 val_auc=0.8811 val_f1_macro=0.6491 (best_epoch=58, best_auprc=0.4706)
epoch 61: loss=0.9608 val_auprc=0.4551 val_auc=0.8814 val_f1_macro=0.6650 (best_epoch=58, best_auprc=0.4706)
epoch 62: loss=0.9469 val_auprc=0.4576 val_auc=0.8828 val_f1_macro=0.6641 (best_epoch=58, best_auprc=0.4706)
epoch 63: loss=0.9407 val_auprc=0.4600 val_auc=0.8863 val_f1_macro=0.6420 (best_epoch=58, best_auprc=0.4706)
epoch 64: loss=0.9506 val_auprc=0.4623 val_auc=0.8882 val_f1_macro=0.6576 (best_epoch=58, best_auprc=0.4706)
epoch 65: loss=0.9248 val_auprc=0.4609 val_auc=0.8884 val_f1_macro=0.6864 (best_epoch=58, best_auprc=0.4706)
epoch 66: loss=0.9000 val_auprc=0.4610 val_auc=0.8888 val_f1_macro=0.6859 (best_epoch=58, best_auprc=0.4706)
epoch 67: loss=0.9321 val_auprc=0.4575 val_auc=0.8870 val_f1_macro=0.6580 (best_epoch=58, best_auprc=0.4706)
epoch 68: loss=0.9043 val_auprc=0.4588 val_auc=0.8874 val_f1_macro=0.6540 (best_epoch=58, best_auprc=0.4706)
epoch 69: loss=0.9255 val_auprc=0.4498 val_auc=0.8878 val_f1_macro=0.6594 (best_epoch=58, best_auprc=0.4706)
epoch 70: loss=0.9474 val_auprc=0.4623 val_auc=0.8893 val_f1_macro=0.6827 (best_epoch=58, best_auprc=0.4706)
epoch 71: loss=0.9347 val_auprc=0.4604 val_auc=0.8877 val_f1_macro=0.6738 (best_epoch=58, best_auprc=0.4706)
epoch 72: loss=0.9303 val_auprc=0.4575 val_auc=0.8858 val_f1_macro=0.6500 (best_epoch=58, best_auprc=0.4706)
epoch 73: loss=0.9558 val_auprc=0.4624 val_auc=0.8858 val_f1_macro=0.6512 (best_epoch=58, best_auprc=0.4706)
epoch 74: loss=0.9127 val_auprc=0.4692 val_auc=0.8866 val_f1_macro=0.6733 (best_epoch=58, best_auprc=0.4706)
epoch 75: loss=0.9359 val_auprc=0.4402 val_auc=0.8861 val_f1_macro=0.6608 (best_epoch=58, best_auprc=0.4706)
epoch 76: loss=0.9124 val_auprc=0.4178 val_auc=0.8856 val_f1_macro=0.6262 (best_epoch=58, best_auprc=0.4706)
epoch 77: loss=0.9370 val_auprc=0.4467 val_auc=0.8916 val_f1_macro=0.6563 (best_epoch=58, best_auprc=0.4706)
epoch 78: loss=0.9003 val_auprc=0.4557 val_auc=0.8919 val_f1_macro=0.6708 (best_epoch=58, best_auprc=0.4706)
Early stopping at epoch 78 (no improvement for 20 epochs)
Selected threshold (best val macro-F1): 0.80 (val F1=0.7278)
TEST metrics: {'auprc': 0.5642645304307483, 'auc': 0.9097484910284032, 'f1_macro': 0.7747609663029456, 'recall': 0.5823170731707317, 'threshold_used': 0.8, 'best_epoch': 58}