=== Run: splitgnn_elliptic_unified_tr20_seed2_a6000_20260918T034841Z ===
Result dir: /workspace/splitgnn_vast/results/splitgnn/elliptic/unified/tr20/seed_2
Split overlap checks: PASSED
train=9313 valid=9313 test=18626
Model source commit: 32fbdb836781d5c02523844a7079425f89be8831
Config SHA256: f6031e058930c10c2455442a56087291fa10854999cf6d9418563cb8b1da7d18
Split SHA256: 77008be57543be620a444bf233a229fe6f09d3d5b4fcf427a8481f7972e5ebf5
epoch 0: loss=1.7252 val_auprc=0.1158 val_auc=0.5503 val_f1_macro=0.0899 (best_epoch=0, best_auprc=0.1158)
epoch 1: loss=1.6913 val_auprc=0.1365 val_auc=0.5777 val_f1_macro=0.0915 (best_epoch=1, best_auprc=0.1365)
epoch 2: loss=1.6860 val_auprc=0.1407 val_auc=0.5781 val_f1_macro=0.0943 (best_epoch=2, best_auprc=0.1407)
epoch 3: loss=1.6542 val_auprc=0.1413 val_auc=0.5740 val_f1_macro=0.1035 (best_epoch=3, best_auprc=0.1413)
epoch 4: loss=1.6430 val_auprc=0.1415 val_auc=0.5741 val_f1_macro=0.1228 (best_epoch=4, best_auprc=0.1415)
epoch 5: loss=1.6203 val_auprc=0.1475 val_auc=0.5951 val_f1_macro=0.3184 (best_epoch=5, best_auprc=0.1475)
epoch 6: loss=1.6025 val_auprc=0.1549 val_auc=0.6021 val_f1_macro=0.5473 (best_epoch=6, best_auprc=0.1549)
epoch 7: loss=1.5909 val_auprc=0.1547 val_auc=0.5974 val_f1_macro=0.5451 (best_epoch=6, best_auprc=0.1549)
epoch 8: loss=1.5820 val_auprc=0.1531 val_auc=0.5948 val_f1_macro=0.5463 (best_epoch=6, best_auprc=0.1549)
epoch 9: loss=1.5894 val_auprc=0.1535 val_auc=0.5943 val_f1_macro=0.5448 (best_epoch=6, best_auprc=0.1549)
epoch 10: loss=1.5411 val_auprc=0.1563 val_auc=0.5980 val_f1_macro=0.5472 (best_epoch=10, best_auprc=0.1563)
epoch 11: loss=1.5492 val_auprc=0.1596 val_auc=0.6038 val_f1_macro=0.5500 (best_epoch=11, best_auprc=0.1596)
epoch 12: loss=1.5130 val_auprc=0.1638 val_auc=0.6055 val_f1_macro=0.5524 (best_epoch=12, best_auprc=0.1638)
epoch 13: loss=1.5331 val_auprc=0.1686 val_auc=0.6118 val_f1_macro=0.5558 (best_epoch=13, best_auprc=0.1686)
epoch 14: loss=1.4622 val_auprc=0.1681 val_auc=0.6146 val_f1_macro=0.5500 (best_epoch=13, best_auprc=0.1686)
epoch 15: loss=1.4871 val_auprc=0.1710 val_auc=0.6162 val_f1_macro=0.5483 (best_epoch=15, best_auprc=0.1710)
epoch 16: loss=1.4463 val_auprc=0.1784 val_auc=0.6222 val_f1_macro=0.5428 (best_epoch=16, best_auprc=0.1784)
epoch 17: loss=1.3647 val_auprc=0.1827 val_auc=0.6282 val_f1_macro=0.5429 (best_epoch=17, best_auprc=0.1827)
epoch 18: loss=1.3557 val_auprc=0.1870 val_auc=0.6323 val_f1_macro=0.5436 (best_epoch=18, best_auprc=0.1870)
epoch 19: loss=1.3578 val_auprc=0.1867 val_auc=0.6360 val_f1_macro=0.5421 (best_epoch=18, best_auprc=0.1870)
epoch 20: loss=1.3442 val_auprc=0.1865 val_auc=0.6406 val_f1_macro=0.5440 (best_epoch=18, best_auprc=0.1870)
epoch 21: loss=1.2718 val_auprc=0.1843 val_auc=0.6435 val_f1_macro=0.5496 (best_epoch=18, best_auprc=0.1870)
epoch 22: loss=1.3396 val_auprc=0.1853 val_auc=0.6470 val_f1_macro=0.5515 (best_epoch=18, best_auprc=0.1870)
epoch 23: loss=1.2969 val_auprc=0.1860 val_auc=0.6495 val_f1_macro=0.5537 (best_epoch=18, best_auprc=0.1870)
epoch 24: loss=1.2538 val_auprc=0.1848 val_auc=0.6510 val_f1_macro=0.5543 (best_epoch=18, best_auprc=0.1870)
epoch 25: loss=1.2976 val_auprc=0.1841 val_auc=0.6534 val_f1_macro=0.5542 (best_epoch=18, best_auprc=0.1870)
epoch 26: loss=1.2828 val_auprc=0.1878 val_auc=0.6583 val_f1_macro=0.5489 (best_epoch=26, best_auprc=0.1878)
epoch 27: loss=1.1974 val_auprc=0.1932 val_auc=0.6651 val_f1_macro=0.5452 (best_epoch=27, best_auprc=0.1932)
epoch 28: loss=1.2952 val_auprc=0.2011 val_auc=0.6728 val_f1_macro=0.5341 (best_epoch=28, best_auprc=0.2011)
epoch 29: loss=1.2873 val_auprc=0.2092 val_auc=0.6796 val_f1_macro=0.5276 (best_epoch=29, best_auprc=0.2092)
epoch 30: loss=1.2458 val_auprc=0.2149 val_auc=0.6857 val_f1_macro=0.5176 (best_epoch=30, best_auprc=0.2149)
epoch 31: loss=1.2180 val_auprc=0.2247 val_auc=0.6909 val_f1_macro=0.5081 (best_epoch=31, best_auprc=0.2247)
epoch 32: loss=1.1403 val_auprc=0.2331 val_auc=0.6956 val_f1_macro=0.5082 (best_epoch=32, best_auprc=0.2331)
epoch 33: loss=1.1888 val_auprc=0.2399 val_auc=0.6990 val_f1_macro=0.5159 (best_epoch=33, best_auprc=0.2399)
epoch 34: loss=1.1686 val_auprc=0.2445 val_auc=0.7025 val_f1_macro=0.5292 (best_epoch=34, best_auprc=0.2445)
epoch 35: loss=1.1856 val_auprc=0.2469 val_auc=0.7053 val_f1_macro=0.5436 (best_epoch=35, best_auprc=0.2469)
epoch 36: loss=1.1243 val_auprc=0.2489 val_auc=0.7090 val_f1_macro=0.5527 (best_epoch=36, best_auprc=0.2489)
epoch 37: loss=1.0757 val_auprc=0.2533 val_auc=0.7149 val_f1_macro=0.5549 (best_epoch=37, best_auprc=0.2533)
epoch 38: loss=1.1017 val_auprc=0.2605 val_auc=0.7227 val_f1_macro=0.5412 (best_epoch=38, best_auprc=0.2605)
epoch 39: loss=1.1228 val_auprc=0.2663 val_auc=0.7310 val_f1_macro=0.5338 (best_epoch=39, best_auprc=0.2663)
epoch 40: loss=1.0861 val_auprc=0.2750 val_auc=0.7403 val_f1_macro=0.5338 (best_epoch=40, best_auprc=0.2750)
epoch 41: loss=1.1680 val_auprc=0.2829 val_auc=0.7483 val_f1_macro=0.5500 (best_epoch=41, best_auprc=0.2829)
epoch 42: loss=1.0942 val_auprc=0.2891 val_auc=0.7547 val_f1_macro=0.5661 (best_epoch=42, best_auprc=0.2891)
epoch 43: loss=1.2247 val_auprc=0.2941 val_auc=0.7599 val_f1_macro=0.5837 (best_epoch=43, best_auprc=0.2941)
epoch 44: loss=1.0815 val_auprc=0.2994 val_auc=0.7662 val_f1_macro=0.5830 (best_epoch=44, best_auprc=0.2994)
epoch 45: loss=1.1352 val_auprc=0.3038 val_auc=0.7716 val_f1_macro=0.5801 (best_epoch=45, best_auprc=0.3038)
epoch 46: loss=1.0774 val_auprc=0.3054 val_auc=0.7715 val_f1_macro=0.5678 (best_epoch=46, best_auprc=0.3054)
epoch 47: loss=1.1371 val_auprc=0.3077 val_auc=0.7720 val_f1_macro=0.5668 (best_epoch=47, best_auprc=0.3077)
epoch 48: loss=1.1183 val_auprc=0.3121 val_auc=0.7735 val_f1_macro=0.5736 (best_epoch=48, best_auprc=0.3121)
epoch 49: loss=1.0349 val_auprc=0.3165 val_auc=0.7775 val_f1_macro=0.5779 (best_epoch=49, best_auprc=0.3165)
epoch 50: loss=1.0466 val_auprc=0.3221 val_auc=0.7793 val_f1_macro=0.5921 (best_epoch=50, best_auprc=0.3221)
epoch 51: loss=1.0454 val_auprc=0.3277 val_auc=0.7824 val_f1_macro=0.5940 (best_epoch=51, best_auprc=0.3277)
epoch 52: loss=0.9567 val_auprc=0.3354 val_auc=0.7873 val_f1_macro=0.5765 (best_epoch=52, best_auprc=0.3354)
epoch 53: loss=1.0806 val_auprc=0.3394 val_auc=0.7918 val_f1_macro=0.5567 (best_epoch=53, best_auprc=0.3394)
epoch 54: loss=1.0390 val_auprc=0.3417 val_auc=0.7954 val_f1_macro=0.5655 (best_epoch=54, best_auprc=0.3417)
epoch 55: loss=0.9962 val_auprc=0.3434 val_auc=0.7985 val_f1_macro=0.5849 (best_epoch=55, best_auprc=0.3434)
epoch 56: loss=1.0700 val_auprc=0.3469 val_auc=0.8017 val_f1_macro=0.5975 (best_epoch=56, best_auprc=0.3469)
epoch 57: loss=0.9953 val_auprc=0.3535 val_auc=0.8059 val_f1_macro=0.5983 (best_epoch=57, best_auprc=0.3535)
epoch 58: loss=1.0414 val_auprc=0.3616 val_auc=0.8099 val_f1_macro=0.5861 (best_epoch=58, best_auprc=0.3616)
epoch 59: loss=1.0559 val_auprc=0.3700 val_auc=0.8139 val_f1_macro=0.5780 (best_epoch=59, best_auprc=0.3700)
epoch 60: loss=1.0513 val_auprc=0.3752 val_auc=0.8172 val_f1_macro=0.5837 (best_epoch=60, best_auprc=0.3752)
epoch 61: loss=0.9748 val_auprc=0.3735 val_auc=0.8182 val_f1_macro=0.6004 (best_epoch=60, best_auprc=0.3752)
epoch 62: loss=0.9970 val_auprc=0.3773 val_auc=0.8199 val_f1_macro=0.6097 (best_epoch=62, best_auprc=0.3773)
epoch 63: loss=0.9466 val_auprc=0.3868 val_auc=0.8246 val_f1_macro=0.6072 (best_epoch=63, best_auprc=0.3868)
epoch 64: loss=0.9181 val_auprc=0.3975 val_auc=0.8296 val_f1_macro=0.5987 (best_epoch=64, best_auprc=0.3975)
epoch 65: loss=0.9760 val_auprc=0.4055 val_auc=0.8327 val_f1_macro=0.5913 (best_epoch=65, best_auprc=0.4055)
epoch 66: loss=0.9460 val_auprc=0.4072 val_auc=0.8331 val_f1_macro=0.6035 (best_epoch=66, best_auprc=0.4072)
epoch 67: loss=0.9934 val_auprc=0.4061 val_auc=0.8321 val_f1_macro=0.6135 (best_epoch=66, best_auprc=0.4072)
epoch 68: loss=0.9758 val_auprc=0.4110 val_auc=0.8353 val_f1_macro=0.6150 (best_epoch=68, best_auprc=0.4110)
epoch 69: loss=0.9396 val_auprc=0.4206 val_auc=0.8413 val_f1_macro=0.6027 (best_epoch=69, best_auprc=0.4206)
epoch 70: loss=0.9543 val_auprc=0.4259 val_auc=0.8444 val_f1_macro=0.6001 (best_epoch=70, best_auprc=0.4259)
epoch 71: loss=0.9402 val_auprc=0.4298 val_auc=0.8462 val_f1_macro=0.6105 (best_epoch=71, best_auprc=0.4298)
epoch 72: loss=0.8498 val_auprc=0.4342 val_auc=0.8480 val_f1_macro=0.6225 (best_epoch=72, best_auprc=0.4342)
epoch 73: loss=0.8761 val_auprc=0.4414 val_auc=0.8504 val_f1_macro=0.6285 (best_epoch=73, best_auprc=0.4414)
epoch 74: loss=0.8654 val_auprc=0.4503 val_auc=0.8542 val_f1_macro=0.6201 (best_epoch=74, best_auprc=0.4503)
epoch 75: loss=0.8981 val_auprc=0.4596 val_auc=0.8572 val_f1_macro=0.6148 (best_epoch=75, best_auprc=0.4596)
epoch 76: loss=0.9291 val_auprc=0.4653 val_auc=0.8595 val_f1_macro=0.6277 (best_epoch=76, best_auprc=0.4653)
epoch 77: loss=0.9094 val_auprc=0.4668 val_auc=0.8602 val_f1_macro=0.6493 (best_epoch=77, best_auprc=0.4668)
epoch 78: loss=0.9476 val_auprc=0.4715 val_auc=0.8626 val_f1_macro=0.6472 (best_epoch=78, best_auprc=0.4715)
epoch 79: loss=0.9040 val_auprc=0.4794 val_auc=0.8660 val_f1_macro=0.6414 (best_epoch=79, best_auprc=0.4794)
epoch 80: loss=0.8862 val_auprc=0.4848 val_auc=0.8683 val_f1_macro=0.6411 (best_epoch=80, best_auprc=0.4848)
epoch 81: loss=0.8387 val_auprc=0.4865 val_auc=0.8698 val_f1_macro=0.6430 (best_epoch=81, best_auprc=0.4865)
epoch 82: loss=0.8743 val_auprc=0.4895 val_auc=0.8711 val_f1_macro=0.6480 (best_epoch=82, best_auprc=0.4895)
epoch 83: loss=0.8738 val_auprc=0.4863 val_auc=0.8705 val_f1_macro=0.6630 (best_epoch=82, best_auprc=0.4895)
epoch 84: loss=0.8225 val_auprc=0.4916 val_auc=0.8728 val_f1_macro=0.6552 (best_epoch=84, best_auprc=0.4916)
epoch 85: loss=0.9308 val_auprc=0.4970 val_auc=0.8743 val_f1_macro=0.6429 (best_epoch=85, best_auprc=0.4970)
epoch 86: loss=0.8508 val_auprc=0.5017 val_auc=0.8755 val_f1_macro=0.6496 (best_epoch=86, best_auprc=0.5017)
epoch 87: loss=0.8224 val_auprc=0.5036 val_auc=0.8753 val_f1_macro=0.6654 (best_epoch=87, best_auprc=0.5036)
epoch 88: loss=0.8821 val_auprc=0.5125 val_auc=0.8766 val_f1_macro=0.6708 (best_epoch=88, best_auprc=0.5125)
epoch 89: loss=0.8350 val_auprc=0.5214 val_auc=0.8792 val_f1_macro=0.6623 (best_epoch=89, best_auprc=0.5214)
epoch 90: loss=0.8157 val_auprc=0.5319 val_auc=0.8822 val_f1_macro=0.6502 (best_epoch=90, best_auprc=0.5319)
epoch 91: loss=0.7716 val_auprc=0.5417 val_auc=0.8845 val_f1_macro=0.6544 (best_epoch=91, best_auprc=0.5417)
epoch 92: loss=0.9101 val_auprc=0.5449 val_auc=0.8855 val_f1_macro=0.6742 (best_epoch=92, best_auprc=0.5449)
epoch 93: loss=0.7828 val_auprc=0.5449 val_auc=0.8862 val_f1_macro=0.6750 (best_epoch=92, best_auprc=0.5449)
epoch 94: loss=0.7900 val_auprc=0.5513 val_auc=0.8873 val_f1_macro=0.6618 (best_epoch=94, best_auprc=0.5513)
epoch 95: loss=0.8256 val_auprc=0.5538 val_auc=0.8878 val_f1_macro=0.6605 (best_epoch=95, best_auprc=0.5538)
epoch 96: loss=0.7954 val_auprc=0.5514 val_auc=0.8873 val_f1_macro=0.6679 (best_epoch=95, best_auprc=0.5538)
epoch 97: loss=0.8126 val_auprc=0.5448 val_auc=0.8872 val_f1_macro=0.6717 (best_epoch=95, best_auprc=0.5538)
epoch 98: loss=0.7987 val_auprc=0.5448 val_auc=0.8879 val_f1_macro=0.6725 (best_epoch=95, best_auprc=0.5538)
epoch 99: loss=0.8087 val_auprc=0.5448 val_auc=0.8888 val_f1_macro=0.6801 (best_epoch=95, best_auprc=0.5538)
Selected threshold (best val macro-F1): 0.70 (val F1=0.7474)
TEST metrics: {'auprc': 0.5452356504688185, 'auc': 0.8913996602539837, 'f1_macro': 0.7470007738619376, 'recall': 0.6963696369636964, 'threshold_used': 0.7000000000000001, 'best_epoch': 95}