=== Run: splitgnn_tsocial_unified_tr30_seed72_a6000_20260919T064034Z ===
Result dir: /workspace/splitgnn_vast/results/splitgnn/tsocial/unified/tr30/seed_72
Split overlap checks: PASSED
train=260148 valid=173432 test=346864
Model source commit: 32fbdb836781d5c02523844a7079425f89be8831
Config SHA256: 4c938792e6aae0f4fcf60df018200e649bcaa86e9d45db7712a7edca6b616499
Split SHA256: 197cd8a496ca269cfa2affeea08837bb97bc55181f878b36cc724036ba6d001b
epoch 0: loss=1.7001 val_auprc=0.2037 val_auc=0.7841 val_f1_macro=0.0293 (best_epoch=0, best_auprc=0.2037)
epoch 1: loss=1.6870 val_auprc=0.2261 val_auc=0.7808 val_f1_macro=0.0293 (best_epoch=1, best_auprc=0.2261)
epoch 2: loss=1.6693 val_auprc=0.2333 val_auc=0.7972 val_f1_macro=0.3360 (best_epoch=2, best_auprc=0.2333)
epoch 3: loss=1.6493 val_auprc=0.2355 val_auc=0.8060 val_f1_macro=0.4668 (best_epoch=3, best_auprc=0.2355)
epoch 4: loss=1.6278 val_auprc=0.2403 val_auc=0.8189 val_f1_macro=0.4984 (best_epoch=4, best_auprc=0.2403)
epoch 5: loss=1.6059 val_auprc=0.2752 val_auc=0.8236 val_f1_macro=0.5201 (best_epoch=5, best_auprc=0.2752)
epoch 6: loss=1.5808 val_auprc=0.2622 val_auc=0.8129 val_f1_macro=0.5285 (best_epoch=5, best_auprc=0.2752)
epoch 7: loss=1.5556 val_auprc=0.2502 val_auc=0.8130 val_f1_macro=0.5193 (best_epoch=5, best_auprc=0.2752)
epoch 8: loss=1.5357 val_auprc=0.2467 val_auc=0.8148 val_f1_macro=0.5036 (best_epoch=5, best_auprc=0.2752)
epoch 9: loss=1.5191 val_auprc=0.2463 val_auc=0.8157 val_f1_macro=0.4938 (best_epoch=5, best_auprc=0.2752)
epoch 10: loss=1.5057 val_auprc=0.2464 val_auc=0.8164 val_f1_macro=0.4905 (best_epoch=5, best_auprc=0.2752)
epoch 11: loss=1.4921 val_auprc=0.2478 val_auc=0.8172 val_f1_macro=0.4916 (best_epoch=5, best_auprc=0.2752)
epoch 12: loss=1.4868 val_auprc=0.2494 val_auc=0.8184 val_f1_macro=0.4961 (best_epoch=5, best_auprc=0.2752)
epoch 13: loss=1.4856 val_auprc=0.2512 val_auc=0.8201 val_f1_macro=0.4994 (best_epoch=5, best_auprc=0.2752)
epoch 14: loss=1.4931 val_auprc=0.2542 val_auc=0.8221 val_f1_macro=0.5014 (best_epoch=5, best_auprc=0.2752)
epoch 15: loss=1.4717 val_auprc=0.2572 val_auc=0.8247 val_f1_macro=0.5002 (best_epoch=5, best_auprc=0.2752)
epoch 16: loss=1.4551 val_auprc=0.2602 val_auc=0.8273 val_f1_macro=0.4980 (best_epoch=5, best_auprc=0.2752)
epoch 17: loss=1.4381 val_auprc=0.2636 val_auc=0.8298 val_f1_macro=0.4972 (best_epoch=5, best_auprc=0.2752)
epoch 18: loss=1.4126 val_auprc=0.2667 val_auc=0.8322 val_f1_macro=0.5018 (best_epoch=5, best_auprc=0.2752)
epoch 19: loss=1.4021 val_auprc=0.2701 val_auc=0.8341 val_f1_macro=0.5093 (best_epoch=5, best_auprc=0.2752)
epoch 20: loss=1.3874 val_auprc=0.2730 val_auc=0.8354 val_f1_macro=0.5153 (best_epoch=5, best_auprc=0.2752)
epoch 21: loss=1.3715 val_auprc=0.2747 val_auc=0.8360 val_f1_macro=0.5135 (best_epoch=5, best_auprc=0.2752)
epoch 22: loss=1.3574 val_auprc=0.2756 val_auc=0.8361 val_f1_macro=0.5048 (best_epoch=22, best_auprc=0.2756)
epoch 23: loss=1.3414 val_auprc=0.2764 val_auc=0.8361 val_f1_macro=0.4982 (best_epoch=23, best_auprc=0.2764)
epoch 24: loss=1.3360 val_auprc=0.2782 val_auc=0.8363 val_f1_macro=0.5003 (best_epoch=24, best_auprc=0.2782)
epoch 25: loss=1.3211 val_auprc=0.2798 val_auc=0.8368 val_f1_macro=0.5051 (best_epoch=25, best_auprc=0.2798)
epoch 26: loss=1.3074 val_auprc=0.2825 val_auc=0.8377 val_f1_macro=0.5065 (best_epoch=26, best_auprc=0.2825)
epoch 27: loss=1.2902 val_auprc=0.2852 val_auc=0.8388 val_f1_macro=0.5016 (best_epoch=27, best_auprc=0.2852)
epoch 28: loss=1.2785 val_auprc=0.2873 val_auc=0.8403 val_f1_macro=0.4961 (best_epoch=28, best_auprc=0.2873)
epoch 29: loss=1.2714 val_auprc=0.2892 val_auc=0.8416 val_f1_macro=0.4961 (best_epoch=29, best_auprc=0.2892)
epoch 30: loss=1.2654 val_auprc=0.2901 val_auc=0.8428 val_f1_macro=0.5000 (best_epoch=30, best_auprc=0.2901)
epoch 31: loss=1.2470 val_auprc=0.2909 val_auc=0.8437 val_f1_macro=0.5020 (best_epoch=31, best_auprc=0.2909)
epoch 32: loss=1.2521 val_auprc=0.2915 val_auc=0.8446 val_f1_macro=0.5029 (best_epoch=32, best_auprc=0.2915)
epoch 33: loss=1.2400 val_auprc=0.2923 val_auc=0.8455 val_f1_macro=0.5013 (best_epoch=33, best_auprc=0.2923)
epoch 34: loss=1.2338 val_auprc=0.2936 val_auc=0.8465 val_f1_macro=0.5000 (best_epoch=34, best_auprc=0.2936)
epoch 35: loss=1.2151 val_auprc=0.2947 val_auc=0.8475 val_f1_macro=0.4986 (best_epoch=35, best_auprc=0.2947)
epoch 36: loss=1.2154 val_auprc=0.2960 val_auc=0.8486 val_f1_macro=0.5005 (best_epoch=36, best_auprc=0.2960)
epoch 37: loss=1.2059 val_auprc=0.2976 val_auc=0.8497 val_f1_macro=0.5027 (best_epoch=37, best_auprc=0.2976)
epoch 38: loss=1.2002 val_auprc=0.2989 val_auc=0.8504 val_f1_macro=0.5042 (best_epoch=38, best_auprc=0.2989)
epoch 39: loss=1.1974 val_auprc=0.3000 val_auc=0.8512 val_f1_macro=0.5051 (best_epoch=39, best_auprc=0.3000)
epoch 40: loss=1.1926 val_auprc=0.3008 val_auc=0.8518 val_f1_macro=0.5057 (best_epoch=40, best_auprc=0.3008)
epoch 41: loss=1.1856 val_auprc=0.3013 val_auc=0.8524 val_f1_macro=0.5058 (best_epoch=41, best_auprc=0.3013)
epoch 42: loss=1.1794 val_auprc=0.3025 val_auc=0.8530 val_f1_macro=0.5055 (best_epoch=42, best_auprc=0.3025)
epoch 43: loss=1.1752 val_auprc=0.3040 val_auc=0.8539 val_f1_macro=0.5055 (best_epoch=43, best_auprc=0.3040)
epoch 44: loss=1.1714 val_auprc=0.3051 val_auc=0.8549 val_f1_macro=0.5058 (best_epoch=44, best_auprc=0.3051)
epoch 45: loss=1.1649 val_auprc=0.3069 val_auc=0.8562 val_f1_macro=0.5069 (best_epoch=45, best_auprc=0.3069)
epoch 46: loss=1.1686 val_auprc=0.3079 val_auc=0.8573 val_f1_macro=0.5105 (best_epoch=46, best_auprc=0.3079)
epoch 47: loss=1.1635 val_auprc=0.3092 val_auc=0.8584 val_f1_macro=0.5148 (best_epoch=47, best_auprc=0.3092)
epoch 48: loss=1.1594 val_auprc=0.3104 val_auc=0.8595 val_f1_macro=0.5167 (best_epoch=48, best_auprc=0.3104)
epoch 49: loss=1.1578 val_auprc=0.3114 val_auc=0.8605 val_f1_macro=0.5163 (best_epoch=49, best_auprc=0.3114)
epoch 50: loss=1.1566 val_auprc=0.3128 val_auc=0.8617 val_f1_macro=0.5160 (best_epoch=50, best_auprc=0.3128)
epoch 51: loss=1.1514 val_auprc=0.3144 val_auc=0.8629 val_f1_macro=0.5161 (best_epoch=51, best_auprc=0.3144)
epoch 52: loss=1.1571 val_auprc=0.3167 val_auc=0.8643 val_f1_macro=0.5189 (best_epoch=52, best_auprc=0.3167)
epoch 53: loss=1.1456 val_auprc=0.3188 val_auc=0.8657 val_f1_macro=0.5189 (best_epoch=53, best_auprc=0.3188)
epoch 54: loss=1.1458 val_auprc=0.3208 val_auc=0.8668 val_f1_macro=0.5195 (best_epoch=54, best_auprc=0.3208)
epoch 55: loss=1.1399 val_auprc=0.3223 val_auc=0.8678 val_f1_macro=0.5187 (best_epoch=55, best_auprc=0.3223)
epoch 56: loss=1.1394 val_auprc=0.3235 val_auc=0.8686 val_f1_macro=0.5156 (best_epoch=56, best_auprc=0.3235)
epoch 57: loss=1.1393 val_auprc=0.3249 val_auc=0.8695 val_f1_macro=0.5149 (best_epoch=57, best_auprc=0.3249)
epoch 58: loss=1.1352 val_auprc=0.3264 val_auc=0.8704 val_f1_macro=0.5172 (best_epoch=58, best_auprc=0.3264)
epoch 59: loss=1.1353 val_auprc=0.3288 val_auc=0.8715 val_f1_macro=0.5211 (best_epoch=59, best_auprc=0.3288)
epoch 60: loss=1.1316 val_auprc=0.3304 val_auc=0.8727 val_f1_macro=0.5175 (best_epoch=60, best_auprc=0.3304)
epoch 61: loss=1.1312 val_auprc=0.3319 val_auc=0.8738 val_f1_macro=0.5152 (best_epoch=61, best_auprc=0.3319)
epoch 62: loss=1.1278 val_auprc=0.3342 val_auc=0.8749 val_f1_macro=0.5178 (best_epoch=62, best_auprc=0.3342)
epoch 63: loss=1.1278 val_auprc=0.3366 val_auc=0.8759 val_f1_macro=0.5218 (best_epoch=63, best_auprc=0.3366)
epoch 64: loss=1.1284 val_auprc=0.3390 val_auc=0.8769 val_f1_macro=0.5251 (best_epoch=64, best_auprc=0.3390)
epoch 65: loss=1.1204 val_auprc=0.3407 val_auc=0.8776 val_f1_macro=0.5212 (best_epoch=65, best_auprc=0.3407)
epoch 66: loss=1.1286 val_auprc=0.3424 val_auc=0.8785 val_f1_macro=0.5187 (best_epoch=66, best_auprc=0.3424)
epoch 67: loss=1.1256 val_auprc=0.3451 val_auc=0.8794 val_f1_macro=0.5232 (best_epoch=67, best_auprc=0.3451)
epoch 68: loss=1.1260 val_auprc=0.3480 val_auc=0.8803 val_f1_macro=0.5299 (best_epoch=68, best_auprc=0.3480)
epoch 69: loss=1.1167 val_auprc=0.3495 val_auc=0.8809 val_f1_macro=0.5273 (best_epoch=69, best_auprc=0.3495)
epoch 70: loss=1.1200 val_auprc=0.3504 val_auc=0.8815 val_f1_macro=0.5223 (best_epoch=70, best_auprc=0.3504)
epoch 71: loss=1.1205 val_auprc=0.3522 val_auc=0.8822 val_f1_macro=0.5223 (best_epoch=71, best_auprc=0.3522)
epoch 72: loss=1.1120 val_auprc=0.3550 val_auc=0.8832 val_f1_macro=0.5259 (best_epoch=72, best_auprc=0.3550)
epoch 73: loss=1.1115 val_auprc=0.3577 val_auc=0.8841 val_f1_macro=0.5286 (best_epoch=73, best_auprc=0.3577)
epoch 74: loss=1.1162 val_auprc=0.3603 val_auc=0.8850 val_f1_macro=0.5313 (best_epoch=74, best_auprc=0.3603)
epoch 75: loss=1.1133 val_auprc=0.3621 val_auc=0.8860 val_f1_macro=0.5286 (best_epoch=75, best_auprc=0.3621)
epoch 76: loss=1.1078 val_auprc=0.3629 val_auc=0.8867 val_f1_macro=0.5256 (best_epoch=76, best_auprc=0.3629)
epoch 77: loss=1.1091 val_auprc=0.3650 val_auc=0.8878 val_f1_macro=0.5293 (best_epoch=77, best_auprc=0.3650)
epoch 78: loss=1.1015 val_auprc=0.3680 val_auc=0.8890 val_f1_macro=0.5379 (best_epoch=78, best_auprc=0.3680)
epoch 79: loss=1.1045 val_auprc=0.3694 val_auc=0.8901 val_f1_macro=0.5340 (best_epoch=79, best_auprc=0.3694)
epoch 80: loss=1.1102 val_auprc=0.3709 val_auc=0.8911 val_f1_macro=0.5321 (best_epoch=80, best_auprc=0.3709)
epoch 81: loss=1.1042 val_auprc=0.3728 val_auc=0.8920 val_f1_macro=0.5370 (best_epoch=81, best_auprc=0.3728)
epoch 82: loss=1.1048 val_auprc=0.3754 val_auc=0.8927 val_f1_macro=0.5475 (best_epoch=82, best_auprc=0.3754)
epoch 83: loss=1.1062 val_auprc=0.3767 val_auc=0.8936 val_f1_macro=0.5446 (best_epoch=83, best_auprc=0.3767)
epoch 84: loss=1.0999 val_auprc=0.3769 val_auc=0.8944 val_f1_macro=0.5324 (best_epoch=84, best_auprc=0.3769)
epoch 85: loss=1.1005 val_auprc=0.3777 val_auc=0.8950 val_f1_macro=0.5362 (best_epoch=85, best_auprc=0.3777)
epoch 86: loss=1.0998 val_auprc=0.3796 val_auc=0.8956 val_f1_macro=0.5525 (best_epoch=86, best_auprc=0.3796)
epoch 87: loss=1.0934 val_auprc=0.3802 val_auc=0.8963 val_f1_macro=0.5488 (best_epoch=87, best_auprc=0.3802)
epoch 88: loss=1.0942 val_auprc=0.3806 val_auc=0.8969 val_f1_macro=0.5402 (best_epoch=88, best_auprc=0.3806)
epoch 89: loss=1.0992 val_auprc=0.3835 val_auc=0.8974 val_f1_macro=0.5504 (best_epoch=89, best_auprc=0.3835)
epoch 90: loss=1.0897 val_auprc=0.3854 val_auc=0.8980 val_f1_macro=0.5510 (best_epoch=90, best_auprc=0.3854)
epoch 91: loss=1.0889 val_auprc=0.3857 val_auc=0.8985 val_f1_macro=0.5386 (best_epoch=91, best_auprc=0.3857)
epoch 92: loss=1.0930 val_auprc=0.3886 val_auc=0.8991 val_f1_macro=0.5513 (best_epoch=92, best_auprc=0.3886)
epoch 93: loss=1.0884 val_auprc=0.3907 val_auc=0.8997 val_f1_macro=0.5588 (best_epoch=93, best_auprc=0.3907)
epoch 94: loss=1.0927 val_auprc=0.3922 val_auc=0.9005 val_f1_macro=0.5484 (best_epoch=94, best_auprc=0.3922)
epoch 95: loss=1.0884 val_auprc=0.3936 val_auc=0.9013 val_f1_macro=0.5420 (best_epoch=95, best_auprc=0.3936)
epoch 96: loss=1.0842 val_auprc=0.3966 val_auc=0.9017 val_f1_macro=0.5512 (best_epoch=96, best_auprc=0.3966)
epoch 97: loss=1.0897 val_auprc=0.3989 val_auc=0.9021 val_f1_macro=0.5641 (best_epoch=97, best_auprc=0.3989)
epoch 98: loss=1.0897 val_auprc=0.3998 val_auc=0.9028 val_f1_macro=0.5532 (best_epoch=98, best_auprc=0.3998)
epoch 99: loss=1.0840 val_auprc=0.4002 val_auc=0.9032 val_f1_macro=0.5436 (best_epoch=99, best_auprc=0.4002)
Selected threshold (best val macro-F1): 0.90 (val F1=0.7098)
TEST metrics: {'auprc': 0.418935292915181, 'auc': 0.9072934321336734, 'f1_macro': 0.7139604987942292, 'recall': 0.3814669599311466, 'threshold_used': 0.9000000000000001, 'best_epoch': 99}