=== Run: splitgnn_amazon_unified_tr10_seed2_a6000_20260918T001539Z ===
Result dir: /workspace/splitgnn_vast/results/splitgnn/amazon/unified/tr10/seed_2
Split overlap checks: PASSED
train=1194 valid=2389 test=4777
Model source commit: 32fbdb836781d5c02523844a7079425f89be8831
Config SHA256: bfb87018edf7c007fb16b21173a665c23f7c6204727e29c49e5062eb6b39ea4b
Split SHA256: 194b49f7cac03b0081747e62cd5d422718e854d4350e200337c19b7663dca8dc
epoch 0: loss=1.6923 val_auprc=0.0693 val_auc=0.5486 val_f1_macro=0.0642 (best_epoch=0, best_auprc=0.0693)
epoch 1: loss=1.6634 val_auprc=0.0680 val_auc=0.5270 val_f1_macro=0.4822 (best_epoch=0, best_auprc=0.0693)
epoch 2: loss=1.5563 val_auprc=0.1462 val_auc=0.6957 val_f1_macro=0.3157 (best_epoch=2, best_auprc=0.1462)
epoch 3: loss=1.4308 val_auprc=0.3333 val_auc=0.7708 val_f1_macro=0.3202 (best_epoch=3, best_auprc=0.3333)
epoch 4: loss=1.3993 val_auprc=0.0811 val_auc=0.6116 val_f1_macro=0.0642 (best_epoch=3, best_auprc=0.3333)
epoch 5: loss=1.4232 val_auprc=0.3651 val_auc=0.7692 val_f1_macro=0.0642 (best_epoch=5, best_auprc=0.3651)
epoch 6: loss=1.3865 val_auprc=0.3252 val_auc=0.7742 val_f1_macro=0.0642 (best_epoch=5, best_auprc=0.3651)
epoch 7: loss=1.3612 val_auprc=0.0960 val_auc=0.3586 val_f1_macro=0.1299 (best_epoch=5, best_auprc=0.3651)
epoch 8: loss=1.3871 val_auprc=0.3295 val_auc=0.7715 val_f1_macro=0.4822 (best_epoch=5, best_auprc=0.3651)
epoch 9: loss=1.3631 val_auprc=0.3525 val_auc=0.7699 val_f1_macro=0.4822 (best_epoch=5, best_auprc=0.3651)
epoch 10: loss=1.3509 val_auprc=0.2279 val_auc=0.6726 val_f1_macro=0.4822 (best_epoch=5, best_auprc=0.3651)
epoch 11: loss=1.3335 val_auprc=0.1560 val_auc=0.5924 val_f1_macro=0.4822 (best_epoch=5, best_auprc=0.3651)
epoch 12: loss=1.3544 val_auprc=0.1445 val_auc=0.5638 val_f1_macro=0.4822 (best_epoch=5, best_auprc=0.3651)
epoch 13: loss=1.3397 val_auprc=0.2225 val_auc=0.6842 val_f1_macro=0.4822 (best_epoch=5, best_auprc=0.3651)
epoch 14: loss=1.3357 val_auprc=0.2578 val_auc=0.7630 val_f1_macro=0.4819 (best_epoch=5, best_auprc=0.3651)
epoch 15: loss=1.3165 val_auprc=0.1822 val_auc=0.7474 val_f1_macro=0.5658 (best_epoch=5, best_auprc=0.3651)
epoch 16: loss=1.3136 val_auprc=0.1787 val_auc=0.7466 val_f1_macro=0.5850 (best_epoch=5, best_auprc=0.3651)
epoch 17: loss=1.2617 val_auprc=0.2153 val_auc=0.7631 val_f1_macro=0.5663 (best_epoch=5, best_auprc=0.3651)
epoch 18: loss=1.2619 val_auprc=0.3124 val_auc=0.7793 val_f1_macro=0.3483 (best_epoch=5, best_auprc=0.3651)
epoch 19: loss=1.2287 val_auprc=0.3631 val_auc=0.7875 val_f1_macro=0.3175 (best_epoch=5, best_auprc=0.3651)
epoch 20: loss=1.2647 val_auprc=0.3845 val_auc=0.7926 val_f1_macro=0.5116 (best_epoch=20, best_auprc=0.3845)
epoch 21: loss=1.1783 val_auprc=0.3892 val_auc=0.7974 val_f1_macro=0.6801 (best_epoch=21, best_auprc=0.3892)
epoch 22: loss=1.1930 val_auprc=0.3907 val_auc=0.8050 val_f1_macro=0.6921 (best_epoch=22, best_auprc=0.3907)
epoch 23: loss=1.1733 val_auprc=0.3907 val_auc=0.8083 val_f1_macro=0.6576 (best_epoch=22, best_auprc=0.3907)
epoch 24: loss=1.1470 val_auprc=0.3933 val_auc=0.8066 val_f1_macro=0.6383 (best_epoch=24, best_auprc=0.3933)
epoch 25: loss=1.1620 val_auprc=0.3970 val_auc=0.8048 val_f1_macro=0.6759 (best_epoch=25, best_auprc=0.3970)
epoch 26: loss=1.1404 val_auprc=0.3993 val_auc=0.8087 val_f1_macro=0.6856 (best_epoch=26, best_auprc=0.3993)
epoch 27: loss=1.1539 val_auprc=0.3992 val_auc=0.8147 val_f1_macro=0.6622 (best_epoch=26, best_auprc=0.3993)
epoch 28: loss=1.1620 val_auprc=0.4012 val_auc=0.8227 val_f1_macro=0.6750 (best_epoch=28, best_auprc=0.4012)
epoch 29: loss=1.1002 val_auprc=0.4007 val_auc=0.8331 val_f1_macro=0.6803 (best_epoch=28, best_auprc=0.4012)
epoch 30: loss=1.0760 val_auprc=0.3995 val_auc=0.8425 val_f1_macro=0.6660 (best_epoch=28, best_auprc=0.4012)
epoch 31: loss=1.0282 val_auprc=0.4061 val_auc=0.8545 val_f1_macro=0.6690 (best_epoch=31, best_auprc=0.4061)
epoch 32: loss=1.0375 val_auprc=0.4150 val_auc=0.8646 val_f1_macro=0.7190 (best_epoch=32, best_auprc=0.4150)
epoch 33: loss=1.0420 val_auprc=0.4145 val_auc=0.8634 val_f1_macro=0.6681 (best_epoch=32, best_auprc=0.4150)
epoch 34: loss=1.1080 val_auprc=0.4059 val_auc=0.8578 val_f1_macro=0.6511 (best_epoch=32, best_auprc=0.4150)
epoch 35: loss=1.2495 val_auprc=0.4150 val_auc=0.8637 val_f1_macro=0.7279 (best_epoch=32, best_auprc=0.4150)
epoch 36: loss=1.1249 val_auprc=0.4201 val_auc=0.8621 val_f1_macro=0.7127 (best_epoch=36, best_auprc=0.4201)
epoch 37: loss=1.1773 val_auprc=0.4239 val_auc=0.8519 val_f1_macro=0.6717 (best_epoch=37, best_auprc=0.4239)
epoch 38: loss=1.0786 val_auprc=0.4211 val_auc=0.8331 val_f1_macro=0.5923 (best_epoch=37, best_auprc=0.4239)
epoch 39: loss=1.0674 val_auprc=0.4020 val_auc=0.8258 val_f1_macro=0.5527 (best_epoch=37, best_auprc=0.4239)
epoch 40: loss=1.2269 val_auprc=0.3700 val_auc=0.8288 val_f1_macro=0.6708 (best_epoch=37, best_auprc=0.4239)
epoch 41: loss=1.0821 val_auprc=0.3514 val_auc=0.8333 val_f1_macro=0.6944 (best_epoch=37, best_auprc=0.4239)
epoch 42: loss=1.1747 val_auprc=0.3550 val_auc=0.8365 val_f1_macro=0.7000 (best_epoch=37, best_auprc=0.4239)
epoch 43: loss=1.1662 val_auprc=0.3864 val_auc=0.8533 val_f1_macro=0.6845 (best_epoch=37, best_auprc=0.4239)
epoch 44: loss=1.0654 val_auprc=0.4078 val_auc=0.8566 val_f1_macro=0.6409 (best_epoch=37, best_auprc=0.4239)
epoch 45: loss=1.1120 val_auprc=0.4150 val_auc=0.8613 val_f1_macro=0.6394 (best_epoch=37, best_auprc=0.4239)
epoch 46: loss=1.0673 val_auprc=0.4174 val_auc=0.8652 val_f1_macro=0.6779 (best_epoch=37, best_auprc=0.4239)
epoch 47: loss=1.1393 val_auprc=0.4151 val_auc=0.8670 val_f1_macro=0.7197 (best_epoch=37, best_auprc=0.4239)
epoch 48: loss=1.0185 val_auprc=0.4188 val_auc=0.8683 val_f1_macro=0.7281 (best_epoch=37, best_auprc=0.4239)
epoch 49: loss=1.0731 val_auprc=0.4213 val_auc=0.8691 val_f1_macro=0.7287 (best_epoch=37, best_auprc=0.4239)
epoch 50: loss=1.0731 val_auprc=0.4285 val_auc=0.8700 val_f1_macro=0.7201 (best_epoch=50, best_auprc=0.4285)
epoch 51: loss=1.0682 val_auprc=0.4328 val_auc=0.8688 val_f1_macro=0.7064 (best_epoch=51, best_auprc=0.4328)
epoch 52: loss=1.0818 val_auprc=0.4350 val_auc=0.8709 val_f1_macro=0.7039 (best_epoch=52, best_auprc=0.4350)
epoch 53: loss=1.0625 val_auprc=0.4407 val_auc=0.8709 val_f1_macro=0.7230 (best_epoch=53, best_auprc=0.4407)
epoch 54: loss=1.0154 val_auprc=0.4420 val_auc=0.8715 val_f1_macro=0.7215 (best_epoch=54, best_auprc=0.4420)
epoch 55: loss=1.0219 val_auprc=0.4346 val_auc=0.8693 val_f1_macro=0.6706 (best_epoch=54, best_auprc=0.4420)
epoch 56: loss=0.9862 val_auprc=0.4399 val_auc=0.8703 val_f1_macro=0.6649 (best_epoch=54, best_auprc=0.4420)
epoch 57: loss=1.1030 val_auprc=0.4500 val_auc=0.8711 val_f1_macro=0.6896 (best_epoch=57, best_auprc=0.4500)
epoch 58: loss=0.9625 val_auprc=0.4478 val_auc=0.8705 val_f1_macro=0.7058 (best_epoch=57, best_auprc=0.4500)
epoch 59: loss=0.9834 val_auprc=0.4441 val_auc=0.8699 val_f1_macro=0.7055 (best_epoch=57, best_auprc=0.4500)
epoch 60: loss=0.9642 val_auprc=0.4421 val_auc=0.8684 val_f1_macro=0.6935 (best_epoch=57, best_auprc=0.4500)
epoch 61: loss=0.9710 val_auprc=0.4435 val_auc=0.8669 val_f1_macro=0.6606 (best_epoch=57, best_auprc=0.4500)
epoch 62: loss=0.9346 val_auprc=0.4432 val_auc=0.8679 val_f1_macro=0.6414 (best_epoch=57, best_auprc=0.4500)
epoch 63: loss=0.9598 val_auprc=0.4303 val_auc=0.8664 val_f1_macro=0.6497 (best_epoch=57, best_auprc=0.4500)
epoch 64: loss=0.9822 val_auprc=0.4028 val_auc=0.8664 val_f1_macro=0.6805 (best_epoch=57, best_auprc=0.4500)
epoch 65: loss=0.9247 val_auprc=0.3842 val_auc=0.8675 val_f1_macro=0.6925 (best_epoch=57, best_auprc=0.4500)
epoch 66: loss=0.9188 val_auprc=0.3854 val_auc=0.8693 val_f1_macro=0.6738 (best_epoch=57, best_auprc=0.4500)
epoch 67: loss=0.9672 val_auprc=0.3930 val_auc=0.8671 val_f1_macro=0.7002 (best_epoch=57, best_auprc=0.4500)
epoch 68: loss=0.8951 val_auprc=0.4105 val_auc=0.8624 val_f1_macro=0.6931 (best_epoch=57, best_auprc=0.4500)
epoch 69: loss=0.9024 val_auprc=0.4175 val_auc=0.8656 val_f1_macro=0.6668 (best_epoch=57, best_auprc=0.4500)
epoch 70: loss=0.8601 val_auprc=0.4228 val_auc=0.8617 val_f1_macro=0.6669 (best_epoch=57, best_auprc=0.4500)
epoch 71: loss=0.9800 val_auprc=0.4196 val_auc=0.8607 val_f1_macro=0.6827 (best_epoch=57, best_auprc=0.4500)
epoch 72: loss=0.9888 val_auprc=0.4096 val_auc=0.8635 val_f1_macro=0.7049 (best_epoch=57, best_auprc=0.4500)
epoch 73: loss=0.8903 val_auprc=0.4051 val_auc=0.8664 val_f1_macro=0.7104 (best_epoch=57, best_auprc=0.4500)
epoch 74: loss=0.9096 val_auprc=0.4102 val_auc=0.8688 val_f1_macro=0.7165 (best_epoch=57, best_auprc=0.4500)
epoch 75: loss=0.9572 val_auprc=0.4124 val_auc=0.8698 val_f1_macro=0.7083 (best_epoch=57, best_auprc=0.4500)
epoch 76: loss=0.8934 val_auprc=0.4352 val_auc=0.8714 val_f1_macro=0.6953 (best_epoch=57, best_auprc=0.4500)
epoch 77: loss=0.8902 val_auprc=0.4480 val_auc=0.8721 val_f1_macro=0.6805 (best_epoch=57, best_auprc=0.4500)
Early stopping at epoch 77 (no improvement for 20 epochs)
Selected threshold (best val macro-F1): 0.85 (val F1=0.7354)
TEST metrics: {'auprc': 0.5248168720468096, 'auc': 0.9005730254537879, 'f1_macro': 0.7534819925036667, 'recall': 0.4695121951219512, 'threshold_used': 0.8500000000000001, 'best_epoch': 57}