=== Run: splitgnn_amazon_unified_tr30_seed72_a6000_20260917T234103Z ===
Result dir: /workspace/splitgnn_vast/results/splitgnn/amazon/unified/tr30/seed_72
Split overlap checks: PASSED
train=3584 valid=2389 test=4777
Model source commit: 32fbdb836781d5c02523844a7079425f89be8831
Config SHA256: 4a54719575cbda02b53a17d1c22a6f9f8b911f38168a270456b7c20080eaff29
Split SHA256: 194b49f7cac03b0081747e62cd5d422718e854d4350e200337c19b7663dca8dc
epoch 0: loss=1.7115 val_auprc=0.0838 val_auc=0.5163 val_f1_macro=0.0642 (best_epoch=0, best_auprc=0.0838)
epoch 1: loss=1.9513 val_auprc=0.0550 val_auc=0.3302 val_f1_macro=0.4822 (best_epoch=0, best_auprc=0.0838)
epoch 2: loss=1.6414 val_auprc=0.1400 val_auc=0.5986 val_f1_macro=0.4822 (best_epoch=2, best_auprc=0.1400)
epoch 3: loss=1.5497 val_auprc=0.1612 val_auc=0.6936 val_f1_macro=0.5072 (best_epoch=3, best_auprc=0.1612)
epoch 4: loss=1.4549 val_auprc=0.1495 val_auc=0.7043 val_f1_macro=0.3317 (best_epoch=3, best_auprc=0.1612)
epoch 5: loss=1.5692 val_auprc=0.1068 val_auc=0.6357 val_f1_macro=0.4822 (best_epoch=3, best_auprc=0.1612)
epoch 6: loss=1.4682 val_auprc=0.0865 val_auc=0.6091 val_f1_macro=0.4822 (best_epoch=3, best_auprc=0.1612)
epoch 7: loss=1.4452 val_auprc=0.1765 val_auc=0.7320 val_f1_macro=0.4822 (best_epoch=7, best_auprc=0.1765)
epoch 8: loss=1.4131 val_auprc=0.2284 val_auc=0.7772 val_f1_macro=0.4822 (best_epoch=8, best_auprc=0.2284)
epoch 9: loss=1.4304 val_auprc=0.1378 val_auc=0.6464 val_f1_macro=0.4822 (best_epoch=8, best_auprc=0.2284)
epoch 10: loss=1.3971 val_auprc=0.0415 val_auc=0.2203 val_f1_macro=0.4822 (best_epoch=8, best_auprc=0.2284)
epoch 11: loss=1.3585 val_auprc=0.0401 val_auc=0.1985 val_f1_macro=0.4747 (best_epoch=8, best_auprc=0.2284)
epoch 12: loss=1.3527 val_auprc=0.0466 val_auc=0.3157 val_f1_macro=0.1662 (best_epoch=8, best_auprc=0.2284)
epoch 13: loss=1.3524 val_auprc=0.0581 val_auc=0.4549 val_f1_macro=0.3222 (best_epoch=8, best_auprc=0.2284)
epoch 14: loss=1.3350 val_auprc=0.1237 val_auc=0.6891 val_f1_macro=0.5286 (best_epoch=8, best_auprc=0.2284)
epoch 15: loss=1.2953 val_auprc=0.1887 val_auc=0.7392 val_f1_macro=0.6125 (best_epoch=8, best_auprc=0.2284)
epoch 16: loss=1.2460 val_auprc=0.1645 val_auc=0.7296 val_f1_macro=0.1525 (best_epoch=8, best_auprc=0.2284)
epoch 17: loss=1.2539 val_auprc=0.2392 val_auc=0.7741 val_f1_macro=0.6501 (best_epoch=17, best_auprc=0.2392)
epoch 18: loss=1.1757 val_auprc=0.2662 val_auc=0.8056 val_f1_macro=0.6350 (best_epoch=18, best_auprc=0.2662)
epoch 19: loss=1.2876 val_auprc=0.2806 val_auc=0.8293 val_f1_macro=0.6504 (best_epoch=19, best_auprc=0.2806)
epoch 20: loss=1.3757 val_auprc=0.0580 val_auc=0.4296 val_f1_macro=0.1280 (best_epoch=19, best_auprc=0.2806)
epoch 21: loss=1.5254 val_auprc=0.0607 val_auc=0.4280 val_f1_macro=0.0699 (best_epoch=19, best_auprc=0.2806)
epoch 22: loss=1.4356 val_auprc=0.0873 val_auc=0.5733 val_f1_macro=0.0671 (best_epoch=19, best_auprc=0.2806)
epoch 23: loss=1.3524 val_auprc=0.1910 val_auc=0.7462 val_f1_macro=0.0676 (best_epoch=19, best_auprc=0.2806)
epoch 24: loss=1.3382 val_auprc=0.2464 val_auc=0.7625 val_f1_macro=0.0652 (best_epoch=19, best_auprc=0.2806)
epoch 25: loss=1.3366 val_auprc=0.2770 val_auc=0.7706 val_f1_macro=0.0929 (best_epoch=19, best_auprc=0.2806)
epoch 26: loss=1.3298 val_auprc=0.3036 val_auc=0.7788 val_f1_macro=0.6026 (best_epoch=26, best_auprc=0.3036)
epoch 27: loss=1.3130 val_auprc=0.3389 val_auc=0.7925 val_f1_macro=0.4822 (best_epoch=27, best_auprc=0.3389)
epoch 28: loss=1.2945 val_auprc=0.3628 val_auc=0.7873 val_f1_macro=0.4822 (best_epoch=28, best_auprc=0.3628)
epoch 29: loss=1.2922 val_auprc=0.3693 val_auc=0.7796 val_f1_macro=0.4822 (best_epoch=29, best_auprc=0.3693)
epoch 30: loss=1.2869 val_auprc=0.3727 val_auc=0.7903 val_f1_macro=0.4822 (best_epoch=30, best_auprc=0.3727)
epoch 31: loss=1.2713 val_auprc=0.3736 val_auc=0.7905 val_f1_macro=0.6849 (best_epoch=31, best_auprc=0.3736)
epoch 32: loss=1.1720 val_auprc=0.3704 val_auc=0.7844 val_f1_macro=0.4814 (best_epoch=31, best_auprc=0.3736)
epoch 33: loss=1.3842 val_auprc=0.3872 val_auc=0.7959 val_f1_macro=0.6999 (best_epoch=33, best_auprc=0.3872)
epoch 34: loss=1.1806 val_auprc=0.3842 val_auc=0.7970 val_f1_macro=0.7226 (best_epoch=33, best_auprc=0.3872)
epoch 35: loss=1.2377 val_auprc=0.3875 val_auc=0.7987 val_f1_macro=0.7047 (best_epoch=35, best_auprc=0.3875)
epoch 36: loss=1.2466 val_auprc=0.3863 val_auc=0.8020 val_f1_macro=0.7369 (best_epoch=35, best_auprc=0.3875)
epoch 37: loss=1.2491 val_auprc=0.3931 val_auc=0.8115 val_f1_macro=0.7067 (best_epoch=37, best_auprc=0.3931)
epoch 38: loss=1.2014 val_auprc=0.4043 val_auc=0.8140 val_f1_macro=0.6696 (best_epoch=38, best_auprc=0.4043)
epoch 39: loss=1.1280 val_auprc=0.3857 val_auc=0.8171 val_f1_macro=0.6112 (best_epoch=38, best_auprc=0.4043)
epoch 40: loss=1.0806 val_auprc=0.3834 val_auc=0.8287 val_f1_macro=0.6201 (best_epoch=38, best_auprc=0.4043)
epoch 41: loss=1.1221 val_auprc=0.3996 val_auc=0.8414 val_f1_macro=0.6390 (best_epoch=38, best_auprc=0.4043)
epoch 42: loss=1.0713 val_auprc=0.4186 val_auc=0.8483 val_f1_macro=0.6250 (best_epoch=42, best_auprc=0.4186)
epoch 43: loss=1.0693 val_auprc=0.4235 val_auc=0.8464 val_f1_macro=0.6370 (best_epoch=43, best_auprc=0.4235)
epoch 44: loss=1.0677 val_auprc=0.4149 val_auc=0.8484 val_f1_macro=0.6615 (best_epoch=43, best_auprc=0.4235)
epoch 45: loss=1.0789 val_auprc=0.4136 val_auc=0.8474 val_f1_macro=0.6247 (best_epoch=43, best_auprc=0.4235)
epoch 46: loss=1.0084 val_auprc=0.4081 val_auc=0.8497 val_f1_macro=0.6075 (best_epoch=43, best_auprc=0.4235)
epoch 47: loss=1.0198 val_auprc=0.4068 val_auc=0.8515 val_f1_macro=0.6411 (best_epoch=43, best_auprc=0.4235)
epoch 48: loss=1.0043 val_auprc=0.4106 val_auc=0.8526 val_f1_macro=0.6663 (best_epoch=43, best_auprc=0.4235)
epoch 49: loss=1.1052 val_auprc=0.4169 val_auc=0.8545 val_f1_macro=0.6539 (best_epoch=43, best_auprc=0.4235)
epoch 50: loss=1.0393 val_auprc=0.4192 val_auc=0.8565 val_f1_macro=0.6395 (best_epoch=43, best_auprc=0.4235)
epoch 51: loss=1.0041 val_auprc=0.4181 val_auc=0.8566 val_f1_macro=0.6715 (best_epoch=43, best_auprc=0.4235)
epoch 52: loss=1.0102 val_auprc=0.4197 val_auc=0.8563 val_f1_macro=0.6713 (best_epoch=43, best_auprc=0.4235)
epoch 53: loss=1.0017 val_auprc=0.4205 val_auc=0.8575 val_f1_macro=0.6490 (best_epoch=43, best_auprc=0.4235)
epoch 54: loss=0.9925 val_auprc=0.4229 val_auc=0.8634 val_f1_macro=0.6346 (best_epoch=43, best_auprc=0.4235)
epoch 55: loss=0.9945 val_auprc=0.4205 val_auc=0.8630 val_f1_macro=0.6268 (best_epoch=43, best_auprc=0.4235)
epoch 56: loss=0.9718 val_auprc=0.4211 val_auc=0.8629 val_f1_macro=0.6394 (best_epoch=43, best_auprc=0.4235)
epoch 57: loss=1.0018 val_auprc=0.4244 val_auc=0.8627 val_f1_macro=0.6320 (best_epoch=57, best_auprc=0.4244)
epoch 58: loss=0.9823 val_auprc=0.4272 val_auc=0.8640 val_f1_macro=0.6107 (best_epoch=58, best_auprc=0.4272)
epoch 59: loss=0.9439 val_auprc=0.4316 val_auc=0.8649 val_f1_macro=0.6099 (best_epoch=59, best_auprc=0.4316)
epoch 60: loss=0.9559 val_auprc=0.4325 val_auc=0.8650 val_f1_macro=0.6253 (best_epoch=60, best_auprc=0.4325)
epoch 61: loss=0.9455 val_auprc=0.4322 val_auc=0.8661 val_f1_macro=0.6449 (best_epoch=60, best_auprc=0.4325)
epoch 62: loss=0.9774 val_auprc=0.4398 val_auc=0.8683 val_f1_macro=0.6289 (best_epoch=62, best_auprc=0.4398)
epoch 63: loss=0.9421 val_auprc=0.4322 val_auc=0.8688 val_f1_macro=0.6371 (best_epoch=62, best_auprc=0.4398)
epoch 64: loss=0.9513 val_auprc=0.4293 val_auc=0.8686 val_f1_macro=0.6398 (best_epoch=62, best_auprc=0.4398)
epoch 65: loss=0.9572 val_auprc=0.4280 val_auc=0.8685 val_f1_macro=0.6421 (best_epoch=62, best_auprc=0.4398)
epoch 66: loss=0.9713 val_auprc=0.4329 val_auc=0.8694 val_f1_macro=0.6303 (best_epoch=62, best_auprc=0.4398)
epoch 67: loss=0.9676 val_auprc=0.4375 val_auc=0.8721 val_f1_macro=0.6213 (best_epoch=62, best_auprc=0.4398)
epoch 68: loss=0.9417 val_auprc=0.4317 val_auc=0.8717 val_f1_macro=0.6260 (best_epoch=62, best_auprc=0.4398)
epoch 69: loss=1.0907 val_auprc=0.4229 val_auc=0.8699 val_f1_macro=0.6546 (best_epoch=62, best_auprc=0.4398)
epoch 70: loss=1.0391 val_auprc=0.4196 val_auc=0.8702 val_f1_macro=0.6477 (best_epoch=62, best_auprc=0.4398)
epoch 71: loss=1.0142 val_auprc=0.4217 val_auc=0.8708 val_f1_macro=0.5198 (best_epoch=62, best_auprc=0.4398)
epoch 72: loss=1.0660 val_auprc=0.4213 val_auc=0.8736 val_f1_macro=0.4415 (best_epoch=62, best_auprc=0.4398)
epoch 73: loss=1.0896 val_auprc=0.4175 val_auc=0.8740 val_f1_macro=0.4523 (best_epoch=62, best_auprc=0.4398)
epoch 74: loss=1.1236 val_auprc=0.4156 val_auc=0.8706 val_f1_macro=0.5078 (best_epoch=62, best_auprc=0.4398)
epoch 75: loss=1.0621 val_auprc=0.4152 val_auc=0.8666 val_f1_macro=0.5926 (best_epoch=62, best_auprc=0.4398)
epoch 76: loss=1.0126 val_auprc=0.4106 val_auc=0.8636 val_f1_macro=0.6354 (best_epoch=62, best_auprc=0.4398)
epoch 77: loss=0.9920 val_auprc=0.4112 val_auc=0.8581 val_f1_macro=0.6388 (best_epoch=62, best_auprc=0.4398)
epoch 78: loss=1.0285 val_auprc=0.4181 val_auc=0.8609 val_f1_macro=0.6162 (best_epoch=62, best_auprc=0.4398)
epoch 79: loss=1.0519 val_auprc=0.4226 val_auc=0.8610 val_f1_macro=0.5812 (best_epoch=62, best_auprc=0.4398)
epoch 80: loss=1.0294 val_auprc=0.4264 val_auc=0.8638 val_f1_macro=0.5663 (best_epoch=62, best_auprc=0.4398)
epoch 81: loss=1.0318 val_auprc=0.4309 val_auc=0.8692 val_f1_macro=0.5800 (best_epoch=62, best_auprc=0.4398)
epoch 82: loss=1.0637 val_auprc=0.4254 val_auc=0.8735 val_f1_macro=0.6125 (best_epoch=62, best_auprc=0.4398)
Early stopping at epoch 82 (no improvement for 20 epochs)
Selected threshold (best val macro-F1): 0.75 (val F1=0.7423)
TEST metrics: {'auprc': 0.5297534909979734, 'auc': 0.8991654742912905, 'f1_macro': 0.7589789777923571, 'recall': 0.5823170731707317, 'threshold_used': 0.7500000000000001, 'best_epoch': 62}