=== Run: splitgnn_elliptic_unified_tr40_seed2_a6000_20260918T034518Z ===
Result dir: /workspace/splitgnn_vast/results/splitgnn/elliptic/unified/tr40/seed_2
No existing split file at /workspace/splitgnn_vast/splits/elliptic_seed2_nested_splits.npz, generating now.
NOTE: 157205 unlabeled (-1) nodes excluded from split generation, kept in graph for message passing only.
Split overlap checks: PASSED
train=18625 valid=9313 test=18626
Model source commit: 32fbdb836781d5c02523844a7079425f89be8831
Config SHA256: 19d4a4ce7f21399f32d743a1be1ffaa42e935668e93c4d45105ce36e9a66cd5f
Split SHA256: 77008be57543be620a444bf233a229fe6f09d3d5b4fcf427a8481f7972e5ebf5
epoch 0: loss=1.7178 val_auprc=0.1144 val_auc=0.5443 val_f1_macro=0.0907 (best_epoch=0, best_auprc=0.1144)
epoch 1: loss=1.6857 val_auprc=0.1254 val_auc=0.5646 val_f1_macro=0.0937 (best_epoch=1, best_auprc=0.1254)
epoch 2: loss=1.6737 val_auprc=0.1342 val_auc=0.5775 val_f1_macro=0.0986 (best_epoch=2, best_auprc=0.1342)
epoch 3: loss=1.6607 val_auprc=0.1383 val_auc=0.5781 val_f1_macro=0.1129 (best_epoch=3, best_auprc=0.1383)
epoch 4: loss=1.6476 val_auprc=0.1414 val_auc=0.5818 val_f1_macro=0.1533 (best_epoch=4, best_auprc=0.1414)
epoch 5: loss=1.6331 val_auprc=0.1353 val_auc=0.5671 val_f1_macro=0.5016 (best_epoch=4, best_auprc=0.1414)
epoch 6: loss=1.6302 val_auprc=0.1320 val_auc=0.5619 val_f1_macro=0.5154 (best_epoch=4, best_auprc=0.1414)
epoch 7: loss=1.6087 val_auprc=0.1316 val_auc=0.5629 val_f1_macro=0.5122 (best_epoch=4, best_auprc=0.1414)
epoch 8: loss=1.5948 val_auprc=0.1350 val_auc=0.5712 val_f1_macro=0.5094 (best_epoch=4, best_auprc=0.1414)
epoch 9: loss=1.5903 val_auprc=0.1410 val_auc=0.5804 val_f1_macro=0.5142 (best_epoch=4, best_auprc=0.1414)
epoch 10: loss=1.5730 val_auprc=0.1420 val_auc=0.5876 val_f1_macro=0.5180 (best_epoch=10, best_auprc=0.1420)
epoch 11: loss=1.5850 val_auprc=0.1423 val_auc=0.5922 val_f1_macro=0.5256 (best_epoch=11, best_auprc=0.1423)
epoch 12: loss=1.5254 val_auprc=0.1439 val_auc=0.5971 val_f1_macro=0.5396 (best_epoch=12, best_auprc=0.1439)
epoch 13: loss=1.5273 val_auprc=0.1455 val_auc=0.6026 val_f1_macro=0.5317 (best_epoch=13, best_auprc=0.1455)
epoch 14: loss=1.4789 val_auprc=0.1480 val_auc=0.6080 val_f1_macro=0.4409 (best_epoch=14, best_auprc=0.1480)
epoch 15: loss=1.4525 val_auprc=0.1509 val_auc=0.6120 val_f1_macro=0.3327 (best_epoch=15, best_auprc=0.1509)
epoch 16: loss=1.4390 val_auprc=0.1529 val_auc=0.6151 val_f1_macro=0.2587 (best_epoch=16, best_auprc=0.1529)
epoch 17: loss=1.4312 val_auprc=0.1553 val_auc=0.6197 val_f1_macro=0.2352 (best_epoch=17, best_auprc=0.1553)
epoch 18: loss=1.3804 val_auprc=0.1563 val_auc=0.6231 val_f1_macro=0.2286 (best_epoch=18, best_auprc=0.1563)
epoch 19: loss=1.3862 val_auprc=0.1582 val_auc=0.6282 val_f1_macro=0.2374 (best_epoch=19, best_auprc=0.1582)
epoch 20: loss=1.3821 val_auprc=0.1633 val_auc=0.6355 val_f1_macro=0.2593 (best_epoch=20, best_auprc=0.1633)
epoch 21: loss=1.3409 val_auprc=0.1692 val_auc=0.6445 val_f1_macro=0.2997 (best_epoch=21, best_auprc=0.1692)
epoch 22: loss=1.2944 val_auprc=0.1750 val_auc=0.6522 val_f1_macro=0.3658 (best_epoch=22, best_auprc=0.1750)
epoch 23: loss=1.2721 val_auprc=0.1821 val_auc=0.6599 val_f1_macro=0.4602 (best_epoch=23, best_auprc=0.1821)
epoch 24: loss=1.2631 val_auprc=0.1886 val_auc=0.6673 val_f1_macro=0.5302 (best_epoch=24, best_auprc=0.1886)
epoch 25: loss=1.2767 val_auprc=0.1957 val_auc=0.6753 val_f1_macro=0.5606 (best_epoch=25, best_auprc=0.1957)
epoch 26: loss=1.2657 val_auprc=0.2024 val_auc=0.6810 val_f1_macro=0.5741 (best_epoch=26, best_auprc=0.2024)
epoch 27: loss=1.2492 val_auprc=0.2044 val_auc=0.6814 val_f1_macro=0.5749 (best_epoch=27, best_auprc=0.2044)
epoch 28: loss=1.2446 val_auprc=0.2057 val_auc=0.6808 val_f1_macro=0.5601 (best_epoch=28, best_auprc=0.2057)
epoch 29: loss=1.2519 val_auprc=0.2073 val_auc=0.6800 val_f1_macro=0.5385 (best_epoch=29, best_auprc=0.2073)
epoch 30: loss=1.2126 val_auprc=0.2055 val_auc=0.6771 val_f1_macro=0.5246 (best_epoch=29, best_auprc=0.2073)
epoch 31: loss=1.2008 val_auprc=0.2076 val_auc=0.6794 val_f1_macro=0.5270 (best_epoch=31, best_auprc=0.2076)
epoch 32: loss=1.2095 val_auprc=0.2121 val_auc=0.6848 val_f1_macro=0.5414 (best_epoch=32, best_auprc=0.2121)
epoch 33: loss=1.2194 val_auprc=0.2161 val_auc=0.6908 val_f1_macro=0.5455 (best_epoch=33, best_auprc=0.2161)
epoch 34: loss=1.1977 val_auprc=0.2203 val_auc=0.6986 val_f1_macro=0.5459 (best_epoch=34, best_auprc=0.2203)
epoch 35: loss=1.2300 val_auprc=0.2256 val_auc=0.7079 val_f1_macro=0.5467 (best_epoch=35, best_auprc=0.2256)
epoch 36: loss=1.1695 val_auprc=0.2309 val_auc=0.7177 val_f1_macro=0.5483 (best_epoch=36, best_auprc=0.2309)
epoch 37: loss=1.1550 val_auprc=0.2372 val_auc=0.7275 val_f1_macro=0.5482 (best_epoch=37, best_auprc=0.2372)
epoch 38: loss=1.1409 val_auprc=0.2431 val_auc=0.7368 val_f1_macro=0.5394 (best_epoch=38, best_auprc=0.2431)
epoch 39: loss=1.1695 val_auprc=0.2516 val_auc=0.7468 val_f1_macro=0.5496 (best_epoch=39, best_auprc=0.2516)
epoch 40: loss=1.1675 val_auprc=0.2597 val_auc=0.7552 val_f1_macro=0.5603 (best_epoch=40, best_auprc=0.2597)
epoch 41: loss=1.1577 val_auprc=0.2668 val_auc=0.7623 val_f1_macro=0.5548 (best_epoch=41, best_auprc=0.2668)
epoch 42: loss=1.1116 val_auprc=0.2765 val_auc=0.7712 val_f1_macro=0.5646 (best_epoch=42, best_auprc=0.2765)
epoch 43: loss=1.1068 val_auprc=0.2838 val_auc=0.7792 val_f1_macro=0.5733 (best_epoch=43, best_auprc=0.2838)
epoch 44: loss=1.1078 val_auprc=0.2911 val_auc=0.7852 val_f1_macro=0.5928 (best_epoch=44, best_auprc=0.2911)
epoch 45: loss=1.1019 val_auprc=0.2997 val_auc=0.7912 val_f1_macro=0.5981 (best_epoch=45, best_auprc=0.2997)
epoch 46: loss=1.1065 val_auprc=0.3128 val_auc=0.7981 val_f1_macro=0.5674 (best_epoch=46, best_auprc=0.3128)
epoch 47: loss=1.0945 val_auprc=0.3269 val_auc=0.8052 val_f1_macro=0.5514 (best_epoch=47, best_auprc=0.3269)
epoch 48: loss=1.0644 val_auprc=0.3460 val_auc=0.8108 val_f1_macro=0.5786 (best_epoch=48, best_auprc=0.3460)
epoch 49: loss=1.0707 val_auprc=0.3564 val_auc=0.8152 val_f1_macro=0.5827 (best_epoch=49, best_auprc=0.3564)
epoch 50: loss=1.1018 val_auprc=0.3650 val_auc=0.8195 val_f1_macro=0.5658 (best_epoch=50, best_auprc=0.3650)
epoch 51: loss=1.0465 val_auprc=0.3660 val_auc=0.8203 val_f1_macro=0.5872 (best_epoch=51, best_auprc=0.3660)
epoch 52: loss=1.0539 val_auprc=0.3733 val_auc=0.8252 val_f1_macro=0.5847 (best_epoch=52, best_auprc=0.3733)
epoch 53: loss=1.0341 val_auprc=0.3819 val_auc=0.8308 val_f1_macro=0.5894 (best_epoch=53, best_auprc=0.3819)
epoch 54: loss=0.9832 val_auprc=0.3976 val_auc=0.8375 val_f1_macro=0.6010 (best_epoch=54, best_auprc=0.3976)
epoch 55: loss=1.0029 val_auprc=0.4084 val_auc=0.8422 val_f1_macro=0.6112 (best_epoch=55, best_auprc=0.4084)
epoch 56: loss=0.9997 val_auprc=0.4203 val_auc=0.8480 val_f1_macro=0.6056 (best_epoch=56, best_auprc=0.4203)
epoch 57: loss=0.9908 val_auprc=0.4209 val_auc=0.8481 val_f1_macro=0.6322 (best_epoch=57, best_auprc=0.4209)
epoch 58: loss=0.9970 val_auprc=0.4396 val_auc=0.8539 val_f1_macro=0.6107 (best_epoch=58, best_auprc=0.4396)
epoch 59: loss=1.0308 val_auprc=0.4560 val_auc=0.8589 val_f1_macro=0.6031 (best_epoch=59, best_auprc=0.4560)
epoch 60: loss=1.0229 val_auprc=0.4523 val_auc=0.8603 val_f1_macro=0.6137 (best_epoch=59, best_auprc=0.4560)
epoch 61: loss=0.9666 val_auprc=0.4461 val_auc=0.8588 val_f1_macro=0.6406 (best_epoch=59, best_auprc=0.4560)
epoch 62: loss=0.9987 val_auprc=0.4521 val_auc=0.8619 val_f1_macro=0.6232 (best_epoch=59, best_auprc=0.4560)
epoch 63: loss=0.9278 val_auprc=0.4510 val_auc=0.8620 val_f1_macro=0.6254 (best_epoch=59, best_auprc=0.4560)
epoch 64: loss=0.9640 val_auprc=0.4502 val_auc=0.8616 val_f1_macro=0.6444 (best_epoch=59, best_auprc=0.4560)
epoch 65: loss=0.9535 val_auprc=0.4538 val_auc=0.8625 val_f1_macro=0.6445 (best_epoch=59, best_auprc=0.4560)
epoch 66: loss=0.9776 val_auprc=0.4609 val_auc=0.8670 val_f1_macro=0.6237 (best_epoch=66, best_auprc=0.4609)
epoch 67: loss=0.9389 val_auprc=0.4671 val_auc=0.8696 val_f1_macro=0.6182 (best_epoch=67, best_auprc=0.4671)
epoch 68: loss=0.9200 val_auprc=0.4756 val_auc=0.8728 val_f1_macro=0.6400 (best_epoch=68, best_auprc=0.4756)
epoch 69: loss=0.9250 val_auprc=0.4864 val_auc=0.8764 val_f1_macro=0.6514 (best_epoch=69, best_auprc=0.4864)
epoch 70: loss=1.0372 val_auprc=0.4961 val_auc=0.8789 val_f1_macro=0.6529 (best_epoch=70, best_auprc=0.4961)
epoch 71: loss=0.9811 val_auprc=0.5137 val_auc=0.8811 val_f1_macro=0.6647 (best_epoch=71, best_auprc=0.5137)
epoch 72: loss=0.9375 val_auprc=0.5230 val_auc=0.8822 val_f1_macro=0.6505 (best_epoch=72, best_auprc=0.5230)
epoch 73: loss=0.9424 val_auprc=0.5292 val_auc=0.8823 val_f1_macro=0.6243 (best_epoch=73, best_auprc=0.5292)
epoch 74: loss=0.9573 val_auprc=0.5330 val_auc=0.8836 val_f1_macro=0.6373 (best_epoch=74, best_auprc=0.5330)
epoch 75: loss=0.9131 val_auprc=0.5361 val_auc=0.8845 val_f1_macro=0.6608 (best_epoch=75, best_auprc=0.5361)
epoch 76: loss=0.9278 val_auprc=0.5400 val_auc=0.8853 val_f1_macro=0.6648 (best_epoch=76, best_auprc=0.5400)
epoch 77: loss=0.9760 val_auprc=0.5390 val_auc=0.8844 val_f1_macro=0.6572 (best_epoch=76, best_auprc=0.5400)
epoch 78: loss=0.9242 val_auprc=0.5419 val_auc=0.8842 val_f1_macro=0.6512 (best_epoch=78, best_auprc=0.5419)
epoch 79: loss=0.9237 val_auprc=0.5436 val_auc=0.8850 val_f1_macro=0.6645 (best_epoch=79, best_auprc=0.5436)
epoch 80: loss=0.9262 val_auprc=0.5509 val_auc=0.8869 val_f1_macro=0.6693 (best_epoch=80, best_auprc=0.5509)
epoch 81: loss=0.9303 val_auprc=0.5630 val_auc=0.8901 val_f1_macro=0.6657 (best_epoch=81, best_auprc=0.5630)
epoch 82: loss=0.9525 val_auprc=0.5725 val_auc=0.8927 val_f1_macro=0.6556 (best_epoch=82, best_auprc=0.5725)
epoch 83: loss=0.9447 val_auprc=0.5737 val_auc=0.8937 val_f1_macro=0.6529 (best_epoch=83, best_auprc=0.5737)
epoch 84: loss=0.9254 val_auprc=0.5710 val_auc=0.8943 val_f1_macro=0.6566 (best_epoch=83, best_auprc=0.5737)
epoch 85: loss=0.9047 val_auprc=0.5671 val_auc=0.8939 val_f1_macro=0.6587 (best_epoch=83, best_auprc=0.5737)
epoch 86: loss=0.9058 val_auprc=0.5676 val_auc=0.8940 val_f1_macro=0.6530 (best_epoch=83, best_auprc=0.5737)
epoch 87: loss=0.8846 val_auprc=0.5637 val_auc=0.8925 val_f1_macro=0.6543 (best_epoch=83, best_auprc=0.5737)
epoch 88: loss=0.9286 val_auprc=0.5673 val_auc=0.8926 val_f1_macro=0.6509 (best_epoch=83, best_auprc=0.5737)
epoch 89: loss=0.8864 val_auprc=0.5751 val_auc=0.8934 val_f1_macro=0.6497 (best_epoch=89, best_auprc=0.5751)
epoch 90: loss=0.8929 val_auprc=0.5760 val_auc=0.8934 val_f1_macro=0.6656 (best_epoch=90, best_auprc=0.5760)
epoch 91: loss=0.8527 val_auprc=0.5697 val_auc=0.8927 val_f1_macro=0.6882 (best_epoch=90, best_auprc=0.5760)
epoch 92: loss=0.8975 val_auprc=0.5647 val_auc=0.8922 val_f1_macro=0.6851 (best_epoch=90, best_auprc=0.5760)
epoch 93: loss=0.8524 val_auprc=0.5636 val_auc=0.8918 val_f1_macro=0.6700 (best_epoch=90, best_auprc=0.5760)
epoch 94: loss=0.8435 val_auprc=0.5620 val_auc=0.8921 val_f1_macro=0.6663 (best_epoch=90, best_auprc=0.5760)
epoch 95: loss=0.8768 val_auprc=0.5636 val_auc=0.8932 val_f1_macro=0.6813 (best_epoch=90, best_auprc=0.5760)
epoch 96: loss=0.8937 val_auprc=0.5734 val_auc=0.8952 val_f1_macro=0.6887 (best_epoch=90, best_auprc=0.5760)
epoch 97: loss=0.8634 val_auprc=0.5913 val_auc=0.8996 val_f1_macro=0.6753 (best_epoch=97, best_auprc=0.5913)
epoch 98: loss=0.8600 val_auprc=0.6007 val_auc=0.9019 val_f1_macro=0.6669 (best_epoch=98, best_auprc=0.6007)
epoch 99: loss=0.8739 val_auprc=0.6080 val_auc=0.9039 val_f1_macro=0.6830 (best_epoch=99, best_auprc=0.6080)
Selected threshold (best val macro-F1): 0.75 (val F1=0.7732)
TEST metrics: {'auprc': 0.5987711368586648, 'auc': 0.9058685482422587, 'f1_macro': 0.7842890755269729, 'recall': 0.665016501650165, 'threshold_used': 0.7500000000000001, 'best_epoch': 99}