----------------------------------
              args
----------------------------------
dataset:	amazon
seed:	30
epoch:	1000
early_stop:	200
lr:	0.1
weigth_decay:5e-05
gamma:	1
C:	1
K:	0
intra_dim:	8
dropout:	0.1
cuda:	0
----------------------------------
Start training model...
[training progress logged every 10 epochs, best epoch 179, early stopped around epoch 370-379]
End training
Test model...
Test: Recall:0.906060606060606, F1-macro:0.6875307543295488, AUC:0.9250057830210503, G-Mean:0.8559041431307544
Test: Recall:0.9, F1-macro:0.7049398148086388, AUC:0.9216930757961292, G-Mean:0.8633770018527505
