=== Run: splitgnn_elliptic_unified_tr30_seed72_a6000_20260918T034807Z ===
Result dir: /workspace/splitgnn_vast/results/splitgnn/elliptic/unified/tr30/seed_72
Split overlap checks: PASSED
train=13969 valid=9313 test=18626
Model source commit: 32fbdb836781d5c02523844a7079425f89be8831
Config SHA256: db784cea4c0fd34fd3a6a017b73286220092b791562474f849b06da83af875d4
Split SHA256: 77008be57543be620a444bf233a229fe6f09d3d5b4fcf427a8481f7972e5ebf5
epoch 0: loss=1.6999 val_auprc=0.1107 val_auc=0.5309 val_f1_macro=0.5083 (best_epoch=0, best_auprc=0.1107)
epoch 1: loss=1.6842 val_auprc=0.1125 val_auc=0.5301 val_f1_macro=0.5069 (best_epoch=1, best_auprc=0.1125)
epoch 2: loss=1.6544 val_auprc=0.1302 val_auc=0.5476 val_f1_macro=0.5226 (best_epoch=2, best_auprc=0.1302)
epoch 3: loss=1.6327 val_auprc=0.1425 val_auc=0.5783 val_f1_macro=0.4640 (best_epoch=3, best_auprc=0.1425)
epoch 4: loss=1.6276 val_auprc=0.1494 val_auc=0.5885 val_f1_macro=0.2311 (best_epoch=4, best_auprc=0.1494)
epoch 5: loss=1.5990 val_auprc=0.1556 val_auc=0.5965 val_f1_macro=0.2141 (best_epoch=5, best_auprc=0.1556)
epoch 6: loss=1.5871 val_auprc=0.1670 val_auc=0.6092 val_f1_macro=0.2566 (best_epoch=6, best_auprc=0.1670)
epoch 7: loss=1.5624 val_auprc=0.1805 val_auc=0.6195 val_f1_macro=0.3201 (best_epoch=7, best_auprc=0.1805)
epoch 8: loss=1.5381 val_auprc=0.1882 val_auc=0.6254 val_f1_macro=0.4093 (best_epoch=8, best_auprc=0.1882)
epoch 9: loss=1.5631 val_auprc=0.1989 val_auc=0.6363 val_f1_macro=0.4746 (best_epoch=9, best_auprc=0.1989)
epoch 10: loss=1.5259 val_auprc=0.2005 val_auc=0.6417 val_f1_macro=0.5019 (best_epoch=10, best_auprc=0.2005)
epoch 11: loss=1.5038 val_auprc=0.2071 val_auc=0.6540 val_f1_macro=0.4952 (best_epoch=11, best_auprc=0.2071)
epoch 12: loss=1.4835 val_auprc=0.2141 val_auc=0.6645 val_f1_macro=0.4787 (best_epoch=12, best_auprc=0.2141)
epoch 13: loss=1.4958 val_auprc=0.2217 val_auc=0.6765 val_f1_macro=0.4817 (best_epoch=13, best_auprc=0.2217)
epoch 14: loss=1.4458 val_auprc=0.2262 val_auc=0.6858 val_f1_macro=0.4869 (best_epoch=14, best_auprc=0.2262)
epoch 15: loss=1.4789 val_auprc=0.2300 val_auc=0.6955 val_f1_macro=0.4936 (best_epoch=15, best_auprc=0.2300)
epoch 16: loss=1.4385 val_auprc=0.2315 val_auc=0.7028 val_f1_macro=0.4923 (best_epoch=16, best_auprc=0.2315)
epoch 17: loss=1.4326 val_auprc=0.2373 val_auc=0.7082 val_f1_macro=0.5102 (best_epoch=17, best_auprc=0.2373)
epoch 18: loss=1.4038 val_auprc=0.2417 val_auc=0.7094 val_f1_macro=0.5344 (best_epoch=18, best_auprc=0.2417)
epoch 19: loss=1.3436 val_auprc=0.2441 val_auc=0.7104 val_f1_macro=0.5649 (best_epoch=19, best_auprc=0.2441)
epoch 20: loss=1.3608 val_auprc=0.2473 val_auc=0.7133 val_f1_macro=0.5734 (best_epoch=20, best_auprc=0.2473)
epoch 21: loss=1.3330 val_auprc=0.2538 val_auc=0.7217 val_f1_macro=0.5614 (best_epoch=21, best_auprc=0.2538)
epoch 22: loss=1.3431 val_auprc=0.2605 val_auc=0.7310 val_f1_macro=0.5352 (best_epoch=22, best_auprc=0.2605)
epoch 23: loss=1.3010 val_auprc=0.2639 val_auc=0.7376 val_f1_macro=0.5119 (best_epoch=23, best_auprc=0.2639)
epoch 24: loss=1.2775 val_auprc=0.2723 val_auc=0.7433 val_f1_macro=0.5075 (best_epoch=24, best_auprc=0.2723)
epoch 25: loss=1.2674 val_auprc=0.2812 val_auc=0.7475 val_f1_macro=0.5249 (best_epoch=25, best_auprc=0.2812)
epoch 26: loss=1.2709 val_auprc=0.2893 val_auc=0.7528 val_f1_macro=0.5385 (best_epoch=26, best_auprc=0.2893)
epoch 27: loss=1.2685 val_auprc=0.2935 val_auc=0.7583 val_f1_macro=0.5460 (best_epoch=27, best_auprc=0.2935)
epoch 28: loss=1.2034 val_auprc=0.2980 val_auc=0.7648 val_f1_macro=0.5449 (best_epoch=28, best_auprc=0.2980)
epoch 29: loss=1.1801 val_auprc=0.3003 val_auc=0.7717 val_f1_macro=0.5323 (best_epoch=29, best_auprc=0.3003)
epoch 30: loss=1.1490 val_auprc=0.3003 val_auc=0.7764 val_f1_macro=0.5320 (best_epoch=29, best_auprc=0.3003)
epoch 31: loss=1.1536 val_auprc=0.2872 val_auc=0.7757 val_f1_macro=0.5437 (best_epoch=29, best_auprc=0.3003)
epoch 32: loss=1.0802 val_auprc=0.2807 val_auc=0.7739 val_f1_macro=0.5558 (best_epoch=29, best_auprc=0.3003)
epoch 33: loss=1.1238 val_auprc=0.2787 val_auc=0.7787 val_f1_macro=0.5665 (best_epoch=29, best_auprc=0.3003)
epoch 34: loss=1.1550 val_auprc=0.2824 val_auc=0.7852 val_f1_macro=0.5780 (best_epoch=29, best_auprc=0.3003)
epoch 35: loss=1.1320 val_auprc=0.2940 val_auc=0.7942 val_f1_macro=0.5688 (best_epoch=29, best_auprc=0.3003)
epoch 36: loss=1.0928 val_auprc=0.3109 val_auc=0.8025 val_f1_macro=0.5371 (best_epoch=36, best_auprc=0.3109)
epoch 37: loss=1.1698 val_auprc=0.3220 val_auc=0.8075 val_f1_macro=0.5226 (best_epoch=37, best_auprc=0.3220)
epoch 38: loss=1.0740 val_auprc=0.3280 val_auc=0.8103 val_f1_macro=0.5328 (best_epoch=38, best_auprc=0.3280)
epoch 39: loss=1.1229 val_auprc=0.3331 val_auc=0.8121 val_f1_macro=0.5635 (best_epoch=39, best_auprc=0.3331)
epoch 40: loss=1.0849 val_auprc=0.3387 val_auc=0.8145 val_f1_macro=0.5848 (best_epoch=40, best_auprc=0.3387)
epoch 41: loss=1.0564 val_auprc=0.3477 val_auc=0.8174 val_f1_macro=0.5902 (best_epoch=41, best_auprc=0.3477)
epoch 42: loss=1.0932 val_auprc=0.3614 val_auc=0.8228 val_f1_macro=0.5813 (best_epoch=42, best_auprc=0.3614)
epoch 43: loss=1.0426 val_auprc=0.3789 val_auc=0.8283 val_f1_macro=0.5652 (best_epoch=43, best_auprc=0.3789)
epoch 44: loss=1.0611 val_auprc=0.3952 val_auc=0.8335 val_f1_macro=0.5687 (best_epoch=44, best_auprc=0.3952)
epoch 45: loss=1.0885 val_auprc=0.4037 val_auc=0.8354 val_f1_macro=0.5944 (best_epoch=45, best_auprc=0.4037)
epoch 46: loss=1.0418 val_auprc=0.4077 val_auc=0.8368 val_f1_macro=0.6104 (best_epoch=46, best_auprc=0.4077)
epoch 47: loss=1.0041 val_auprc=0.4092 val_auc=0.8392 val_f1_macro=0.6145 (best_epoch=47, best_auprc=0.4092)
epoch 48: loss=0.9851 val_auprc=0.4122 val_auc=0.8439 val_f1_macro=0.6008 (best_epoch=48, best_auprc=0.4122)
epoch 49: loss=0.9975 val_auprc=0.4155 val_auc=0.8476 val_f1_macro=0.6007 (best_epoch=49, best_auprc=0.4155)
epoch 50: loss=0.9945 val_auprc=0.4188 val_auc=0.8520 val_f1_macro=0.6123 (best_epoch=50, best_auprc=0.4188)
epoch 51: loss=0.9694 val_auprc=0.4230 val_auc=0.8556 val_f1_macro=0.6250 (best_epoch=51, best_auprc=0.4230)
epoch 52: loss=1.0195 val_auprc=0.4246 val_auc=0.8585 val_f1_macro=0.6238 (best_epoch=52, best_auprc=0.4246)
epoch 53: loss=0.9739 val_auprc=0.4260 val_auc=0.8609 val_f1_macro=0.6181 (best_epoch=53, best_auprc=0.4260)
epoch 54: loss=0.9708 val_auprc=0.4312 val_auc=0.8628 val_f1_macro=0.6096 (best_epoch=54, best_auprc=0.4312)
epoch 55: loss=0.9541 val_auprc=0.4342 val_auc=0.8644 val_f1_macro=0.6203 (best_epoch=55, best_auprc=0.4342)
epoch 56: loss=0.9452 val_auprc=0.4372 val_auc=0.8657 val_f1_macro=0.6252 (best_epoch=56, best_auprc=0.4372)
epoch 57: loss=0.9173 val_auprc=0.4366 val_auc=0.8671 val_f1_macro=0.6256 (best_epoch=56, best_auprc=0.4372)
epoch 58: loss=0.9483 val_auprc=0.4419 val_auc=0.8691 val_f1_macro=0.6172 (best_epoch=58, best_auprc=0.4419)
epoch 59: loss=0.9797 val_auprc=0.4312 val_auc=0.8667 val_f1_macro=0.6155 (best_epoch=58, best_auprc=0.4419)
epoch 60: loss=0.8880 val_auprc=0.4257 val_auc=0.8647 val_f1_macro=0.6291 (best_epoch=58, best_auprc=0.4419)
epoch 61: loss=0.8733 val_auprc=0.4229 val_auc=0.8630 val_f1_macro=0.6390 (best_epoch=58, best_auprc=0.4419)
epoch 62: loss=0.9167 val_auprc=0.4301 val_auc=0.8642 val_f1_macro=0.6357 (best_epoch=58, best_auprc=0.4419)
epoch 63: loss=0.9331 val_auprc=0.4382 val_auc=0.8664 val_f1_macro=0.6260 (best_epoch=58, best_auprc=0.4419)
epoch 64: loss=0.9329 val_auprc=0.4450 val_auc=0.8686 val_f1_macro=0.6209 (best_epoch=64, best_auprc=0.4450)
epoch 65: loss=0.8848 val_auprc=0.4499 val_auc=0.8699 val_f1_macro=0.6295 (best_epoch=65, best_auprc=0.4499)
epoch 66: loss=0.9127 val_auprc=0.4552 val_auc=0.8715 val_f1_macro=0.6429 (best_epoch=66, best_auprc=0.4552)
epoch 67: loss=0.8967 val_auprc=0.4591 val_auc=0.8744 val_f1_macro=0.6462 (best_epoch=67, best_auprc=0.4591)
epoch 68: loss=0.9261 val_auprc=0.4654 val_auc=0.8770 val_f1_macro=0.6426 (best_epoch=68, best_auprc=0.4654)
epoch 69: loss=0.8440 val_auprc=0.4687 val_auc=0.8782 val_f1_macro=0.6433 (best_epoch=69, best_auprc=0.4687)
epoch 70: loss=0.8234 val_auprc=0.4732 val_auc=0.8791 val_f1_macro=0.6448 (best_epoch=70, best_auprc=0.4732)
epoch 71: loss=0.9116 val_auprc=0.4801 val_auc=0.8806 val_f1_macro=0.6471 (best_epoch=71, best_auprc=0.4801)
epoch 72: loss=0.8731 val_auprc=0.4924 val_auc=0.8835 val_f1_macro=0.6486 (best_epoch=72, best_auprc=0.4924)
epoch 73: loss=0.8583 val_auprc=0.5005 val_auc=0.8850 val_f1_macro=0.6467 (best_epoch=73, best_auprc=0.5005)
epoch 74: loss=0.8466 val_auprc=0.5079 val_auc=0.8861 val_f1_macro=0.6448 (best_epoch=74, best_auprc=0.5079)
epoch 75: loss=0.9466 val_auprc=0.5133 val_auc=0.8872 val_f1_macro=0.6478 (best_epoch=75, best_auprc=0.5133)
epoch 76: loss=0.9077 val_auprc=0.5233 val_auc=0.8898 val_f1_macro=0.6395 (best_epoch=76, best_auprc=0.5233)
epoch 77: loss=0.8979 val_auprc=0.5223 val_auc=0.8896 val_f1_macro=0.6414 (best_epoch=76, best_auprc=0.5233)
epoch 78: loss=0.8360 val_auprc=0.5102 val_auc=0.8873 val_f1_macro=0.6536 (best_epoch=76, best_auprc=0.5233)
epoch 79: loss=0.8474 val_auprc=0.5100 val_auc=0.8872 val_f1_macro=0.6499 (best_epoch=76, best_auprc=0.5233)
epoch 80: loss=0.8694 val_auprc=0.5166 val_auc=0.8880 val_f1_macro=0.6363 (best_epoch=76, best_auprc=0.5233)
epoch 81: loss=0.8357 val_auprc=0.5239 val_auc=0.8880 val_f1_macro=0.6423 (best_epoch=81, best_auprc=0.5239)
epoch 82: loss=0.8527 val_auprc=0.5291 val_auc=0.8874 val_f1_macro=0.6560 (best_epoch=82, best_auprc=0.5291)
epoch 83: loss=0.8312 val_auprc=0.5315 val_auc=0.8866 val_f1_macro=0.6677 (best_epoch=83, best_auprc=0.5315)
epoch 84: loss=0.8264 val_auprc=0.5372 val_auc=0.8883 val_f1_macro=0.6538 (best_epoch=84, best_auprc=0.5372)
epoch 85: loss=0.7754 val_auprc=0.5389 val_auc=0.8904 val_f1_macro=0.6481 (best_epoch=85, best_auprc=0.5389)
epoch 86: loss=0.8286 val_auprc=0.5369 val_auc=0.8904 val_f1_macro=0.6587 (best_epoch=85, best_auprc=0.5389)
epoch 87: loss=0.8429 val_auprc=0.5334 val_auc=0.8898 val_f1_macro=0.6692 (best_epoch=85, best_auprc=0.5389)
epoch 88: loss=0.8731 val_auprc=0.5300 val_auc=0.8904 val_f1_macro=0.6755 (best_epoch=85, best_auprc=0.5389)
epoch 89: loss=0.8289 val_auprc=0.5341 val_auc=0.8926 val_f1_macro=0.6648 (best_epoch=85, best_auprc=0.5389)
epoch 90: loss=0.8158 val_auprc=0.5398 val_auc=0.8946 val_f1_macro=0.6580 (best_epoch=90, best_auprc=0.5398)
epoch 91: loss=0.8496 val_auprc=0.5401 val_auc=0.8955 val_f1_macro=0.6621 (best_epoch=91, best_auprc=0.5401)
epoch 92: loss=0.7808 val_auprc=0.5446 val_auc=0.8966 val_f1_macro=0.6665 (best_epoch=92, best_auprc=0.5446)
epoch 93: loss=0.8364 val_auprc=0.5522 val_auc=0.8971 val_f1_macro=0.6719 (best_epoch=93, best_auprc=0.5522)
epoch 94: loss=0.8227 val_auprc=0.5598 val_auc=0.8981 val_f1_macro=0.6722 (best_epoch=94, best_auprc=0.5598)
epoch 95: loss=0.8346 val_auprc=0.5661 val_auc=0.9000 val_f1_macro=0.6631 (best_epoch=95, best_auprc=0.5661)
epoch 96: loss=0.8713 val_auprc=0.5712 val_auc=0.9015 val_f1_macro=0.6637 (best_epoch=96, best_auprc=0.5712)
epoch 97: loss=0.8093 val_auprc=0.5763 val_auc=0.9019 val_f1_macro=0.6726 (best_epoch=97, best_auprc=0.5763)
epoch 98: loss=0.8334 val_auprc=0.5734 val_auc=0.9008 val_f1_macro=0.6852 (best_epoch=97, best_auprc=0.5763)
epoch 99: loss=0.8152 val_auprc=0.5768 val_auc=0.9015 val_f1_macro=0.6839 (best_epoch=99, best_auprc=0.5768)
Selected threshold (best val macro-F1): 0.75 (val F1=0.7567)
TEST metrics: {'auprc': 0.5825295085287374, 'auc': 0.9089335471505267, 'f1_macro': 0.7675322372539295, 'recall': 0.6749174917491749, 'threshold_used': 0.7500000000000001, 'best_epoch': 99}