=== Run: splitgnn_yelp_unified_tr10_seed42_a6000_20260917T225126Z ===
Result dir: /workspace/splitgnn_vast/results/splitgnn/yelp/unified/tr10/seed_42
Split overlap checks: PASSED
train=4596 valid=9190 test=18382
Model source commit: 32fbdb836781d5c02523844a7079425f89be8831
Config SHA256: a877b8d7ef8a16ab00917074adb065dca4d963f42c9a52db9e74ecd1192da7f7
Split SHA256: 448e01069d60e85ede228ac68b6d7208b0a153087127598c26b383b82606bb1f
epoch 0: loss=1.7007 val_auprc=0.1234 val_auc=0.4348 val_f1_macro=0.1268 (best_epoch=0, best_auprc=0.1234)
epoch 1: loss=1.6975 val_auprc=0.1752 val_auc=0.6112 val_f1_macro=0.1268 (best_epoch=1, best_auprc=0.1752)
epoch 2: loss=1.6940 val_auprc=0.1928 val_auc=0.6519 val_f1_macro=0.1268 (best_epoch=2, best_auprc=0.1928)
epoch 3: loss=1.6932 val_auprc=0.2022 val_auc=0.6656 val_f1_macro=0.4608 (best_epoch=3, best_auprc=0.2022)
epoch 4: loss=1.6924 val_auprc=0.2217 val_auc=0.6884 val_f1_macro=0.4608 (best_epoch=4, best_auprc=0.2217)
epoch 5: loss=1.6927 val_auprc=0.2557 val_auc=0.7179 val_f1_macro=0.4608 (best_epoch=5, best_auprc=0.2557)
epoch 6: loss=1.6907 val_auprc=0.3060 val_auc=0.7499 val_f1_macro=0.4608 (best_epoch=6, best_auprc=0.3060)
epoch 7: loss=1.6907 val_auprc=0.3356 val_auc=0.7705 val_f1_macro=0.4608 (best_epoch=7, best_auprc=0.3356)
epoch 8: loss=1.6896 val_auprc=0.3523 val_auc=0.7727 val_f1_macro=0.4608 (best_epoch=8, best_auprc=0.3523)
epoch 9: loss=1.6882 val_auprc=0.3438 val_auc=0.7629 val_f1_macro=0.4608 (best_epoch=8, best_auprc=0.3523)
epoch 10: loss=1.6871 val_auprc=0.3408 val_auc=0.7572 val_f1_macro=0.5458 (best_epoch=8, best_auprc=0.3523)
epoch 11: loss=1.6850 val_auprc=0.3533 val_auc=0.7596 val_f1_macro=0.2088 (best_epoch=11, best_auprc=0.3533)
epoch 12: loss=1.6825 val_auprc=0.3689 val_auc=0.7643 val_f1_macro=0.2135 (best_epoch=12, best_auprc=0.3689)
epoch 13: loss=1.6805 val_auprc=0.3813 val_auc=0.7699 val_f1_macro=0.5002 (best_epoch=13, best_auprc=0.3813)
epoch 14: loss=1.6781 val_auprc=0.3875 val_auc=0.7731 val_f1_macro=0.5486 (best_epoch=14, best_auprc=0.3875)
epoch 15: loss=1.6731 val_auprc=0.3939 val_auc=0.7767 val_f1_macro=0.5487 (best_epoch=15, best_auprc=0.3939)
epoch 16: loss=1.6669 val_auprc=0.3968 val_auc=0.7798 val_f1_macro=0.5606 (best_epoch=16, best_auprc=0.3968)
epoch 17: loss=1.6614 val_auprc=0.3986 val_auc=0.7823 val_f1_macro=0.5786 (best_epoch=17, best_auprc=0.3986)
epoch 18: loss=1.6551 val_auprc=0.4023 val_auc=0.7838 val_f1_macro=0.5697 (best_epoch=18, best_auprc=0.4023)
epoch 19: loss=1.6449 val_auprc=0.3988 val_auc=0.7834 val_f1_macro=0.5619 (best_epoch=18, best_auprc=0.4023)
epoch 20: loss=1.6331 val_auprc=0.3979 val_auc=0.7826 val_f1_macro=0.5692 (best_epoch=18, best_auprc=0.4023)
epoch 21: loss=1.6202 val_auprc=0.3972 val_auc=0.7830 val_f1_macro=0.6070 (best_epoch=18, best_auprc=0.4023)
epoch 22: loss=1.6089 val_auprc=0.3966 val_auc=0.7825 val_f1_macro=0.6361 (best_epoch=18, best_auprc=0.4023)
epoch 23: loss=1.5956 val_auprc=0.3998 val_auc=0.7824 val_f1_macro=0.6104 (best_epoch=18, best_auprc=0.4023)
epoch 24: loss=1.5785 val_auprc=0.4048 val_auc=0.7833 val_f1_macro=0.5637 (best_epoch=24, best_auprc=0.4048)
epoch 25: loss=1.5780 val_auprc=0.4085 val_auc=0.7839 val_f1_macro=0.5491 (best_epoch=25, best_auprc=0.4085)
epoch 26: loss=1.5559 val_auprc=0.4098 val_auc=0.7829 val_f1_macro=0.5487 (best_epoch=26, best_auprc=0.4098)
epoch 27: loss=1.5444 val_auprc=0.4077 val_auc=0.7838 val_f1_macro=0.5488 (best_epoch=26, best_auprc=0.4098)
epoch 28: loss=1.5429 val_auprc=0.4057 val_auc=0.7845 val_f1_macro=0.5515 (best_epoch=26, best_auprc=0.4098)
epoch 29: loss=1.5134 val_auprc=0.4066 val_auc=0.7857 val_f1_macro=0.5766 (best_epoch=26, best_auprc=0.4098)
epoch 30: loss=1.5148 val_auprc=0.4086 val_auc=0.7856 val_f1_macro=0.6121 (best_epoch=26, best_auprc=0.4098)
epoch 31: loss=1.4850 val_auprc=0.4148 val_auc=0.7871 val_f1_macro=0.6005 (best_epoch=31, best_auprc=0.4148)
epoch 32: loss=1.4733 val_auprc=0.4173 val_auc=0.7888 val_f1_macro=0.6029 (best_epoch=32, best_auprc=0.4173)
epoch 33: loss=1.4665 val_auprc=0.4161 val_auc=0.7893 val_f1_macro=0.6271 (best_epoch=32, best_auprc=0.4173)
epoch 34: loss=1.4592 val_auprc=0.4121 val_auc=0.7879 val_f1_macro=0.6338 (best_epoch=32, best_auprc=0.4173)
epoch 35: loss=1.4389 val_auprc=0.4173 val_auc=0.7870 val_f1_macro=0.5934 (best_epoch=32, best_auprc=0.4173)
epoch 36: loss=1.4542 val_auprc=0.4181 val_auc=0.7856 val_f1_macro=0.5918 (best_epoch=36, best_auprc=0.4181)
epoch 37: loss=1.4211 val_auprc=0.4151 val_auc=0.7826 val_f1_macro=0.6211 (best_epoch=36, best_auprc=0.4181)
epoch 38: loss=1.4170 val_auprc=0.4166 val_auc=0.7824 val_f1_macro=0.6275 (best_epoch=36, best_auprc=0.4181)
epoch 39: loss=1.4085 val_auprc=0.4213 val_auc=0.7846 val_f1_macro=0.6132 (best_epoch=39, best_auprc=0.4213)
epoch 40: loss=1.4040 val_auprc=0.4237 val_auc=0.7875 val_f1_macro=0.6052 (best_epoch=40, best_auprc=0.4237)
epoch 41: loss=1.3874 val_auprc=0.4227 val_auc=0.7902 val_f1_macro=0.6112 (best_epoch=40, best_auprc=0.4237)
epoch 42: loss=1.3766 val_auprc=0.4263 val_auc=0.7943 val_f1_macro=0.6058 (best_epoch=42, best_auprc=0.4263)
epoch 43: loss=1.3866 val_auprc=0.4295 val_auc=0.7979 val_f1_macro=0.6027 (best_epoch=43, best_auprc=0.4295)
epoch 44: loss=1.3702 val_auprc=0.4331 val_auc=0.8006 val_f1_macro=0.6037 (best_epoch=44, best_auprc=0.4331)
epoch 45: loss=1.3611 val_auprc=0.4350 val_auc=0.8019 val_f1_macro=0.6175 (best_epoch=45, best_auprc=0.4350)
epoch 46: loss=1.3622 val_auprc=0.4356 val_auc=0.8030 val_f1_macro=0.6302 (best_epoch=46, best_auprc=0.4356)
epoch 47: loss=1.3538 val_auprc=0.4373 val_auc=0.8035 val_f1_macro=0.6267 (best_epoch=47, best_auprc=0.4373)
epoch 48: loss=1.3521 val_auprc=0.4391 val_auc=0.8045 val_f1_macro=0.6177 (best_epoch=48, best_auprc=0.4391)
epoch 49: loss=1.3430 val_auprc=0.4405 val_auc=0.8062 val_f1_macro=0.6169 (best_epoch=49, best_auprc=0.4405)
epoch 50: loss=1.3219 val_auprc=0.4425 val_auc=0.8074 val_f1_macro=0.6186 (best_epoch=50, best_auprc=0.4425)
epoch 51: loss=1.3246 val_auprc=0.4443 val_auc=0.8083 val_f1_macro=0.6204 (best_epoch=51, best_auprc=0.4443)
epoch 52: loss=1.3108 val_auprc=0.4457 val_auc=0.8092 val_f1_macro=0.6358 (best_epoch=52, best_auprc=0.4457)
epoch 53: loss=1.3094 val_auprc=0.4472 val_auc=0.8101 val_f1_macro=0.6510 (best_epoch=53, best_auprc=0.4472)
epoch 54: loss=1.3081 val_auprc=0.4494 val_auc=0.8098 val_f1_macro=0.6498 (best_epoch=54, best_auprc=0.4494)
epoch 55: loss=1.3067 val_auprc=0.4515 val_auc=0.8106 val_f1_macro=0.6464 (best_epoch=55, best_auprc=0.4515)
epoch 56: loss=1.2974 val_auprc=0.4531 val_auc=0.8121 val_f1_macro=0.6456 (best_epoch=56, best_auprc=0.4531)
epoch 57: loss=1.3033 val_auprc=0.4547 val_auc=0.8135 val_f1_macro=0.6479 (best_epoch=57, best_auprc=0.4547)
epoch 58: loss=1.2791 val_auprc=0.4583 val_auc=0.8134 val_f1_macro=0.6169 (best_epoch=58, best_auprc=0.4583)
epoch 59: loss=1.2725 val_auprc=0.4593 val_auc=0.8147 val_f1_macro=0.6368 (best_epoch=59, best_auprc=0.4593)
epoch 60: loss=1.2910 val_auprc=0.4604 val_auc=0.8156 val_f1_macro=0.6597 (best_epoch=60, best_auprc=0.4604)
epoch 61: loss=1.2750 val_auprc=0.4636 val_auc=0.8158 val_f1_macro=0.6398 (best_epoch=61, best_auprc=0.4636)
epoch 62: loss=1.2628 val_auprc=0.4659 val_auc=0.8166 val_f1_macro=0.6349 (best_epoch=62, best_auprc=0.4659)
epoch 63: loss=1.2593 val_auprc=0.4656 val_auc=0.8180 val_f1_macro=0.6578 (best_epoch=62, best_auprc=0.4659)
epoch 64: loss=1.2579 val_auprc=0.4681 val_auc=0.8188 val_f1_macro=0.6476 (best_epoch=64, best_auprc=0.4681)
epoch 65: loss=1.2625 val_auprc=0.4706 val_auc=0.8200 val_f1_macro=0.6298 (best_epoch=65, best_auprc=0.4706)
epoch 66: loss=1.2537 val_auprc=0.4720 val_auc=0.8213 val_f1_macro=0.6385 (best_epoch=66, best_auprc=0.4720)
epoch 67: loss=1.2441 val_auprc=0.4725 val_auc=0.8218 val_f1_macro=0.6593 (best_epoch=67, best_auprc=0.4725)
epoch 68: loss=1.2475 val_auprc=0.4749 val_auc=0.8229 val_f1_macro=0.6522 (best_epoch=68, best_auprc=0.4749)
epoch 69: loss=1.2520 val_auprc=0.4767 val_auc=0.8233 val_f1_macro=0.6515 (best_epoch=69, best_auprc=0.4767)
epoch 70: loss=1.2381 val_auprc=0.4783 val_auc=0.8243 val_f1_macro=0.6486 (best_epoch=70, best_auprc=0.4783)
epoch 71: loss=1.2402 val_auprc=0.4784 val_auc=0.8245 val_f1_macro=0.6606 (best_epoch=71, best_auprc=0.4784)
epoch 72: loss=1.2339 val_auprc=0.4805 val_auc=0.8254 val_f1_macro=0.6458 (best_epoch=72, best_auprc=0.4805)
epoch 73: loss=1.2208 val_auprc=0.4823 val_auc=0.8259 val_f1_macro=0.6379 (best_epoch=73, best_auprc=0.4823)
epoch 74: loss=1.2309 val_auprc=0.4821 val_auc=0.8264 val_f1_macro=0.6673 (best_epoch=73, best_auprc=0.4823)
epoch 75: loss=1.2129 val_auprc=0.4842 val_auc=0.8271 val_f1_macro=0.6574 (best_epoch=75, best_auprc=0.4842)
epoch 76: loss=1.2325 val_auprc=0.4856 val_auc=0.8278 val_f1_macro=0.6458 (best_epoch=76, best_auprc=0.4856)
epoch 77: loss=1.2107 val_auprc=0.4855 val_auc=0.8284 val_f1_macro=0.6555 (best_epoch=76, best_auprc=0.4856)
epoch 78: loss=1.1992 val_auprc=0.4856 val_auc=0.8288 val_f1_macro=0.6628 (best_epoch=76, best_auprc=0.4856)
epoch 79: loss=1.2075 val_auprc=0.4881 val_auc=0.8299 val_f1_macro=0.6461 (best_epoch=79, best_auprc=0.4881)
epoch 80: loss=1.2132 val_auprc=0.4887 val_auc=0.8305 val_f1_macro=0.6611 (best_epoch=80, best_auprc=0.4887)
epoch 81: loss=1.2160 val_auprc=0.4894 val_auc=0.8311 val_f1_macro=0.6682 (best_epoch=81, best_auprc=0.4894)
epoch 82: loss=1.2036 val_auprc=0.4901 val_auc=0.8316 val_f1_macro=0.6542 (best_epoch=82, best_auprc=0.4901)
epoch 83: loss=1.1940 val_auprc=0.4909 val_auc=0.8324 val_f1_macro=0.6528 (best_epoch=83, best_auprc=0.4909)
epoch 84: loss=1.2101 val_auprc=0.4918 val_auc=0.8329 val_f1_macro=0.6617 (best_epoch=84, best_auprc=0.4918)
epoch 85: loss=1.1780 val_auprc=0.4921 val_auc=0.8331 val_f1_macro=0.6556 (best_epoch=85, best_auprc=0.4921)
epoch 86: loss=1.1942 val_auprc=0.4920 val_auc=0.8331 val_f1_macro=0.6594 (best_epoch=85, best_auprc=0.4921)
epoch 87: loss=1.1956 val_auprc=0.4925 val_auc=0.8334 val_f1_macro=0.6662 (best_epoch=87, best_auprc=0.4925)
epoch 88: loss=1.1941 val_auprc=0.4934 val_auc=0.8340 val_f1_macro=0.6706 (best_epoch=88, best_auprc=0.4934)
epoch 89: loss=1.2125 val_auprc=0.4938 val_auc=0.8342 val_f1_macro=0.6470 (best_epoch=89, best_auprc=0.4938)
epoch 90: loss=1.1864 val_auprc=0.4942 val_auc=0.8352 val_f1_macro=0.6549 (best_epoch=90, best_auprc=0.4942)
epoch 91: loss=1.1797 val_auprc=0.4949 val_auc=0.8356 val_f1_macro=0.6682 (best_epoch=91, best_auprc=0.4949)
epoch 92: loss=1.1808 val_auprc=0.4950 val_auc=0.8354 val_f1_macro=0.6517 (best_epoch=92, best_auprc=0.4950)
epoch 93: loss=1.1913 val_auprc=0.4953 val_auc=0.8358 val_f1_macro=0.6590 (best_epoch=93, best_auprc=0.4953)
epoch 94: loss=1.1809 val_auprc=0.4961 val_auc=0.8369 val_f1_macro=0.6692 (best_epoch=94, best_auprc=0.4961)
epoch 95: loss=1.1767 val_auprc=0.4966 val_auc=0.8366 val_f1_macro=0.6489 (best_epoch=95, best_auprc=0.4966)
epoch 96: loss=1.1694 val_auprc=0.4976 val_auc=0.8371 val_f1_macro=0.6572 (best_epoch=96, best_auprc=0.4976)
epoch 97: loss=1.1792 val_auprc=0.4985 val_auc=0.8382 val_f1_macro=0.6757 (best_epoch=97, best_auprc=0.4985)
epoch 98: loss=1.1634 val_auprc=0.4995 val_auc=0.8376 val_f1_macro=0.6380 (best_epoch=98, best_auprc=0.4995)
epoch 99: loss=1.1639 val_auprc=0.4995 val_auc=0.8386 val_f1_macro=0.6484 (best_epoch=99, best_auprc=0.4995)
Selected threshold (best val macro-F1): 0.75 (val F1=0.7021)
TEST metrics: {'auprc': 0.4920956962671627, 'auc': 0.8457578756460792, 'f1_macro': 0.7038949197817429, 'recall': 0.5166604268064395, 'threshold_used': 0.7500000000000001, 'best_epoch': 99}