=== Run: splitgnn_elliptic_unified_tr30_seed42_a6000_20260918T034733Z ===
Result dir: /workspace/splitgnn_vast/results/splitgnn/elliptic/unified/tr30/seed_42
Split overlap checks: PASSED
train=13969 valid=9313 test=18626
Model source commit: 32fbdb836781d5c02523844a7079425f89be8831
Config SHA256: e2f22e616e894fb6fb491bc951558170687e55f922c30301964c2ae65aff8359
Split SHA256: 77008be57543be620a444bf233a229fe6f09d3d5b4fcf427a8481f7972e5ebf5
epoch 0: loss=1.6919 val_auprc=0.1252 val_auc=0.5702 val_f1_macro=0.4822 (best_epoch=0, best_auprc=0.1252)
epoch 1: loss=1.6658 val_auprc=0.1380 val_auc=0.5878 val_f1_macro=0.4846 (best_epoch=1, best_auprc=0.1380)
epoch 2: loss=1.6603 val_auprc=0.1486 val_auc=0.6023 val_f1_macro=0.5015 (best_epoch=2, best_auprc=0.1486)
epoch 3: loss=1.6453 val_auprc=0.1527 val_auc=0.6049 val_f1_macro=0.5558 (best_epoch=3, best_auprc=0.1527)
epoch 4: loss=1.6178 val_auprc=0.1559 val_auc=0.6057 val_f1_macro=0.1557 (best_epoch=4, best_auprc=0.1559)
epoch 5: loss=1.6183 val_auprc=0.1563 val_auc=0.6035 val_f1_macro=0.1413 (best_epoch=5, best_auprc=0.1563)
epoch 6: loss=1.5870 val_auprc=0.1644 val_auc=0.6064 val_f1_macro=0.1486 (best_epoch=6, best_auprc=0.1644)
epoch 7: loss=1.5892 val_auprc=0.1719 val_auc=0.6075 val_f1_macro=0.1658 (best_epoch=7, best_auprc=0.1719)
epoch 8: loss=1.5798 val_auprc=0.1916 val_auc=0.6158 val_f1_macro=0.2006 (best_epoch=8, best_auprc=0.1916)
epoch 9: loss=1.5556 val_auprc=0.2115 val_auc=0.6296 val_f1_macro=0.2553 (best_epoch=9, best_auprc=0.2115)
epoch 10: loss=1.5653 val_auprc=0.2270 val_auc=0.6382 val_f1_macro=0.3328 (best_epoch=10, best_auprc=0.2270)
epoch 11: loss=1.5200 val_auprc=0.2425 val_auc=0.6443 val_f1_macro=0.4181 (best_epoch=11, best_auprc=0.2425)
epoch 12: loss=1.4719 val_auprc=0.2627 val_auc=0.6549 val_f1_macro=0.4713 (best_epoch=12, best_auprc=0.2627)
epoch 13: loss=1.5094 val_auprc=0.2742 val_auc=0.6611 val_f1_macro=0.4743 (best_epoch=13, best_auprc=0.2742)
epoch 14: loss=1.4519 val_auprc=0.2821 val_auc=0.6687 val_f1_macro=0.4452 (best_epoch=14, best_auprc=0.2821)
epoch 15: loss=1.4099 val_auprc=0.2900 val_auc=0.6804 val_f1_macro=0.4095 (best_epoch=15, best_auprc=0.2900)
epoch 16: loss=1.4246 val_auprc=0.2954 val_auc=0.6925 val_f1_macro=0.3924 (best_epoch=16, best_auprc=0.2954)
epoch 17: loss=1.3907 val_auprc=0.2999 val_auc=0.7042 val_f1_macro=0.4022 (best_epoch=17, best_auprc=0.2999)
epoch 18: loss=1.3713 val_auprc=0.2979 val_auc=0.7090 val_f1_macro=0.4470 (best_epoch=17, best_auprc=0.2999)
epoch 19: loss=1.3103 val_auprc=0.2918 val_auc=0.7098 val_f1_macro=0.5252 (best_epoch=17, best_auprc=0.2999)
epoch 20: loss=1.2915 val_auprc=0.2913 val_auc=0.7128 val_f1_macro=0.5829 (best_epoch=17, best_auprc=0.2999)
epoch 21: loss=1.2553 val_auprc=0.2927 val_auc=0.7184 val_f1_macro=0.6036 (best_epoch=17, best_auprc=0.2999)
epoch 22: loss=1.2845 val_auprc=0.2978 val_auc=0.7266 val_f1_macro=0.6157 (best_epoch=17, best_auprc=0.2999)
epoch 23: loss=1.2136 val_auprc=0.3083 val_auc=0.7366 val_f1_macro=0.6092 (best_epoch=23, best_auprc=0.3083)
epoch 24: loss=1.2381 val_auprc=0.3175 val_auc=0.7426 val_f1_macro=0.5887 (best_epoch=24, best_auprc=0.3175)
epoch 25: loss=1.1511 val_auprc=0.3233 val_auc=0.7470 val_f1_macro=0.5569 (best_epoch=25, best_auprc=0.3233)
epoch 26: loss=1.1746 val_auprc=0.3323 val_auc=0.7550 val_f1_macro=0.5637 (best_epoch=26, best_auprc=0.3323)
epoch 27: loss=1.2298 val_auprc=0.3456 val_auc=0.7650 val_f1_macro=0.6112 (best_epoch=27, best_auprc=0.3456)
epoch 28: loss=1.1728 val_auprc=0.3491 val_auc=0.7684 val_f1_macro=0.6062 (best_epoch=28, best_auprc=0.3491)
epoch 29: loss=1.1600 val_auprc=0.3472 val_auc=0.7676 val_f1_macro=0.5813 (best_epoch=28, best_auprc=0.3491)
epoch 30: loss=1.1518 val_auprc=0.3472 val_auc=0.7688 val_f1_macro=0.5620 (best_epoch=28, best_auprc=0.3491)
epoch 31: loss=1.0375 val_auprc=0.3467 val_auc=0.7705 val_f1_macro=0.5619 (best_epoch=28, best_auprc=0.3491)
epoch 32: loss=1.1159 val_auprc=0.3504 val_auc=0.7729 val_f1_macro=0.5759 (best_epoch=32, best_auprc=0.3504)
epoch 33: loss=1.1159 val_auprc=0.3535 val_auc=0.7746 val_f1_macro=0.5741 (best_epoch=33, best_auprc=0.3535)
epoch 34: loss=1.0327 val_auprc=0.3574 val_auc=0.7782 val_f1_macro=0.5735 (best_epoch=34, best_auprc=0.3574)
epoch 35: loss=1.1074 val_auprc=0.3632 val_auc=0.7826 val_f1_macro=0.5885 (best_epoch=35, best_auprc=0.3632)
epoch 36: loss=1.0603 val_auprc=0.3693 val_auc=0.7877 val_f1_macro=0.5926 (best_epoch=36, best_auprc=0.3693)
epoch 37: loss=1.1253 val_auprc=0.3829 val_auc=0.7960 val_f1_macro=0.5911 (best_epoch=37, best_auprc=0.3829)
epoch 38: loss=1.1179 val_auprc=0.3962 val_auc=0.8044 val_f1_macro=0.5952 (best_epoch=38, best_auprc=0.3962)
epoch 39: loss=1.0808 val_auprc=0.4118 val_auc=0.8136 val_f1_macro=0.6158 (best_epoch=39, best_auprc=0.4118)
epoch 40: loss=1.0295 val_auprc=0.4210 val_auc=0.8194 val_f1_macro=0.6203 (best_epoch=40, best_auprc=0.4210)
epoch 41: loss=1.0983 val_auprc=0.4256 val_auc=0.8231 val_f1_macro=0.6205 (best_epoch=41, best_auprc=0.4256)
epoch 42: loss=1.0318 val_auprc=0.4275 val_auc=0.8251 val_f1_macro=0.6012 (best_epoch=42, best_auprc=0.4275)
epoch 43: loss=1.0421 val_auprc=0.4305 val_auc=0.8272 val_f1_macro=0.6041 (best_epoch=43, best_auprc=0.4305)
epoch 44: loss=0.9986 val_auprc=0.4313 val_auc=0.8296 val_f1_macro=0.6188 (best_epoch=44, best_auprc=0.4313)
epoch 45: loss=0.9773 val_auprc=0.4352 val_auc=0.8312 val_f1_macro=0.6119 (best_epoch=45, best_auprc=0.4352)
epoch 46: loss=1.0607 val_auprc=0.4370 val_auc=0.8333 val_f1_macro=0.6296 (best_epoch=46, best_auprc=0.4370)
epoch 47: loss=0.9267 val_auprc=0.4383 val_auc=0.8334 val_f1_macro=0.6454 (best_epoch=47, best_auprc=0.4383)
epoch 48: loss=0.9483 val_auprc=0.4394 val_auc=0.8321 val_f1_macro=0.6239 (best_epoch=48, best_auprc=0.4394)
epoch 49: loss=1.1363 val_auprc=0.4457 val_auc=0.8336 val_f1_macro=0.6432 (best_epoch=49, best_auprc=0.4457)
epoch 50: loss=0.9770 val_auprc=0.4532 val_auc=0.8383 val_f1_macro=0.6692 (best_epoch=50, best_auprc=0.4532)
epoch 51: loss=0.9968 val_auprc=0.4615 val_auc=0.8431 val_f1_macro=0.6592 (best_epoch=51, best_auprc=0.4615)
epoch 52: loss=0.9357 val_auprc=0.4707 val_auc=0.8501 val_f1_macro=0.6332 (best_epoch=52, best_auprc=0.4707)
epoch 53: loss=0.9721 val_auprc=0.4796 val_auc=0.8568 val_f1_macro=0.6511 (best_epoch=53, best_auprc=0.4796)
epoch 54: loss=0.9463 val_auprc=0.4861 val_auc=0.8603 val_f1_macro=0.6659 (best_epoch=54, best_auprc=0.4861)
epoch 55: loss=0.9407 val_auprc=0.4929 val_auc=0.8630 val_f1_macro=0.6577 (best_epoch=55, best_auprc=0.4929)
epoch 56: loss=0.9791 val_auprc=0.5047 val_auc=0.8657 val_f1_macro=0.6453 (best_epoch=56, best_auprc=0.5047)
epoch 57: loss=0.8728 val_auprc=0.5060 val_auc=0.8669 val_f1_macro=0.6533 (best_epoch=57, best_auprc=0.5060)
epoch 58: loss=0.9223 val_auprc=0.5077 val_auc=0.8685 val_f1_macro=0.6800 (best_epoch=58, best_auprc=0.5077)
epoch 59: loss=0.9434 val_auprc=0.5058 val_auc=0.8684 val_f1_macro=0.6725 (best_epoch=58, best_auprc=0.5077)
epoch 60: loss=0.9241 val_auprc=0.5029 val_auc=0.8674 val_f1_macro=0.6365 (best_epoch=58, best_auprc=0.5077)
epoch 61: loss=0.9046 val_auprc=0.5049 val_auc=0.8683 val_f1_macro=0.6448 (best_epoch=58, best_auprc=0.5077)
epoch 62: loss=0.9256 val_auprc=0.5064 val_auc=0.8695 val_f1_macro=0.6594 (best_epoch=58, best_auprc=0.5077)
epoch 63: loss=0.9597 val_auprc=0.5040 val_auc=0.8691 val_f1_macro=0.6679 (best_epoch=58, best_auprc=0.5077)
epoch 64: loss=0.8624 val_auprc=0.5040 val_auc=0.8694 val_f1_macro=0.6733 (best_epoch=58, best_auprc=0.5077)
epoch 65: loss=0.9095 val_auprc=0.5037 val_auc=0.8700 val_f1_macro=0.6799 (best_epoch=58, best_auprc=0.5077)
epoch 66: loss=0.9160 val_auprc=0.5115 val_auc=0.8706 val_f1_macro=0.6846 (best_epoch=66, best_auprc=0.5115)
epoch 67: loss=0.8379 val_auprc=0.5191 val_auc=0.8715 val_f1_macro=0.6835 (best_epoch=67, best_auprc=0.5191)
epoch 68: loss=0.8784 val_auprc=0.5338 val_auc=0.8730 val_f1_macro=0.6838 (best_epoch=68, best_auprc=0.5338)
epoch 69: loss=0.9584 val_auprc=0.5359 val_auc=0.8724 val_f1_macro=0.6620 (best_epoch=69, best_auprc=0.5359)
epoch 70: loss=0.8764 val_auprc=0.5395 val_auc=0.8725 val_f1_macro=0.6458 (best_epoch=70, best_auprc=0.5395)
epoch 71: loss=0.8947 val_auprc=0.5475 val_auc=0.8756 val_f1_macro=0.6562 (best_epoch=71, best_auprc=0.5475)
epoch 72: loss=0.8440 val_auprc=0.5595 val_auc=0.8796 val_f1_macro=0.6794 (best_epoch=72, best_auprc=0.5595)
epoch 73: loss=0.8721 val_auprc=0.5730 val_auc=0.8829 val_f1_macro=0.6784 (best_epoch=73, best_auprc=0.5730)
epoch 74: loss=0.9398 val_auprc=0.5771 val_auc=0.8838 val_f1_macro=0.6765 (best_epoch=74, best_auprc=0.5771)
epoch 75: loss=0.8931 val_auprc=0.5836 val_auc=0.8862 val_f1_macro=0.6945 (best_epoch=75, best_auprc=0.5836)
epoch 76: loss=0.9287 val_auprc=0.5893 val_auc=0.8887 val_f1_macro=0.7183 (best_epoch=76, best_auprc=0.5893)
epoch 77: loss=0.8441 val_auprc=0.5913 val_auc=0.8893 val_f1_macro=0.7136 (best_epoch=77, best_auprc=0.5913)
epoch 78: loss=0.8655 val_auprc=0.5934 val_auc=0.8898 val_f1_macro=0.7047 (best_epoch=78, best_auprc=0.5934)
epoch 79: loss=0.8266 val_auprc=0.5889 val_auc=0.8879 val_f1_macro=0.6711 (best_epoch=78, best_auprc=0.5934)
epoch 80: loss=0.8423 val_auprc=0.5925 val_auc=0.8904 val_f1_macro=0.6842 (best_epoch=78, best_auprc=0.5934)
epoch 81: loss=0.8491 val_auprc=0.5997 val_auc=0.8944 val_f1_macro=0.7295 (best_epoch=81, best_auprc=0.5997)
epoch 82: loss=0.8280 val_auprc=0.6020 val_auc=0.8959 val_f1_macro=0.7374 (best_epoch=82, best_auprc=0.6020)
epoch 83: loss=0.8591 val_auprc=0.5970 val_auc=0.8947 val_f1_macro=0.7092 (best_epoch=82, best_auprc=0.6020)
epoch 84: loss=0.8191 val_auprc=0.5945 val_auc=0.8936 val_f1_macro=0.6897 (best_epoch=82, best_auprc=0.6020)
epoch 85: loss=0.8138 val_auprc=0.6051 val_auc=0.8965 val_f1_macro=0.7143 (best_epoch=85, best_auprc=0.6051)
epoch 86: loss=0.8592 val_auprc=0.5982 val_auc=0.8952 val_f1_macro=0.7222 (best_epoch=85, best_auprc=0.6051)
epoch 87: loss=0.8413 val_auprc=0.5911 val_auc=0.8940 val_f1_macro=0.7086 (best_epoch=85, best_auprc=0.6051)
epoch 88: loss=0.7823 val_auprc=0.5829 val_auc=0.8931 val_f1_macro=0.7042 (best_epoch=85, best_auprc=0.6051)
epoch 89: loss=0.9497 val_auprc=0.5837 val_auc=0.8930 val_f1_macro=0.7204 (best_epoch=85, best_auprc=0.6051)
epoch 90: loss=0.7895 val_auprc=0.5909 val_auc=0.8947 val_f1_macro=0.7341 (best_epoch=85, best_auprc=0.6051)
epoch 91: loss=0.8221 val_auprc=0.5941 val_auc=0.8950 val_f1_macro=0.7356 (best_epoch=85, best_auprc=0.6051)
epoch 92: loss=0.7993 val_auprc=0.5990 val_auc=0.8957 val_f1_macro=0.7370 (best_epoch=85, best_auprc=0.6051)
epoch 93: loss=0.8374 val_auprc=0.6003 val_auc=0.8959 val_f1_macro=0.7301 (best_epoch=85, best_auprc=0.6051)
epoch 94: loss=0.8042 val_auprc=0.6011 val_auc=0.8958 val_f1_macro=0.7253 (best_epoch=85, best_auprc=0.6051)
epoch 95: loss=0.8710 val_auprc=0.6053 val_auc=0.8966 val_f1_macro=0.7245 (best_epoch=95, best_auprc=0.6053)
epoch 96: loss=0.8303 val_auprc=0.6123 val_auc=0.8984 val_f1_macro=0.7273 (best_epoch=96, best_auprc=0.6123)
epoch 97: loss=0.8380 val_auprc=0.6209 val_auc=0.9004 val_f1_macro=0.7311 (best_epoch=97, best_auprc=0.6209)
epoch 98: loss=0.8275 val_auprc=0.6274 val_auc=0.9019 val_f1_macro=0.7354 (best_epoch=98, best_auprc=0.6274)
epoch 99: loss=0.8445 val_auprc=0.6349 val_auc=0.9028 val_f1_macro=0.7291 (best_epoch=99, best_auprc=0.6349)
Selected threshold (best val macro-F1): 0.75 (val F1=0.7973)
TEST metrics: {'auprc': 0.6207157801520927, 'auc': 0.902544344748611, 'f1_macro': 0.807483879925925, 'recall': 0.6578657865786579, 'threshold_used': 0.7500000000000001, 'best_epoch': 99}