=== Run: splitgnn_tsocial_unified_tr20_seed42_a6000_20260919T064240Z ===
Result dir: /workspace/splitgnn_vast/results/splitgnn/tsocial/unified/tr20/seed_42
Split overlap checks: PASSED
train=173432 valid=173432 test=346864
Model source commit: 32fbdb836781d5c02523844a7079425f89be8831
Config SHA256: 1a1448d46cb1e1ad3d4765906c3dfb25448f5f31d4473060a0d88edcd69b5407
Split SHA256: 197cd8a496ca269cfa2affeea08837bb97bc55181f878b36cc724036ba6d001b
epoch 0: loss=1.7206 val_auprc=0.0581 val_auc=0.7152 val_f1_macro=0.4923 (best_epoch=0, best_auprc=0.0581)
epoch 1: loss=1.7076 val_auprc=0.1124 val_auc=0.7837 val_f1_macro=0.4923 (best_epoch=1, best_auprc=0.1124)
epoch 2: loss=1.7002 val_auprc=0.1672 val_auc=0.7988 val_f1_macro=0.4923 (best_epoch=2, best_auprc=0.1672)
epoch 3: loss=1.6945 val_auprc=0.1941 val_auc=0.8033 val_f1_macro=0.4923 (best_epoch=3, best_auprc=0.1941)
epoch 4: loss=1.6885 val_auprc=0.2097 val_auc=0.8056 val_f1_macro=0.4961 (best_epoch=4, best_auprc=0.2097)
epoch 5: loss=1.6814 val_auprc=0.2258 val_auc=0.8100 val_f1_macro=0.6178 (best_epoch=5, best_auprc=0.2258)
epoch 6: loss=1.6733 val_auprc=0.2338 val_auc=0.8120 val_f1_macro=0.5343 (best_epoch=6, best_auprc=0.2338)
epoch 7: loss=1.6637 val_auprc=0.2379 val_auc=0.8126 val_f1_macro=0.4055 (best_epoch=7, best_auprc=0.2379)
epoch 8: loss=1.6532 val_auprc=0.2394 val_auc=0.8124 val_f1_macro=0.3491 (best_epoch=8, best_auprc=0.2394)
epoch 9: loss=1.6401 val_auprc=0.2396 val_auc=0.8114 val_f1_macro=0.3489 (best_epoch=9, best_auprc=0.2396)
epoch 10: loss=1.6265 val_auprc=0.2388 val_auc=0.8103 val_f1_macro=0.3724 (best_epoch=9, best_auprc=0.2396)
epoch 11: loss=1.6089 val_auprc=0.2374 val_auc=0.8090 val_f1_macro=0.4044 (best_epoch=9, best_auprc=0.2396)
epoch 12: loss=1.5901 val_auprc=0.2353 val_auc=0.8080 val_f1_macro=0.4351 (best_epoch=9, best_auprc=0.2396)
epoch 13: loss=1.5700 val_auprc=0.2338 val_auc=0.8071 val_f1_macro=0.4564 (best_epoch=9, best_auprc=0.2396)
epoch 14: loss=1.5450 val_auprc=0.2326 val_auc=0.8062 val_f1_macro=0.4706 (best_epoch=9, best_auprc=0.2396)
epoch 15: loss=1.5226 val_auprc=0.2323 val_auc=0.8055 val_f1_macro=0.4799 (best_epoch=9, best_auprc=0.2396)
epoch 16: loss=1.4990 val_auprc=0.2330 val_auc=0.8052 val_f1_macro=0.4867 (best_epoch=9, best_auprc=0.2396)
epoch 17: loss=1.4743 val_auprc=0.2347 val_auc=0.8054 val_f1_macro=0.4902 (best_epoch=9, best_auprc=0.2396)
epoch 18: loss=1.4634 val_auprc=0.2376 val_auc=0.8068 val_f1_macro=0.4929 (best_epoch=9, best_auprc=0.2396)
epoch 19: loss=1.4505 val_auprc=0.2412 val_auc=0.8093 val_f1_macro=0.4994 (best_epoch=19, best_auprc=0.2412)
epoch 20: loss=1.4308 val_auprc=0.2457 val_auc=0.8128 val_f1_macro=0.5036 (best_epoch=20, best_auprc=0.2457)
epoch 21: loss=1.4185 val_auprc=0.2504 val_auc=0.8168 val_f1_macro=0.5046 (best_epoch=21, best_auprc=0.2504)
epoch 22: loss=1.4148 val_auprc=0.2544 val_auc=0.8207 val_f1_macro=0.5056 (best_epoch=22, best_auprc=0.2544)
epoch 23: loss=1.3994 val_auprc=0.2582 val_auc=0.8239 val_f1_macro=0.5048 (best_epoch=23, best_auprc=0.2582)
epoch 24: loss=1.3814 val_auprc=0.2609 val_auc=0.8264 val_f1_macro=0.5027 (best_epoch=24, best_auprc=0.2609)
epoch 25: loss=1.3574 val_auprc=0.2626 val_auc=0.8278 val_f1_macro=0.4996 (best_epoch=25, best_auprc=0.2626)
epoch 26: loss=1.3377 val_auprc=0.2638 val_auc=0.8290 val_f1_macro=0.4961 (best_epoch=26, best_auprc=0.2638)
epoch 27: loss=1.3268 val_auprc=0.2646 val_auc=0.8301 val_f1_macro=0.4961 (best_epoch=27, best_auprc=0.2646)
epoch 28: loss=1.3111 val_auprc=0.2654 val_auc=0.8314 val_f1_macro=0.4991 (best_epoch=28, best_auprc=0.2654)
epoch 29: loss=1.3001 val_auprc=0.2663 val_auc=0.8330 val_f1_macro=0.5041 (best_epoch=29, best_auprc=0.2663)
epoch 30: loss=1.2914 val_auprc=0.2670 val_auc=0.8346 val_f1_macro=0.5081 (best_epoch=30, best_auprc=0.2670)
epoch 31: loss=1.2757 val_auprc=0.2678 val_auc=0.8359 val_f1_macro=0.5081 (best_epoch=31, best_auprc=0.2678)
epoch 32: loss=1.2649 val_auprc=0.2687 val_auc=0.8372 val_f1_macro=0.5041 (best_epoch=32, best_auprc=0.2687)
epoch 33: loss=1.2571 val_auprc=0.2698 val_auc=0.8385 val_f1_macro=0.4975 (best_epoch=33, best_auprc=0.2698)
epoch 34: loss=1.2502 val_auprc=0.2709 val_auc=0.8397 val_f1_macro=0.4909 (best_epoch=34, best_auprc=0.2709)
epoch 35: loss=1.2413 val_auprc=0.2720 val_auc=0.8405 val_f1_macro=0.4880 (best_epoch=35, best_auprc=0.2720)
epoch 36: loss=1.2337 val_auprc=0.2733 val_auc=0.8414 val_f1_macro=0.4895 (best_epoch=36, best_auprc=0.2733)
epoch 37: loss=1.2216 val_auprc=0.2744 val_auc=0.8422 val_f1_macro=0.4931 (best_epoch=37, best_auprc=0.2744)
epoch 38: loss=1.2159 val_auprc=0.2759 val_auc=0.8430 val_f1_macro=0.4968 (best_epoch=38, best_auprc=0.2759)
epoch 39: loss=1.2120 val_auprc=0.2773 val_auc=0.8439 val_f1_macro=0.4991 (best_epoch=39, best_auprc=0.2773)
epoch 40: loss=1.2113 val_auprc=0.2788 val_auc=0.8448 val_f1_macro=0.4989 (best_epoch=40, best_auprc=0.2788)
epoch 41: loss=1.2051 val_auprc=0.2803 val_auc=0.8459 val_f1_macro=0.4954 (best_epoch=41, best_auprc=0.2803)
epoch 42: loss=1.1958 val_auprc=0.2820 val_auc=0.8470 val_f1_macro=0.4902 (best_epoch=42, best_auprc=0.2820)
epoch 43: loss=1.1977 val_auprc=0.2836 val_auc=0.8482 val_f1_macro=0.4873 (best_epoch=43, best_auprc=0.2836)
epoch 44: loss=1.1891 val_auprc=0.2854 val_auc=0.8496 val_f1_macro=0.4872 (best_epoch=44, best_auprc=0.2854)
epoch 45: loss=1.1895 val_auprc=0.2874 val_auc=0.8508 val_f1_macro=0.4919 (best_epoch=45, best_auprc=0.2874)
epoch 46: loss=1.1798 val_auprc=0.2893 val_auc=0.8519 val_f1_macro=0.4971 (best_epoch=46, best_auprc=0.2893)
epoch 47: loss=1.1801 val_auprc=0.2913 val_auc=0.8527 val_f1_macro=0.5012 (best_epoch=47, best_auprc=0.2913)
epoch 48: loss=1.1656 val_auprc=0.2929 val_auc=0.8533 val_f1_macro=0.5031 (best_epoch=48, best_auprc=0.2929)
epoch 49: loss=1.1719 val_auprc=0.2948 val_auc=0.8537 val_f1_macro=0.5036 (best_epoch=49, best_auprc=0.2948)
epoch 50: loss=1.1648 val_auprc=0.2970 val_auc=0.8547 val_f1_macro=0.5046 (best_epoch=50, best_auprc=0.2970)
epoch 51: loss=1.1671 val_auprc=0.2998 val_auc=0.8560 val_f1_macro=0.5056 (best_epoch=51, best_auprc=0.2998)
epoch 52: loss=1.1581 val_auprc=0.3023 val_auc=0.8574 val_f1_macro=0.5057 (best_epoch=52, best_auprc=0.3023)
epoch 53: loss=1.1507 val_auprc=0.3050 val_auc=0.8590 val_f1_macro=0.5051 (best_epoch=53, best_auprc=0.3050)
epoch 54: loss=1.1575 val_auprc=0.3072 val_auc=0.8604 val_f1_macro=0.5044 (best_epoch=54, best_auprc=0.3072)
epoch 55: loss=1.1484 val_auprc=0.3090 val_auc=0.8617 val_f1_macro=0.5047 (best_epoch=55, best_auprc=0.3090)
epoch 56: loss=1.1517 val_auprc=0.3100 val_auc=0.8627 val_f1_macro=0.5069 (best_epoch=56, best_auprc=0.3100)
epoch 57: loss=1.1477 val_auprc=0.3111 val_auc=0.8638 val_f1_macro=0.5117 (best_epoch=57, best_auprc=0.3111)
epoch 58: loss=1.1364 val_auprc=0.3123 val_auc=0.8649 val_f1_macro=0.5170 (best_epoch=58, best_auprc=0.3123)
epoch 59: loss=1.1431 val_auprc=0.3134 val_auc=0.8658 val_f1_macro=0.5216 (best_epoch=59, best_auprc=0.3134)
epoch 60: loss=1.1399 val_auprc=0.3150 val_auc=0.8668 val_f1_macro=0.5243 (best_epoch=60, best_auprc=0.3150)
epoch 61: loss=1.1415 val_auprc=0.3169 val_auc=0.8679 val_f1_macro=0.5250 (best_epoch=61, best_auprc=0.3169)
epoch 62: loss=1.1398 val_auprc=0.3191 val_auc=0.8689 val_f1_macro=0.5229 (best_epoch=62, best_auprc=0.3191)
epoch 63: loss=1.1449 val_auprc=0.3217 val_auc=0.8700 val_f1_macro=0.5189 (best_epoch=63, best_auprc=0.3217)
epoch 64: loss=1.1328 val_auprc=0.3246 val_auc=0.8713 val_f1_macro=0.5150 (best_epoch=64, best_auprc=0.3246)
epoch 65: loss=1.1313 val_auprc=0.3278 val_auc=0.8725 val_f1_macro=0.5133 (best_epoch=65, best_auprc=0.3278)
epoch 66: loss=1.1313 val_auprc=0.3308 val_auc=0.8739 val_f1_macro=0.5135 (best_epoch=66, best_auprc=0.3308)
epoch 67: loss=1.1298 val_auprc=0.3335 val_auc=0.8749 val_f1_macro=0.5129 (best_epoch=67, best_auprc=0.3335)
epoch 68: loss=1.1239 val_auprc=0.3359 val_auc=0.8756 val_f1_macro=0.5110 (best_epoch=68, best_auprc=0.3359)
epoch 69: loss=1.1219 val_auprc=0.3388 val_auc=0.8763 val_f1_macro=0.5109 (best_epoch=69, best_auprc=0.3388)
epoch 70: loss=1.1199 val_auprc=0.3424 val_auc=0.8774 val_f1_macro=0.5155 (best_epoch=70, best_auprc=0.3424)
epoch 71: loss=1.1185 val_auprc=0.3458 val_auc=0.8784 val_f1_macro=0.5175 (best_epoch=71, best_auprc=0.3458)
epoch 72: loss=1.1195 val_auprc=0.3490 val_auc=0.8795 val_f1_macro=0.5170 (best_epoch=72, best_auprc=0.3490)
epoch 73: loss=1.1170 val_auprc=0.3525 val_auc=0.8808 val_f1_macro=0.5208 (best_epoch=73, best_auprc=0.3525)
epoch 74: loss=1.1215 val_auprc=0.3555 val_auc=0.8819 val_f1_macro=0.5282 (best_epoch=74, best_auprc=0.3555)
epoch 75: loss=1.1085 val_auprc=0.3578 val_auc=0.8828 val_f1_macro=0.5275 (best_epoch=75, best_auprc=0.3578)
epoch 76: loss=1.1107 val_auprc=0.3584 val_auc=0.8831 val_f1_macro=0.5238 (best_epoch=76, best_auprc=0.3584)
epoch 77: loss=1.1085 val_auprc=0.3596 val_auc=0.8835 val_f1_macro=0.5248 (best_epoch=77, best_auprc=0.3596)
epoch 78: loss=1.1154 val_auprc=0.3626 val_auc=0.8847 val_f1_macro=0.5357 (best_epoch=78, best_auprc=0.3626)
epoch 79: loss=1.1147 val_auprc=0.3660 val_auc=0.8860 val_f1_macro=0.5423 (best_epoch=79, best_auprc=0.3660)
epoch 80: loss=1.1079 val_auprc=0.3677 val_auc=0.8867 val_f1_macro=0.5345 (best_epoch=80, best_auprc=0.3677)
epoch 81: loss=1.1074 val_auprc=0.3688 val_auc=0.8876 val_f1_macro=0.5266 (best_epoch=81, best_auprc=0.3688)
epoch 82: loss=1.1031 val_auprc=0.3705 val_auc=0.8887 val_f1_macro=0.5251 (best_epoch=82, best_auprc=0.3705)
epoch 83: loss=1.0978 val_auprc=0.3728 val_auc=0.8902 val_f1_macro=0.5342 (best_epoch=83, best_auprc=0.3728)
epoch 84: loss=1.1020 val_auprc=0.3743 val_auc=0.8914 val_f1_macro=0.5449 (best_epoch=84, best_auprc=0.3743)
epoch 85: loss=1.1002 val_auprc=0.3727 val_auc=0.8920 val_f1_macro=0.5393 (best_epoch=84, best_auprc=0.3743)
epoch 86: loss=1.1068 val_auprc=0.3719 val_auc=0.8925 val_f1_macro=0.5342 (best_epoch=84, best_auprc=0.3743)
epoch 87: loss=1.0946 val_auprc=0.3732 val_auc=0.8934 val_f1_macro=0.5331 (best_epoch=84, best_auprc=0.3743)
epoch 88: loss=1.0963 val_auprc=0.3774 val_auc=0.8944 val_f1_macro=0.5436 (best_epoch=88, best_auprc=0.3774)
epoch 89: loss=1.1018 val_auprc=0.3814 val_auc=0.8951 val_f1_macro=0.5494 (best_epoch=89, best_auprc=0.3814)
epoch 90: loss=1.1044 val_auprc=0.3816 val_auc=0.8954 val_f1_macro=0.5398 (best_epoch=90, best_auprc=0.3816)
epoch 91: loss=1.0919 val_auprc=0.3804 val_auc=0.8958 val_f1_macro=0.5325 (best_epoch=90, best_auprc=0.3816)
epoch 92: loss=1.0861 val_auprc=0.3801 val_auc=0.8967 val_f1_macro=0.5392 (best_epoch=90, best_auprc=0.3816)
epoch 93: loss=1.1001 val_auprc=0.3820 val_auc=0.8976 val_f1_macro=0.5566 (best_epoch=93, best_auprc=0.3820)
epoch 94: loss=1.0923 val_auprc=0.3831 val_auc=0.8985 val_f1_macro=0.5505 (best_epoch=94, best_auprc=0.3831)
epoch 95: loss=1.0962 val_auprc=0.3859 val_auc=0.8994 val_f1_macro=0.5459 (best_epoch=95, best_auprc=0.3859)
epoch 96: loss=1.0881 val_auprc=0.3892 val_auc=0.9004 val_f1_macro=0.5501 (best_epoch=96, best_auprc=0.3892)
epoch 97: loss=1.0942 val_auprc=0.3931 val_auc=0.9013 val_f1_macro=0.5637 (best_epoch=97, best_auprc=0.3931)
epoch 98: loss=1.0773 val_auprc=0.3917 val_auc=0.9014 val_f1_macro=0.5437 (best_epoch=97, best_auprc=0.3931)
epoch 99: loss=1.0763 val_auprc=0.3922 val_auc=0.9017 val_f1_macro=0.5329 (best_epoch=97, best_auprc=0.3931)
Selected threshold (best val macro-F1): 0.85 (val F1=0.7077)
TEST metrics: {'auprc': 0.41070836640354735, 'auc': 0.9055589191921671, 'f1_macro': 0.7117099156952988, 'recall': 0.4204838863918906, 'threshold_used': 0.8500000000000001, 'best_epoch': 97}