=== Run: splitgnn_amazon_unified_tr30_seed2_a6000_20260917T232243Z ===
Result dir: /workspace/splitgnn_vast/results/splitgnn/amazon/unified/tr30/seed_2
Split overlap checks: PASSED
train=3584 valid=2389 test=4777
Model source commit: 32fbdb836781d5c02523844a7079425f89be8831
Config SHA256: ea402ebac69389cd4cb2f9786d1c15c0ee8858e3ef071c51157bedad0b463360
Split SHA256: 194b49f7cac03b0081747e62cd5d422718e854d4350e200337c19b7663dca8dc
epoch 0: loss=1.6915 val_auprc=0.0456 val_auc=0.3050 val_f1_macro=0.0642 (best_epoch=0, best_auprc=0.0456)
epoch 1: loss=1.6588 val_auprc=0.0591 val_auc=0.4644 val_f1_macro=0.2955 (best_epoch=1, best_auprc=0.0591)
epoch 2: loss=1.5494 val_auprc=0.1558 val_auc=0.7145 val_f1_macro=0.4822 (best_epoch=2, best_auprc=0.1558)
epoch 3: loss=1.5874 val_auprc=0.1677 val_auc=0.7283 val_f1_macro=0.3160 (best_epoch=3, best_auprc=0.1677)
epoch 4: loss=1.4507 val_auprc=0.2299 val_auc=0.7439 val_f1_macro=0.3020 (best_epoch=4, best_auprc=0.2299)
epoch 5: loss=1.4072 val_auprc=0.2638 val_auc=0.7655 val_f1_macro=0.3085 (best_epoch=5, best_auprc=0.2638)
epoch 6: loss=1.3792 val_auprc=0.1020 val_auc=0.6236 val_f1_macro=0.3157 (best_epoch=5, best_auprc=0.2638)
epoch 7: loss=1.3883 val_auprc=0.0922 val_auc=0.5988 val_f1_macro=0.3169 (best_epoch=5, best_auprc=0.2638)
epoch 8: loss=1.3906 val_auprc=0.1147 val_auc=0.6236 val_f1_macro=0.3166 (best_epoch=5, best_auprc=0.2638)
epoch 9: loss=1.3517 val_auprc=0.1321 val_auc=0.7106 val_f1_macro=0.3133 (best_epoch=5, best_auprc=0.2638)
epoch 10: loss=1.3103 val_auprc=0.1301 val_auc=0.6996 val_f1_macro=0.2781 (best_epoch=5, best_auprc=0.2638)
epoch 11: loss=1.6682 val_auprc=0.1449 val_auc=0.7234 val_f1_macro=0.3169 (best_epoch=5, best_auprc=0.2638)
epoch 12: loss=1.3122 val_auprc=0.0573 val_auc=0.4545 val_f1_macro=0.3199 (best_epoch=5, best_auprc=0.2638)
epoch 13: loss=1.3272 val_auprc=0.0577 val_auc=0.4587 val_f1_macro=0.3196 (best_epoch=5, best_auprc=0.2638)
epoch 14: loss=1.3282 val_auprc=0.0664 val_auc=0.5172 val_f1_macro=0.3166 (best_epoch=5, best_auprc=0.2638)
epoch 15: loss=1.3106 val_auprc=0.2807 val_auc=0.7723 val_f1_macro=0.3068 (best_epoch=15, best_auprc=0.2807)
epoch 16: loss=1.2964 val_auprc=0.2384 val_auc=0.7670 val_f1_macro=0.3021 (best_epoch=15, best_auprc=0.2807)
epoch 17: loss=1.2690 val_auprc=0.2328 val_auc=0.7659 val_f1_macro=0.3096 (best_epoch=15, best_auprc=0.2807)
epoch 18: loss=1.2893 val_auprc=0.2318 val_auc=0.7672 val_f1_macro=0.2961 (best_epoch=15, best_auprc=0.2807)
epoch 19: loss=1.2519 val_auprc=0.2324 val_auc=0.7706 val_f1_macro=0.2701 (best_epoch=15, best_auprc=0.2807)
epoch 20: loss=1.2355 val_auprc=0.2326 val_auc=0.7731 val_f1_macro=0.2829 (best_epoch=15, best_auprc=0.2807)
epoch 21: loss=1.2072 val_auprc=0.3220 val_auc=0.7839 val_f1_macro=0.3122 (best_epoch=21, best_auprc=0.3220)
epoch 22: loss=1.1918 val_auprc=0.3382 val_auc=0.7906 val_f1_macro=0.2921 (best_epoch=22, best_auprc=0.3382)
epoch 23: loss=1.1802 val_auprc=0.3629 val_auc=0.7982 val_f1_macro=0.3032 (best_epoch=23, best_auprc=0.3629)
epoch 24: loss=1.1145 val_auprc=0.3781 val_auc=0.8073 val_f1_macro=0.4121 (best_epoch=24, best_auprc=0.3781)
epoch 25: loss=1.0997 val_auprc=0.3873 val_auc=0.8163 val_f1_macro=0.5270 (best_epoch=25, best_auprc=0.3873)
epoch 26: loss=1.0771 val_auprc=0.3845 val_auc=0.8249 val_f1_macro=0.5777 (best_epoch=25, best_auprc=0.3873)
epoch 27: loss=1.0690 val_auprc=0.3909 val_auc=0.8341 val_f1_macro=0.6156 (best_epoch=27, best_auprc=0.3909)
epoch 28: loss=1.2160 val_auprc=0.3938 val_auc=0.8374 val_f1_macro=0.6515 (best_epoch=28, best_auprc=0.3938)
epoch 29: loss=1.1263 val_auprc=0.3945 val_auc=0.8406 val_f1_macro=0.6435 (best_epoch=29, best_auprc=0.3945)
epoch 30: loss=1.0415 val_auprc=0.3966 val_auc=0.8439 val_f1_macro=0.6457 (best_epoch=30, best_auprc=0.3966)
epoch 31: loss=0.9894 val_auprc=0.3918 val_auc=0.8423 val_f1_macro=0.6565 (best_epoch=30, best_auprc=0.3966)
epoch 32: loss=1.0263 val_auprc=0.3922 val_auc=0.8429 val_f1_macro=0.6539 (best_epoch=30, best_auprc=0.3966)
epoch 33: loss=1.0389 val_auprc=0.3990 val_auc=0.8415 val_f1_macro=0.6509 (best_epoch=33, best_auprc=0.3990)
epoch 34: loss=1.0171 val_auprc=0.4058 val_auc=0.8463 val_f1_macro=0.6547 (best_epoch=34, best_auprc=0.4058)
epoch 35: loss=0.9867 val_auprc=0.4085 val_auc=0.8482 val_f1_macro=0.6601 (best_epoch=35, best_auprc=0.4085)
epoch 36: loss=0.9846 val_auprc=0.4071 val_auc=0.8481 val_f1_macro=0.6662 (best_epoch=35, best_auprc=0.4085)
epoch 37: loss=0.9937 val_auprc=0.4001 val_auc=0.8341 val_f1_macro=0.7025 (best_epoch=35, best_auprc=0.4085)
epoch 38: loss=1.0966 val_auprc=0.4065 val_auc=0.8378 val_f1_macro=0.7099 (best_epoch=35, best_auprc=0.4085)
epoch 39: loss=1.1571 val_auprc=0.4213 val_auc=0.8502 val_f1_macro=0.6771 (best_epoch=39, best_auprc=0.4213)
epoch 40: loss=1.0523 val_auprc=0.4299 val_auc=0.8605 val_f1_macro=0.6512 (best_epoch=40, best_auprc=0.4299)
epoch 41: loss=1.1044 val_auprc=0.4286 val_auc=0.8642 val_f1_macro=0.6521 (best_epoch=40, best_auprc=0.4299)
epoch 42: loss=1.0569 val_auprc=0.4236 val_auc=0.8623 val_f1_macro=0.6669 (best_epoch=40, best_auprc=0.4299)
epoch 43: loss=1.0684 val_auprc=0.4168 val_auc=0.8630 val_f1_macro=0.6681 (best_epoch=40, best_auprc=0.4299)
epoch 44: loss=1.0834 val_auprc=0.4128 val_auc=0.8632 val_f1_macro=0.6518 (best_epoch=40, best_auprc=0.4299)
epoch 45: loss=1.0300 val_auprc=0.4134 val_auc=0.8622 val_f1_macro=0.6247 (best_epoch=40, best_auprc=0.4299)
epoch 46: loss=1.0320 val_auprc=0.4177 val_auc=0.8632 val_f1_macro=0.6223 (best_epoch=40, best_auprc=0.4299)
epoch 47: loss=1.0220 val_auprc=0.4167 val_auc=0.8646 val_f1_macro=0.6392 (best_epoch=40, best_auprc=0.4299)
epoch 48: loss=1.0182 val_auprc=0.4129 val_auc=0.8649 val_f1_macro=0.6515 (best_epoch=40, best_auprc=0.4299)
epoch 49: loss=1.0120 val_auprc=0.4164 val_auc=0.8643 val_f1_macro=0.6550 (best_epoch=40, best_auprc=0.4299)
epoch 50: loss=1.0558 val_auprc=0.4210 val_auc=0.8637 val_f1_macro=0.6564 (best_epoch=40, best_auprc=0.4299)
epoch 51: loss=1.0242 val_auprc=0.4274 val_auc=0.8665 val_f1_macro=0.6523 (best_epoch=40, best_auprc=0.4299)
epoch 52: loss=0.9925 val_auprc=0.4335 val_auc=0.8720 val_f1_macro=0.6446 (best_epoch=52, best_auprc=0.4335)
epoch 53: loss=1.0091 val_auprc=0.4352 val_auc=0.8723 val_f1_macro=0.6435 (best_epoch=53, best_auprc=0.4352)
epoch 54: loss=1.0280 val_auprc=0.4315 val_auc=0.8714 val_f1_macro=0.6431 (best_epoch=53, best_auprc=0.4352)
epoch 55: loss=1.0122 val_auprc=0.4205 val_auc=0.8690 val_f1_macro=0.6458 (best_epoch=53, best_auprc=0.4352)
epoch 56: loss=0.9884 val_auprc=0.4378 val_auc=0.8690 val_f1_macro=0.6493 (best_epoch=56, best_auprc=0.4378)
epoch 57: loss=1.0259 val_auprc=0.4456 val_auc=0.8762 val_f1_macro=0.6457 (best_epoch=57, best_auprc=0.4456)
epoch 58: loss=0.9722 val_auprc=0.4380 val_auc=0.8780 val_f1_macro=0.6436 (best_epoch=57, best_auprc=0.4456)
epoch 59: loss=0.9889 val_auprc=0.4299 val_auc=0.8770 val_f1_macro=0.6446 (best_epoch=57, best_auprc=0.4456)
epoch 60: loss=0.9607 val_auprc=0.4237 val_auc=0.8747 val_f1_macro=0.6428 (best_epoch=57, best_auprc=0.4456)
epoch 61: loss=0.9308 val_auprc=0.4301 val_auc=0.8747 val_f1_macro=0.6475 (best_epoch=57, best_auprc=0.4456)
epoch 62: loss=0.9387 val_auprc=0.4311 val_auc=0.8742 val_f1_macro=0.6530 (best_epoch=57, best_auprc=0.4456)
epoch 63: loss=0.9551 val_auprc=0.4360 val_auc=0.8759 val_f1_macro=0.6424 (best_epoch=57, best_auprc=0.4456)
epoch 64: loss=0.9008 val_auprc=0.4419 val_auc=0.8759 val_f1_macro=0.6165 (best_epoch=57, best_auprc=0.4456)
epoch 65: loss=0.8795 val_auprc=0.4522 val_auc=0.8766 val_f1_macro=0.6151 (best_epoch=65, best_auprc=0.4522)
epoch 66: loss=0.9846 val_auprc=0.4572 val_auc=0.8685 val_f1_macro=0.6933 (best_epoch=66, best_auprc=0.4572)
epoch 67: loss=1.0160 val_auprc=0.4525 val_auc=0.8633 val_f1_macro=0.6950 (best_epoch=66, best_auprc=0.4572)
epoch 68: loss=1.1373 val_auprc=0.4529 val_auc=0.8666 val_f1_macro=0.6625 (best_epoch=66, best_auprc=0.4572)
epoch 69: loss=1.0954 val_auprc=0.4551 val_auc=0.8784 val_f1_macro=0.6233 (best_epoch=66, best_auprc=0.4572)
epoch 70: loss=1.0246 val_auprc=0.4407 val_auc=0.8766 val_f1_macro=0.5527 (best_epoch=66, best_auprc=0.4572)
epoch 71: loss=1.0630 val_auprc=0.4303 val_auc=0.8693 val_f1_macro=0.5503 (best_epoch=66, best_auprc=0.4572)
epoch 72: loss=1.0533 val_auprc=0.4171 val_auc=0.8646 val_f1_macro=0.5979 (best_epoch=66, best_auprc=0.4572)
epoch 73: loss=1.0538 val_auprc=0.4229 val_auc=0.8657 val_f1_macro=0.6424 (best_epoch=66, best_auprc=0.4572)
epoch 74: loss=1.0556 val_auprc=0.4241 val_auc=0.8660 val_f1_macro=0.6558 (best_epoch=66, best_auprc=0.4572)
epoch 75: loss=1.0592 val_auprc=0.4173 val_auc=0.8639 val_f1_macro=0.6616 (best_epoch=66, best_auprc=0.4572)
epoch 76: loss=1.0670 val_auprc=0.4148 val_auc=0.8609 val_f1_macro=0.6533 (best_epoch=66, best_auprc=0.4572)
epoch 77: loss=1.0818 val_auprc=0.4145 val_auc=0.8617 val_f1_macro=0.6426 (best_epoch=66, best_auprc=0.4572)
epoch 78: loss=1.0763 val_auprc=0.4113 val_auc=0.8612 val_f1_macro=0.6304 (best_epoch=66, best_auprc=0.4572)
epoch 79: loss=1.0663 val_auprc=0.4077 val_auc=0.8604 val_f1_macro=0.6202 (best_epoch=66, best_auprc=0.4572)
epoch 80: loss=1.0946 val_auprc=0.4068 val_auc=0.8609 val_f1_macro=0.6151 (best_epoch=66, best_auprc=0.4572)
epoch 81: loss=1.0799 val_auprc=0.4085 val_auc=0.8620 val_f1_macro=0.6241 (best_epoch=66, best_auprc=0.4572)
epoch 82: loss=1.0537 val_auprc=0.4107 val_auc=0.8625 val_f1_macro=0.6367 (best_epoch=66, best_auprc=0.4572)
epoch 83: loss=1.0177 val_auprc=0.4139 val_auc=0.8636 val_f1_macro=0.6429 (best_epoch=66, best_auprc=0.4572)
epoch 84: loss=0.9943 val_auprc=0.4175 val_auc=0.8626 val_f1_macro=0.6500 (best_epoch=66, best_auprc=0.4572)
epoch 85: loss=1.0180 val_auprc=0.4190 val_auc=0.8631 val_f1_macro=0.6505 (best_epoch=66, best_auprc=0.4572)
epoch 86: loss=1.0104 val_auprc=0.4196 val_auc=0.8677 val_f1_macro=0.6445 (best_epoch=66, best_auprc=0.4572)
Early stopping at epoch 86 (no improvement for 20 epochs)
Selected threshold (best val macro-F1): 0.70 (val F1=0.7433)
TEST metrics: {'auprc': 0.5460692346656721, 'auc': 0.8988427106118667, 'f1_macro': 0.7528570627680425, 'recall': 0.5091463414634146, 'threshold_used': 0.7000000000000001, 'best_epoch': 66}