=== Run: splitgnn_yelp_unified_tr20_seed2_a6000_20260917T224527Z ===
Result dir: /workspace/splitgnn_vast/results/splitgnn/yelp/unified/tr20/seed_2
Split overlap checks: PASSED
train=9192 valid=9190 test=18382
Model source commit: 32fbdb836781d5c02523844a7079425f89be8831
Config SHA256: 2b01fbb42c69c58a3ecb936a11add8115795d78cf43b15d099390ea9b6f59b9a
Split SHA256: 448e01069d60e85ede228ac68b6d7208b0a153087127598c26b383b82606bb1f
epoch 0: loss=1.6959 val_auprc=0.2554 val_auc=0.6817 val_f1_macro=0.1268 (best_epoch=0, best_auprc=0.2554)
epoch 1: loss=1.6920 val_auprc=0.2856 val_auc=0.7191 val_f1_macro=0.1268 (best_epoch=1, best_auprc=0.2856)
epoch 2: loss=1.6937 val_auprc=0.3129 val_auc=0.7345 val_f1_macro=0.1268 (best_epoch=2, best_auprc=0.3129)
epoch 3: loss=1.6909 val_auprc=0.3332 val_auc=0.7478 val_f1_macro=0.5487 (best_epoch=3, best_auprc=0.3332)
epoch 4: loss=1.6902 val_auprc=0.3491 val_auc=0.7564 val_f1_macro=0.4608 (best_epoch=4, best_auprc=0.3491)
epoch 5: loss=1.6887 val_auprc=0.3634 val_auc=0.7641 val_f1_macro=0.4608 (best_epoch=5, best_auprc=0.3634)
epoch 6: loss=1.6872 val_auprc=0.3735 val_auc=0.7685 val_f1_macro=0.5068 (best_epoch=6, best_auprc=0.3735)
epoch 7: loss=1.6852 val_auprc=0.3814 val_auc=0.7730 val_f1_macro=0.5488 (best_epoch=7, best_auprc=0.3814)
epoch 8: loss=1.6827 val_auprc=0.3815 val_auc=0.7729 val_f1_macro=0.5486 (best_epoch=8, best_auprc=0.3815)
epoch 9: loss=1.6797 val_auprc=0.3685 val_auc=0.7606 val_f1_macro=0.5486 (best_epoch=8, best_auprc=0.3815)
epoch 10: loss=1.6758 val_auprc=0.3827 val_auc=0.7673 val_f1_macro=0.5487 (best_epoch=10, best_auprc=0.3827)
epoch 11: loss=1.6710 val_auprc=0.3965 val_auc=0.7764 val_f1_macro=0.5487 (best_epoch=11, best_auprc=0.3965)
epoch 12: loss=1.6646 val_auprc=0.4051 val_auc=0.7825 val_f1_macro=0.5487 (best_epoch=12, best_auprc=0.4051)
epoch 13: loss=1.6561 val_auprc=0.4123 val_auc=0.7851 val_f1_macro=0.5486 (best_epoch=13, best_auprc=0.4123)
epoch 14: loss=1.6473 val_auprc=0.4161 val_auc=0.7861 val_f1_macro=0.5486 (best_epoch=14, best_auprc=0.4161)
epoch 15: loss=1.6364 val_auprc=0.4183 val_auc=0.7870 val_f1_macro=0.5490 (best_epoch=15, best_auprc=0.4183)
epoch 16: loss=1.6258 val_auprc=0.4200 val_auc=0.7868 val_f1_macro=0.5492 (best_epoch=16, best_auprc=0.4200)
epoch 17: loss=1.6234 val_auprc=0.4225 val_auc=0.7880 val_f1_macro=0.5519 (best_epoch=17, best_auprc=0.4225)
epoch 18: loss=1.6082 val_auprc=0.4177 val_auc=0.7871 val_f1_macro=0.5678 (best_epoch=17, best_auprc=0.4225)
epoch 19: loss=1.5903 val_auprc=0.4187 val_auc=0.7874 val_f1_macro=0.6066 (best_epoch=17, best_auprc=0.4225)
epoch 20: loss=1.5767 val_auprc=0.4202 val_auc=0.7889 val_f1_macro=0.6316 (best_epoch=17, best_auprc=0.4225)
epoch 21: loss=1.5629 val_auprc=0.4194 val_auc=0.7893 val_f1_macro=0.6200 (best_epoch=17, best_auprc=0.4225)
epoch 22: loss=1.5541 val_auprc=0.4205 val_auc=0.7904 val_f1_macro=0.6282 (best_epoch=17, best_auprc=0.4225)
epoch 23: loss=1.5557 val_auprc=0.4220 val_auc=0.7915 val_f1_macro=0.6618 (best_epoch=17, best_auprc=0.4225)
epoch 24: loss=1.5508 val_auprc=0.4236 val_auc=0.7931 val_f1_macro=0.6383 (best_epoch=24, best_auprc=0.4236)
epoch 25: loss=1.5503 val_auprc=0.4241 val_auc=0.7936 val_f1_macro=0.6613 (best_epoch=25, best_auprc=0.4241)
epoch 26: loss=1.5360 val_auprc=0.4261 val_auc=0.7948 val_f1_macro=0.6639 (best_epoch=26, best_auprc=0.4261)
epoch 27: loss=1.5179 val_auprc=0.4308 val_auc=0.7958 val_f1_macro=0.6417 (best_epoch=27, best_auprc=0.4308)
epoch 28: loss=1.5298 val_auprc=0.4300 val_auc=0.7964 val_f1_macro=0.6711 (best_epoch=27, best_auprc=0.4308)
epoch 29: loss=1.5093 val_auprc=0.4319 val_auc=0.7968 val_f1_macro=0.6694 (best_epoch=29, best_auprc=0.4319)
epoch 30: loss=1.5019 val_auprc=0.4356 val_auc=0.7978 val_f1_macro=0.6528 (best_epoch=30, best_auprc=0.4356)
epoch 31: loss=1.4927 val_auprc=0.4365 val_auc=0.7986 val_f1_macro=0.6502 (best_epoch=31, best_auprc=0.4365)
epoch 32: loss=1.5017 val_auprc=0.4361 val_auc=0.7984 val_f1_macro=0.6655 (best_epoch=31, best_auprc=0.4365)
epoch 33: loss=1.4759 val_auprc=0.4386 val_auc=0.8001 val_f1_macro=0.6488 (best_epoch=33, best_auprc=0.4386)
epoch 34: loss=1.4762 val_auprc=0.4411 val_auc=0.8019 val_f1_macro=0.6263 (best_epoch=34, best_auprc=0.4411)
epoch 35: loss=1.4632 val_auprc=0.4428 val_auc=0.8029 val_f1_macro=0.6525 (best_epoch=35, best_auprc=0.4428)
epoch 36: loss=1.4593 val_auprc=0.4440 val_auc=0.8044 val_f1_macro=0.6569 (best_epoch=36, best_auprc=0.4440)
epoch 37: loss=1.4513 val_auprc=0.4460 val_auc=0.8049 val_f1_macro=0.6454 (best_epoch=37, best_auprc=0.4460)
epoch 38: loss=1.4297 val_auprc=0.4477 val_auc=0.8062 val_f1_macro=0.6499 (best_epoch=38, best_auprc=0.4477)
epoch 39: loss=1.4305 val_auprc=0.4502 val_auc=0.8080 val_f1_macro=0.6672 (best_epoch=39, best_auprc=0.4502)
epoch 40: loss=1.4166 val_auprc=0.4522 val_auc=0.8085 val_f1_macro=0.6530 (best_epoch=40, best_auprc=0.4522)
epoch 41: loss=1.4074 val_auprc=0.4536 val_auc=0.8090 val_f1_macro=0.6451 (best_epoch=41, best_auprc=0.4536)
epoch 42: loss=1.3891 val_auprc=0.4556 val_auc=0.8106 val_f1_macro=0.6605 (best_epoch=42, best_auprc=0.4556)
epoch 43: loss=1.3836 val_auprc=0.4566 val_auc=0.8112 val_f1_macro=0.6476 (best_epoch=43, best_auprc=0.4566)
epoch 44: loss=1.3946 val_auprc=0.4586 val_auc=0.8122 val_f1_macro=0.6572 (best_epoch=44, best_auprc=0.4586)
epoch 45: loss=1.3643 val_auprc=0.4605 val_auc=0.8122 val_f1_macro=0.6509 (best_epoch=45, best_auprc=0.4605)
epoch 46: loss=1.3593 val_auprc=0.4619 val_auc=0.8137 val_f1_macro=0.6537 (best_epoch=46, best_auprc=0.4619)
epoch 47: loss=1.3650 val_auprc=0.4633 val_auc=0.8146 val_f1_macro=0.6468 (best_epoch=47, best_auprc=0.4633)
epoch 48: loss=1.3452 val_auprc=0.4648 val_auc=0.8152 val_f1_macro=0.6422 (best_epoch=48, best_auprc=0.4648)
epoch 49: loss=1.3548 val_auprc=0.4670 val_auc=0.8170 val_f1_macro=0.6519 (best_epoch=49, best_auprc=0.4670)
epoch 50: loss=1.3403 val_auprc=0.4682 val_auc=0.8167 val_f1_macro=0.6425 (best_epoch=50, best_auprc=0.4682)
epoch 51: loss=1.3342 val_auprc=0.4705 val_auc=0.8183 val_f1_macro=0.6519 (best_epoch=51, best_auprc=0.4705)
epoch 52: loss=1.3273 val_auprc=0.4715 val_auc=0.8188 val_f1_macro=0.6419 (best_epoch=52, best_auprc=0.4715)
epoch 53: loss=1.3206 val_auprc=0.4737 val_auc=0.8202 val_f1_macro=0.6426 (best_epoch=53, best_auprc=0.4737)
epoch 54: loss=1.3163 val_auprc=0.4752 val_auc=0.8208 val_f1_macro=0.6397 (best_epoch=54, best_auprc=0.4752)
epoch 55: loss=1.2997 val_auprc=0.4773 val_auc=0.8221 val_f1_macro=0.6420 (best_epoch=55, best_auprc=0.4773)
epoch 56: loss=1.3039 val_auprc=0.4790 val_auc=0.8229 val_f1_macro=0.6542 (best_epoch=56, best_auprc=0.4790)
epoch 57: loss=1.3087 val_auprc=0.4807 val_auc=0.8238 val_f1_macro=0.6399 (best_epoch=57, best_auprc=0.4807)
epoch 58: loss=1.2835 val_auprc=0.4829 val_auc=0.8251 val_f1_macro=0.6471 (best_epoch=58, best_auprc=0.4829)
epoch 59: loss=1.2889 val_auprc=0.4844 val_auc=0.8262 val_f1_macro=0.6443 (best_epoch=59, best_auprc=0.4844)
epoch 60: loss=1.2760 val_auprc=0.4852 val_auc=0.8266 val_f1_macro=0.6327 (best_epoch=60, best_auprc=0.4852)
epoch 61: loss=1.2827 val_auprc=0.4883 val_auc=0.8289 val_f1_macro=0.6598 (best_epoch=61, best_auprc=0.4883)
epoch 62: loss=1.2815 val_auprc=0.4879 val_auc=0.8284 val_f1_macro=0.6411 (best_epoch=61, best_auprc=0.4883)
epoch 63: loss=1.2626 val_auprc=0.4902 val_auc=0.8298 val_f1_macro=0.6436 (best_epoch=63, best_auprc=0.4902)
epoch 64: loss=1.2584 val_auprc=0.4927 val_auc=0.8317 val_f1_macro=0.6515 (best_epoch=64, best_auprc=0.4927)
epoch 65: loss=1.2696 val_auprc=0.4932 val_auc=0.8317 val_f1_macro=0.6342 (best_epoch=65, best_auprc=0.4932)
epoch 66: loss=1.2862 val_auprc=0.4952 val_auc=0.8338 val_f1_macro=0.6630 (best_epoch=66, best_auprc=0.4952)
epoch 67: loss=1.2463 val_auprc=0.4956 val_auc=0.8329 val_f1_macro=0.6500 (best_epoch=67, best_auprc=0.4956)
epoch 68: loss=1.2694 val_auprc=0.4968 val_auc=0.8345 val_f1_macro=0.6568 (best_epoch=68, best_auprc=0.4968)
epoch 69: loss=1.2548 val_auprc=0.4983 val_auc=0.8356 val_f1_macro=0.6502 (best_epoch=69, best_auprc=0.4983)
epoch 70: loss=1.2588 val_auprc=0.4992 val_auc=0.8365 val_f1_macro=0.6436 (best_epoch=70, best_auprc=0.4992)
epoch 71: loss=1.2519 val_auprc=0.5000 val_auc=0.8370 val_f1_macro=0.6498 (best_epoch=71, best_auprc=0.5000)
epoch 72: loss=1.2493 val_auprc=0.5001 val_auc=0.8366 val_f1_macro=0.6504 (best_epoch=72, best_auprc=0.5001)
epoch 73: loss=1.2369 val_auprc=0.5015 val_auc=0.8380 val_f1_macro=0.6556 (best_epoch=73, best_auprc=0.5015)
epoch 74: loss=1.2406 val_auprc=0.5020 val_auc=0.8387 val_f1_macro=0.6560 (best_epoch=74, best_auprc=0.5020)
epoch 75: loss=1.2443 val_auprc=0.5024 val_auc=0.8388 val_f1_macro=0.6578 (best_epoch=75, best_auprc=0.5024)
epoch 76: loss=1.2295 val_auprc=0.5027 val_auc=0.8392 val_f1_macro=0.6628 (best_epoch=76, best_auprc=0.5027)
epoch 77: loss=1.2202 val_auprc=0.5037 val_auc=0.8395 val_f1_macro=0.6539 (best_epoch=77, best_auprc=0.5037)
epoch 78: loss=1.2403 val_auprc=0.5043 val_auc=0.8403 val_f1_macro=0.6714 (best_epoch=78, best_auprc=0.5043)
epoch 79: loss=1.2351 val_auprc=0.5040 val_auc=0.8400 val_f1_macro=0.6580 (best_epoch=78, best_auprc=0.5043)
epoch 80: loss=1.2294 val_auprc=0.5048 val_auc=0.8404 val_f1_macro=0.6576 (best_epoch=80, best_auprc=0.5048)
epoch 81: loss=1.2251 val_auprc=0.5064 val_auc=0.8417 val_f1_macro=0.6745 (best_epoch=81, best_auprc=0.5064)
epoch 82: loss=1.2320 val_auprc=0.5065 val_auc=0.8414 val_f1_macro=0.6510 (best_epoch=82, best_auprc=0.5065)
epoch 83: loss=1.2209 val_auprc=0.5073 val_auc=0.8422 val_f1_macro=0.6651 (best_epoch=83, best_auprc=0.5073)
epoch 84: loss=1.2149 val_auprc=0.5078 val_auc=0.8426 val_f1_macro=0.6647 (best_epoch=84, best_auprc=0.5078)
epoch 85: loss=1.2104 val_auprc=0.5079 val_auc=0.8422 val_f1_macro=0.6446 (best_epoch=85, best_auprc=0.5079)
epoch 86: loss=1.2273 val_auprc=0.5095 val_auc=0.8438 val_f1_macro=0.6907 (best_epoch=86, best_auprc=0.5095)
epoch 87: loss=1.2329 val_auprc=0.5088 val_auc=0.8429 val_f1_macro=0.6547 (best_epoch=86, best_auprc=0.5095)
epoch 88: loss=1.2149 val_auprc=0.5083 val_auc=0.8428 val_f1_macro=0.6483 (best_epoch=86, best_auprc=0.5095)
epoch 89: loss=1.2162 val_auprc=0.5098 val_auc=0.8446 val_f1_macro=0.6867 (best_epoch=89, best_auprc=0.5098)
epoch 90: loss=1.2123 val_auprc=0.5085 val_auc=0.8433 val_f1_macro=0.6568 (best_epoch=89, best_auprc=0.5098)
epoch 91: loss=1.1990 val_auprc=0.5083 val_auc=0.8431 val_f1_macro=0.6369 (best_epoch=89, best_auprc=0.5098)
epoch 92: loss=1.2047 val_auprc=0.5104 val_auc=0.8450 val_f1_macro=0.6842 (best_epoch=92, best_auprc=0.5104)
epoch 93: loss=1.2021 val_auprc=0.5102 val_auc=0.8444 val_f1_macro=0.6743 (best_epoch=92, best_auprc=0.5104)
epoch 94: loss=1.2018 val_auprc=0.5094 val_auc=0.8444 val_f1_macro=0.6378 (best_epoch=92, best_auprc=0.5104)
epoch 95: loss=1.2092 val_auprc=0.5111 val_auc=0.8453 val_f1_macro=0.6722 (best_epoch=95, best_auprc=0.5111)
epoch 96: loss=1.1861 val_auprc=0.5115 val_auc=0.8459 val_f1_macro=0.6803 (best_epoch=96, best_auprc=0.5115)
epoch 97: loss=1.2066 val_auprc=0.5108 val_auc=0.8457 val_f1_macro=0.6556 (best_epoch=96, best_auprc=0.5115)
epoch 98: loss=1.2019 val_auprc=0.5108 val_auc=0.8455 val_f1_macro=0.6526 (best_epoch=96, best_auprc=0.5115)
epoch 99: loss=1.1884 val_auprc=0.5123 val_auc=0.8462 val_f1_macro=0.6761 (best_epoch=99, best_auprc=0.5123)
Selected threshold (best val macro-F1): 0.65 (val F1=0.7054)
TEST metrics: {'auprc': 0.5021142721201793, 'auc': 0.8537812015947639, 'f1_macro': 0.7076636631030886, 'recall': 0.5986521901909397, 'threshold_used': 0.6500000000000001, 'best_epoch': 99}