**************** UNIFIED PC-GNN CONFIGURATION ****************
alpha                            -->   2
batch_size                       -->   256
checkpoint_metric                -->   validation_auprc
checkpoint_selection_note        -->   Final benchmark run; validation AUPRC checkpoint selection.
compatibility_only               -->   False
cuda_id                          -->   0
data_dir                         -->   /workspace/comp8851_pcgnn/source/PC-GNN-COMP8851-Instrumented/data/
data_name                        -->   tfinance
early_stopping_patience          -->   20
emb_size                         -->   64
evaluate_test                    -->   True
final_benchmark_result           -->   True
hardware_profile_id              -->   pcgnn-vast-a6000-instance-51121624-gpu0
lr                               -->   0.005668
mode                             -->   final
model                            -->   PCGNN
multi_relation                   -->   GNN
no_cuda                          -->   False
num_epochs                       -->   100
optimizer                        -->   adam
results_dir                      -->   /workspace/comp8851_pcgnn/runs/pcgnn/tfinance/final
rho                              -->   0.42
run_mode                         -->   final_tr40
save_dir                         -->   ./pytorch_models/
seed                             -->   2
select_threshold_on_validation   -->   True
split_identity                   -->   team_frozen
split_path                       -->   /workspace/comp8851_pcgnn/source/PC-GNN-COMP8851-Instrumented/splits/team_frozen/tfinance_TR40_seed2.npz
split_seed                       -->   2
test_ratio                       -->   0.4
thres                            -->   0.5
threshold_note                   -->   Overridden by validation-selected threshold (select_threshold_on_validation=True).
track                            -->   unified
train_ratio                      -->   0.4
valid_epochs                     -->   1
weight_decay                     -->   0.0001
**************** UNIFIED PC-GNN CONFIGURATION ****************
Run on tfinance, positive/total: 1804/39357, train: 18891, validation: 7872, test IDs held out: 12594
Feature dimension: 10
Relations preserved: 3
/workspace/comp8851_pcgnn/source/PC-GNN-COMP8851-Instrumented/src/layers.py:84: UserWarning: The torch.cuda.*DtypeTensor constructors are no longer recommended. It's best to use methods such as torch.tensor(data, dtype=*, device='cuda') to create tensors. (Triggered internally at /pytorch/torch/csrc/tensor/python_tensor.cpp:78.)
  batch_features = self.features(torch.cuda.LongTensor(list(unique_nodes)))
Epoch 0 loss=1.911677 train=24.006880s validation=50.164441s val_AUPRC=0.720120 best=0.720120@0 stale=0
Epoch 1 loss=1.740651 train=20.471172s validation=37.285483s val_AUPRC=0.734229 best=0.734229@1 stale=0
Epoch 2 loss=1.627125 train=23.372860s validation=34.254143s val_AUPRC=0.744380 best=0.744380@2 stale=0
Epoch 3 loss=1.541851 train=24.362088s validation=49.252065s val_AUPRC=0.742435 best=0.744380@2 stale=1
Epoch 4 loss=1.478165 train=23.480588s validation=37.401845s val_AUPRC=0.745897 best=0.745897@4 stale=0
Epoch 5 loss=1.454330 train=24.078028s validation=58.669629s val_AUPRC=0.750897 best=0.750897@5 stale=0
Epoch 6 loss=1.394318 train=23.455591s validation=37.389493s val_AUPRC=0.750015 best=0.750897@5 stale=1
Epoch 7 loss=1.342637 train=22.825303s validation=59.131174s val_AUPRC=0.752224 best=0.752224@7 stale=0
Epoch 8 loss=1.314191 train=23.318241s validation=38.141124s val_AUPRC=0.757596 best=0.757596@8 stale=0
Epoch 9 loss=1.292859 train=23.116691s validation=36.877565s val_AUPRC=0.758957 best=0.758957@9 stale=0
Epoch 10 loss=1.234554 train=23.443027s validation=50.019204s val_AUPRC=0.759588 best=0.759588@10 stale=0
Epoch 11 loss=1.244555 train=23.222758s validation=38.960291s val_AUPRC=0.762915 best=0.762915@11 stale=0
Epoch 12 loss=1.175695 train=23.581822s validation=53.649469s val_AUPRC=0.758908 best=0.762915@11 stale=1
Epoch 13 loss=1.166581 train=22.980260s validation=36.849259s val_AUPRC=0.764724 best=0.764724@13 stale=0
Epoch 14 loss=1.149568 train=21.778618s validation=36.819846s val_AUPRC=0.762124 best=0.764724@13 stale=1
Epoch 15 loss=1.154041 train=23.860083s validation=54.185078s val_AUPRC=0.766336 best=0.766336@15 stale=0
Epoch 16 loss=1.153244 train=23.101265s validation=37.536073s val_AUPRC=0.762471 best=0.766336@15 stale=1
Epoch 17 loss=1.140056 train=22.315018s validation=50.887762s val_AUPRC=0.763723 best=0.766336@15 stale=2
Epoch 18 loss=1.083195 train=23.176507s validation=38.482433s val_AUPRC=0.764272 best=0.766336@15 stale=3
Epoch 19 loss=1.105019 train=24.541779s validation=51.794693s val_AUPRC=0.767091 best=0.767091@19 stale=0
Epoch 20 loss=1.117997 train=23.124439s validation=37.808917s val_AUPRC=0.767163 best=0.767163@20 stale=0
Epoch 21 loss=1.049217 train=23.024510s validation=35.772913s val_AUPRC=0.768386 best=0.768386@21 stale=0
Epoch 22 loss=1.100893 train=21.925326s validation=54.939927s val_AUPRC=0.767592 best=0.768386@21 stale=1
Epoch 23 loss=1.067963 train=23.564908s validation=36.490216s val_AUPRC=0.767042 best=0.768386@21 stale=2
Epoch 24 loss=1.064730 train=23.652519s validation=53.449363s val_AUPRC=0.766765 best=0.768386@21 stale=3
Epoch 25 loss=1.045800 train=21.312489s validation=35.089321s val_AUPRC=0.763411 best=0.768386@21 stale=4
Epoch 26 loss=1.033837 train=22.496999s validation=52.174292s val_AUPRC=0.765799 best=0.768386@21 stale=5
Epoch 27 loss=1.031835 train=21.810745s validation=35.150267s val_AUPRC=0.765410 best=0.768386@21 stale=6
Epoch 28 loss=1.039905 train=21.085800s validation=35.148217s val_AUPRC=0.766447 best=0.768386@21 stale=7
Epoch 29 loss=1.079590 train=21.981106s validation=46.246121s val_AUPRC=0.762774 best=0.768386@21 stale=8
Epoch 30 loss=1.070269 train=20.736178s validation=34.075541s val_AUPRC=0.763478 best=0.768386@21 stale=9
Epoch 31 loss=0.991603 train=21.940373s validation=46.541509s val_AUPRC=0.763377 best=0.768386@21 stale=10
Epoch 32 loss=0.971853 train=21.590908s validation=35.613101s val_AUPRC=0.763367 best=0.768386@21 stale=11
Epoch 33 loss=1.018600 train=21.617095s validation=36.437845s val_AUPRC=0.762845 best=0.768386@21 stale=12
Epoch 34 loss=1.004259 train=22.160358s validation=48.663339s val_AUPRC=0.760477 best=0.768386@21 stale=13
Epoch 35 loss=1.041980 train=21.248705s validation=34.932479s val_AUPRC=0.760598 best=0.768386@21 stale=14
Epoch 36 loss=0.960390 train=21.488822s validation=42.815412s val_AUPRC=0.763708 best=0.768386@21 stale=15
Epoch 37 loss=0.988364 train=21.949001s validation=36.009190s val_AUPRC=0.765282 best=0.768386@21 stale=16
Epoch 38 loss=0.953304 train=23.253711s validation=45.934292s val_AUPRC=0.764012 best=0.768386@21 stale=17
Epoch 39 loss=0.995316 train=22.562455s validation=34.856784s val_AUPRC=0.763952 best=0.768386@21 stale=18
Epoch 40 loss=1.010110 train=22.469380s validation=35.358743s val_AUPRC=0.764334 best=0.768386@21 stale=19
Epoch 41 loss=0.977571 train=22.698862s validation=47.121067s val_AUPRC=0.764228 best=0.768386@21 stale=20
EARLY_STOPPING_TRIGGERED epoch=41
Restored validation-AUPRC checkpoint from epoch 21
VALIDATION_SELECTED AUPRC=0.768386 AUROC=0.919431 Macro-F1=0.872930 Fraud-F1=0.755981 G-Mean=0.808687 threshold=0.94
FINAL_TEST AUPRC=0.751101 AUROC=0.915393 Macro-F1=0.855889 Fraud-F1=0.723014 G-Mean=0.782746 threshold=0.94
Structured run artifacts: /workspace/comp8851_pcgnn/runs/pcgnn/tfinance/final/20260917T103845794812Z_tfinance_PCGNN_final_tr40_seed2
UNIFIED_RUN_STATUS=PASS
RUN_ID=20260917T103845794812Z_tfinance_PCGNN_final_tr40_seed2
TEST_ACCESSED=True
BEST_VALIDATION_EPOCH=21
BEST_VALIDATION_AUPRC=0.768385539717
VALIDATION_SELECTED_THRESHOLD=0.94
{"mode": "final", "run_id": "20260917T103845794812Z_tfinance_PCGNN_final_tr40_seed2", "status": "PASS", "test_accessed": true}
