=== Run: splitgnn_elliptic_unified_tr10_seed72_a6000_20260918T035125Z ===
Result dir: /workspace/splitgnn_vast/results/splitgnn/elliptic/unified/tr10/seed_72
Split overlap checks: PASSED
train=4656 valid=9313 test=18626
Model source commit: 32fbdb836781d5c02523844a7079425f89be8831
Config SHA256: f3fbf6cccc5e8d321fcbe84ee3f773ebc2b2eb9df4f64b32ebe175fc966cbc6c
Split SHA256: 77008be57543be620a444bf233a229fe6f09d3d5b4fcf427a8481f7972e5ebf5
epoch 0: loss=1.6930 val_auprc=0.1061 val_auc=0.5077 val_f1_macro=0.5055 (best_epoch=0, best_auprc=0.1061)
epoch 1: loss=1.6626 val_auprc=0.1005 val_auc=0.4864 val_f1_macro=0.5027 (best_epoch=0, best_auprc=0.1061)
epoch 2: loss=1.6497 val_auprc=0.1074 val_auc=0.4943 val_f1_macro=0.5164 (best_epoch=2, best_auprc=0.1074)
epoch 3: loss=1.6259 val_auprc=0.1115 val_auc=0.4986 val_f1_macro=0.5206 (best_epoch=3, best_auprc=0.1115)
epoch 4: loss=1.6141 val_auprc=0.1156 val_auc=0.5022 val_f1_macro=0.5228 (best_epoch=4, best_auprc=0.1156)
epoch 5: loss=1.6041 val_auprc=0.1280 val_auc=0.5418 val_f1_macro=0.2443 (best_epoch=5, best_auprc=0.1280)
epoch 6: loss=1.5772 val_auprc=0.1437 val_auc=0.5766 val_f1_macro=0.1671 (best_epoch=6, best_auprc=0.1437)
epoch 7: loss=1.5734 val_auprc=0.1597 val_auc=0.5981 val_f1_macro=0.1874 (best_epoch=7, best_auprc=0.1597)
epoch 8: loss=1.5149 val_auprc=0.1630 val_auc=0.6081 val_f1_macro=0.2568 (best_epoch=8, best_auprc=0.1630)
epoch 9: loss=1.5121 val_auprc=0.1650 val_auc=0.6157 val_f1_macro=0.3920 (best_epoch=9, best_auprc=0.1650)
epoch 10: loss=1.5350 val_auprc=0.1580 val_auc=0.6104 val_f1_macro=0.4746 (best_epoch=9, best_auprc=0.1650)
epoch 11: loss=1.4688 val_auprc=0.1561 val_auc=0.6020 val_f1_macro=0.5251 (best_epoch=9, best_auprc=0.1650)
epoch 12: loss=1.4557 val_auprc=0.1566 val_auc=0.6011 val_f1_macro=0.5500 (best_epoch=9, best_auprc=0.1650)
epoch 13: loss=1.4522 val_auprc=0.1569 val_auc=0.6058 val_f1_macro=0.5548 (best_epoch=9, best_auprc=0.1650)
epoch 14: loss=1.4193 val_auprc=0.1585 val_auc=0.6180 val_f1_macro=0.5548 (best_epoch=9, best_auprc=0.1650)
epoch 15: loss=1.3737 val_auprc=0.1634 val_auc=0.6288 val_f1_macro=0.5604 (best_epoch=9, best_auprc=0.1650)
epoch 16: loss=1.3462 val_auprc=0.1665 val_auc=0.6337 val_f1_macro=0.5604 (best_epoch=16, best_auprc=0.1665)
epoch 17: loss=1.3146 val_auprc=0.1665 val_auc=0.6361 val_f1_macro=0.5593 (best_epoch=17, best_auprc=0.1665)
epoch 18: loss=1.2782 val_auprc=0.1671 val_auc=0.6389 val_f1_macro=0.5591 (best_epoch=18, best_auprc=0.1671)
epoch 19: loss=1.2632 val_auprc=0.1682 val_auc=0.6410 val_f1_macro=0.5617 (best_epoch=19, best_auprc=0.1682)
epoch 20: loss=1.3260 val_auprc=0.1720 val_auc=0.6443 val_f1_macro=0.5680 (best_epoch=20, best_auprc=0.1720)
epoch 21: loss=1.3348 val_auprc=0.1730 val_auc=0.6451 val_f1_macro=0.5700 (best_epoch=21, best_auprc=0.1730)
epoch 22: loss=1.3607 val_auprc=0.1694 val_auc=0.6406 val_f1_macro=0.5695 (best_epoch=21, best_auprc=0.1730)
epoch 23: loss=1.1147 val_auprc=0.1704 val_auc=0.6361 val_f1_macro=0.5631 (best_epoch=21, best_auprc=0.1730)
epoch 24: loss=1.1629 val_auprc=0.1718 val_auc=0.6383 val_f1_macro=0.5377 (best_epoch=21, best_auprc=0.1730)
epoch 25: loss=1.1294 val_auprc=0.1762 val_auc=0.6467 val_f1_macro=0.5243 (best_epoch=25, best_auprc=0.1762)
epoch 26: loss=1.1615 val_auprc=0.1812 val_auc=0.6548 val_f1_macro=0.5201 (best_epoch=26, best_auprc=0.1812)
epoch 27: loss=1.2735 val_auprc=0.1862 val_auc=0.6612 val_f1_macro=0.5287 (best_epoch=27, best_auprc=0.1862)
epoch 28: loss=1.0940 val_auprc=0.1822 val_auc=0.6660 val_f1_macro=0.5428 (best_epoch=27, best_auprc=0.1862)
epoch 29: loss=1.1925 val_auprc=0.1791 val_auc=0.6668 val_f1_macro=0.5541 (best_epoch=27, best_auprc=0.1862)
epoch 30: loss=1.1267 val_auprc=0.1775 val_auc=0.6661 val_f1_macro=0.5627 (best_epoch=27, best_auprc=0.1862)
epoch 31: loss=1.0587 val_auprc=0.1806 val_auc=0.6700 val_f1_macro=0.5631 (best_epoch=27, best_auprc=0.1862)
epoch 32: loss=1.2709 val_auprc=0.1878 val_auc=0.6747 val_f1_macro=0.5538 (best_epoch=32, best_auprc=0.1878)
epoch 33: loss=1.0830 val_auprc=0.1941 val_auc=0.6788 val_f1_macro=0.5445 (best_epoch=33, best_auprc=0.1941)
epoch 34: loss=1.1078 val_auprc=0.1930 val_auc=0.6808 val_f1_macro=0.5461 (best_epoch=33, best_auprc=0.1941)
epoch 35: loss=1.1382 val_auprc=0.1931 val_auc=0.6833 val_f1_macro=0.5544 (best_epoch=33, best_auprc=0.1941)
epoch 36: loss=1.0967 val_auprc=0.1937 val_auc=0.6862 val_f1_macro=0.5593 (best_epoch=33, best_auprc=0.1941)
epoch 37: loss=1.0439 val_auprc=0.1952 val_auc=0.6888 val_f1_macro=0.5664 (best_epoch=37, best_auprc=0.1952)
epoch 38: loss=1.0438 val_auprc=0.1970 val_auc=0.6916 val_f1_macro=0.5674 (best_epoch=38, best_auprc=0.1970)
epoch 39: loss=1.0722 val_auprc=0.1997 val_auc=0.6951 val_f1_macro=0.5600 (best_epoch=39, best_auprc=0.1997)
epoch 40: loss=1.0648 val_auprc=0.2046 val_auc=0.7005 val_f1_macro=0.5505 (best_epoch=40, best_auprc=0.2046)
epoch 41: loss=0.9189 val_auprc=0.2118 val_auc=0.7067 val_f1_macro=0.5349 (best_epoch=41, best_auprc=0.2118)
epoch 42: loss=1.0243 val_auprc=0.2200 val_auc=0.7134 val_f1_macro=0.5450 (best_epoch=42, best_auprc=0.2200)
epoch 43: loss=0.9682 val_auprc=0.2271 val_auc=0.7200 val_f1_macro=0.5701 (best_epoch=43, best_auprc=0.2271)
epoch 44: loss=0.9977 val_auprc=0.2328 val_auc=0.7263 val_f1_macro=0.5801 (best_epoch=44, best_auprc=0.2328)
epoch 45: loss=0.9024 val_auprc=0.2356 val_auc=0.7295 val_f1_macro=0.5799 (best_epoch=45, best_auprc=0.2356)
epoch 46: loss=0.8669 val_auprc=0.2391 val_auc=0.7356 val_f1_macro=0.5744 (best_epoch=46, best_auprc=0.2391)
epoch 47: loss=0.9111 val_auprc=0.2451 val_auc=0.7421 val_f1_macro=0.5681 (best_epoch=47, best_auprc=0.2451)
epoch 48: loss=0.8587 val_auprc=0.2500 val_auc=0.7476 val_f1_macro=0.5721 (best_epoch=48, best_auprc=0.2500)
epoch 49: loss=0.9062 val_auprc=0.2544 val_auc=0.7522 val_f1_macro=0.5776 (best_epoch=49, best_auprc=0.2544)
epoch 50: loss=0.9407 val_auprc=0.2588 val_auc=0.7568 val_f1_macro=0.5796 (best_epoch=50, best_auprc=0.2588)
epoch 51: loss=0.8660 val_auprc=0.2622 val_auc=0.7607 val_f1_macro=0.5859 (best_epoch=51, best_auprc=0.2622)
epoch 52: loss=0.9044 val_auprc=0.2657 val_auc=0.7649 val_f1_macro=0.5861 (best_epoch=52, best_auprc=0.2657)
epoch 53: loss=0.9620 val_auprc=0.2693 val_auc=0.7683 val_f1_macro=0.5674 (best_epoch=53, best_auprc=0.2693)
epoch 54: loss=0.8461 val_auprc=0.2693 val_auc=0.7710 val_f1_macro=0.5596 (best_epoch=54, best_auprc=0.2693)
epoch 55: loss=0.7294 val_auprc=0.2709 val_auc=0.7737 val_f1_macro=0.5659 (best_epoch=55, best_auprc=0.2709)
epoch 56: loss=0.7700 val_auprc=0.2695 val_auc=0.7760 val_f1_macro=0.5814 (best_epoch=55, best_auprc=0.2709)
epoch 57: loss=0.8157 val_auprc=0.2690 val_auc=0.7785 val_f1_macro=0.5961 (best_epoch=55, best_auprc=0.2709)
epoch 58: loss=0.8140 val_auprc=0.2730 val_auc=0.7818 val_f1_macro=0.5978 (best_epoch=58, best_auprc=0.2730)
epoch 59: loss=0.7604 val_auprc=0.2775 val_auc=0.7842 val_f1_macro=0.5870 (best_epoch=59, best_auprc=0.2775)
epoch 60: loss=0.7342 val_auprc=0.2795 val_auc=0.7864 val_f1_macro=0.5825 (best_epoch=60, best_auprc=0.2795)
epoch 61: loss=0.8044 val_auprc=0.2804 val_auc=0.7887 val_f1_macro=0.5852 (best_epoch=61, best_auprc=0.2804)
epoch 62: loss=0.6913 val_auprc=0.2824 val_auc=0.7920 val_f1_macro=0.5898 (best_epoch=62, best_auprc=0.2824)
epoch 63: loss=0.8817 val_auprc=0.2839 val_auc=0.7948 val_f1_macro=0.6040 (best_epoch=63, best_auprc=0.2839)
epoch 64: loss=0.7884 val_auprc=0.2921 val_auc=0.7974 val_f1_macro=0.6065 (best_epoch=64, best_auprc=0.2921)
epoch 65: loss=0.7103 val_auprc=0.3028 val_auc=0.8007 val_f1_macro=0.5982 (best_epoch=65, best_auprc=0.3028)
epoch 66: loss=0.7307 val_auprc=0.3159 val_auc=0.8051 val_f1_macro=0.5892 (best_epoch=66, best_auprc=0.3159)
epoch 67: loss=0.7993 val_auprc=0.3188 val_auc=0.8064 val_f1_macro=0.5955 (best_epoch=67, best_auprc=0.3188)
epoch 68: loss=0.7640 val_auprc=0.3210 val_auc=0.8068 val_f1_macro=0.6002 (best_epoch=68, best_auprc=0.3210)
epoch 69: loss=0.7272 val_auprc=0.3218 val_auc=0.8069 val_f1_macro=0.6084 (best_epoch=69, best_auprc=0.3218)
epoch 70: loss=0.6518 val_auprc=0.3250 val_auc=0.8092 val_f1_macro=0.6104 (best_epoch=70, best_auprc=0.3250)
epoch 71: loss=0.6221 val_auprc=0.3281 val_auc=0.8122 val_f1_macro=0.6058 (best_epoch=71, best_auprc=0.3281)
epoch 72: loss=0.6516 val_auprc=0.3294 val_auc=0.8140 val_f1_macro=0.6056 (best_epoch=72, best_auprc=0.3294)
epoch 73: loss=0.6770 val_auprc=0.3273 val_auc=0.8152 val_f1_macro=0.6076 (best_epoch=72, best_auprc=0.3294)
epoch 74: loss=0.6893 val_auprc=0.3257 val_auc=0.8163 val_f1_macro=0.6082 (best_epoch=72, best_auprc=0.3294)
epoch 75: loss=0.7843 val_auprc=0.3298 val_auc=0.8188 val_f1_macro=0.6025 (best_epoch=75, best_auprc=0.3298)
epoch 76: loss=0.6468 val_auprc=0.3363 val_auc=0.8214 val_f1_macro=0.5939 (best_epoch=76, best_auprc=0.3363)
epoch 77: loss=0.6740 val_auprc=0.3341 val_auc=0.8206 val_f1_macro=0.6108 (best_epoch=76, best_auprc=0.3363)
epoch 78: loss=0.6715 val_auprc=0.3308 val_auc=0.8185 val_f1_macro=0.6307 (best_epoch=76, best_auprc=0.3363)
epoch 79: loss=0.6964 val_auprc=0.3395 val_auc=0.8207 val_f1_macro=0.6246 (best_epoch=79, best_auprc=0.3395)
epoch 80: loss=0.7062 val_auprc=0.3498 val_auc=0.8233 val_f1_macro=0.6082 (best_epoch=80, best_auprc=0.3498)
epoch 81: loss=0.5964 val_auprc=0.3544 val_auc=0.8237 val_f1_macro=0.5972 (best_epoch=81, best_auprc=0.3544)
epoch 82: loss=0.6634 val_auprc=0.3497 val_auc=0.8230 val_f1_macro=0.6149 (best_epoch=81, best_auprc=0.3544)
epoch 83: loss=0.6538 val_auprc=0.3470 val_auc=0.8231 val_f1_macro=0.6275 (best_epoch=81, best_auprc=0.3544)
epoch 84: loss=0.5814 val_auprc=0.3469 val_auc=0.8241 val_f1_macro=0.6356 (best_epoch=81, best_auprc=0.3544)
epoch 85: loss=0.5914 val_auprc=0.3549 val_auc=0.8272 val_f1_macro=0.6233 (best_epoch=85, best_auprc=0.3549)
epoch 86: loss=0.6564 val_auprc=0.3575 val_auc=0.8288 val_f1_macro=0.6103 (best_epoch=86, best_auprc=0.3575)
epoch 87: loss=0.6294 val_auprc=0.3644 val_auc=0.8308 val_f1_macro=0.6147 (best_epoch=87, best_auprc=0.3644)
epoch 88: loss=0.5862 val_auprc=0.3678 val_auc=0.8320 val_f1_macro=0.6287 (best_epoch=88, best_auprc=0.3678)
epoch 89: loss=0.8389 val_auprc=0.3711 val_auc=0.8327 val_f1_macro=0.6389 (best_epoch=89, best_auprc=0.3711)
epoch 90: loss=0.7091 val_auprc=0.3737 val_auc=0.8336 val_f1_macro=0.6413 (best_epoch=90, best_auprc=0.3737)
epoch 91: loss=0.5848 val_auprc=0.3812 val_auc=0.8361 val_f1_macro=0.6338 (best_epoch=91, best_auprc=0.3812)
epoch 92: loss=0.6867 val_auprc=0.3893 val_auc=0.8389 val_f1_macro=0.6162 (best_epoch=92, best_auprc=0.3893)
epoch 93: loss=0.5789 val_auprc=0.3894 val_auc=0.8396 val_f1_macro=0.6219 (best_epoch=93, best_auprc=0.3894)
epoch 94: loss=0.6218 val_auprc=0.3881 val_auc=0.8391 val_f1_macro=0.6389 (best_epoch=93, best_auprc=0.3894)
epoch 95: loss=0.7191 val_auprc=0.3841 val_auc=0.8383 val_f1_macro=0.6461 (best_epoch=93, best_auprc=0.3894)
epoch 96: loss=0.6009 val_auprc=0.3885 val_auc=0.8402 val_f1_macro=0.6387 (best_epoch=93, best_auprc=0.3894)
epoch 97: loss=0.5987 val_auprc=0.3957 val_auc=0.8429 val_f1_macro=0.6281 (best_epoch=97, best_auprc=0.3957)
epoch 98: loss=0.6445 val_auprc=0.4024 val_auc=0.8451 val_f1_macro=0.6196 (best_epoch=98, best_auprc=0.4024)
epoch 99: loss=0.5380 val_auprc=0.4053 val_auc=0.8459 val_f1_macro=0.6228 (best_epoch=99, best_auprc=0.4053)
Selected threshold (best val macro-F1): 0.80 (val F1=0.7092)
TEST metrics: {'auprc': 0.38735069724872406, 'auc': 0.8458699927584382, 'f1_macro': 0.7106784649353521, 'recall': 0.6138613861386139, 'threshold_used': 0.8, 'best_epoch': 99}