=== Run: splitgnn_yelp_unified_tr30_seed72_a6000_20260917T224355Z ===
Result dir: /workspace/splitgnn_vast/results/splitgnn/yelp/unified/tr30/seed_72
Split overlap checks: PASSED
train=13786 valid=9190 test=18382
Model source commit: 32fbdb836781d5c02523844a7079425f89be8831
Config SHA256: 23833ac0489a8d545da6fa6bcb10e4215f6e78f47083c672ffe5930fd00b8d07
Split SHA256: 448e01069d60e85ede228ac68b6d7208b0a153087127598c26b383b82606bb1f
epoch 0: loss=1.6964 val_auprc=0.2121 val_auc=0.6760 val_f1_macro=0.4623 (best_epoch=0, best_auprc=0.2121)
epoch 1: loss=1.6925 val_auprc=0.2268 val_auc=0.6923 val_f1_macro=0.4608 (best_epoch=1, best_auprc=0.2268)
epoch 2: loss=1.6925 val_auprc=0.2492 val_auc=0.7170 val_f1_macro=0.4608 (best_epoch=2, best_auprc=0.2492)
epoch 3: loss=1.6914 val_auprc=0.3191 val_auc=0.7563 val_f1_macro=0.6206 (best_epoch=3, best_auprc=0.3191)
epoch 4: loss=1.6887 val_auprc=0.3713 val_auc=0.7721 val_f1_macro=0.5487 (best_epoch=4, best_auprc=0.3713)
epoch 5: loss=1.6878 val_auprc=0.3820 val_auc=0.7768 val_f1_macro=0.5487 (best_epoch=5, best_auprc=0.3820)
epoch 6: loss=1.6847 val_auprc=0.3719 val_auc=0.7772 val_f1_macro=0.5487 (best_epoch=5, best_auprc=0.3820)
epoch 7: loss=1.6814 val_auprc=0.3634 val_auc=0.7718 val_f1_macro=0.5487 (best_epoch=5, best_auprc=0.3820)
epoch 8: loss=1.6759 val_auprc=0.3671 val_auc=0.7715 val_f1_macro=0.5487 (best_epoch=5, best_auprc=0.3820)
epoch 9: loss=1.6717 val_auprc=0.3790 val_auc=0.7771 val_f1_macro=0.5487 (best_epoch=5, best_auprc=0.3820)
epoch 10: loss=1.6647 val_auprc=0.3948 val_auc=0.7796 val_f1_macro=0.5487 (best_epoch=10, best_auprc=0.3948)
epoch 11: loss=1.6555 val_auprc=0.3983 val_auc=0.7788 val_f1_macro=0.5487 (best_epoch=11, best_auprc=0.3983)
epoch 12: loss=1.6434 val_auprc=0.3948 val_auc=0.7741 val_f1_macro=0.5487 (best_epoch=11, best_auprc=0.3983)
epoch 13: loss=1.6329 val_auprc=0.3995 val_auc=0.7703 val_f1_macro=0.5487 (best_epoch=13, best_auprc=0.3995)
epoch 14: loss=1.6214 val_auprc=0.4048 val_auc=0.7797 val_f1_macro=0.5487 (best_epoch=14, best_auprc=0.4048)
epoch 15: loss=1.6096 val_auprc=0.4015 val_auc=0.7733 val_f1_macro=0.5487 (best_epoch=14, best_auprc=0.4048)
epoch 16: loss=1.6070 val_auprc=0.3943 val_auc=0.7684 val_f1_macro=0.5487 (best_epoch=14, best_auprc=0.4048)
epoch 17: loss=1.5955 val_auprc=0.3965 val_auc=0.7710 val_f1_macro=0.5487 (best_epoch=14, best_auprc=0.4048)
epoch 18: loss=1.6111 val_auprc=0.3928 val_auc=0.7747 val_f1_macro=0.5487 (best_epoch=14, best_auprc=0.4048)
epoch 19: loss=1.6002 val_auprc=0.3962 val_auc=0.7782 val_f1_macro=0.5487 (best_epoch=14, best_auprc=0.4048)
epoch 20: loss=1.6048 val_auprc=0.4024 val_auc=0.7841 val_f1_macro=0.5487 (best_epoch=14, best_auprc=0.4048)
epoch 21: loss=1.5858 val_auprc=0.4043 val_auc=0.7869 val_f1_macro=0.5488 (best_epoch=14, best_auprc=0.4048)
epoch 22: loss=1.5793 val_auprc=0.4125 val_auc=0.7899 val_f1_macro=0.5669 (best_epoch=22, best_auprc=0.4125)
epoch 23: loss=1.5649 val_auprc=0.4169 val_auc=0.7899 val_f1_macro=0.5923 (best_epoch=23, best_auprc=0.4169)
epoch 24: loss=1.5561 val_auprc=0.4177 val_auc=0.7909 val_f1_macro=0.6129 (best_epoch=24, best_auprc=0.4177)
epoch 25: loss=1.5393 val_auprc=0.4185 val_auc=0.7929 val_f1_macro=0.6311 (best_epoch=25, best_auprc=0.4185)
epoch 26: loss=1.5350 val_auprc=0.4152 val_auc=0.7935 val_f1_macro=0.6424 (best_epoch=25, best_auprc=0.4185)
epoch 27: loss=1.5218 val_auprc=0.4188 val_auc=0.7943 val_f1_macro=0.6313 (best_epoch=27, best_auprc=0.4188)
epoch 28: loss=1.5113 val_auprc=0.4182 val_auc=0.7948 val_f1_macro=0.6358 (best_epoch=27, best_auprc=0.4188)
epoch 29: loss=1.4991 val_auprc=0.4145 val_auc=0.7922 val_f1_macro=0.6526 (best_epoch=27, best_auprc=0.4188)
epoch 30: loss=1.4978 val_auprc=0.4265 val_auc=0.7954 val_f1_macro=0.6095 (best_epoch=30, best_auprc=0.4265)
epoch 31: loss=1.5017 val_auprc=0.4205 val_auc=0.7933 val_f1_macro=0.6415 (best_epoch=30, best_auprc=0.4265)
epoch 32: loss=1.4916 val_auprc=0.4190 val_auc=0.7917 val_f1_macro=0.6498 (best_epoch=30, best_auprc=0.4265)
epoch 33: loss=1.4734 val_auprc=0.4298 val_auc=0.7963 val_f1_macro=0.6169 (best_epoch=33, best_auprc=0.4298)
epoch 34: loss=1.4669 val_auprc=0.4306 val_auc=0.7976 val_f1_macro=0.6218 (best_epoch=34, best_auprc=0.4306)
epoch 35: loss=1.4535 val_auprc=0.4240 val_auc=0.7966 val_f1_macro=0.6454 (best_epoch=34, best_auprc=0.4306)
epoch 36: loss=1.4596 val_auprc=0.4315 val_auc=0.8011 val_f1_macro=0.6352 (best_epoch=36, best_auprc=0.4315)
epoch 37: loss=1.4313 val_auprc=0.4371 val_auc=0.8027 val_f1_macro=0.6123 (best_epoch=37, best_auprc=0.4371)
epoch 38: loss=1.4365 val_auprc=0.4361 val_auc=0.8042 val_f1_macro=0.6332 (best_epoch=37, best_auprc=0.4371)
epoch 39: loss=1.4248 val_auprc=0.4347 val_auc=0.8052 val_f1_macro=0.6543 (best_epoch=37, best_auprc=0.4371)
epoch 40: loss=1.4148 val_auprc=0.4392 val_auc=0.8061 val_f1_macro=0.6355 (best_epoch=40, best_auprc=0.4392)
epoch 41: loss=1.4014 val_auprc=0.4409 val_auc=0.8060 val_f1_macro=0.6210 (best_epoch=41, best_auprc=0.4409)
epoch 42: loss=1.3993 val_auprc=0.4395 val_auc=0.8074 val_f1_macro=0.6366 (best_epoch=41, best_auprc=0.4409)
epoch 43: loss=1.3887 val_auprc=0.4398 val_auc=0.8083 val_f1_macro=0.6419 (best_epoch=41, best_auprc=0.4409)
epoch 44: loss=1.3766 val_auprc=0.4430 val_auc=0.8079 val_f1_macro=0.6223 (best_epoch=44, best_auprc=0.4430)
epoch 45: loss=1.3791 val_auprc=0.4436 val_auc=0.8088 val_f1_macro=0.6287 (best_epoch=45, best_auprc=0.4436)
epoch 46: loss=1.3743 val_auprc=0.4443 val_auc=0.8108 val_f1_macro=0.6541 (best_epoch=46, best_auprc=0.4443)
epoch 47: loss=1.3664 val_auprc=0.4465 val_auc=0.8111 val_f1_macro=0.6438 (best_epoch=47, best_auprc=0.4465)
epoch 48: loss=1.3548 val_auprc=0.4484 val_auc=0.8111 val_f1_macro=0.6279 (best_epoch=48, best_auprc=0.4484)
epoch 49: loss=1.3581 val_auprc=0.4490 val_auc=0.8129 val_f1_macro=0.6393 (best_epoch=49, best_auprc=0.4490)
epoch 50: loss=1.3379 val_auprc=0.4495 val_auc=0.8139 val_f1_macro=0.6390 (best_epoch=50, best_auprc=0.4495)
epoch 51: loss=1.3395 val_auprc=0.4522 val_auc=0.8142 val_f1_macro=0.6251 (best_epoch=51, best_auprc=0.4522)
epoch 52: loss=1.3305 val_auprc=0.4542 val_auc=0.8149 val_f1_macro=0.6280 (best_epoch=52, best_auprc=0.4542)
epoch 53: loss=1.3310 val_auprc=0.4547 val_auc=0.8158 val_f1_macro=0.6450 (best_epoch=53, best_auprc=0.4547)
epoch 54: loss=1.3280 val_auprc=0.4561 val_auc=0.8169 val_f1_macro=0.6472 (best_epoch=54, best_auprc=0.4561)
epoch 55: loss=1.3151 val_auprc=0.4589 val_auc=0.8167 val_f1_macro=0.6354 (best_epoch=55, best_auprc=0.4589)
epoch 56: loss=1.3258 val_auprc=0.4595 val_auc=0.8181 val_f1_macro=0.6391 (best_epoch=56, best_auprc=0.4595)
epoch 57: loss=1.3121 val_auprc=0.4599 val_auc=0.8190 val_f1_macro=0.6406 (best_epoch=57, best_auprc=0.4599)
epoch 58: loss=1.3088 val_auprc=0.4625 val_auc=0.8199 val_f1_macro=0.6214 (best_epoch=58, best_auprc=0.4625)
epoch 59: loss=1.3039 val_auprc=0.4632 val_auc=0.8205 val_f1_macro=0.6195 (best_epoch=59, best_auprc=0.4632)
epoch 60: loss=1.2899 val_auprc=0.4654 val_auc=0.8209 val_f1_macro=0.6343 (best_epoch=60, best_auprc=0.4654)
epoch 61: loss=1.2965 val_auprc=0.4662 val_auc=0.8219 val_f1_macro=0.6289 (best_epoch=61, best_auprc=0.4662)
epoch 62: loss=1.2827 val_auprc=0.4680 val_auc=0.8226 val_f1_macro=0.6304 (best_epoch=62, best_auprc=0.4680)
epoch 63: loss=1.2867 val_auprc=0.4689 val_auc=0.8233 val_f1_macro=0.6328 (best_epoch=63, best_auprc=0.4689)
epoch 64: loss=1.2823 val_auprc=0.4710 val_auc=0.8245 val_f1_macro=0.6341 (best_epoch=64, best_auprc=0.4710)
epoch 65: loss=1.2852 val_auprc=0.4730 val_auc=0.8249 val_f1_macro=0.6288 (best_epoch=65, best_auprc=0.4730)
epoch 66: loss=1.2785 val_auprc=0.4743 val_auc=0.8258 val_f1_macro=0.6302 (best_epoch=66, best_auprc=0.4743)
epoch 67: loss=1.2807 val_auprc=0.4767 val_auc=0.8272 val_f1_macro=0.6358 (best_epoch=67, best_auprc=0.4767)
epoch 68: loss=1.2749 val_auprc=0.4774 val_auc=0.8273 val_f1_macro=0.6383 (best_epoch=68, best_auprc=0.4774)
epoch 69: loss=1.2626 val_auprc=0.4793 val_auc=0.8277 val_f1_macro=0.6348 (best_epoch=69, best_auprc=0.4793)
epoch 70: loss=1.2739 val_auprc=0.4801 val_auc=0.8289 val_f1_macro=0.6441 (best_epoch=70, best_auprc=0.4801)
epoch 71: loss=1.2649 val_auprc=0.4816 val_auc=0.8295 val_f1_macro=0.6376 (best_epoch=71, best_auprc=0.4816)
epoch 72: loss=1.2675 val_auprc=0.4824 val_auc=0.8294 val_f1_macro=0.6372 (best_epoch=72, best_auprc=0.4824)
epoch 73: loss=1.2550 val_auprc=0.4838 val_auc=0.8306 val_f1_macro=0.6468 (best_epoch=73, best_auprc=0.4838)
epoch 74: loss=1.2527 val_auprc=0.4846 val_auc=0.8302 val_f1_macro=0.6467 (best_epoch=74, best_auprc=0.4846)
epoch 75: loss=1.2510 val_auprc=0.4852 val_auc=0.8307 val_f1_macro=0.6520 (best_epoch=75, best_auprc=0.4852)
epoch 76: loss=1.2526 val_auprc=0.4864 val_auc=0.8311 val_f1_macro=0.6566 (best_epoch=76, best_auprc=0.4864)
epoch 77: loss=1.2415 val_auprc=0.4866 val_auc=0.8312 val_f1_macro=0.6456 (best_epoch=77, best_auprc=0.4866)
epoch 78: loss=1.2553 val_auprc=0.4878 val_auc=0.8321 val_f1_macro=0.6631 (best_epoch=78, best_auprc=0.4878)
epoch 79: loss=1.2504 val_auprc=0.4883 val_auc=0.8322 val_f1_macro=0.6447 (best_epoch=79, best_auprc=0.4883)
epoch 80: loss=1.2390 val_auprc=0.4890 val_auc=0.8329 val_f1_macro=0.6416 (best_epoch=80, best_auprc=0.4890)
epoch 81: loss=1.2326 val_auprc=0.4905 val_auc=0.8329 val_f1_macro=0.6485 (best_epoch=81, best_auprc=0.4905)
epoch 82: loss=1.2333 val_auprc=0.4903 val_auc=0.8336 val_f1_macro=0.6329 (best_epoch=81, best_auprc=0.4905)
epoch 83: loss=1.2297 val_auprc=0.4896 val_auc=0.8335 val_f1_macro=0.6428 (best_epoch=81, best_auprc=0.4905)
epoch 84: loss=1.2387 val_auprc=0.4909 val_auc=0.8331 val_f1_macro=0.6620 (best_epoch=84, best_auprc=0.4909)
epoch 85: loss=1.2327 val_auprc=0.4919 val_auc=0.8340 val_f1_macro=0.6449 (best_epoch=85, best_auprc=0.4919)
epoch 86: loss=1.2409 val_auprc=0.4921 val_auc=0.8345 val_f1_macro=0.6515 (best_epoch=86, best_auprc=0.4921)
epoch 87: loss=1.2286 val_auprc=0.4941 val_auc=0.8348 val_f1_macro=0.6567 (best_epoch=87, best_auprc=0.4941)
epoch 88: loss=1.2292 val_auprc=0.4937 val_auc=0.8346 val_f1_macro=0.6354 (best_epoch=87, best_auprc=0.4941)
epoch 89: loss=1.2276 val_auprc=0.4942 val_auc=0.8346 val_f1_macro=0.6394 (best_epoch=89, best_auprc=0.4942)
epoch 90: loss=1.2185 val_auprc=0.4968 val_auc=0.8358 val_f1_macro=0.6624 (best_epoch=90, best_auprc=0.4968)
epoch 91: loss=1.2304 val_auprc=0.4950 val_auc=0.8355 val_f1_macro=0.6495 (best_epoch=90, best_auprc=0.4968)
epoch 92: loss=1.2156 val_auprc=0.4953 val_auc=0.8355 val_f1_macro=0.6490 (best_epoch=90, best_auprc=0.4968)
epoch 93: loss=1.2297 val_auprc=0.4977 val_auc=0.8362 val_f1_macro=0.6654 (best_epoch=93, best_auprc=0.4977)
epoch 94: loss=1.2261 val_auprc=0.4968 val_auc=0.8362 val_f1_macro=0.6511 (best_epoch=93, best_auprc=0.4977)
epoch 95: loss=1.2172 val_auprc=0.4976 val_auc=0.8369 val_f1_macro=0.6489 (best_epoch=93, best_auprc=0.4977)
epoch 96: loss=1.2184 val_auprc=0.4995 val_auc=0.8373 val_f1_macro=0.6705 (best_epoch=96, best_auprc=0.4995)
epoch 97: loss=1.2125 val_auprc=0.4992 val_auc=0.8373 val_f1_macro=0.6555 (best_epoch=96, best_auprc=0.4995)
epoch 98: loss=1.2175 val_auprc=0.4994 val_auc=0.8374 val_f1_macro=0.6467 (best_epoch=96, best_auprc=0.4995)
epoch 99: loss=1.2075 val_auprc=0.5017 val_auc=0.8379 val_f1_macro=0.6664 (best_epoch=99, best_auprc=0.5017)
Selected threshold (best val macro-F1): 0.65 (val F1=0.7035)
TEST metrics: {'auprc': 0.49159121954682383, 'auc': 0.8449816641999143, 'f1_macro': 0.7045749257272487, 'recall': 0.5889180082366156, 'threshold_used': 0.6500000000000001, 'best_epoch': 99}