GAAP_AMAZON_CONFIG_BASE=yelp.yaml
GAAP_AMAZON_DATA_NAME=amazon_comp8851
GAAP_AMAZON_D_IN=25
TUNING_TRIAL=11
TUNING_CONFIG=d_hidden=128|gnn_dropout=0.2|lr=0.002
===== GAAP × AMAZON — TR40 TUNING TRIAL 11 =====
RATIO=TR40 | TRAIN_SEED=2 | SPLIT_SEED=2
AUTHOR_ARCHITECTURE_CHANGED=NO
TEST_USED_FOR_SELECTION=NO
MAX_EPOCHS=100 | PATIENCE=20
CANONICAL_AMAZON_VIEW=FROZEN_DGL_ADAPTER
CANONICAL_NODES=11944
CANONICAL_FEATURES=25
CANONICAL_ADAPTER_RAW_EDGES=8796784
AMAZON_RELATION_RECONSTRUCTION=NO
GAAP_AMAZON_CANONICAL_ADAPTER_LOADED=PASS
GAAP_AMAZON_GRAPH_NODES=11944
GAAP_AMAZON_GRAPH_EDGES=8796784
GAAP_AMAZON_GRAPH_FEATURES=25
EXACT_FROZEN_SPLIT_GATE=PASS
The shape of bin-encoded feature is torch.Size([11944, 25])
Processing dataset done!

GAAP_AUTHOR_PROCESSED_EDGES=8796784
GAAP_NATIVE_NORM_TYPE=norm01
GAAP_NATIVE_PREPROCESS=None
GAAP_AUTHOR_DATALOADER_GATE=PASS
TEST_LABELS_HIDDEN_DURING_FIT=PASS
GPU available: True (cuda), used: True
TPU available: False, using: 0 TPU cores
HPU available: False, using: 0 HPUs
LOCAL_RANK: 0 - CUDA_VISIBLE_DEVICES: [0]
run=T11 | TR40 seed=2 | epoch=001 | loss=0.250253 | valAUPRC=0.729397 | valAUROC=0.927040 | best=0.729397@1 | patience=0/20
run=T11 | TR40 seed=2 | epoch=002 | loss=0.347562 | valAUPRC=0.780312 | valAUROC=0.911234 | best=0.780312@2 | patience=0/20
run=T11 | TR40 seed=2 | epoch=003 | loss=0.241940 | valAUPRC=0.835946 | valAUROC=0.957208 | best=0.835946@3 | patience=0/20
run=T11 | TR40 seed=2 | epoch=004 | loss=0.220175 | valAUPRC=0.849252 | valAUROC=0.959606 | best=0.849252@4 | patience=0/20
run=T11 | TR40 seed=2 | epoch=005 | loss=0.165461 | valAUPRC=0.899014 | valAUROC=0.972499 | best=0.899014@5 | patience=0/20
run=T11 | TR40 seed=2 | epoch=006 | loss=0.158891 | valAUPRC=0.886793 | valAUROC=0.967076 | best=0.899014@5 | patience=1/20
run=T11 | TR40 seed=2 | epoch=007 | loss=0.137646 | valAUPRC=0.919304 | valAUROC=0.981536 | best=0.919304@7 | patience=0/20
run=T11 | TR40 seed=2 | epoch=008 | loss=0.203022 | valAUPRC=0.920321 | valAUROC=0.984436 | best=0.920321@8 | patience=0/20
run=T11 | TR40 seed=2 | epoch=009 | loss=2.081259 | valAUPRC=0.877590 | valAUROC=0.952826 | best=0.920321@8 | patience=1/20
run=T11 | TR40 seed=2 | epoch=010 | loss=0.158049 | valAUPRC=0.868103 | valAUROC=0.961036 | best=0.920321@8 | patience=2/20
run=T11 | TR40 seed=2 | epoch=011 | loss=1.545402 | valAUPRC=0.064403 | valAUROC=0.301517 | best=0.920321@8 | patience=3/20
run=T11 | TR40 seed=2 | epoch=012 | loss=0.369150 | valAUPRC=0.861344 | valAUROC=0.958600 | best=0.920321@8 | patience=4/20
run=T11 | TR40 seed=2 | epoch=013 | loss=0.532070 | valAUPRC=0.827844 | valAUROC=0.925933 | best=0.920321@8 | patience=5/20
run=T11 | TR40 seed=2 | epoch=014 | loss=0.236422 | valAUPRC=0.891918 | valAUROC=0.972050 | best=0.920321@8 | patience=6/20
run=T11 | TR40 seed=2 | epoch=015 | loss=0.554401 | valAUPRC=0.870023 | valAUROC=0.953820 | best=0.920321@8 | patience=7/20
run=T11 | TR40 seed=2 | epoch=016 | loss=0.519295 | valAUPRC=0.901140 | valAUROC=0.980152 | best=0.920321@8 | patience=8/20
run=T11 | TR40 seed=2 | epoch=017 | loss=0.145271 | valAUPRC=0.507437 | valAUROC=0.864676 | best=0.920321@8 | patience=9/20
run=T11 | TR40 seed=2 | epoch=018 | loss=24.802067 | valAUPRC=0.889161 | valAUROC=0.980280 | best=0.920321@8 | patience=10/20
run=T11 | TR40 seed=2 | epoch=019 | loss=7.924273 | valAUPRC=0.883905 | valAUROC=0.970953 | best=0.920321@8 | patience=11/20
run=T11 | TR40 seed=2 | epoch=020 | loss=0.123760 | valAUPRC=0.898938 | valAUROC=0.982518 | best=0.920321@8 | patience=12/20
run=T11 | TR40 seed=2 | epoch=021 | loss=0.683969 | valAUPRC=0.905041 | valAUROC=0.982935 | best=0.920321@8 | patience=13/20
run=T11 | TR40 seed=2 | epoch=022 | loss=0.097737 | valAUPRC=0.907213 | valAUROC=0.983836 | best=0.920321@8 | patience=14/20
run=T11 | TR40 seed=2 | epoch=023 | loss=0.088597 | valAUPRC=0.836946 | valAUROC=0.933710 | best=0.920321@8 | patience=15/20
run=T11 | TR40 seed=2 | epoch=024 | loss=1.369394 | valAUPRC=0.874689 | valAUROC=0.977284 | best=0.920321@8 | patience=16/20
run=T11 | TR40 seed=2 | epoch=025 | loss=0.093874 | valAUPRC=0.894472 | valAUROC=0.977715 | best=0.920321@8 | patience=17/20
run=T11 | TR40 seed=2 | epoch=026 | loss=0.086636 | valAUPRC=0.901608 | valAUROC=0.980300 | best=0.920321@8 | patience=18/20
run=T11 | TR40 seed=2 | epoch=027 | loss=0.089520 | valAUPRC=0.888412 | valAUROC=0.970563 | best=0.920321@8 | patience=19/20
run=T11 | TR40 seed=2 | epoch=028 | loss=0.080394 | valAUPRC=0.896014 | valAUROC=0.977236 | best=0.920321@8 | patience=20/20

===== TUNING TRIAL 11 FINAL GATE =====
BEST_VAL_AUPRC=0.920321
TRAINING_WALL_SECONDS=72.666
PEAK_GPU_MEMORY_MB=3448.22
TEST_EVALUATED=NO
TEST_LABEL_ISOLATION=PASS
GAAP_AUTHOR_ARCHITECTURE_CHANGED=NO
GAAP_AMAZON_TUNING_TRIAL_11=PASS
