===== GAAP × YELPCHI — UNIFIED 2-EPOCH SMOKE =====
RATIO=TR40 | TRAIN_SEED=2 | SPLIT_SEED=2
AUTHOR_ARCHITECTURE_CHANGED=NO
TEST_USED_FOR_SELECTION=NO
MAX_EPOCHS=2 | PATIENCE=20
CANONICAL_NODES=45954
CANONICAL_FEATURES=32
RELATION_EDGE_ENTRIES=8051348
HOMOGENEOUS_WITH_SELF_LOOPS=8097302
SHARED_YELP_VIEW_GATE=PASS
EXACT_FROZEN_SPLIT_GATE=PASS
The shape of bin-encoded feature is torch.Size([45954, 32])
Processing dataset done!

GAAP_NATIVE_NORM_TYPE=norm01
GAAP_NATIVE_PREPROCESS=None
GAAP_AUTHOR_DATALOADER_GATE=PASS
TEST_LABELS_HIDDEN_DURING_FIT=PASS
GPU available: True (cuda), used: True
TPU available: False, using: 0 TPU cores
HPU available: False, using: 0 HPUs
LOCAL_RANK: 0 - CUDA_VISIBLE_DEVICES: [0]
run=SMOKE | TR40 seed=2 | epoch=001 | loss=0.399437 | valAUPRC=0.502426 | valAUROC=0.820254 | best=0.502426@1 | patience=0/20
run=SMOKE | TR40 seed=2 | epoch=002 | loss=0.377634 | valAUPRC=0.507830 | valAUROC=0.834475 | best=0.507830@2 | patience=0/20
`Trainer.fit` stopped: `max_epochs=2` reached.

===== SMOKE FINAL GATE =====
BEST_VAL_AUPRC=0.507830
TRAINING_WALL_SECONDS=53.115
PEAK_GPU_MEMORY_MB=13195.82
TEST_EVALUATED=NO
TEST_LABEL_ISOLATION=PASS
GAAP_AUTHOR_ARCHITECTURE_CHANGED=NO
GAAP_YELP_UNIFIED_2EPOCH_SMOKE=PASS
