===== PMP × ELLIPTIC — 2-EPOCH COMPATIBILITY SMOKE =====
IDENTITY_GPU_GATE=PASS
ELLIPTIC_RAW_HASH_GATE=PASS
ELLIPTIC_166_FEATURE_LABEL_GATE=PASS
TIME_STEP_RETAINED_AS_FEATURE=YES
UNKNOWN_NODES_RETAINED_STRUCTURALLY=157205
ELLIPTIC_SPLIT_GATE=PASS
ELLIPTIC_SPLIT_SHA256=1e7963e9d09935fb33e0df74cfb786cab826d1b95ae10b9592dbc240b48ffdbc
DIRECTED_RAW_EDGES_PRESERVED=234355
REVERSE_EDGES_ADDED=NO
SELF_LOOPS_ADDED=NO
TRANSFER_CONFIG_SOURCE=PMP_NATIVE_TFINANCE_LA-SAGE-S
HID=256 DROPOUT=0.4 LR=0.005 LAYERS=1 BATCH=256 NORM_FEAT=TRUE
HID_DIM_COMPATIBILITY_SOURCE=PMP_OFFICIAL_AMAZON_CONFIG_256
HID_DIM_REASON=ELLIPTIC_166_GT_TFINANCE_HID64_TRIGGERS_AUTHOR_DIMENSION_BUG
PERFORMANCE_SPECIFIC_TUNING=NO
MODEL_SIDE_FEATURE_NORMALIZATION=PMP_AUTHOR_CONFIG
PMP_AUTHOR_MODEL_SIDE_NORMALIZATION=YES
PROJECT_SPECIFIC_EXTRA_NORMALIZATION=NO
PMP_TRAIN_LABEL_EXPOSURE_GATE=PASS
VAL_TEST_PARTITION_LABELS_HIDDEN=PASS
/workspace/pmp_vast/envs/pmp-author/lib/python3.10/site-packages/dgl/dataloading/dataloader.py:1076: DGLWarning: Dataloader CPU affinity opt is not enabled, consider switching it on (see enable_cpu_affinity() or CPU best practices for DGL [https://docs.dgl.ai/tutorials/cpu/cpu_best_practises.html])
  dgl_warning(
SMOKE epoch=1 train=3.566s val=1.076s val_AUPRC=0.322261 val_AUROC=0.706718
/workspace/pmp_vast/envs/pmp-author/lib/python3.10/site-packages/dgl/dataloading/dataloader.py:1076: DGLWarning: Dataloader CPU affinity opt is not enabled, consider switching it on (see enable_cpu_affinity() or CPU best practices for DGL [https://docs.dgl.ai/tutorials/cpu/cpu_best_practises.html])
  dgl_warning(
SMOKE epoch=2 train=2.522s val=1.129s val_AUPRC=0.461190 val_AUROC=0.782332
PMP_ELLIPTIC_2EPOCH_SMOKE=PASS
TEST_EVALUATED=NO
PMP_AUTHOR_REPO_CLEAN=PASS
NEXT_ACTION=REVIEW_SMOKE_BEFORE_TUNING_OR_FINAL
