**************** MODEL CONFIGURATION ****************
alpha                    -->   2
batch_size               -->   1024
cuda_id                  -->   0
data_dir                 -->   ./data/
data_name                -->   yelp
emb_size                 -->   64
lr                       -->   0.01
model                    -->   PCGNN
multi_relation           -->   GNN
no_cuda                  -->   False
num_epochs               -->   100
optimizer                -->   adam
results_dir              -->   ./results/unified-final/yelpchi/pcgnn/tr30/seed72
rho                      -->   0.4
run_mode                 -->   unified_final_yelpchi_tr30_kaggle_t4_seed72_rho0p4
save_dir                 -->   ./pytorch_models/
seed                     -->   72
split_path               -->   ./shared/splits/yelpchi/yelpchi_tr30_split_seed2.npz
test_ratio               -->   0.67
thres                    -->   0.5
train_ratio              -->   0.3
valid_epochs             -->   5
weight_decay             -->   0.001
**************** MODEL CONFIGURATION ****************
Run on yelp, postive/total num: 6677/45954, train num 13786,valid num 9099, test num 18474, test positive num 2684
Classification threshold: 0.5
Feature dimension: 32
Model: PCGNN, multi-relation aggregator: GNN, emb_size: 64.
/kaggle/working/pcgnn_clean_restart/PC-GNN-COMP8851-Instrumented/src/model_handler.py:258: UserWarning: The torch.cuda.*DtypeTensor constructors are no longer recommended. It's best to use methods such as torch.tensor(data, dtype=*, device='cuda') to create tensors. (Triggered internally at /pytorch/torch/csrc/tensor/python_tensor.cpp:78.)
  batch_loss = gnn_model.loss(batch_nodes, Variable(torch.cuda.LongTensor(batch_label)))
Epoch: 0, loss: 2.0624337792396545, time: 9.160710822998226s
Valid at epoch 0
/usr/local/lib/python3.12/dist-packages/sklearn/metrics/_classification.py:1565: UndefinedMetricWarning: Recall is ill-defined and being set to 0.0 in labels with no true samples. Use `zero_division` parameter to control this behavior.
  _warn_prf(average, modifier, f"{metric.capitalize()} is", len(result))
   GNN F1-binary-1: 0.2802	F1-binary-0: 0.2914	F1-macro: 0.2858	G-Mean: 0.4054	AUC: 0.7167
   GNN TP: 1265	TN: 1336	FN: 57	FP: 6441
Label1 F1: 0.0937	Accuracy: 0.1559	Recall: 0.4444	AUC: 0.5843	AP: 0.1880
  Saving model ...
Epoch: 1, loss: 2.040728986263275, time: 9.19637387700277s
Epoch: 2, loss: 1.9974776804447174, time: 8.632308870000998s
Epoch: 3, loss: 1.9659979343414307, time: 8.665430547000142s
Epoch: 4, loss: 1.9308193922042847, time: 9.229477516997576s
Epoch: 5, loss: 1.9347190260887146, time: 8.67403320700032s
Valid at epoch 5
/usr/local/lib/python3.12/dist-packages/sklearn/metrics/_classification.py:1565: UndefinedMetricWarning: Recall is ill-defined and being set to 0.0 in labels with no true samples. Use `zero_division` parameter to control this behavior.
  _warn_prf(average, modifier, f"{metric.capitalize()} is", len(result))
   GNN F1-binary-1: 0.3905	F1-binary-0: 0.7814	F1-macro: 0.5860	G-Mean: 0.6910	AUC: 0.7548
   GNN TP: 938	TN: 5233	FN: 384	FP: 2544
Label1 F1: 0.0937	Accuracy: 0.1559	Recall: 0.4444	AUC: 0.6971	AP: 0.2792
  Saving model ...
Epoch: 6, loss: 1.8984959721565247, time: 8.720966472003056s
Epoch: 7, loss: 1.9063514471054077, time: 9.224449719000404s
Epoch: 8, loss: 1.9181920886039734, time: 8.735011688000668s
Epoch: 9, loss: 1.8988718092441559, time: 8.687070599997242s
Epoch: 10, loss: 1.9090667366981506, time: 9.161864364003122s
Valid at epoch 10
/usr/local/lib/python3.12/dist-packages/sklearn/metrics/_classification.py:1565: UndefinedMetricWarning: Recall is ill-defined and being set to 0.0 in labels with no true samples. Use `zero_division` parameter to control this behavior.
  _warn_prf(average, modifier, f"{metric.capitalize()} is", len(result))
   GNN F1-binary-1: 0.4090	F1-binary-0: 0.8098	F1-macro: 0.6094	G-Mean: 0.7009	AUC: 0.7628
   GNN TP: 906	TN: 5575	FN: 416	FP: 2202
Label1 F1: 0.1435	Accuracy: 0.1918	Recall: 0.4698	AUC: 0.7053	AP: 0.2957
  Saving model ...
Epoch: 11, loss: 1.9042537808418274, time: 8.598574989002373s
Epoch: 12, loss: 1.896080106496811, time: 8.695455934001075s
Epoch: 13, loss: 1.8963381052017212, time: 9.116928845000075s
Epoch: 14, loss: 1.880098968744278, time: 8.677426911999646s
Epoch: 15, loss: 1.8952725529670715, time: 8.654036185002042s
Valid at epoch 15
/usr/local/lib/python3.12/dist-packages/sklearn/metrics/_classification.py:1565: UndefinedMetricWarning: Recall is ill-defined and being set to 0.0 in labels with no true samples. Use `zero_division` parameter to control this behavior.
  _warn_prf(average, modifier, f"{metric.capitalize()} is", len(result))
   GNN F1-binary-1: 0.4123	F1-binary-0: 0.8099	F1-macro: 0.6111	G-Mean: 0.7047	AUC: 0.7687
   GNN TP: 917	TN: 5568	FN: 405	FP: 2209
Label1 F1: 0.1534	Accuracy: 0.2026	Recall: 0.4749	AUC: 0.7086	AP: 0.3031
  Saving model ...
Epoch: 16, loss: 1.8946498036384583, time: 9.225438124001812s
Epoch: 17, loss: 1.9004426002502441, time: 8.62024184099937s
Epoch: 18, loss: 1.88605397939682, time: 8.652569941998081s
Epoch: 19, loss: 1.8815216720104218, time: 9.270401199999469s
Epoch: 20, loss: 1.8660583794116974, time: 8.630810242000734s
Valid at epoch 20
/usr/local/lib/python3.12/dist-packages/sklearn/metrics/_classification.py:1565: UndefinedMetricWarning: Recall is ill-defined and being set to 0.0 in labels with no true samples. Use `zero_division` parameter to control this behavior.
  _warn_prf(average, modifier, f"{metric.capitalize()} is", len(result))
   GNN F1-binary-1: 0.4033	F1-binary-0: 0.7793	F1-macro: 0.5913	G-Mean: 0.7063	AUC: 0.7726
   GNN TP: 991	TN: 5176	FN: 331	FP: 2601
Label1 F1: 0.3607	Accuracy: 0.4854	Recall: 0.5284	AUC: 0.7086	AP: 0.3066
  Saving model ...
Epoch: 21, loss: 1.8463104665279388, time: 8.56257512600132s
Epoch: 22, loss: 1.8707861602306366, time: 9.055056272998627s
Epoch: 23, loss: 1.854863852262497, time: 8.70005110099737s
Epoch: 24, loss: 1.8614646196365356, time: 8.673425424000015s
Epoch: 25, loss: 1.8827587068080902, time: 9.359336421999615s
Valid at epoch 25
/usr/local/lib/python3.12/dist-packages/sklearn/metrics/_classification.py:1565: UndefinedMetricWarning: Recall is ill-defined and being set to 0.0 in labels with no true samples. Use `zero_division` parameter to control this behavior.
  _warn_prf(average, modifier, f"{metric.capitalize()} is", len(result))
   GNN F1-binary-1: 0.4526	F1-binary-0: 0.8898	F1-macro: 0.6712	G-Mean: 0.6726	AUC: 0.7824
   GNN TP: 690	TN: 6740	FN: 632	FP: 1037
Label1 F1: 0.3146	Accuracy: 0.4062	Recall: 0.5361	AUC: 0.7117	AP: 0.3105
  Saving model ...
Epoch: 26, loss: 1.8568857312202454, time: 9.21334539000236s
Epoch: 27, loss: 1.8608136773109436, time: 8.68847244599965s
Epoch: 28, loss: 1.8597219288349152, time: 9.127283955000166s
Epoch: 29, loss: 1.8413386046886444, time: 8.722046408998722s
Epoch: 30, loss: 1.8319338262081146, time: 8.659333204999712s
Valid at epoch 30
/usr/local/lib/python3.12/dist-packages/sklearn/metrics/_classification.py:1565: UndefinedMetricWarning: Recall is ill-defined and being set to 0.0 in labels with no true samples. Use `zero_division` parameter to control this behavior.
  _warn_prf(average, modifier, f"{metric.capitalize()} is", len(result))
   GNN F1-binary-1: 0.4231	F1-binary-0: 0.8152	F1-macro: 0.6192	G-Mean: 0.7144	AUC: 0.7833
   GNN TP: 934	TN: 5618	FN: 388	FP: 2159
Label1 F1: 0.2993	Accuracy: 0.3843	Recall: 0.5406	AUC: 0.7150	AP: 0.3152
  Saving model ...
Epoch: 31, loss: 1.8336932063102722, time: 9.18178807899676s
Epoch: 32, loss: 1.8352965414524078, time: 8.756475043002865s
Epoch: 33, loss: 1.8233360052108765, time: 8.757934763001685s
Epoch: 34, loss: 1.8292611241340637, time: 9.213471070997912s
Epoch: 35, loss: 1.8161824345588684, time: 8.698283486002765s
Valid at epoch 35
/usr/local/lib/python3.12/dist-packages/sklearn/metrics/_classification.py:1565: UndefinedMetricWarning: Recall is ill-defined and being set to 0.0 in labels with no true samples. Use `zero_division` parameter to control this behavior.
  _warn_prf(average, modifier, f"{metric.capitalize()} is", len(result))
   GNN F1-binary-1: 0.4202	F1-binary-0: 0.8046	F1-macro: 0.6124	G-Mean: 0.7165	AUC: 0.7888
   GNN TP: 964	TN: 5475	FN: 358	FP: 2302
Label1 F1: 0.3015	Accuracy: 0.3874	Recall: 0.5420	AUC: 0.7175	AP: 0.3185
  Saving model ...
Epoch: 36, loss: 1.8189967274665833, time: 8.735620043000381s
Epoch: 37, loss: 1.8212716281414032, time: 9.22923897900182s
Epoch: 38, loss: 1.8289536237716675, time: 8.659102977999282s
Epoch: 39, loss: 1.821849286556244, time: 8.748869757000648s
Epoch: 40, loss: 1.828244537115097, time: 9.228079342003184s
Valid at epoch 40
/usr/local/lib/python3.12/dist-packages/sklearn/metrics/_classification.py:1565: UndefinedMetricWarning: Recall is ill-defined and being set to 0.0 in labels with no true samples. Use `zero_division` parameter to control this behavior.
  _warn_prf(average, modifier, f"{metric.capitalize()} is", len(result))
   GNN F1-binary-1: 0.4267	F1-binary-0: 0.8130	F1-macro: 0.6199	G-Mean: 0.7198	AUC: 0.7945
   GNN TP: 955	TN: 5578	FN: 367	FP: 2199
Label1 F1: 0.3699	Accuracy: 0.5006	Recall: 0.5560	AUC: 0.7189	AP: 0.3209
  Saving model ...
Epoch: 41, loss: 1.8094696998596191, time: 8.827425767998648s
Epoch: 42, loss: 1.808413028717041, time: 8.724292989001697s
Epoch: 43, loss: 1.8020069301128387, time: 9.262104445999285s
Epoch: 44, loss: 1.8107010424137115, time: 8.60582695499761s
Epoch: 45, loss: 1.8191665410995483, time: 8.679310743002134s
Valid at epoch 45
/usr/local/lib/python3.12/dist-packages/sklearn/metrics/_classification.py:1565: UndefinedMetricWarning: Recall is ill-defined and being set to 0.0 in labels with no true samples. Use `zero_division` parameter to control this behavior.
  _warn_prf(average, modifier, f"{metric.capitalize()} is", len(result))
   GNN F1-binary-1: 0.4710	F1-binary-0: 0.9004	F1-macro: 0.6857	G-Mean: 0.6748	AUC: 0.8039
   GNN TP: 679	TN: 6895	FN: 643	FP: 882
Label1 F1: 0.4015	Accuracy: 0.5641	Recall: 0.5650	AUC: 0.7211	AP: 0.3237
  Saving model ...
Epoch: 46, loss: 1.82167249917984, time: 9.164036787999066s
Epoch: 47, loss: 1.829487532377243, time: 8.604280163999647s
Epoch: 48, loss: 1.8148306608200073, time: 8.690179646997422s
Epoch: 49, loss: 1.7966116666793823, time: 9.150871885001834s
Epoch: 50, loss: 1.797046035528183, time: 8.710725327997352s
Valid at epoch 50
/usr/local/lib/python3.12/dist-packages/sklearn/metrics/_classification.py:1565: UndefinedMetricWarning: Recall is ill-defined and being set to 0.0 in labels with no true samples. Use `zero_division` parameter to control this behavior.
  _warn_prf(average, modifier, f"{metric.capitalize()} is", len(result))
   GNN F1-binary-1: 0.4321	F1-binary-0: 0.8158	F1-macro: 0.6240	G-Mean: 0.7246	AUC: 0.8029
   GNN TP: 963	TN: 5605	FN: 359	FP: 2172
Label1 F1: 0.3509	Accuracy: 0.4660	Recall: 0.5371	AUC: 0.7226	AP: 0.3254
Epoch: 51, loss: 1.8080177307128906, time: 8.663240950998443s
Epoch: 52, loss: 1.794951617717743, time: 9.254786402998434s
Epoch: 53, loss: 1.7959888279438019, time: 8.766220105000684s
Epoch: 54, loss: 1.7852731049060822, time: 8.683412812002643s
Epoch: 55, loss: 1.7874174118041992, time: 9.205244890999893s
Valid at epoch 55
/usr/local/lib/python3.12/dist-packages/sklearn/metrics/_classification.py:1565: UndefinedMetricWarning: Recall is ill-defined and being set to 0.0 in labels with no true samples. Use `zero_division` parameter to control this behavior.
  _warn_prf(average, modifier, f"{metric.capitalize()} is", len(result))
   GNN F1-binary-1: 0.4360	F1-binary-0: 0.8137	F1-macro: 0.6249	G-Mean: 0.7302	AUC: 0.8074
   GNN TP: 985	TN: 5566	FN: 337	FP: 2211
Label1 F1: 0.3580	Accuracy: 0.4789	Recall: 0.5431	AUC: 0.7240	AP: 0.3273
  Saving model ...
Epoch: 56, loss: 1.8160629570484161, time: 8.854478475997894s
Epoch: 57, loss: 1.7897142171859741, time: 8.785440577998088s
Epoch: 58, loss: 1.7798500061035156, time: 9.23428981500183s
Epoch: 59, loss: 1.7710643410682678, time: 8.762563930999022s
Epoch: 60, loss: 1.7665134966373444, time: 8.796315121999214s
Valid at epoch 60
/usr/local/lib/python3.12/dist-packages/sklearn/metrics/_classification.py:1565: UndefinedMetricWarning: Recall is ill-defined and being set to 0.0 in labels with no true samples. Use `zero_division` parameter to control this behavior.
  _warn_prf(average, modifier, f"{metric.capitalize()} is", len(result))
   GNN F1-binary-1: 0.4595	F1-binary-0: 0.8465	F1-macro: 0.6530	G-Mean: 0.7346	AUC: 0.8143
   GNN TP: 925	TN: 5998	FN: 397	FP: 1779
Label1 F1: 0.3756	Accuracy: 0.5118	Recall: 0.5597	AUC: 0.7258	AP: 0.3301
  Saving model ...
Epoch: 61, loss: 1.7887693047523499, time: 9.114266161002888s
Epoch: 62, loss: 1.7915452420711517, time: 8.625374994000595s
Epoch: 63, loss: 1.7587247490882874, time: 8.676878905997s
Epoch: 64, loss: 1.779011070728302, time: 9.225369536998187s
Epoch: 65, loss: 1.784732699394226, time: 8.768030682000244s
Valid at epoch 65
/usr/local/lib/python3.12/dist-packages/sklearn/metrics/_classification.py:1565: UndefinedMetricWarning: Recall is ill-defined and being set to 0.0 in labels with no true samples. Use `zero_division` parameter to control this behavior.
  _warn_prf(average, modifier, f"{metric.capitalize()} is", len(result))
   GNN F1-binary-1: 0.4236	F1-binary-0: 0.7780	F1-macro: 0.6008	G-Mean: 0.7299	AUC: 0.8182
   GNN TP: 1072	TN: 5110	FN: 250	FP: 2667
Label1 F1: 0.3583	Accuracy: 0.4781	Recall: 0.5452	AUC: 0.7274	AP: 0.3325
  Saving model ...
Epoch: 66, loss: 1.7819950580596924, time: 8.65829881099853s
Epoch: 67, loss: 1.7757859826087952, time: 9.123905731001287s
Epoch: 68, loss: 1.7711484730243683, time: 8.698348063000594s
Epoch: 69, loss: 1.7584412097930908, time: 8.668638643001032s
Epoch: 70, loss: 1.768528550863266, time: 9.12480902200332s
Valid at epoch 70
/usr/local/lib/python3.12/dist-packages/sklearn/metrics/_classification.py:1565: UndefinedMetricWarning: Recall is ill-defined and being set to 0.0 in labels with no true samples. Use `zero_division` parameter to control this behavior.
  _warn_prf(average, modifier, f"{metric.capitalize()} is", len(result))
   GNN F1-binary-1: 0.4795	F1-binary-0: 0.8768	F1-macro: 0.6781	G-Mean: 0.7238	AUC: 0.8207
   GNN TP: 835	TN: 6451	FN: 487	FP: 1326
Label1 F1: 0.3533	Accuracy: 0.4695	Recall: 0.5388	AUC: 0.7282	AP: 0.3342
  Saving model ...
Epoch: 71, loss: 1.7869074046611786, time: 8.712669063002977s
Epoch: 72, loss: 1.777052104473114, time: 8.666050600000744s
Epoch: 73, loss: 1.754180759191513, time: 9.090419718002522s
Epoch: 74, loss: 1.754846066236496, time: 8.627632471001561s
Epoch: 75, loss: 1.7560544610023499, time: 8.649385463002545s
Valid at epoch 75
/usr/local/lib/python3.12/dist-packages/sklearn/metrics/_classification.py:1565: UndefinedMetricWarning: Recall is ill-defined and being set to 0.0 in labels with no true samples. Use `zero_division` parameter to control this behavior.
  _warn_prf(average, modifier, f"{metric.capitalize()} is", len(result))
   GNN F1-binary-1: 0.4761	F1-binary-0: 0.8636	F1-macro: 0.6698	G-Mean: 0.7367	AUC: 0.8226
   GNN TP: 895	TN: 6234	FN: 427	FP: 1543
Label1 F1: 0.3904	Accuracy: 0.5411	Recall: 0.5720	AUC: 0.7290	AP: 0.3358
  Saving model ...
Epoch: 76, loss: 1.7517380714416504, time: 9.21640671699788s
Epoch: 77, loss: 1.7793520390987396, time: 8.651931461001368s
Epoch: 78, loss: 1.7717888355255127, time: 8.656807773000764s
Epoch: 79, loss: 1.7742975950241089, time: 9.152661926000292s
Epoch: 80, loss: 1.7693515717983246, time: 8.709434529002465s
Valid at epoch 80
/usr/local/lib/python3.12/dist-packages/sklearn/metrics/_classification.py:1565: UndefinedMetricWarning: Recall is ill-defined and being set to 0.0 in labels with no true samples. Use `zero_division` parameter to control this behavior.
  _warn_prf(average, modifier, f"{metric.capitalize()} is", len(result))
   GNN F1-binary-1: 0.4802	F1-binary-0: 0.8689	F1-macro: 0.6746	G-Mean: 0.7351	AUC: 0.8252
   GNN TP: 880	TN: 6314	FN: 442	FP: 1463
Label1 F1: 0.3852	Accuracy: 0.5309	Recall: 0.5669	AUC: 0.7299	AP: 0.3369
  Saving model ...
Epoch: 81, loss: 1.76401025056839, time: 8.618409898001119s
Epoch: 82, loss: 1.756615400314331, time: 9.157146238001587s
Epoch: 83, loss: 1.743573248386383, time: 8.728564984001423s
Epoch: 84, loss: 1.7495093643665314, time: 8.586982944998454s
Epoch: 85, loss: 1.73446586728096, time: 9.279380500996922s
Valid at epoch 85
/usr/local/lib/python3.12/dist-packages/sklearn/metrics/_classification.py:1565: UndefinedMetricWarning: Recall is ill-defined and being set to 0.0 in labels with no true samples. Use `zero_division` parameter to control this behavior.
  _warn_prf(average, modifier, f"{metric.capitalize()} is", len(result))
   GNN F1-binary-1: 0.4316	F1-binary-0: 0.7890	F1-macro: 0.6103	G-Mean: 0.7358	AUC: 0.8265
   GNN TP: 1063	TN: 5236	FN: 259	FP: 2541
Label1 F1: 0.3282	Accuracy: 0.4248	Recall: 0.5455	AUC: 0.7309	AP: 0.3380
  Saving model ...
Epoch: 86, loss: 1.7399385273456573, time: 8.613637249996827s
Epoch: 87, loss: 1.7554068863391876, time: 8.689990359998774s
Epoch: 88, loss: 1.7337786555290222, time: 9.178081976002431s
Epoch: 89, loss: 1.7372888624668121, time: 8.635504613001103s
Epoch: 90, loss: 1.7399635314941406, time: 8.52238598400072s
Valid at epoch 90
/usr/local/lib/python3.12/dist-packages/sklearn/metrics/_classification.py:1565: UndefinedMetricWarning: Recall is ill-defined and being set to 0.0 in labels with no true samples. Use `zero_division` parameter to control this behavior.
  _warn_prf(average, modifier, f"{metric.capitalize()} is", len(result))
   GNN F1-binary-1: 0.4579	F1-binary-0: 0.8258	F1-macro: 0.6418	G-Mean: 0.7486	AUC: 0.8276
   GNN TP: 1013	TN: 5687	FN: 309	FP: 2090
Label1 F1: 0.3986	Accuracy: 0.5582	Recall: 0.5616	AUC: 0.7317	AP: 0.3391
  Saving model ...
Epoch: 91, loss: 1.756419599056244, time: 9.173938857999019s
Epoch: 92, loss: 1.766309231519699, time: 8.672900230998493s
Epoch: 93, loss: 1.7489835619926453, time: 8.664366019002046s
Epoch: 94, loss: 1.7262335419654846, time: 9.101375095000549s
Epoch: 95, loss: 1.7300656139850616, time: 8.596850526999333s
Valid at epoch 95
/usr/local/lib/python3.12/dist-packages/sklearn/metrics/_classification.py:1565: UndefinedMetricWarning: Recall is ill-defined and being set to 0.0 in labels with no true samples. Use `zero_division` parameter to control this behavior.
  _warn_prf(average, modifier, f"{metric.capitalize()} is", len(result))
   GNN F1-binary-1: 0.4883	F1-binary-0: 0.8774	F1-macro: 0.6829	G-Mean: 0.7335	AUC: 0.8271
   GNN TP: 859	TN: 6440	FN: 463	FP: 1337
Label1 F1: 0.3888	Accuracy: 0.5379	Recall: 0.5523	AUC: 0.7327	AP: 0.3408
Epoch: 96, loss: 1.74922776222229, time: 8.548671455002477s
Epoch: 97, loss: 1.7474391460418701, time: 9.044791666001402s
Epoch: 98, loss: 1.7414501905441284, time: 8.71286140599841s
Epoch: 99, loss: 1.7307465076446533, time: 8.682237556000473s
Restore model from epoch 90
Model path: ./results/unified-final/yelpchi/pcgnn/tr30/seed72/20260909T094151112754Z_yelp_PCGNN_unified_final_yelpchi_tr30_kaggle_t4_seed72_rho0p4_seed72/checkpoints/yelp_PCGNN.pkl
/usr/local/lib/python3.12/dist-packages/sklearn/metrics/_classification.py:1565: UndefinedMetricWarning: Recall is ill-defined and being set to 0.0 in labels with no true samples. Use `zero_division` parameter to control this behavior.
  _warn_prf(average, modifier, f"{metric.capitalize()} is", len(result))
/usr/local/lib/python3.12/dist-packages/sklearn/metrics/_classification.py:1565: UndefinedMetricWarning: Recall is ill-defined and being set to 0.0 in labels with no true samples. Use `zero_division` parameter to control this behavior.
  _warn_prf(average, modifier, f"{metric.capitalize()} is", len(result))
/usr/local/lib/python3.12/dist-packages/sklearn/metrics/_classification.py:1565: UndefinedMetricWarning: Recall is ill-defined and being set to 0.0 in labels with no true samples. Use `zero_division` parameter to control this behavior.
  _warn_prf(average, modifier, f"{metric.capitalize()} is", len(result))
/usr/local/lib/python3.12/dist-packages/sklearn/metrics/_classification.py:1565: UndefinedMetricWarning: Recall is ill-defined and being set to 0.0 in labels with no true samples. Use `zero_division` parameter to control this behavior.
  _warn_prf(average, modifier, f"{metric.capitalize()} is", len(result))
/usr/local/lib/python3.12/dist-packages/sklearn/metrics/_classification.py:1565: UndefinedMetricWarning: Recall is ill-defined and being set to 0.0 in labels with no true samples. Use `zero_division` parameter to control this behavior.
  _warn_prf(average, modifier, f"{metric.capitalize()} is", len(result))
   GNN F1-binary-1: 0.4632	F1-binary-0: 0.8284	F1-macro: 0.6458	G-Mean: 0.7532	AUC: 0.8317
   GNN TP: 2073	TN: 11597	FN: 611	FP: 4193
Label1 F1: 0.3817	Accuracy: 0.5612	Recall: 0.4830	AUC: 0.7457	AP: 0.3398
Structured run artifacts: ./results/unified-final/yelpchi/pcgnn/tr30/seed72/20260909T094151112754Z_yelp_PCGNN_unified_final_yelpchi_tr30_kaggle_t4_seed72_rho0p4_seed72
Average training epoch time: 8.856498s
F1-Macro: 0.6458282694573954
AUC: 0.8317402801675116
G-Mean: 0.7531650502405717
