EXACT_FROZEN_SPLIT_GATE=PASS
GAAP_NATIVE_CONFIG_GATE=PASS
GAAP_NATIVE_CONFIG={"bs": 64, "d_feat_emb": 32, "d_hidden": 128, "data_name": "tfinance", "gnn_agg": "max_pool", "gnn_dropout": 0, "gnn_n_layers": 3, "gnn_use_bn": true, "gnn_use_res": true, "loader_type": "MiniF", "lr": 0.001, "mha_alpha": 0.1, "mha_n_heads": 4, "mha_n_layers": 1, "model_name": "SAGE", "n_bins": 40, "norm_type": "norm01", "preprocess": "None", "use_dyple": true, "use_mha": true, "val_bs": 1280, "weight_decay": 0}
TEST_LABELS_HIDDEN_DURING_FIT=PASS
MODEL_INPUT_ADAPTER_REINSTALLED=PASS
GAAP_RUNTIME_DATA_DIR=/workspace/gaap_vast/tmp/tfinance_smoke_data
GAAP_RUNTIME_DATA_PATH=/workspace/gaap_vast/tmp/tfinance_smoke_data/tfinance
RUNTIME_MODEL_INPUT_SHA=7db7e48617038b35dbac041a6b90426f25237886e157d2f54776bbbd756d69ae
RUNTIME_MASK_SCHEMA_GATE=PASS
Reading dataset tfinance...
--------------------------------------------------------------------------------
num nodes 39,357 | num node feats 10 | num edges 42,445,086 
num labeled: 39,357 | num labeled ratio: 100.00% | num class: 2 | class ratio: 95.42%, 4.58%
trn size 15,742 | val size 7,872 | tst size 15,743 
trn rate 40.00% | val rate 20.00% | tst rate 40.00% 
有自环的节点的占比： 0.0
边_E关系下的统计信息:
num edges: 42445086 | avg out degree: 1078.46
--------------------------------------------------------------------------------
Read dataset done!
The shape of bin-encoded feature is torch.Size([39357, 10])
Processing dataset done!

RUNTIME_FLOAT32_CAST_FIELDS=['g.ndata[feature]', 'dm.feat']
GAAP_RUNTIME_FLOAT32_GATE=PASS
TEST_LABELS_HIDDEN_IN_RUNTIME_GRAPH=PASS
GAAP_AUTHOR_DATALOADER_GATE=PASS
GPU available: True (cuda), used: True
TPU available: False, using: 0 TPU cores
HPU available: False, using: 0 HPUs
LOCAL_RANK: 0 - CUDA_VISIBLE_DEVICES: [0]

  | Name  | Type | Params | Mode 
---------------------------------------
0 | model | SAGE | 1.3 M  | train
---------------------------------------
1.3 M     Trainable params
0         Non-trainable params
1.3 M     Total params
5.289     Total estimated model params size (MB)
epoch=001 | loss=0.150877 | valAUPRC=0.683471 | valAUROC=0.878736 | best=0.683471@1
epoch=002 | loss=0.118631 | valAUPRC=0.728533 | valAUROC=0.938622 | best=0.728533@2
`Trainer.fit` stopped: `max_epochs=2` reached.
BEST_VAL_AUPRC=0.728533@2
WALL_SECONDS=145.562
PEAK_GPU_MB=14285.77
TEST_EVALUATED=NO
TEST_LABEL_ISOLATION=PASS
GAAP_AUTHOR_ARCHITECTURE_CHANGED=NO
GAAP_TFINANCE_UNIFIED_2EPOCH_SMOKE=PASS
GAAP_AUTHOR_REPO_CLEAN=PASS
EVIDENCE=/workspace/gaap_vast/evidence/gaap_tfinance_smoke/smoke_result.json
