=== Run: splitgnn_tfinance_unified_tr40_seed42_a6000_20260918T011953Z ===
Result dir: /workspace/splitgnn_vast/results/splitgnn/tfinance/unified/tr40/seed_42
Split overlap checks: PASSED
train=15742 valid=7872 test=15743
Model source commit: 32fbdb836781d5c02523844a7079425f89be8831
Config SHA256: 58a8376a9687a4833a999040732afa8cc336f2595e2a77d0f61de32d60f3bf83
Split SHA256: e7f78da52dc324c283f864744cd85105fe1c5d0feab065727930a50ba1c1971c
epoch 0: loss=1.7182 val_auprc=0.3190 val_auc=0.8157 val_f1_macro=0.4883 (best_epoch=0, best_auprc=0.3190)
epoch 1: loss=1.7028 val_auprc=0.5124 val_auc=0.8704 val_f1_macro=0.4883 (best_epoch=1, best_auprc=0.5124)
epoch 2: loss=1.6887 val_auprc=0.5940 val_auc=0.8748 val_f1_macro=0.4883 (best_epoch=2, best_auprc=0.5940)
epoch 3: loss=1.6742 val_auprc=0.6583 val_auc=0.8815 val_f1_macro=0.4883 (best_epoch=3, best_auprc=0.6583)
epoch 4: loss=1.6570 val_auprc=0.6813 val_auc=0.8844 val_f1_macro=0.8439 (best_epoch=4, best_auprc=0.6813)
epoch 5: loss=1.6384 val_auprc=0.6835 val_auc=0.8860 val_f1_macro=0.7548 (best_epoch=5, best_auprc=0.6835)
epoch 6: loss=1.6159 val_auprc=0.6857 val_auc=0.8875 val_f1_macro=0.7022 (best_epoch=6, best_auprc=0.6857)
epoch 7: loss=1.5880 val_auprc=0.6878 val_auc=0.8875 val_f1_macro=0.6717 (best_epoch=7, best_auprc=0.6878)
epoch 8: loss=1.5520 val_auprc=0.6899 val_auc=0.8841 val_f1_macro=0.6557 (best_epoch=8, best_auprc=0.6899)
epoch 9: loss=1.5149 val_auprc=0.6918 val_auc=0.8823 val_f1_macro=0.6517 (best_epoch=9, best_auprc=0.6918)
epoch 10: loss=1.4714 val_auprc=0.6952 val_auc=0.8816 val_f1_macro=0.6447 (best_epoch=10, best_auprc=0.6952)
epoch 11: loss=1.4326 val_auprc=0.6966 val_auc=0.8814 val_f1_macro=0.6393 (best_epoch=11, best_auprc=0.6966)
epoch 12: loss=1.3868 val_auprc=0.6933 val_auc=0.8819 val_f1_macro=0.6395 (best_epoch=11, best_auprc=0.6966)
epoch 13: loss=1.3405 val_auprc=0.6867 val_auc=0.8826 val_f1_macro=0.6446 (best_epoch=11, best_auprc=0.6966)
epoch 14: loss=1.2918 val_auprc=0.6810 val_auc=0.8837 val_f1_macro=0.6474 (best_epoch=11, best_auprc=0.6966)
epoch 15: loss=1.2515 val_auprc=0.6824 val_auc=0.8853 val_f1_macro=0.6443 (best_epoch=11, best_auprc=0.6966)
epoch 16: loss=1.2225 val_auprc=0.6890 val_auc=0.8872 val_f1_macro=0.6399 (best_epoch=11, best_auprc=0.6966)
epoch 17: loss=1.1942 val_auprc=0.6966 val_auc=0.8896 val_f1_macro=0.6369 (best_epoch=17, best_auprc=0.6966)
epoch 18: loss=1.1767 val_auprc=0.7040 val_auc=0.8922 val_f1_macro=0.6385 (best_epoch=18, best_auprc=0.7040)
epoch 19: loss=1.1312 val_auprc=0.7097 val_auc=0.8949 val_f1_macro=0.6400 (best_epoch=19, best_auprc=0.7097)
epoch 20: loss=1.1196 val_auprc=0.7155 val_auc=0.8978 val_f1_macro=0.6503 (best_epoch=20, best_auprc=0.7155)
epoch 21: loss=1.1077 val_auprc=0.7211 val_auc=0.9008 val_f1_macro=0.6666 (best_epoch=21, best_auprc=0.7211)
epoch 22: loss=1.0710 val_auprc=0.7262 val_auc=0.9039 val_f1_macro=0.6917 (best_epoch=22, best_auprc=0.7262)
epoch 23: loss=1.0258 val_auprc=0.7307 val_auc=0.9071 val_f1_macro=0.7146 (best_epoch=23, best_auprc=0.7307)
epoch 24: loss=1.0046 val_auprc=0.7354 val_auc=0.9105 val_f1_macro=0.7244 (best_epoch=24, best_auprc=0.7354)
epoch 25: loss=0.9629 val_auprc=0.7405 val_auc=0.9140 val_f1_macro=0.7282 (best_epoch=25, best_auprc=0.7405)
epoch 26: loss=0.9578 val_auprc=0.7452 val_auc=0.9176 val_f1_macro=0.7302 (best_epoch=26, best_auprc=0.7452)
epoch 27: loss=0.9536 val_auprc=0.7507 val_auc=0.9212 val_f1_macro=0.7339 (best_epoch=27, best_auprc=0.7507)
epoch 28: loss=0.9252 val_auprc=0.7562 val_auc=0.9248 val_f1_macro=0.7384 (best_epoch=28, best_auprc=0.7562)
epoch 29: loss=0.9159 val_auprc=0.7623 val_auc=0.9283 val_f1_macro=0.7482 (best_epoch=29, best_auprc=0.7623)
epoch 30: loss=0.9031 val_auprc=0.7685 val_auc=0.9317 val_f1_macro=0.7576 (best_epoch=30, best_auprc=0.7685)
epoch 31: loss=0.8874 val_auprc=0.7748 val_auc=0.9347 val_f1_macro=0.7601 (best_epoch=31, best_auprc=0.7748)
epoch 32: loss=0.8870 val_auprc=0.7808 val_auc=0.9373 val_f1_macro=0.7630 (best_epoch=32, best_auprc=0.7808)
epoch 33: loss=0.8804 val_auprc=0.7867 val_auc=0.9395 val_f1_macro=0.7674 (best_epoch=33, best_auprc=0.7867)
epoch 34: loss=0.8694 val_auprc=0.7931 val_auc=0.9416 val_f1_macro=0.7734 (best_epoch=34, best_auprc=0.7931)
epoch 35: loss=0.8594 val_auprc=0.7994 val_auc=0.9432 val_f1_macro=0.7794 (best_epoch=35, best_auprc=0.7994)
epoch 36: loss=0.8609 val_auprc=0.8052 val_auc=0.9443 val_f1_macro=0.7865 (best_epoch=36, best_auprc=0.8052)
epoch 37: loss=0.8432 val_auprc=0.8114 val_auc=0.9452 val_f1_macro=0.7900 (best_epoch=37, best_auprc=0.8114)
epoch 38: loss=0.8468 val_auprc=0.8174 val_auc=0.9460 val_f1_macro=0.7957 (best_epoch=38, best_auprc=0.8174)
epoch 39: loss=0.8508 val_auprc=0.8234 val_auc=0.9469 val_f1_macro=0.8012 (best_epoch=39, best_auprc=0.8234)
epoch 40: loss=0.8323 val_auprc=0.8300 val_auc=0.9479 val_f1_macro=0.8107 (best_epoch=40, best_auprc=0.8300)
epoch 41: loss=0.8264 val_auprc=0.8363 val_auc=0.9486 val_f1_macro=0.8137 (best_epoch=41, best_auprc=0.8363)
epoch 42: loss=0.8330 val_auprc=0.8426 val_auc=0.9494 val_f1_macro=0.8160 (best_epoch=42, best_auprc=0.8426)
epoch 43: loss=0.8108 val_auprc=0.8465 val_auc=0.9498 val_f1_macro=0.8041 (best_epoch=43, best_auprc=0.8465)
epoch 44: loss=0.8197 val_auprc=0.8504 val_auc=0.9502 val_f1_macro=0.7986 (best_epoch=44, best_auprc=0.8504)
epoch 45: loss=0.7961 val_auprc=0.8532 val_auc=0.9505 val_f1_macro=0.7921 (best_epoch=45, best_auprc=0.8532)
epoch 46: loss=0.7962 val_auprc=0.8552 val_auc=0.9508 val_f1_macro=0.7873 (best_epoch=46, best_auprc=0.8552)
epoch 47: loss=0.8068 val_auprc=0.8576 val_auc=0.9511 val_f1_macro=0.7955 (best_epoch=47, best_auprc=0.8576)
epoch 48: loss=0.8133 val_auprc=0.8606 val_auc=0.9515 val_f1_macro=0.8152 (best_epoch=48, best_auprc=0.8606)
epoch 49: loss=0.7995 val_auprc=0.8621 val_auc=0.9519 val_f1_macro=0.8237 (best_epoch=49, best_auprc=0.8621)
epoch 50: loss=0.8246 val_auprc=0.8631 val_auc=0.9523 val_f1_macro=0.8265 (best_epoch=50, best_auprc=0.8631)
epoch 51: loss=0.8106 val_auprc=0.8631 val_auc=0.9526 val_f1_macro=0.8201 (best_epoch=51, best_auprc=0.8631)
epoch 52: loss=0.8150 val_auprc=0.8625 val_auc=0.9529 val_f1_macro=0.8067 (best_epoch=51, best_auprc=0.8631)
epoch 53: loss=0.7969 val_auprc=0.8613 val_auc=0.9533 val_f1_macro=0.7861 (best_epoch=51, best_auprc=0.8631)
epoch 54: loss=0.8124 val_auprc=0.8610 val_auc=0.9539 val_f1_macro=0.7877 (best_epoch=51, best_auprc=0.8631)
epoch 55: loss=0.7908 val_auprc=0.8611 val_auc=0.9546 val_f1_macro=0.7933 (best_epoch=51, best_auprc=0.8631)
epoch 56: loss=0.8041 val_auprc=0.8620 val_auc=0.9553 val_f1_macro=0.8053 (best_epoch=51, best_auprc=0.8631)
epoch 57: loss=0.7955 val_auprc=0.8630 val_auc=0.9559 val_f1_macro=0.8155 (best_epoch=51, best_auprc=0.8631)
epoch 58: loss=0.8001 val_auprc=0.8637 val_auc=0.9563 val_f1_macro=0.8273 (best_epoch=58, best_auprc=0.8637)
epoch 59: loss=0.7955 val_auprc=0.8640 val_auc=0.9566 val_f1_macro=0.8347 (best_epoch=59, best_auprc=0.8640)
epoch 60: loss=0.7913 val_auprc=0.8641 val_auc=0.9568 val_f1_macro=0.8372 (best_epoch=60, best_auprc=0.8641)
epoch 61: loss=0.7862 val_auprc=0.8641 val_auc=0.9569 val_f1_macro=0.8297 (best_epoch=60, best_auprc=0.8641)
epoch 62: loss=0.7846 val_auprc=0.8644 val_auc=0.9570 val_f1_macro=0.8248 (best_epoch=62, best_auprc=0.8644)
epoch 63: loss=0.7909 val_auprc=0.8651 val_auc=0.9573 val_f1_macro=0.8256 (best_epoch=63, best_auprc=0.8651)
epoch 64: loss=0.7951 val_auprc=0.8660 val_auc=0.9575 val_f1_macro=0.8252 (best_epoch=64, best_auprc=0.8660)
epoch 65: loss=0.7878 val_auprc=0.8665 val_auc=0.9577 val_f1_macro=0.8236 (best_epoch=65, best_auprc=0.8665)
epoch 66: loss=0.7961 val_auprc=0.8676 val_auc=0.9580 val_f1_macro=0.8260 (best_epoch=66, best_auprc=0.8676)
epoch 67: loss=0.7779 val_auprc=0.8684 val_auc=0.9583 val_f1_macro=0.8288 (best_epoch=67, best_auprc=0.8684)
epoch 68: loss=0.7818 val_auprc=0.8693 val_auc=0.9586 val_f1_macro=0.8312 (best_epoch=68, best_auprc=0.8693)
epoch 69: loss=0.7757 val_auprc=0.8700 val_auc=0.9589 val_f1_macro=0.8272 (best_epoch=69, best_auprc=0.8700)
epoch 70: loss=0.7735 val_auprc=0.8707 val_auc=0.9592 val_f1_macro=0.8256 (best_epoch=70, best_auprc=0.8707)
epoch 71: loss=0.7752 val_auprc=0.8716 val_auc=0.9594 val_f1_macro=0.8247 (best_epoch=71, best_auprc=0.8716)
epoch 72: loss=0.7732 val_auprc=0.8723 val_auc=0.9596 val_f1_macro=0.8246 (best_epoch=72, best_auprc=0.8723)
epoch 73: loss=0.7688 val_auprc=0.8726 val_auc=0.9597 val_f1_macro=0.8166 (best_epoch=73, best_auprc=0.8726)
epoch 74: loss=0.7775 val_auprc=0.8732 val_auc=0.9598 val_f1_macro=0.8162 (best_epoch=74, best_auprc=0.8732)
epoch 75: loss=0.7810 val_auprc=0.8742 val_auc=0.9599 val_f1_macro=0.8322 (best_epoch=75, best_auprc=0.8742)
epoch 76: loss=0.7724 val_auprc=0.8748 val_auc=0.9601 val_f1_macro=0.8392 (best_epoch=76, best_auprc=0.8748)
epoch 77: loss=0.7841 val_auprc=0.8753 val_auc=0.9602 val_f1_macro=0.8449 (best_epoch=77, best_auprc=0.8753)
epoch 78: loss=0.7652 val_auprc=0.8759 val_auc=0.9603 val_f1_macro=0.8379 (best_epoch=78, best_auprc=0.8759)
epoch 79: loss=0.7566 val_auprc=0.8764 val_auc=0.9603 val_f1_macro=0.8169 (best_epoch=79, best_auprc=0.8764)
epoch 80: loss=0.7593 val_auprc=0.8764 val_auc=0.9603 val_f1_macro=0.7981 (best_epoch=80, best_auprc=0.8764)
epoch 81: loss=0.7582 val_auprc=0.8766 val_auc=0.9603 val_f1_macro=0.7995 (best_epoch=81, best_auprc=0.8766)
epoch 82: loss=0.7684 val_auprc=0.8766 val_auc=0.9604 val_f1_macro=0.8221 (best_epoch=81, best_auprc=0.8766)
epoch 83: loss=0.7605 val_auprc=0.8764 val_auc=0.9605 val_f1_macro=0.8428 (best_epoch=81, best_auprc=0.8766)
epoch 84: loss=0.7668 val_auprc=0.8766 val_auc=0.9605 val_f1_macro=0.8566 (best_epoch=81, best_auprc=0.8766)
epoch 85: loss=0.7656 val_auprc=0.8764 val_auc=0.9605 val_f1_macro=0.8575 (best_epoch=81, best_auprc=0.8766)
epoch 86: loss=0.7724 val_auprc=0.8767 val_auc=0.9604 val_f1_macro=0.8433 (best_epoch=86, best_auprc=0.8767)
epoch 87: loss=0.7570 val_auprc=0.8767 val_auc=0.9604 val_f1_macro=0.8176 (best_epoch=87, best_auprc=0.8767)
epoch 88: loss=0.7669 val_auprc=0.8769 val_auc=0.9604 val_f1_macro=0.8039 (best_epoch=88, best_auprc=0.8769)
epoch 89: loss=0.7582 val_auprc=0.8769 val_auc=0.9605 val_f1_macro=0.8071 (best_epoch=89, best_auprc=0.8769)
epoch 90: loss=0.7422 val_auprc=0.8769 val_auc=0.9605 val_f1_macro=0.8143 (best_epoch=89, best_auprc=0.8769)
epoch 91: loss=0.7564 val_auprc=0.8770 val_auc=0.9605 val_f1_macro=0.8275 (best_epoch=91, best_auprc=0.8770)
epoch 92: loss=0.7587 val_auprc=0.8769 val_auc=0.9604 val_f1_macro=0.8355 (best_epoch=91, best_auprc=0.8770)
epoch 93: loss=0.7508 val_auprc=0.8768 val_auc=0.9603 val_f1_macro=0.8392 (best_epoch=91, best_auprc=0.8770)
epoch 94: loss=0.7558 val_auprc=0.8768 val_auc=0.9602 val_f1_macro=0.8363 (best_epoch=91, best_auprc=0.8770)
epoch 95: loss=0.7616 val_auprc=0.8766 val_auc=0.9601 val_f1_macro=0.8350 (best_epoch=91, best_auprc=0.8770)
epoch 96: loss=0.7547 val_auprc=0.8765 val_auc=0.9600 val_f1_macro=0.8354 (best_epoch=91, best_auprc=0.8770)
epoch 97: loss=0.7464 val_auprc=0.8764 val_auc=0.9599 val_f1_macro=0.8326 (best_epoch=91, best_auprc=0.8770)
epoch 98: loss=0.7639 val_auprc=0.8764 val_auc=0.9597 val_f1_macro=0.8335 (best_epoch=91, best_auprc=0.8770)
epoch 99: loss=0.7449 val_auprc=0.8760 val_auc=0.9596 val_f1_macro=0.8260 (best_epoch=91, best_auprc=0.8770)
Selected threshold (best val macro-F1): 0.90 (val F1=0.9250)
TEST metrics: {'auprc': 0.83537081250564, 'auc': 0.9437766812519721, 'f1_macro': 0.8981928137616889, 'recall': 0.7645429362880887, 'threshold_used': 0.9000000000000001, 'best_epoch': 91}