**************** MODEL CONFIGURATION ****************
alpha                    -->   2
batch_size               -->   1024
cuda_id                  -->   0
data_dir                 -->   ./data/
data_name                -->   yelp
emb_size                 -->   64
lr                       -->   0.01
model                    -->   PCGNN
multi_relation           -->   GNN
no_cuda                  -->   False
num_epochs               -->   100
optimizer                -->   adam
results_dir              -->   ./results/unified-final/yelpchi/pcgnn/tr40/seed42
rho                      -->   0.4
run_mode                 -->   unified_final_yelpchi_tr40_kaggle_t4_seed42_rho0p4
save_dir                 -->   ./pytorch_models/
seed                     -->   42
split_path               -->   ./shared/splits/yelpchi/yelpchi_tr40_split_seed2.npz
test_ratio               -->   0.67
thres                    -->   0.5
train_ratio              -->   0.4
valid_epochs             -->   5
weight_decay             -->   0.001
**************** MODEL CONFIGURATION ****************
Run on yelp, postive/total num: 6677/45954, train num 18381,valid num 9099, test num 18474, test positive num 2684
Classification threshold: 0.5
Feature dimension: 32
Model: PCGNN, multi-relation aggregator: GNN, emb_size: 64.
/kaggle/working/pcgnn_clean_restart/PC-GNN-COMP8851-Instrumented/src/model_handler.py:258: UserWarning: The torch.cuda.*DtypeTensor constructors are no longer recommended. It's best to use methods such as torch.tensor(data, dtype=*, device='cuda') to create tensors. (Triggered internally at /pytorch/torch/csrc/tensor/python_tensor.cpp:78.)
  batch_loss = gnn_model.loss(batch_nodes, Variable(torch.cuda.LongTensor(batch_label)))
Epoch: 0, loss: 2.069249709447225, time: 12.998404534000656s
Valid at epoch 0
/usr/local/lib/python3.12/dist-packages/sklearn/metrics/_classification.py:1565: UndefinedMetricWarning: Recall is ill-defined and being set to 0.0 in labels with no true samples. Use `zero_division` parameter to control this behavior.
  _warn_prf(average, modifier, f"{metric.capitalize()} is", len(result))
   GNN F1-binary-1: 0.2449	F1-binary-0: 0.9169	F1-macro: 0.5809	G-Mean: 0.4019	AUC: 0.7214
   GNN TP: 221	TN: 7515	FN: 1101	FP: 262
Label1 F1: 0.0937	Accuracy: 0.1559	Recall: 0.4444	AUC: 0.6522	AP: 0.2430
  Saving model ...
Epoch: 1, loss: 2.056058963139852, time: 12.42175831700115s
Epoch: 2, loss: 2.031206727027893, time: 11.9484747839997s
Epoch: 3, loss: 1.9897564848264058, time: 12.507841327998904s
Epoch: 4, loss: 1.9608102043469746, time: 11.799376831999325s
Epoch: 5, loss: 1.9470892548561096, time: 12.60016744799941s
Valid at epoch 5
/usr/local/lib/python3.12/dist-packages/sklearn/metrics/_classification.py:1565: UndefinedMetricWarning: Recall is ill-defined and being set to 0.0 in labels with no true samples. Use `zero_division` parameter to control this behavior.
  _warn_prf(average, modifier, f"{metric.capitalize()} is", len(result))
   GNN F1-binary-1: 0.3651	F1-binary-0: 0.7167	F1-macro: 0.5409	G-Mean: 0.6705	AUC: 0.7540
   GNN TP: 1025	TN: 4509	FN: 297	FP: 3268
Label1 F1: 0.0937	Accuracy: 0.1559	Recall: 0.4444	AUC: 0.7035	AP: 0.2987
  Saving model ...
Epoch: 6, loss: 1.9201241334279378, time: 12.201381599999877s
Epoch: 7, loss: 1.929608980814616, time: 12.375615978000496s
Epoch: 8, loss: 1.8863345980644226, time: 11.897278897000433s
Epoch: 9, loss: 1.8890662391980488, time: 12.490869444000055s
Epoch: 10, loss: 1.8936219215393066, time: 12.18121601600069s
Valid at epoch 10
/usr/local/lib/python3.12/dist-packages/sklearn/metrics/_classification.py:1565: UndefinedMetricWarning: Recall is ill-defined and being set to 0.0 in labels with no true samples. Use `zero_division` parameter to control this behavior.
  _warn_prf(average, modifier, f"{metric.capitalize()} is", len(result))
   GNN F1-binary-1: 0.4168	F1-binary-0: 0.8193	F1-macro: 0.6181	G-Mean: 0.7047	AUC: 0.7649
   GNN TP: 897	TN: 5692	FN: 425	FP: 2085
Label1 F1: 0.1175	Accuracy: 0.1710	Recall: 0.4562	AUC: 0.7100	AP: 0.3060
  Saving model ...
Epoch: 11, loss: 1.8771157264709473, time: 12.041417252999963s
Epoch: 12, loss: 1.8904874920845032, time: 12.56312324999999s
Epoch: 13, loss: 1.895168125629425, time: 11.998697154998808s
Epoch: 14, loss: 1.9089742700258892, time: 12.602885903999777s
Epoch: 15, loss: 1.8863996267318726, time: 11.93381405800028s
Valid at epoch 15
/usr/local/lib/python3.12/dist-packages/sklearn/metrics/_classification.py:1565: UndefinedMetricWarning: Recall is ill-defined and being set to 0.0 in labels with no true samples. Use `zero_division` parameter to control this behavior.
  _warn_prf(average, modifier, f"{metric.capitalize()} is", len(result))
   GNN F1-binary-1: 0.4175	F1-binary-0: 0.8157	F1-macro: 0.6166	G-Mean: 0.7076	AUC: 0.7731
   GNN TP: 913	TN: 5638	FN: 409	FP: 2139
Label1 F1: 0.2127	Accuracy: 0.2672	Recall: 0.4973	AUC: 0.7127	AP: 0.3114
  Saving model ...
Epoch: 16, loss: 1.8871277372042339, time: 11.929399029000706s
Epoch: 17, loss: 1.8684217135111492, time: 12.362703045000671s
Epoch: 18, loss: 1.8604208827018738, time: 12.042429735000042s
Epoch: 19, loss: 1.8609946767489116, time: 12.576456140999653s
Epoch: 20, loss: 1.881547749042511, time: 11.936798097000064s
Valid at epoch 20
/usr/local/lib/python3.12/dist-packages/sklearn/metrics/_classification.py:1565: UndefinedMetricWarning: Recall is ill-defined and being set to 0.0 in labels with no true samples. Use `zero_division` parameter to control this behavior.
  _warn_prf(average, modifier, f"{metric.capitalize()} is", len(result))
   GNN F1-binary-1: 0.4218	F1-binary-0: 0.8114	F1-macro: 0.6166	G-Mean: 0.7149	AUC: 0.7806
   GNN TP: 944	TN: 5567	FN: 378	FP: 2210
Label1 F1: 0.2094	Accuracy: 0.2628	Recall: 0.4951	AUC: 0.7165	AP: 0.3164
  Saving model ...
Epoch: 21, loss: 1.8623804251352947, time: 12.50438455800031s
Epoch: 22, loss: 1.861216127872467, time: 11.919905041000675s
Epoch: 23, loss: 1.8573314150174458, time: 11.989369978000468s
Epoch: 24, loss: 1.8138976494471233, time: 12.593609864999962s
Epoch: 25, loss: 1.8589175740877788, time: 12.097243717998936s
Valid at epoch 25
/usr/local/lib/python3.12/dist-packages/sklearn/metrics/_classification.py:1565: UndefinedMetricWarning: Recall is ill-defined and being set to 0.0 in labels with no true samples. Use `zero_division` parameter to control this behavior.
  _warn_prf(average, modifier, f"{metric.capitalize()} is", len(result))
   GNN F1-binary-1: 0.4572	F1-binary-0: 0.8720	F1-macro: 0.6646	G-Mean: 0.7041	AUC: 0.7873
   GNN TP: 794	TN: 6420	FN: 528	FP: 1357
Label1 F1: 0.2924	Accuracy: 0.3729	Recall: 0.5354	AUC: 0.7196	AP: 0.3215
  Saving model ...
Epoch: 26, loss: 1.8407085140546162, time: 12.687908742000218s
Epoch: 27, loss: 1.8225916028022766, time: 12.12770900400028s
Epoch: 28, loss: 1.8257474899291992, time: 12.65319061199989s
Epoch: 29, loss: 1.8287593921025593, time: 12.094455501999619s
Epoch: 30, loss: 1.8363770047823589, time: 12.13456751999911s
Valid at epoch 30
/usr/local/lib/python3.12/dist-packages/sklearn/metrics/_classification.py:1565: UndefinedMetricWarning: Recall is ill-defined and being set to 0.0 in labels with no true samples. Use `zero_division` parameter to control this behavior.
  _warn_prf(average, modifier, f"{metric.capitalize()} is", len(result))
   GNN F1-binary-1: 0.4438	F1-binary-0: 0.8423	F1-macro: 0.6430	G-Mean: 0.7198	AUC: 0.7944
   GNN TP: 892	TN: 5971	FN: 430	FP: 1806
Label1 F1: 0.3948	Accuracy: 0.5511	Recall: 0.5575	AUC: 0.7209	AP: 0.3240
  Saving model ...
Epoch: 31, loss: 1.8025885224342346, time: 12.602567788999295s
Epoch: 32, loss: 1.8102254072825115, time: 12.014286424999227s
Epoch: 33, loss: 1.847644070784251, time: 12.529437101999065s
Epoch: 34, loss: 1.820939878622691, time: 12.119943175001026s
Epoch: 35, loss: 1.8167242209116619, time: 12.515613823001331s
Valid at epoch 35
/usr/local/lib/python3.12/dist-packages/sklearn/metrics/_classification.py:1565: UndefinedMetricWarning: Recall is ill-defined and being set to 0.0 in labels with no true samples. Use `zero_division` parameter to control this behavior.
  _warn_prf(average, modifier, f"{metric.capitalize()} is", len(result))
   GNN F1-binary-1: 0.4393	F1-binary-0: 0.8286	F1-macro: 0.6340	G-Mean: 0.7250	AUC: 0.7971
   GNN TP: 936	TN: 5774	FN: 386	FP: 2003
Label1 F1: 0.3588	Accuracy: 0.4806	Recall: 0.5461	AUC: 0.7242	AP: 0.3258
  Saving model ...
Epoch: 36, loss: 1.8158134023348491, time: 12.4834646599993s
Epoch: 37, loss: 1.81650443871816, time: 12.062043435000305s
Epoch: 38, loss: 1.8133410215377808, time: 12.540859867000108s
Epoch: 39, loss: 1.7934107581774394, time: 11.78828832599902s
Epoch: 40, loss: 1.823903501033783, time: 12.529458797000188s
Valid at epoch 40
/usr/local/lib/python3.12/dist-packages/sklearn/metrics/_classification.py:1565: UndefinedMetricWarning: Recall is ill-defined and being set to 0.0 in labels with no true samples. Use `zero_division` parameter to control this behavior.
  _warn_prf(average, modifier, f"{metric.capitalize()} is", len(result))
   GNN F1-binary-1: 0.4515	F1-binary-0: 0.8395	F1-macro: 0.6455	G-Mean: 0.7311	AUC: 0.8080
   GNN TP: 930	TN: 5909	FN: 392	FP: 1868
Label1 F1: 0.4196	Accuracy: 0.6076	Recall: 0.5243	AUC: 0.7265	AP: 0.3301
  Saving model ...
Epoch: 41, loss: 1.8120235204696655, time: 11.889590700999179s
Epoch: 42, loss: 1.8029545545578003, time: 12.11144382099883s
Epoch: 43, loss: 1.806273639202118, time: 12.695387859999755s
Epoch: 44, loss: 1.7994709412256877, time: 12.077763953999238s
Epoch: 45, loss: 1.7879790465037029, time: 12.546138120998876s
Valid at epoch 45
/usr/local/lib/python3.12/dist-packages/sklearn/metrics/_classification.py:1565: UndefinedMetricWarning: Recall is ill-defined and being set to 0.0 in labels with no true samples. Use `zero_division` parameter to control this behavior.
  _warn_prf(average, modifier, f"{metric.capitalize()} is", len(result))
   GNN F1-binary-1: 0.4194	F1-binary-0: 0.7802	F1-macro: 0.5998	G-Mean: 0.7245	AUC: 0.8104
   GNN TP: 1048	TN: 5149	FN: 274	FP: 2628
Label1 F1: 0.4245	Accuracy: 0.6171	Recall: 0.5428	AUC: 0.7276	AP: 0.3336
  Saving model ...
Epoch: 46, loss: 1.7833377321561177, time: 12.120963654999287s
Epoch: 47, loss: 1.8198117812474568, time: 12.604459252001107s
Epoch: 48, loss: 1.8020670811335247, time: 12.054334709999239s
Epoch: 49, loss: 1.7886879642804463, time: 12.56229945999985s
Epoch: 50, loss: 1.8048816919326782, time: 11.915953319999971s
Valid at epoch 50
/usr/local/lib/python3.12/dist-packages/sklearn/metrics/_classification.py:1565: UndefinedMetricWarning: Recall is ill-defined and being set to 0.0 in labels with no true samples. Use `zero_division` parameter to control this behavior.
  _warn_prf(average, modifier, f"{metric.capitalize()} is", len(result))
   GNN F1-binary-1: 0.4744	F1-binary-0: 0.8717	F1-macro: 0.6730	G-Mean: 0.7247	AUC: 0.8145
   GNN TP: 847	TN: 6375	FN: 475	FP: 1402
Label1 F1: 0.3659	Accuracy: 0.4932	Recall: 0.5508	AUC: 0.7291	AP: 0.3358
  Saving model ...
Epoch: 51, loss: 1.7675710916519165, time: 12.02385462500024s
Epoch: 52, loss: 1.772390107313792, time: 12.495899232000738s
Epoch: 53, loss: 1.7819472750027974, time: 11.722241589000987s
Epoch: 54, loss: 1.7987284660339355, time: 12.472343264000301s
Epoch: 55, loss: 1.796270489692688, time: 12.000710838001396s
Valid at epoch 55
/usr/local/lib/python3.12/dist-packages/sklearn/metrics/_classification.py:1565: UndefinedMetricWarning: Recall is ill-defined and being set to 0.0 in labels with no true samples. Use `zero_division` parameter to control this behavior.
  _warn_prf(average, modifier, f"{metric.capitalize()} is", len(result))
   GNN F1-binary-1: 0.4316	F1-binary-0: 0.8003	F1-macro: 0.6160	G-Mean: 0.7316	AUC: 0.8143
   GNN TP: 1021	TN: 5389	FN: 301	FP: 2388
Label1 F1: 0.4184	Accuracy: 0.6044	Recall: 0.5335	AUC: 0.7307	AP: 0.3377
Epoch: 56, loss: 1.778435210386912, time: 12.111775534000117s
Epoch: 57, loss: 1.787480652332306, time: 12.381704624000122s
Epoch: 58, loss: 1.780032177766164, time: 12.050464504000047s
Epoch: 59, loss: 1.7518122990926106, time: 12.414423894999345s
Epoch: 60, loss: 1.7732279499371846, time: 11.935018463998858s
Valid at epoch 60
/usr/local/lib/python3.12/dist-packages/sklearn/metrics/_classification.py:1565: UndefinedMetricWarning: Recall is ill-defined and being set to 0.0 in labels with no true samples. Use `zero_division` parameter to control this behavior.
  _warn_prf(average, modifier, f"{metric.capitalize()} is", len(result))
   GNN F1-binary-1: 0.4922	F1-binary-0: 0.8841	F1-macro: 0.6881	G-Mean: 0.7280	AUC: 0.8228
   GNN TP: 832	TN: 6550	FN: 490	FP: 1227
Label1 F1: 0.3479	Accuracy: 0.4595	Recall: 0.5355	AUC: 0.7333	AP: 0.3411
  Saving model ...
Epoch: 61, loss: 1.7750677267710369, time: 11.937520416999178s
Epoch: 62, loss: 1.7591659625371296, time: 12.444213999000567s
Epoch: 63, loss: 1.7581223249435425, time: 12.009663335000369s
Epoch: 64, loss: 1.774882197380066, time: 12.457109425000453s
Epoch: 65, loss: 1.7484237154324849, time: 12.14515189299891s
Valid at epoch 65
/usr/local/lib/python3.12/dist-packages/sklearn/metrics/_classification.py:1565: UndefinedMetricWarning: Recall is ill-defined and being set to 0.0 in labels with no true samples. Use `zero_division` parameter to control this behavior.
  _warn_prf(average, modifier, f"{metric.capitalize()} is", len(result))
   GNN F1-binary-1: 0.4253	F1-binary-0: 0.7932	F1-macro: 0.6093	G-Mean: 0.7271	AUC: 0.8227
   GNN TP: 1024	TN: 5308	FN: 298	FP: 2469
Label1 F1: 0.3376	Accuracy: 0.4389	Recall: 0.5271	AUC: 0.7345	AP: 0.3432
Epoch: 66, loss: 1.7540875673294067, time: 12.514262228000007s
Epoch: 67, loss: 1.7778044144312541, time: 11.940030470999773s
Epoch: 68, loss: 1.7717502514521282, time: 11.914902500999233s
Epoch: 69, loss: 1.7670289874076843, time: 12.465902212999936s
Epoch: 70, loss: 1.7884554862976074, time: 11.977128152999285s
Valid at epoch 70
/usr/local/lib/python3.12/dist-packages/sklearn/metrics/_classification.py:1565: UndefinedMetricWarning: Recall is ill-defined and being set to 0.0 in labels with no true samples. Use `zero_division` parameter to control this behavior.
  _warn_prf(average, modifier, f"{metric.capitalize()} is", len(result))
   GNN F1-binary-1: 0.4684	F1-binary-0: 0.8485	F1-macro: 0.6585	G-Mean: 0.7432	AUC: 0.8260
   GNN TP: 945	TN: 6009	FN: 377	FP: 1768
Label1 F1: 0.3314	Accuracy: 0.4297	Recall: 0.5198	AUC: 0.7354	AP: 0.3450
  Saving model ...
Epoch: 71, loss: 1.740528404712677, time: 12.543642779999573s
Epoch: 72, loss: 1.737813929716746, time: 11.81216039299943s
Epoch: 73, loss: 1.7444905241330464, time: 12.469256234000568s
Epoch: 74, loss: 1.7495713233947754, time: 12.02481697499934s
Epoch: 75, loss: 1.7573450605074565, time: 11.833922092000648s
Valid at epoch 75
/usr/local/lib/python3.12/dist-packages/sklearn/metrics/_classification.py:1565: UndefinedMetricWarning: Recall is ill-defined and being set to 0.0 in labels with no true samples. Use `zero_division` parameter to control this behavior.
  _warn_prf(average, modifier, f"{metric.capitalize()} is", len(result))
   GNN F1-binary-1: 0.3716	F1-binary-0: 0.6653	F1-macro: 0.5185	G-Mean: 0.6719	AUC: 0.8223
   GNN TP: 1175	TN: 3950	FN: 147	FP: 3827
Label1 F1: 0.3879	Accuracy: 0.5380	Recall: 0.5507	AUC: 0.7361	AP: 0.3452
Epoch: 76, loss: 1.7939120332400005, time: 12.467616739999357s
Epoch: 77, loss: 1.7671797672907512, time: 11.966982721998647s
Epoch: 78, loss: 1.7402354677518208, time: 12.348993379999229s
Epoch: 79, loss: 1.7734694480895996, time: 11.890258594001352s
Epoch: 80, loss: 1.7767992218335469, time: 12.544291421001617s
Valid at epoch 80
/usr/local/lib/python3.12/dist-packages/sklearn/metrics/_classification.py:1565: UndefinedMetricWarning: Recall is ill-defined and being set to 0.0 in labels with no true samples. Use `zero_division` parameter to control this behavior.
  _warn_prf(average, modifier, f"{metric.capitalize()} is", len(result))
   GNN F1-binary-1: 0.4082	F1-binary-0: 0.7441	F1-macro: 0.5761	G-Mean: 0.7179	AUC: 0.8282
   GNN TP: 1121	TN: 4727	FN: 201	FP: 3050
Label1 F1: 0.4185	Accuracy: 0.6031	Recall: 0.5336	AUC: 0.7362	AP: 0.3445
  Saving model ...
Epoch: 81, loss: 1.756954590479533, time: 13.107995282000047s
Epoch: 82, loss: 1.7390296061833699, time: 12.583877251001468s
Epoch: 83, loss: 1.7200992306073506, time: 13.37034237700027s
Epoch: 84, loss: 1.7341237266858418, time: 12.985879338999439s
Epoch: 85, loss: 1.7343745430310566, time: 13.907133635000719s
Valid at epoch 85
/usr/local/lib/python3.12/dist-packages/sklearn/metrics/_classification.py:1565: UndefinedMetricWarning: Recall is ill-defined and being set to 0.0 in labels with no true samples. Use `zero_division` parameter to control this behavior.
  _warn_prf(average, modifier, f"{metric.capitalize()} is", len(result))
   GNN F1-binary-1: 0.4866	F1-binary-0: 0.8694	F1-macro: 0.6780	G-Mean: 0.7422	AUC: 0.8299
   GNN TP: 898	TN: 6306	FN: 424	FP: 1471
Label1 F1: 0.4143	Accuracy: 0.5939	Recall: 0.5294	AUC: 0.7370	AP: 0.3455
  Saving model ...
Epoch: 86, loss: 1.7477644483248393, time: 12.82954018700002s
Epoch: 87, loss: 1.7482024828592937, time: 13.63806280800236s
Epoch: 88, loss: 1.7642035285631816, time: 12.970340488001966s
Epoch: 89, loss: 1.750383158524831, time: 13.799272631997155s
Epoch: 90, loss: 1.7405423521995544, time: 12.972543889001827s
Valid at epoch 90
/usr/local/lib/python3.12/dist-packages/sklearn/metrics/_classification.py:1565: UndefinedMetricWarning: Recall is ill-defined and being set to 0.0 in labels with no true samples. Use `zero_division` parameter to control this behavior.
  _warn_prf(average, modifier, f"{metric.capitalize()} is", len(result))
   GNN F1-binary-1: 0.4611	F1-binary-0: 0.8331	F1-macro: 0.6471	G-Mean: 0.7473	AUC: 0.8321
   GNN TP: 992	TN: 5788	FN: 330	FP: 1989
Label1 F1: 0.4143	Accuracy: 0.5937	Recall: 0.5475	AUC: 0.7377	AP: 0.3461
  Saving model ...
Epoch: 91, loss: 1.737375815709432, time: 13.310584123002627s
Epoch: 92, loss: 1.751581648985545, time: 13.613898840001639s
Epoch: 93, loss: 1.7375102837880452, time: 13.208623602000443s
Epoch: 94, loss: 1.7494657437006633, time: 13.772047139998904s
Epoch: 95, loss: 1.7494391004244487, time: 13.016798499997094s
Valid at epoch 95
/usr/local/lib/python3.12/dist-packages/sklearn/metrics/_classification.py:1565: UndefinedMetricWarning: Recall is ill-defined and being set to 0.0 in labels with no true samples. Use `zero_division` parameter to control this behavior.
  _warn_prf(average, modifier, f"{metric.capitalize()} is", len(result))
   GNN F1-binary-1: 0.4577	F1-binary-0: 0.8311	F1-macro: 0.6444	G-Mean: 0.7448	AUC: 0.8316
   GNN TP: 989	TN: 5766	FN: 333	FP: 2011
Label1 F1: 0.4184	Accuracy: 0.6033	Recall: 0.5411	AUC: 0.7379	AP: 0.3462
Epoch: 96, loss: 1.737655520439148, time: 12.944522450001386s
Epoch: 97, loss: 1.731928010781606, time: 13.565056198000093s
Epoch: 98, loss: 1.7218447128931682, time: 12.749892824998824s
Epoch: 99, loss: 1.7466887633005779, time: 13.197670115001529s
Restore model from epoch 90
Model path: ./results/unified-final/yelpchi/pcgnn/tr40/seed42/20260909T082455642815Z_yelp_PCGNN_unified_final_yelpchi_tr40_kaggle_t4_seed42_rho0p4_seed42/checkpoints/yelp_PCGNN.pkl
/usr/local/lib/python3.12/dist-packages/sklearn/metrics/_classification.py:1565: UndefinedMetricWarning: Recall is ill-defined and being set to 0.0 in labels with no true samples. Use `zero_division` parameter to control this behavior.
  _warn_prf(average, modifier, f"{metric.capitalize()} is", len(result))
/usr/local/lib/python3.12/dist-packages/sklearn/metrics/_classification.py:1565: UndefinedMetricWarning: Recall is ill-defined and being set to 0.0 in labels with no true samples. Use `zero_division` parameter to control this behavior.
  _warn_prf(average, modifier, f"{metric.capitalize()} is", len(result))
/usr/local/lib/python3.12/dist-packages/sklearn/metrics/_classification.py:1565: UndefinedMetricWarning: Recall is ill-defined and being set to 0.0 in labels with no true samples. Use `zero_division` parameter to control this behavior.
  _warn_prf(average, modifier, f"{metric.capitalize()} is", len(result))
/usr/local/lib/python3.12/dist-packages/sklearn/metrics/_classification.py:1565: UndefinedMetricWarning: Recall is ill-defined and being set to 0.0 in labels with no true samples. Use `zero_division` parameter to control this behavior.
  _warn_prf(average, modifier, f"{metric.capitalize()} is", len(result))
/usr/local/lib/python3.12/dist-packages/sklearn/metrics/_classification.py:1565: UndefinedMetricWarning: Recall is ill-defined and being set to 0.0 in labels with no true samples. Use `zero_division` parameter to control this behavior.
  _warn_prf(average, modifier, f"{metric.capitalize()} is", len(result))
   GNN F1-binary-1: 0.4770	F1-binary-0: 0.8405	F1-macro: 0.6587	G-Mean: 0.7604	AUC: 0.8385
   GNN TP: 2060	TN: 11897	FN: 624	FP: 3893
Label1 F1: 0.3969	Accuracy: 0.5954	Recall: 0.4801	AUC: 0.7502	AP: 0.3463
Structured run artifacts: ./results/unified-final/yelpchi/pcgnn/tr40/seed42/20260909T082455642815Z_yelp_PCGNN_unified_final_yelpchi_tr40_kaggle_t4_seed42_rho0p4_seed42
Average training epoch time: 12.428371s
F1-Macro: 0.6587340955638011
AUC: 0.8384972543885894
G-Mean: 0.7604488723471777
