=== Run: splitgnn_tsocial_unified_tr40_seed72_a6000_20260919T063721Z ===
Result dir: /workspace/splitgnn_vast/results/splitgnn/tsocial/unified/tr40/seed_72
Split overlap checks: PASSED
train=346864 valid=173432 test=346864
Model source commit: 32fbdb836781d5c02523844a7079425f89be8831
Config SHA256: 5a259674a05624c2d0034f8bbbc431f10fec435948b5daf47773418ec213aa7e
Split SHA256: 197cd8a496ca269cfa2affeea08837bb97bc55181f878b36cc724036ba6d001b
epoch 0: loss=1.7002 val_auprc=0.2049 val_auc=0.7869 val_f1_macro=0.0293 (best_epoch=0, best_auprc=0.2049)
epoch 1: loss=1.6869 val_auprc=0.2264 val_auc=0.7825 val_f1_macro=0.0293 (best_epoch=1, best_auprc=0.2264)
epoch 2: loss=1.6687 val_auprc=0.2332 val_auc=0.7980 val_f1_macro=0.3376 (best_epoch=2, best_auprc=0.2332)
epoch 3: loss=1.6487 val_auprc=0.2348 val_auc=0.8059 val_f1_macro=0.4714 (best_epoch=3, best_auprc=0.2348)
epoch 4: loss=1.6276 val_auprc=0.2618 val_auc=0.8240 val_f1_macro=0.5067 (best_epoch=4, best_auprc=0.2618)
epoch 5: loss=1.6037 val_auprc=0.2731 val_auc=0.8184 val_f1_macro=0.5284 (best_epoch=5, best_auprc=0.2731)
epoch 6: loss=1.5791 val_auprc=0.2553 val_auc=0.8114 val_f1_macro=0.5317 (best_epoch=5, best_auprc=0.2731)
epoch 7: loss=1.5563 val_auprc=0.2486 val_auc=0.8129 val_f1_macro=0.5181 (best_epoch=5, best_auprc=0.2731)
epoch 8: loss=1.5369 val_auprc=0.2476 val_auc=0.8149 val_f1_macro=0.5010 (best_epoch=5, best_auprc=0.2731)
epoch 9: loss=1.5173 val_auprc=0.2482 val_auc=0.8157 val_f1_macro=0.4918 (best_epoch=5, best_auprc=0.2731)
epoch 10: loss=1.5052 val_auprc=0.2489 val_auc=0.8163 val_f1_macro=0.4909 (best_epoch=5, best_auprc=0.2731)
epoch 11: loss=1.4944 val_auprc=0.2500 val_auc=0.8170 val_f1_macro=0.4953 (best_epoch=5, best_auprc=0.2731)
epoch 12: loss=1.4891 val_auprc=0.2508 val_auc=0.8181 val_f1_macro=0.4996 (best_epoch=5, best_auprc=0.2731)
epoch 13: loss=1.4902 val_auprc=0.2516 val_auc=0.8197 val_f1_macro=0.5003 (best_epoch=5, best_auprc=0.2731)
epoch 14: loss=1.4782 val_auprc=0.2534 val_auc=0.8217 val_f1_macro=0.4968 (best_epoch=5, best_auprc=0.2731)
epoch 15: loss=1.4753 val_auprc=0.2560 val_auc=0.8241 val_f1_macro=0.4963 (best_epoch=5, best_auprc=0.2731)
epoch 16: loss=1.4522 val_auprc=0.2585 val_auc=0.8268 val_f1_macro=0.4997 (best_epoch=5, best_auprc=0.2731)
epoch 17: loss=1.4318 val_auprc=0.2616 val_auc=0.8294 val_f1_macro=0.5033 (best_epoch=5, best_auprc=0.2731)
epoch 18: loss=1.4164 val_auprc=0.2650 val_auc=0.8317 val_f1_macro=0.5071 (best_epoch=5, best_auprc=0.2731)
epoch 19: loss=1.4012 val_auprc=0.2680 val_auc=0.8336 val_f1_macro=0.5093 (best_epoch=5, best_auprc=0.2731)
epoch 20: loss=1.3866 val_auprc=0.2712 val_auc=0.8351 val_f1_macro=0.5109 (best_epoch=5, best_auprc=0.2731)
epoch 21: loss=1.3666 val_auprc=0.2744 val_auc=0.8360 val_f1_macro=0.5082 (best_epoch=21, best_auprc=0.2744)
epoch 22: loss=1.3569 val_auprc=0.2768 val_auc=0.8367 val_f1_macro=0.5055 (best_epoch=22, best_auprc=0.2768)
epoch 23: loss=1.3408 val_auprc=0.2794 val_auc=0.8370 val_f1_macro=0.5048 (best_epoch=23, best_auprc=0.2794)
epoch 24: loss=1.3299 val_auprc=0.2817 val_auc=0.8373 val_f1_macro=0.5058 (best_epoch=24, best_auprc=0.2817)
epoch 25: loss=1.3203 val_auprc=0.2831 val_auc=0.8379 val_f1_macro=0.5065 (best_epoch=25, best_auprc=0.2831)
epoch 26: loss=1.3035 val_auprc=0.2854 val_auc=0.8387 val_f1_macro=0.5056 (best_epoch=26, best_auprc=0.2854)
epoch 27: loss=1.2890 val_auprc=0.2873 val_auc=0.8397 val_f1_macro=0.5016 (best_epoch=27, best_auprc=0.2873)
epoch 28: loss=1.2771 val_auprc=0.2890 val_auc=0.8409 val_f1_macro=0.4980 (best_epoch=28, best_auprc=0.2890)
epoch 29: loss=1.2717 val_auprc=0.2903 val_auc=0.8420 val_f1_macro=0.4985 (best_epoch=29, best_auprc=0.2903)
epoch 30: loss=1.2532 val_auprc=0.2914 val_auc=0.8432 val_f1_macro=0.5003 (best_epoch=30, best_auprc=0.2914)
epoch 31: loss=1.2527 val_auprc=0.2924 val_auc=0.8442 val_f1_macro=0.5034 (best_epoch=31, best_auprc=0.2924)
epoch 32: loss=1.2414 val_auprc=0.2932 val_auc=0.8450 val_f1_macro=0.5025 (best_epoch=32, best_auprc=0.2932)
epoch 33: loss=1.2367 val_auprc=0.2939 val_auc=0.8460 val_f1_macro=0.5005 (best_epoch=33, best_auprc=0.2939)
epoch 34: loss=1.2256 val_auprc=0.2954 val_auc=0.8472 val_f1_macro=0.4999 (best_epoch=34, best_auprc=0.2954)
epoch 35: loss=1.2171 val_auprc=0.2966 val_auc=0.8483 val_f1_macro=0.5000 (best_epoch=35, best_auprc=0.2966)
epoch 36: loss=1.2121 val_auprc=0.2978 val_auc=0.8494 val_f1_macro=0.5014 (best_epoch=36, best_auprc=0.2978)
epoch 37: loss=1.2045 val_auprc=0.2989 val_auc=0.8504 val_f1_macro=0.5046 (best_epoch=37, best_auprc=0.2989)
epoch 38: loss=1.1994 val_auprc=0.3003 val_auc=0.8512 val_f1_macro=0.5083 (best_epoch=38, best_auprc=0.3003)
epoch 39: loss=1.1940 val_auprc=0.3008 val_auc=0.8519 val_f1_macro=0.5102 (best_epoch=39, best_auprc=0.3008)
epoch 40: loss=1.1873 val_auprc=0.3017 val_auc=0.8525 val_f1_macro=0.5097 (best_epoch=40, best_auprc=0.3017)
epoch 41: loss=1.1850 val_auprc=0.3021 val_auc=0.8531 val_f1_macro=0.5082 (best_epoch=41, best_auprc=0.3021)
epoch 42: loss=1.1771 val_auprc=0.3032 val_auc=0.8539 val_f1_macro=0.5083 (best_epoch=42, best_auprc=0.3032)
epoch 43: loss=1.1787 val_auprc=0.3050 val_auc=0.8548 val_f1_macro=0.5090 (best_epoch=43, best_auprc=0.3050)
epoch 44: loss=1.1642 val_auprc=0.3066 val_auc=0.8560 val_f1_macro=0.5087 (best_epoch=44, best_auprc=0.3066)
epoch 45: loss=1.1709 val_auprc=0.3080 val_auc=0.8571 val_f1_macro=0.5105 (best_epoch=45, best_auprc=0.3080)
epoch 46: loss=1.1646 val_auprc=0.3091 val_auc=0.8581 val_f1_macro=0.5110 (best_epoch=46, best_auprc=0.3091)
epoch 47: loss=1.1587 val_auprc=0.3103 val_auc=0.8590 val_f1_macro=0.5134 (best_epoch=47, best_auprc=0.3103)
epoch 48: loss=1.1569 val_auprc=0.3115 val_auc=0.8600 val_f1_macro=0.5144 (best_epoch=48, best_auprc=0.3115)
epoch 49: loss=1.1505 val_auprc=0.3128 val_auc=0.8611 val_f1_macro=0.5120 (best_epoch=49, best_auprc=0.3128)
epoch 50: loss=1.1520 val_auprc=0.3149 val_auc=0.8624 val_f1_macro=0.5134 (best_epoch=50, best_auprc=0.3149)
epoch 51: loss=1.1501 val_auprc=0.3173 val_auc=0.8638 val_f1_macro=0.5189 (best_epoch=51, best_auprc=0.3173)
epoch 52: loss=1.1440 val_auprc=0.3191 val_auc=0.8650 val_f1_macro=0.5194 (best_epoch=52, best_auprc=0.3191)
epoch 53: loss=1.1444 val_auprc=0.3209 val_auc=0.8660 val_f1_macro=0.5172 (best_epoch=53, best_auprc=0.3209)
epoch 54: loss=1.1424 val_auprc=0.3226 val_auc=0.8673 val_f1_macro=0.5156 (best_epoch=54, best_auprc=0.3226)
epoch 55: loss=1.1404 val_auprc=0.3246 val_auc=0.8684 val_f1_macro=0.5174 (best_epoch=55, best_auprc=0.3246)
epoch 56: loss=1.1373 val_auprc=0.3268 val_auc=0.8696 val_f1_macro=0.5202 (best_epoch=56, best_auprc=0.3268)
epoch 57: loss=1.1346 val_auprc=0.3284 val_auc=0.8708 val_f1_macro=0.5196 (best_epoch=57, best_auprc=0.3284)
epoch 58: loss=1.1326 val_auprc=0.3295 val_auc=0.8717 val_f1_macro=0.5137 (best_epoch=58, best_auprc=0.3295)
epoch 59: loss=1.1307 val_auprc=0.3309 val_auc=0.8729 val_f1_macro=0.5117 (best_epoch=59, best_auprc=0.3309)
epoch 60: loss=1.1245 val_auprc=0.3331 val_auc=0.8740 val_f1_macro=0.5148 (best_epoch=60, best_auprc=0.3331)
epoch 61: loss=1.1276 val_auprc=0.3352 val_auc=0.8751 val_f1_macro=0.5207 (best_epoch=61, best_auprc=0.3352)
epoch 62: loss=1.1252 val_auprc=0.3373 val_auc=0.8761 val_f1_macro=0.5222 (best_epoch=62, best_auprc=0.3373)
epoch 63: loss=1.1252 val_auprc=0.3388 val_auc=0.8771 val_f1_macro=0.5181 (best_epoch=63, best_auprc=0.3388)
epoch 64: loss=1.1263 val_auprc=0.3407 val_auc=0.8781 val_f1_macro=0.5169 (best_epoch=64, best_auprc=0.3407)
epoch 65: loss=1.1156 val_auprc=0.3430 val_auc=0.8792 val_f1_macro=0.5161 (best_epoch=65, best_auprc=0.3430)
epoch 66: loss=1.1195 val_auprc=0.3458 val_auc=0.8802 val_f1_macro=0.5192 (best_epoch=66, best_auprc=0.3458)
epoch 67: loss=1.1221 val_auprc=0.3488 val_auc=0.8812 val_f1_macro=0.5260 (best_epoch=67, best_auprc=0.3488)
epoch 68: loss=1.1131 val_auprc=0.3510 val_auc=0.8821 val_f1_macro=0.5284 (best_epoch=68, best_auprc=0.3510)
epoch 69: loss=1.1139 val_auprc=0.3523 val_auc=0.8827 val_f1_macro=0.5217 (best_epoch=69, best_auprc=0.3523)
epoch 70: loss=1.1121 val_auprc=0.3543 val_auc=0.8835 val_f1_macro=0.5202 (best_epoch=70, best_auprc=0.3543)
epoch 71: loss=1.1090 val_auprc=0.3567 val_auc=0.8843 val_f1_macro=0.5243 (best_epoch=71, best_auprc=0.3567)
epoch 72: loss=1.1034 val_auprc=0.3595 val_auc=0.8854 val_f1_macro=0.5286 (best_epoch=72, best_auprc=0.3595)
epoch 73: loss=1.1064 val_auprc=0.3618 val_auc=0.8863 val_f1_macro=0.5289 (best_epoch=73, best_auprc=0.3618)
epoch 74: loss=1.1046 val_auprc=0.3649 val_auc=0.8875 val_f1_macro=0.5327 (best_epoch=74, best_auprc=0.3649)
epoch 75: loss=1.1050 val_auprc=0.3673 val_auc=0.8886 val_f1_macro=0.5318 (best_epoch=75, best_auprc=0.3673)
epoch 76: loss=1.1004 val_auprc=0.3692 val_auc=0.8895 val_f1_macro=0.5330 (best_epoch=76, best_auprc=0.3692)
epoch 77: loss=1.1040 val_auprc=0.3708 val_auc=0.8906 val_f1_macro=0.5370 (best_epoch=77, best_auprc=0.3708)
epoch 78: loss=1.1018 val_auprc=0.3729 val_auc=0.8918 val_f1_macro=0.5373 (best_epoch=78, best_auprc=0.3729)
epoch 79: loss=1.1002 val_auprc=0.3745 val_auc=0.8928 val_f1_macro=0.5285 (best_epoch=79, best_auprc=0.3745)
epoch 80: loss=1.0979 val_auprc=0.3775 val_auc=0.8938 val_f1_macro=0.5344 (best_epoch=80, best_auprc=0.3775)
epoch 81: loss=1.0956 val_auprc=0.3805 val_auc=0.8944 val_f1_macro=0.5505 (best_epoch=81, best_auprc=0.3805)
epoch 82: loss=1.0959 val_auprc=0.3812 val_auc=0.8952 val_f1_macro=0.5427 (best_epoch=82, best_auprc=0.3812)
epoch 83: loss=1.0978 val_auprc=0.3820 val_auc=0.8960 val_f1_macro=0.5366 (best_epoch=83, best_auprc=0.3820)
epoch 84: loss=1.0923 val_auprc=0.3836 val_auc=0.8963 val_f1_macro=0.5443 (best_epoch=84, best_auprc=0.3836)
epoch 85: loss=1.0934 val_auprc=0.3857 val_auc=0.8968 val_f1_macro=0.5510 (best_epoch=85, best_auprc=0.3857)
epoch 86: loss=1.0873 val_auprc=0.3868 val_auc=0.8975 val_f1_macro=0.5408 (best_epoch=86, best_auprc=0.3868)
epoch 87: loss=1.0935 val_auprc=0.3891 val_auc=0.8983 val_f1_macro=0.5480 (best_epoch=87, best_auprc=0.3891)
epoch 88: loss=1.0892 val_auprc=0.3911 val_auc=0.8990 val_f1_macro=0.5561 (best_epoch=88, best_auprc=0.3911)
epoch 89: loss=1.0866 val_auprc=0.3911 val_auc=0.8997 val_f1_macro=0.5417 (best_epoch=89, best_auprc=0.3911)
epoch 90: loss=1.0881 val_auprc=0.3931 val_auc=0.9004 val_f1_macro=0.5504 (best_epoch=90, best_auprc=0.3931)
epoch 91: loss=1.0887 val_auprc=0.3959 val_auc=0.9011 val_f1_macro=0.5599 (best_epoch=91, best_auprc=0.3959)
epoch 92: loss=1.0875 val_auprc=0.3980 val_auc=0.9017 val_f1_macro=0.5496 (best_epoch=92, best_auprc=0.3980)
epoch 93: loss=1.0834 val_auprc=0.3995 val_auc=0.9022 val_f1_macro=0.5478 (best_epoch=93, best_auprc=0.3995)
epoch 94: loss=1.0860 val_auprc=0.4013 val_auc=0.9023 val_f1_macro=0.5582 (best_epoch=94, best_auprc=0.4013)
epoch 95: loss=1.0791 val_auprc=0.4019 val_auc=0.9027 val_f1_macro=0.5523 (best_epoch=95, best_auprc=0.4019)
epoch 96: loss=1.0878 val_auprc=0.4049 val_auc=0.9033 val_f1_macro=0.5589 (best_epoch=96, best_auprc=0.4049)
epoch 97: loss=1.0870 val_auprc=0.4073 val_auc=0.9039 val_f1_macro=0.5630 (best_epoch=97, best_auprc=0.4073)
epoch 98: loss=1.0835 val_auprc=0.4097 val_auc=0.9049 val_f1_macro=0.5586 (best_epoch=98, best_auprc=0.4097)
epoch 99: loss=1.0799 val_auprc=0.4123 val_auc=0.9058 val_f1_macro=0.5586 (best_epoch=99, best_auprc=0.4123)
Selected threshold (best val macro-F1): 0.85 (val F1=0.7138)
TEST metrics: {'auprc': 0.43048327625061206, 'auc': 0.9098103914169876, 'f1_macro': 0.7175690511717812, 'recall': 0.44611265181218324, 'threshold_used': 0.8500000000000001, 'best_epoch': 99}