=== Run: splitgnn_tfinance_unified_tr20_seed42_a6000_20260918T020746Z ===
Result dir: /workspace/splitgnn_vast/results/splitgnn/tfinance/unified/tr20/seed_42
Split overlap checks: PASSED
train=7870 valid=7872 test=15743
Model source commit: 32fbdb836781d5c02523844a7079425f89be8831
Config SHA256: ddc256d79e43dc701c840ef95f9c0f77ecb1069f35b9e1d8c17e8d528e7c1bb4
Split SHA256: e7f78da52dc324c283f864744cd85105fe1c5d0feab065727930a50ba1c1971c
epoch 0: loss=1.7185 val_auprc=0.2958 val_auc=0.8141 val_f1_macro=0.4883 (best_epoch=0, best_auprc=0.2958)
epoch 1: loss=1.7022 val_auprc=0.4949 val_auc=0.8666 val_f1_macro=0.4883 (best_epoch=1, best_auprc=0.4949)
epoch 2: loss=1.6886 val_auprc=0.5784 val_auc=0.8746 val_f1_macro=0.4883 (best_epoch=2, best_auprc=0.5784)
epoch 3: loss=1.6731 val_auprc=0.6483 val_auc=0.8800 val_f1_macro=0.4883 (best_epoch=3, best_auprc=0.6483)
epoch 4: loss=1.6556 val_auprc=0.6742 val_auc=0.8838 val_f1_macro=0.8433 (best_epoch=4, best_auprc=0.6742)
epoch 5: loss=1.6349 val_auprc=0.6829 val_auc=0.8857 val_f1_macro=0.7429 (best_epoch=5, best_auprc=0.6829)
epoch 6: loss=1.6089 val_auprc=0.6863 val_auc=0.8870 val_f1_macro=0.6768 (best_epoch=6, best_auprc=0.6863)
epoch 7: loss=1.5810 val_auprc=0.6887 val_auc=0.8868 val_f1_macro=0.6517 (best_epoch=7, best_auprc=0.6887)
epoch 8: loss=1.5454 val_auprc=0.6912 val_auc=0.8834 val_f1_macro=0.6396 (best_epoch=8, best_auprc=0.6912)
epoch 9: loss=1.5046 val_auprc=0.6919 val_auc=0.8819 val_f1_macro=0.6407 (best_epoch=9, best_auprc=0.6919)
epoch 10: loss=1.4634 val_auprc=0.6940 val_auc=0.8815 val_f1_macro=0.6390 (best_epoch=10, best_auprc=0.6940)
epoch 11: loss=1.4175 val_auprc=0.6941 val_auc=0.8816 val_f1_macro=0.6349 (best_epoch=11, best_auprc=0.6941)
epoch 12: loss=1.3723 val_auprc=0.6922 val_auc=0.8820 val_f1_macro=0.6320 (best_epoch=11, best_auprc=0.6941)
epoch 13: loss=1.3222 val_auprc=0.6920 val_auc=0.8825 val_f1_macro=0.6350 (best_epoch=11, best_auprc=0.6941)
epoch 14: loss=1.2666 val_auprc=0.6906 val_auc=0.8831 val_f1_macro=0.6401 (best_epoch=11, best_auprc=0.6941)
epoch 15: loss=1.2322 val_auprc=0.6882 val_auc=0.8839 val_f1_macro=0.6492 (best_epoch=11, best_auprc=0.6941)
epoch 16: loss=1.1884 val_auprc=0.6881 val_auc=0.8853 val_f1_macro=0.6517 (best_epoch=11, best_auprc=0.6941)
epoch 17: loss=1.1380 val_auprc=0.6903 val_auc=0.8870 val_f1_macro=0.6457 (best_epoch=11, best_auprc=0.6941)
epoch 18: loss=1.1032 val_auprc=0.6955 val_auc=0.8893 val_f1_macro=0.6376 (best_epoch=18, best_auprc=0.6955)
epoch 19: loss=1.1135 val_auprc=0.7032 val_auc=0.8919 val_f1_macro=0.6342 (best_epoch=19, best_auprc=0.7032)
epoch 20: loss=1.0783 val_auprc=0.7092 val_auc=0.8946 val_f1_macro=0.6379 (best_epoch=20, best_auprc=0.7092)
epoch 21: loss=1.0595 val_auprc=0.7148 val_auc=0.8975 val_f1_macro=0.6491 (best_epoch=21, best_auprc=0.7148)
epoch 22: loss=1.0229 val_auprc=0.7208 val_auc=0.9005 val_f1_macro=0.6708 (best_epoch=22, best_auprc=0.7208)
epoch 23: loss=1.0010 val_auprc=0.7255 val_auc=0.9035 val_f1_macro=0.7005 (best_epoch=23, best_auprc=0.7255)
epoch 24: loss=0.9451 val_auprc=0.7298 val_auc=0.9065 val_f1_macro=0.7228 (best_epoch=24, best_auprc=0.7298)
epoch 25: loss=0.9204 val_auprc=0.7338 val_auc=0.9097 val_f1_macro=0.7346 (best_epoch=25, best_auprc=0.7338)
epoch 26: loss=0.9106 val_auprc=0.7388 val_auc=0.9132 val_f1_macro=0.7403 (best_epoch=26, best_auprc=0.7388)
epoch 27: loss=0.8826 val_auprc=0.7434 val_auc=0.9166 val_f1_macro=0.7351 (best_epoch=27, best_auprc=0.7434)
epoch 28: loss=0.8642 val_auprc=0.7483 val_auc=0.9198 val_f1_macro=0.7282 (best_epoch=28, best_auprc=0.7483)
epoch 29: loss=0.8584 val_auprc=0.7533 val_auc=0.9230 val_f1_macro=0.7188 (best_epoch=29, best_auprc=0.7533)
epoch 30: loss=0.8362 val_auprc=0.7580 val_auc=0.9261 val_f1_macro=0.7202 (best_epoch=30, best_auprc=0.7580)
epoch 31: loss=0.8586 val_auprc=0.7634 val_auc=0.9292 val_f1_macro=0.7283 (best_epoch=31, best_auprc=0.7634)
epoch 32: loss=0.8619 val_auprc=0.7689 val_auc=0.9322 val_f1_macro=0.7481 (best_epoch=32, best_auprc=0.7689)
epoch 33: loss=0.8158 val_auprc=0.7746 val_auc=0.9348 val_f1_macro=0.7667 (best_epoch=33, best_auprc=0.7746)
epoch 34: loss=0.8202 val_auprc=0.7802 val_auc=0.9372 val_f1_macro=0.7816 (best_epoch=34, best_auprc=0.7802)
epoch 35: loss=0.8194 val_auprc=0.7858 val_auc=0.9390 val_f1_macro=0.7891 (best_epoch=35, best_auprc=0.7858)
epoch 36: loss=0.8008 val_auprc=0.7909 val_auc=0.9405 val_f1_macro=0.7915 (best_epoch=36, best_auprc=0.7909)
epoch 37: loss=0.7938 val_auprc=0.7958 val_auc=0.9418 val_f1_macro=0.7881 (best_epoch=37, best_auprc=0.7958)
epoch 38: loss=0.8025 val_auprc=0.8006 val_auc=0.9430 val_f1_macro=0.7804 (best_epoch=38, best_auprc=0.8006)
epoch 39: loss=0.7904 val_auprc=0.8054 val_auc=0.9442 val_f1_macro=0.7737 (best_epoch=39, best_auprc=0.8054)
epoch 40: loss=0.7682 val_auprc=0.8100 val_auc=0.9452 val_f1_macro=0.7654 (best_epoch=40, best_auprc=0.8100)
epoch 41: loss=0.7567 val_auprc=0.8145 val_auc=0.9461 val_f1_macro=0.7662 (best_epoch=41, best_auprc=0.8145)
epoch 42: loss=0.7597 val_auprc=0.8190 val_auc=0.9468 val_f1_macro=0.7741 (best_epoch=42, best_auprc=0.8190)
epoch 43: loss=0.7723 val_auprc=0.8246 val_auc=0.9476 val_f1_macro=0.7914 (best_epoch=43, best_auprc=0.8246)
epoch 44: loss=0.7512 val_auprc=0.8297 val_auc=0.9485 val_f1_macro=0.8025 (best_epoch=44, best_auprc=0.8297)
epoch 45: loss=0.7690 val_auprc=0.8349 val_auc=0.9493 val_f1_macro=0.8118 (best_epoch=45, best_auprc=0.8349)
epoch 46: loss=0.7649 val_auprc=0.8398 val_auc=0.9501 val_f1_macro=0.8195 (best_epoch=46, best_auprc=0.8398)
epoch 47: loss=0.7480 val_auprc=0.8441 val_auc=0.9507 val_f1_macro=0.8167 (best_epoch=47, best_auprc=0.8441)
epoch 48: loss=0.7556 val_auprc=0.8471 val_auc=0.9511 val_f1_macro=0.8110 (best_epoch=48, best_auprc=0.8471)
epoch 49: loss=0.7362 val_auprc=0.8487 val_auc=0.9513 val_f1_macro=0.7968 (best_epoch=49, best_auprc=0.8487)
epoch 50: loss=0.7448 val_auprc=0.8504 val_auc=0.9515 val_f1_macro=0.7901 (best_epoch=50, best_auprc=0.8504)
epoch 51: loss=0.7364 val_auprc=0.8521 val_auc=0.9519 val_f1_macro=0.7904 (best_epoch=51, best_auprc=0.8521)
epoch 52: loss=0.7302 val_auprc=0.8544 val_auc=0.9525 val_f1_macro=0.7972 (best_epoch=52, best_auprc=0.8544)
epoch 53: loss=0.7418 val_auprc=0.8569 val_auc=0.9532 val_f1_macro=0.8167 (best_epoch=53, best_auprc=0.8569)
epoch 54: loss=0.7508 val_auprc=0.8591 val_auc=0.9539 val_f1_macro=0.8357 (best_epoch=54, best_auprc=0.8591)
epoch 55: loss=0.7499 val_auprc=0.8604 val_auc=0.9544 val_f1_macro=0.8438 (best_epoch=55, best_auprc=0.8604)
epoch 56: loss=0.7365 val_auprc=0.8605 val_auc=0.9548 val_f1_macro=0.8412 (best_epoch=56, best_auprc=0.8605)
epoch 57: loss=0.7296 val_auprc=0.8600 val_auc=0.9551 val_f1_macro=0.8209 (best_epoch=56, best_auprc=0.8605)
epoch 58: loss=0.7433 val_auprc=0.8596 val_auc=0.9554 val_f1_macro=0.8074 (best_epoch=56, best_auprc=0.8605)
epoch 59: loss=0.7365 val_auprc=0.8603 val_auc=0.9558 val_f1_macro=0.8038 (best_epoch=56, best_auprc=0.8605)
epoch 60: loss=0.7230 val_auprc=0.8611 val_auc=0.9561 val_f1_macro=0.8006 (best_epoch=60, best_auprc=0.8611)
epoch 61: loss=0.7218 val_auprc=0.8618 val_auc=0.9563 val_f1_macro=0.7999 (best_epoch=61, best_auprc=0.8618)
epoch 62: loss=0.7156 val_auprc=0.8623 val_auc=0.9564 val_f1_macro=0.7965 (best_epoch=62, best_auprc=0.8623)
epoch 63: loss=0.7144 val_auprc=0.8634 val_auc=0.9565 val_f1_macro=0.8038 (best_epoch=63, best_auprc=0.8634)
epoch 64: loss=0.7211 val_auprc=0.8647 val_auc=0.9567 val_f1_macro=0.8167 (best_epoch=64, best_auprc=0.8647)
epoch 65: loss=0.7096 val_auprc=0.8654 val_auc=0.9568 val_f1_macro=0.8209 (best_epoch=65, best_auprc=0.8654)
epoch 66: loss=0.7361 val_auprc=0.8657 val_auc=0.9569 val_f1_macro=0.8190 (best_epoch=66, best_auprc=0.8657)
epoch 67: loss=0.7222 val_auprc=0.8665 val_auc=0.9571 val_f1_macro=0.8163 (best_epoch=67, best_auprc=0.8665)
epoch 68: loss=0.7301 val_auprc=0.8673 val_auc=0.9573 val_f1_macro=0.8166 (best_epoch=68, best_auprc=0.8673)
epoch 69: loss=0.7026 val_auprc=0.8677 val_auc=0.9574 val_f1_macro=0.8042 (best_epoch=69, best_auprc=0.8677)
epoch 70: loss=0.7057 val_auprc=0.8681 val_auc=0.9576 val_f1_macro=0.7955 (best_epoch=70, best_auprc=0.8681)
epoch 71: loss=0.7054 val_auprc=0.8684 val_auc=0.9577 val_f1_macro=0.7872 (best_epoch=71, best_auprc=0.8684)
epoch 72: loss=0.7038 val_auprc=0.8688 val_auc=0.9579 val_f1_macro=0.7783 (best_epoch=72, best_auprc=0.8688)
epoch 73: loss=0.7159 val_auprc=0.8699 val_auc=0.9581 val_f1_macro=0.7843 (best_epoch=73, best_auprc=0.8699)
epoch 74: loss=0.7045 val_auprc=0.8708 val_auc=0.9584 val_f1_macro=0.7969 (best_epoch=74, best_auprc=0.8708)
epoch 75: loss=0.7038 val_auprc=0.8716 val_auc=0.9586 val_f1_macro=0.8121 (best_epoch=75, best_auprc=0.8716)
epoch 76: loss=0.6988 val_auprc=0.8724 val_auc=0.9587 val_f1_macro=0.8267 (best_epoch=76, best_auprc=0.8724)
epoch 77: loss=0.7096 val_auprc=0.8732 val_auc=0.9590 val_f1_macro=0.8353 (best_epoch=77, best_auprc=0.8732)
epoch 78: loss=0.6846 val_auprc=0.8737 val_auc=0.9592 val_f1_macro=0.8324 (best_epoch=78, best_auprc=0.8737)
epoch 79: loss=0.6848 val_auprc=0.8745 val_auc=0.9595 val_f1_macro=0.8208 (best_epoch=79, best_auprc=0.8745)
epoch 80: loss=0.6932 val_auprc=0.8751 val_auc=0.9597 val_f1_macro=0.8096 (best_epoch=80, best_auprc=0.8751)
epoch 81: loss=0.6872 val_auprc=0.8754 val_auc=0.9598 val_f1_macro=0.8001 (best_epoch=81, best_auprc=0.8754)
epoch 82: loss=0.6905 val_auprc=0.8759 val_auc=0.9599 val_f1_macro=0.7958 (best_epoch=82, best_auprc=0.8759)
epoch 83: loss=0.6920 val_auprc=0.8762 val_auc=0.9600 val_f1_macro=0.8053 (best_epoch=83, best_auprc=0.8762)
epoch 84: loss=0.7136 val_auprc=0.8766 val_auc=0.9601 val_f1_macro=0.8206 (best_epoch=84, best_auprc=0.8766)
epoch 85: loss=0.6925 val_auprc=0.8769 val_auc=0.9602 val_f1_macro=0.8367 (best_epoch=85, best_auprc=0.8769)
epoch 86: loss=0.6860 val_auprc=0.8769 val_auc=0.9603 val_f1_macro=0.8426 (best_epoch=85, best_auprc=0.8769)
epoch 87: loss=0.7120 val_auprc=0.8766 val_auc=0.9604 val_f1_macro=0.8479 (best_epoch=85, best_auprc=0.8769)
epoch 88: loss=0.6894 val_auprc=0.8765 val_auc=0.9605 val_f1_macro=0.8457 (best_epoch=85, best_auprc=0.8769)
epoch 89: loss=0.7011 val_auprc=0.8764 val_auc=0.9605 val_f1_macro=0.8332 (best_epoch=85, best_auprc=0.8769)
epoch 90: loss=0.6559 val_auprc=0.8767 val_auc=0.9606 val_f1_macro=0.8078 (best_epoch=85, best_auprc=0.8769)
epoch 91: loss=0.6932 val_auprc=0.8763 val_auc=0.9605 val_f1_macro=0.7942 (best_epoch=85, best_auprc=0.8769)
epoch 92: loss=0.6682 val_auprc=0.8758 val_auc=0.9604 val_f1_macro=0.7868 (best_epoch=85, best_auprc=0.8769)
epoch 93: loss=0.6952 val_auprc=0.8752 val_auc=0.9603 val_f1_macro=0.8015 (best_epoch=85, best_auprc=0.8769)
epoch 94: loss=0.7104 val_auprc=0.8744 val_auc=0.9602 val_f1_macro=0.8252 (best_epoch=85, best_auprc=0.8769)
epoch 95: loss=0.6998 val_auprc=0.8735 val_auc=0.9601 val_f1_macro=0.8488 (best_epoch=85, best_auprc=0.8769)
epoch 96: loss=0.6910 val_auprc=0.8723 val_auc=0.9600 val_f1_macro=0.8582 (best_epoch=85, best_auprc=0.8769)
epoch 97: loss=0.6910 val_auprc=0.8723 val_auc=0.9601 val_f1_macro=0.8541 (best_epoch=85, best_auprc=0.8769)
epoch 98: loss=0.6953 val_auprc=0.8727 val_auc=0.9602 val_f1_macro=0.8454 (best_epoch=85, best_auprc=0.8769)
epoch 99: loss=0.6968 val_auprc=0.8729 val_auc=0.9603 val_f1_macro=0.8319 (best_epoch=85, best_auprc=0.8769)
Selected threshold (best val macro-F1): 0.95 (val F1=0.9278)
TEST metrics: {'auprc': 0.8341913147993043, 'auc': 0.943838091123028, 'f1_macro': 0.8973445325167562, 'recall': 0.7174515235457064, 'threshold_used': 0.9500000000000001, 'best_epoch': 85}