==============================================================================
GHRN | tfinance | unified | TR40 | seed 2
==============================================================================
Run ID: ghrn_tfinance_unified_tr40_seed2_t4_20260916T235117Z
Device: cuda:0
Protocol: vast-v4.4  selection=auprc
Deletion ratio: 0.015 (post_aggregation)
Loaded tfinance: 39,357 nodes, 10 features, 1 relation(s)
Split: train 15,742 | valid 7,871 | test 15,744
Graph: 39,357 nodes, 42,484,443 stored directed edges (backend: dgl)
Training fraud/normal: 722/15,020 | fraud weight 20.8033
Parameters: 17,346 trainable
[protocol] WARNING unset identity fields: model_source_commit
------------------------------------------------------------------------------
STAGE 1: training on the unrefined graph (del_ratio = 0)
[stage1_unrefined] epoch   1/100 | loss 11.937238 | train 0.750s | val AUPRC 0.065859 | val AUROC 0.656552 | thr 0.99 | best epoch 1
[stage1_unrefined] epoch   2/100 | loss 91.794090 | train 0.323s | val AUPRC 0.137100 | val AUROC 0.572236 | thr 0.50 | best epoch 2
[stage1_unrefined] epoch   3/100 | loss 153.951035 | train 0.319s | val AUPRC 0.235311 | val AUROC 0.687172 | thr 0.50 | best epoch 3
[stage1_unrefined] epoch   4/100 | loss 91.618317 | train 0.317s | val AUPRC 0.538663 | val AUROC 0.886852 | thr 0.01 | best epoch 4
[stage1_unrefined] epoch   5/100 | loss 26.518969 | train 0.318s | val AUPRC 0.249828 | val AUROC 0.896086 | thr 0.99 | best epoch 4
[stage1_unrefined] epoch   6/100 | loss 5.615187 | train 0.319s | val AUPRC 0.085681 | val AUROC 0.736930 | thr 0.99 | best epoch 4
[stage1_unrefined] epoch   7/100 | loss 10.470369 | train 0.319s | val AUPRC 0.077232 | val AUROC 0.707023 | thr 0.99 | best epoch 4
[stage1_unrefined] epoch   8/100 | loss 9.314385 | train 0.320s | val AUPRC 0.109285 | val AUROC 0.789509 | thr 0.99 | best epoch 4
[stage1_unrefined] epoch   9/100 | loss 4.700823 | train 0.319s | val AUPRC 0.138654 | val AUROC 0.848047 | thr 0.99 | best epoch 4
[stage1_unrefined] epoch  10/100 | loss 1.731711 | train 0.319s | val AUPRC 0.302877 | val AUROC 0.863132 | thr 0.94 | best epoch 4
[stage1_unrefined] epoch  11/100 | loss 0.729167 | train 0.321s | val AUPRC 0.347044 | val AUROC 0.811473 | thr 0.66 | best epoch 4
[stage1_unrefined] epoch  12/100 | loss 1.077373 | train 0.319s | val AUPRC 0.545063 | val AUROC 0.867604 | thr 0.62 | best epoch 12
[stage1_unrefined] epoch  13/100 | loss 0.714841 | train 0.319s | val AUPRC 0.537148 | val AUROC 0.922141 | thr 0.76 | best epoch 12
[stage1_unrefined] epoch  14/100 | loss 0.422278 | train 0.316s | val AUPRC 0.333231 | val AUROC 0.917313 | thr 0.86 | best epoch 12
[stage1_unrefined] epoch  15/100 | loss 0.502293 | train 0.319s | val AUPRC 0.319631 | val AUROC 0.920260 | thr 0.94 | best epoch 12
[stage1_unrefined] epoch  16/100 | loss 0.580499 | train 0.322s | val AUPRC 0.337374 | val AUROC 0.926030 | thr 0.94 | best epoch 12
[stage1_unrefined] epoch  17/100 | loss 0.577696 | train 0.321s | val AUPRC 0.361409 | val AUROC 0.929007 | thr 0.92 | best epoch 12
[stage1_unrefined] epoch  18/100 | loss 0.521560 | train 0.321s | val AUPRC 0.391357 | val AUROC 0.929152 | thr 0.90 | best epoch 12
[stage1_unrefined] epoch  19/100 | loss 0.455881 | train 0.321s | val AUPRC 0.441991 | val AUROC 0.930958 | thr 0.88 | best epoch 12
[stage1_unrefined] epoch  20/100 | loss 0.400079 | train 0.323s | val AUPRC 0.529609 | val AUROC 0.934354 | thr 0.79 | best epoch 12
[stage1_unrefined] epoch  21/100 | loss 0.356836 | train 0.323s | val AUPRC 0.654572 | val AUROC 0.935935 | thr 0.70 | best epoch 21
[stage1_unrefined] epoch  22/100 | loss 0.334111 | train 0.323s | val AUPRC 0.777045 | val AUROC 0.932660 | thr 0.68 | best epoch 22
[stage1_unrefined] epoch  23/100 | loss 0.337761 | train 0.325s | val AUPRC 0.781909 | val AUROC 0.923909 | thr 0.64 | best epoch 23
[stage1_unrefined] epoch  24/100 | loss 0.353945 | train 0.324s | val AUPRC 0.760006 | val AUROC 0.918499 | thr 0.69 | best epoch 23
[stage1_unrefined] epoch  25/100 | loss 0.360335 | train 0.329s | val AUPRC 0.763276 | val AUROC 0.922206 | thr 0.75 | best epoch 23
[stage1_unrefined] epoch  26/100 | loss 0.346093 | train 0.325s | val AUPRC 0.781868 | val AUROC 0.930236 | thr 0.79 | best epoch 23
[stage1_unrefined] epoch  27/100 | loss 0.327109 | train 0.328s | val AUPRC 0.785183 | val AUROC 0.937133 | thr 0.88 | best epoch 27
[stage1_unrefined] epoch  28/100 | loss 0.314238 | train 0.328s | val AUPRC 0.761775 | val AUROC 0.941195 | thr 0.89 | best epoch 27
[stage1_unrefined] epoch  29/100 | loss 0.307675 | train 0.326s | val AUPRC 0.718425 | val AUROC 0.942206 | thr 0.82 | best epoch 27
[stage1_unrefined] epoch  30/100 | loss 0.303437 | train 0.328s | val AUPRC 0.696082 | val AUROC 0.942872 | thr 0.85 | best epoch 27
[stage1_unrefined] epoch  31/100 | loss 0.298625 | train 0.329s | val AUPRC 0.686680 | val AUROC 0.942863 | thr 0.85 | best epoch 27
[stage1_unrefined] epoch  32/100 | loss 0.293842 | train 0.333s | val AUPRC 0.691970 | val AUROC 0.942621 | thr 0.86 | best epoch 27
[stage1_unrefined] epoch  33/100 | loss 0.289769 | train 0.333s | val AUPRC 0.710789 | val AUROC 0.942487 | thr 0.83 | best epoch 27
[stage1_unrefined] epoch  34/100 | loss 0.286480 | train 0.330s | val AUPRC 0.743039 | val AUROC 0.942747 | thr 0.80 | best epoch 27
[stage1_unrefined] epoch  35/100 | loss 0.282598 | train 0.335s | val AUPRC 0.780053 | val AUROC 0.943772 | thr 0.78 | best epoch 27
[stage1_unrefined] epoch  36/100 | loss 0.277989 | train 0.334s | val AUPRC 0.812718 | val AUROC 0.945271 | thr 0.85 | best epoch 36
[stage1_unrefined] epoch  37/100 | loss 0.268344 | train 0.336s | val AUPRC 0.831511 | val AUROC 0.946586 | thr 0.88 | best epoch 37
[stage1_unrefined] epoch  38/100 | loss 0.259616 | train 0.335s | val AUPRC 0.837797 | val AUROC 0.947483 | thr 0.84 | best epoch 38
[stage1_unrefined] epoch  39/100 | loss 0.255556 | train 0.338s | val AUPRC 0.834003 | val AUROC 0.947898 | thr 0.93 | best epoch 38
[stage1_unrefined] epoch  40/100 | loss 0.254788 | train 0.335s | val AUPRC 0.828923 | val AUROC 0.948126 | thr 0.92 | best epoch 38
[stage1_unrefined] epoch  41/100 | loss 0.254412 | train 0.341s | val AUPRC 0.828025 | val AUROC 0.948663 | thr 0.93 | best epoch 38
[stage1_unrefined] epoch  42/100 | loss 0.252455 | train 0.340s | val AUPRC 0.831701 | val AUROC 0.949560 | thr 0.94 | best epoch 38
[stage1_unrefined] epoch  43/100 | loss 0.248532 | train 0.334s | val AUPRC 0.839153 | val AUROC 0.950866 | thr 0.94 | best epoch 43
[stage1_unrefined] epoch  44/100 | loss 0.243655 | train 0.335s | val AUPRC 0.847821 | val AUROC 0.951998 | thr 0.88 | best epoch 44
[stage1_unrefined] epoch  45/100 | loss 0.240116 | train 0.336s | val AUPRC 0.852152 | val AUROC 0.953415 | thr 0.91 | best epoch 45
[stage1_unrefined] epoch  46/100 | loss 0.237952 | train 0.334s | val AUPRC 0.852332 | val AUROC 0.954925 | thr 0.89 | best epoch 46
[stage1_unrefined] epoch  47/100 | loss 0.234919 | train 0.336s | val AUPRC 0.850527 | val AUROC 0.956739 | thr 0.94 | best epoch 46
[stage1_unrefined] epoch  48/100 | loss 0.233425 | train 0.340s | val AUPRC 0.849307 | val AUROC 0.958082 | thr 0.93 | best epoch 46
[stage1_unrefined] epoch  49/100 | loss 0.232742 | train 0.338s | val AUPRC 0.850402 | val AUROC 0.959071 | thr 0.93 | best epoch 46
[stage1_unrefined] epoch  50/100 | loss 0.231159 | train 0.339s | val AUPRC 0.852875 | val AUROC 0.959701 | thr 0.93 | best epoch 50
[stage1_unrefined] epoch  51/100 | loss 0.228767 | train 0.341s | val AUPRC 0.855164 | val AUROC 0.959779 | thr 0.88 | best epoch 51
[stage1_unrefined] epoch  52/100 | loss 0.226510 | train 0.337s | val AUPRC 0.856473 | val AUROC 0.959747 | thr 0.87 | best epoch 52
[stage1_unrefined] epoch  53/100 | loss 0.225811 | train 0.341s | val AUPRC 0.855910 | val AUROC 0.959711 | thr 0.83 | best epoch 52
[stage1_unrefined] epoch  54/100 | loss 0.226168 | train 0.344s | val AUPRC 0.855221 | val AUROC 0.960112 | thr 0.83 | best epoch 52
[stage1_unrefined] epoch  55/100 | loss 0.225863 | train 0.343s | val AUPRC 0.855853 | val AUROC 0.961289 | thr 0.83 | best epoch 52
[stage1_unrefined] epoch  56/100 | loss 0.224587 | train 0.344s | val AUPRC 0.857424 | val AUROC 0.962453 | thr 0.87 | best epoch 56
[stage1_unrefined] epoch  57/100 | loss 0.223187 | train 0.345s | val AUPRC 0.858565 | val AUROC 0.963142 | thr 0.86 | best epoch 57
[stage1_unrefined] epoch  58/100 | loss 0.222625 | train 0.346s | val AUPRC 0.859220 | val AUROC 0.963530 | thr 0.96 | best epoch 58
[stage1_unrefined] epoch  59/100 | loss 0.222399 | train 0.345s | val AUPRC 0.860421 | val AUROC 0.963699 | thr 0.96 | best epoch 59
[stage1_unrefined] epoch  60/100 | loss 0.221950 | train 0.347s | val AUPRC 0.861406 | val AUROC 0.963799 | thr 0.96 | best epoch 60
[stage1_unrefined] epoch  61/100 | loss 0.221175 | train 0.347s | val AUPRC 0.862024 | val AUROC 0.963996 | thr 0.96 | best epoch 61
[stage1_unrefined] epoch  62/100 | loss 0.220117 | train 0.345s | val AUPRC 0.861270 | val AUROC 0.964077 | thr 0.96 | best epoch 61
[stage1_unrefined] epoch  63/100 | loss 0.218936 | train 0.351s | val AUPRC 0.859433 | val AUROC 0.963672 | thr 0.96 | best epoch 61
[stage1_unrefined] epoch  64/100 | loss 0.218285 | train 0.349s | val AUPRC 0.858892 | val AUROC 0.963277 | thr 0.97 | best epoch 61
[stage1_unrefined] epoch  65/100 | loss 0.217974 | train 0.354s | val AUPRC 0.860130 | val AUROC 0.963387 | thr 0.97 | best epoch 61
[stage1_unrefined] epoch  66/100 | loss 0.217217 | train 0.352s | val AUPRC 0.862546 | val AUROC 0.963558 | thr 0.97 | best epoch 66
[stage1_unrefined] epoch  67/100 | loss 0.216074 | train 0.351s | val AUPRC 0.864976 | val AUROC 0.963409 | thr 0.96 | best epoch 67
[stage1_unrefined] epoch  68/100 | loss 0.215539 | train 0.354s | val AUPRC 0.866253 | val AUROC 0.963243 | thr 0.93 | best epoch 68
[stage1_unrefined] epoch  69/100 | loss 0.215247 | train 0.354s | val AUPRC 0.866036 | val AUROC 0.963432 | thr 0.94 | best epoch 68
[stage1_unrefined] epoch  70/100 | loss 0.214402 | train 0.356s | val AUPRC 0.865438 | val AUROC 0.963649 | thr 0.97 | best epoch 68
[stage1_unrefined] epoch  71/100 | loss 0.213652 | train 0.358s | val AUPRC 0.864960 | val AUROC 0.963689 | thr 0.97 | best epoch 68
[stage1_unrefined] epoch  72/100 | loss 0.212977 | train 0.358s | val AUPRC 0.864410 | val AUROC 0.963500 | thr 0.97 | best epoch 68
[stage1_unrefined] epoch  73/100 | loss 0.212117 | train 0.358s | val AUPRC 0.863783 | val AUROC 0.963082 | thr 0.97 | best epoch 68
[stage1_unrefined] epoch  74/100 | loss 0.211727 | train 0.357s | val AUPRC 0.863524 | val AUROC 0.962590 | thr 0.97 | best epoch 68
[stage1_unrefined] epoch  75/100 | loss 0.211321 | train 0.361s | val AUPRC 0.863706 | val AUROC 0.962535 | thr 0.96 | best epoch 68
[stage1_unrefined] epoch  76/100 | loss 0.210490 | train 0.359s | val AUPRC 0.864982 | val AUROC 0.962871 | thr 0.96 | best epoch 68
[stage1_unrefined] epoch  77/100 | loss 0.209696 | train 0.362s | val AUPRC 0.866566 | val AUROC 0.963032 | thr 0.96 | best epoch 77
[stage1_unrefined] epoch  78/100 | loss 0.209036 | train 0.365s | val AUPRC 0.868303 | val AUROC 0.962981 | thr 0.95 | best epoch 78
[stage1_unrefined] epoch  79/100 | loss 0.208447 | train 0.363s | val AUPRC 0.869270 | val AUROC 0.963011 | thr 0.95 | best epoch 79
[stage1_unrefined] epoch  80/100 | loss 0.208032 | train 0.366s | val AUPRC 0.869643 | val AUROC 0.963096 | thr 0.94 | best epoch 80
[stage1_unrefined] epoch  81/100 | loss 0.207362 | train 0.366s | val AUPRC 0.869639 | val AUROC 0.963190 | thr 0.94 | best epoch 80
[stage1_unrefined] epoch  82/100 | loss 0.206501 | train 0.369s | val AUPRC 0.869301 | val AUROC 0.963184 | thr 0.94 | best epoch 80
[stage1_unrefined] epoch  83/100 | loss 0.205845 | train 0.365s | val AUPRC 0.869142 | val AUROC 0.963084 | thr 0.94 | best epoch 80
[stage1_unrefined] epoch  84/100 | loss 0.205245 | train 0.368s | val AUPRC 0.869745 | val AUROC 0.963181 | thr 0.94 | best epoch 84
[stage1_unrefined] epoch  85/100 | loss 0.204628 | train 0.368s | val AUPRC 0.870868 | val AUROC 0.963377 | thr 0.94 | best epoch 85
[stage1_unrefined] epoch  86/100 | loss 0.203998 | train 0.373s | val AUPRC 0.871576 | val AUROC 0.963719 | thr 0.95 | best epoch 86
[stage1_unrefined] epoch  87/100 | loss 0.203420 | train 0.370s | val AUPRC 0.872616 | val AUROC 0.963709 | thr 0.95 | best epoch 87
[stage1_unrefined] epoch  88/100 | loss 0.202567 | train 0.375s | val AUPRC 0.873404 | val AUROC 0.963557 | thr 0.93 | best epoch 88
[stage1_unrefined] epoch  89/100 | loss 0.202153 | train 0.375s | val AUPRC 0.873604 | val AUROC 0.963490 | thr 0.94 | best epoch 89
[stage1_unrefined] epoch  90/100 | loss 0.201463 | train 0.376s | val AUPRC 0.874206 | val AUROC 0.963398 | thr 0.95 | best epoch 90
[stage1_unrefined] epoch  91/100 | loss 0.200594 | train 0.374s | val AUPRC 0.875081 | val AUROC 0.963227 | thr 0.95 | best epoch 91
[stage1_unrefined] epoch  92/100 | loss 0.200020 | train 0.377s | val AUPRC 0.874802 | val AUROC 0.963156 | thr 0.95 | best epoch 91
[stage1_unrefined] epoch  93/100 | loss 0.199179 | train 0.377s | val AUPRC 0.874931 | val AUROC 0.962933 | thr 0.94 | best epoch 91
[stage1_unrefined] epoch  94/100 | loss 0.198499 | train 0.377s | val AUPRC 0.875446 | val AUROC 0.962659 | thr 0.95 | best epoch 94
[stage1_unrefined] epoch  95/100 | loss 0.197734 | train 0.381s | val AUPRC 0.874429 | val AUROC 0.962457 | thr 0.95 | best epoch 94
[stage1_unrefined] epoch  96/100 | loss 0.196833 | train 0.378s | val AUPRC 0.875695 | val AUROC 0.961847 | thr 0.94 | best epoch 96
[stage1_unrefined] epoch  97/100 | loss 0.195665 | train 0.383s | val AUPRC 0.875954 | val AUROC 0.961764 | thr 0.95 | best epoch 97
[stage1_unrefined] epoch  98/100 | loss 0.194721 | train 0.384s | val AUPRC 0.876242 | val AUROC 0.961769 | thr 0.95 | best epoch 98
[stage1_unrefined] epoch  99/100 | loss 0.194145 | train 0.384s | val AUPRC 0.878234 | val AUROC 0.961806 | thr 0.94 | best epoch 99
[stage1_unrefined] epoch 100/100 | loss 0.193855 | train 0.387s | val AUPRC 0.877107 | val AUROC 0.962373 | thr 0.97 | best epoch 99
------------------------------------------------------------------------------
STAGE 2: refining the graph (del_ratio = 0.015) and retraining
/kaggle/working/comp8851/models/ghrn/scripts/run_one.py:398: FutureWarning: You are using `torch.load` with `weights_only=False` (the current default value), which uses the default pickle module implicitly. It is possible to construct malicious pickle data which will execute arbitrary code during unpickling (See https://github.com/pytorch/pytorch/blob/main/SECURITY.md#untrusted-models for more details). In a future release, the default value for `weights_only` will be flipped to `True`. This limits the functions that could be executed during unpickling. Arbitrary objects will no longer be allowed to be loaded via this mode unless they are explicitly allowlisted by the user via `torch.serialization.add_safe_globals`. We recommend you start setting `weights_only=True` for any use case where you don't have full control of the loaded file. Please open an issue on GitHub for any issues related to this experimental feature.
  model.load_state_dict(torch.load(stage1["checkpoint"], map_location=device))
Edges 42,484,443 -> 41,847,177 (637,266 removed)
Training-edge heterophily 0.030429 -> 0.029055
[stage2_refined] epoch   1/100 | loss 470.547424 | train 0.467s | val AUPRC 0.048508 | val AUROC 0.501252 | thr 0.50 | best epoch 1
[stage2_refined] epoch   2/100 | loss 662.887146 | train 0.396s | val AUPRC 0.073780 | val AUROC 0.524323 | thr 0.50 | best epoch 2
[stage2_refined] epoch   3/100 | loss 487.020996 | train 0.386s | val AUPRC 0.380815 | val AUROC 0.789784 | thr 0.03 | best epoch 3
[stage2_refined] epoch   4/100 | loss 169.172806 | train 0.388s | val AUPRC 0.079365 | val AUROC 0.713636 | thr 0.99 | best epoch 3
[stage2_refined] epoch   5/100 | loss 301.551147 | train 0.395s | val AUPRC 0.080331 | val AUROC 0.717375 | thr 0.99 | best epoch 3
[stage2_refined] epoch   6/100 | loss 272.846588 | train 0.394s | val AUPRC 0.130949 | val AUROC 0.821148 | thr 0.99 | best epoch 3
[stage2_refined] epoch   7/100 | loss 120.306602 | train 0.388s | val AUPRC 0.352054 | val AUROC 0.848690 | thr 0.94 | best epoch 3
[stage2_refined] epoch   8/100 | loss 123.855309 | train 0.385s | val AUPRC 0.406117 | val AUROC 0.810399 | thr 0.04 | best epoch 8
[stage2_refined] epoch   9/100 | loss 149.264450 | train 0.387s | val AUPRC 0.430713 | val AUROC 0.811010 | thr 0.90 | best epoch 9
[stage2_refined] epoch  10/100 | loss 136.303391 | train 0.388s | val AUPRC 0.444097 | val AUROC 0.844668 | thr 0.15 | best epoch 10
[stage2_refined] epoch  11/100 | loss 105.755829 | train 0.385s | val AUPRC 0.393710 | val AUROC 0.867501 | thr 0.99 | best epoch 10
[stage2_refined] epoch  12/100 | loss 76.945221 | train 0.384s | val AUPRC 0.277818 | val AUROC 0.866968 | thr 0.99 | best epoch 10
[stage2_refined] epoch  13/100 | loss 54.826160 | train 0.387s | val AUPRC 0.170294 | val AUROC 0.840146 | thr 0.99 | best epoch 10
[stage2_refined] epoch  14/100 | loss 41.607697 | train 0.383s | val AUPRC 0.128944 | val AUROC 0.821459 | thr 0.99 | best epoch 10
[stage2_refined] epoch  15/100 | loss 38.958714 | train 0.386s | val AUPRC 0.107974 | val AUROC 0.791983 | thr 0.99 | best epoch 10
[stage2_refined] epoch  16/100 | loss 39.334358 | train 0.386s | val AUPRC 0.104017 | val AUROC 0.784937 | thr 0.99 | best epoch 10
[stage2_refined] epoch  17/100 | loss 34.153835 | train 0.389s | val AUPRC 0.111918 | val AUROC 0.800471 | thr 0.99 | best epoch 10
[stage2_refined] epoch  18/100 | loss 25.294874 | train 0.382s | val AUPRC 0.127675 | val AUROC 0.823506 | thr 0.99 | best epoch 10
[stage2_refined] epoch  19/100 | loss 17.515114 | train 0.377s | val AUPRC 0.142547 | val AUROC 0.835809 | thr 0.99 | best epoch 10
[stage2_refined] epoch  20/100 | loss 13.222116 | train 0.379s | val AUPRC 0.132815 | val AUROC 0.822168 | thr 0.99 | best epoch 10
[stage2_refined] epoch  21/100 | loss 11.320498 | train 0.373s | val AUPRC 0.114261 | val AUROC 0.800917 | thr 0.99 | best epoch 10
[stage2_refined] epoch  22/100 | loss 9.985956 | train 0.368s | val AUPRC 0.096660 | val AUROC 0.778929 | thr 0.98 | best epoch 10
[stage2_refined] epoch  23/100 | loss 8.686415 | train 0.368s | val AUPRC 0.083632 | val AUROC 0.755386 | thr 0.73 | best epoch 10
[stage2_refined] epoch  24/100 | loss 7.616440 | train 0.368s | val AUPRC 0.079737 | val AUROC 0.745120 | thr 0.28 | best epoch 10
[stage2_refined] epoch  25/100 | loss 6.796861 | train 0.368s | val AUPRC 0.079121 | val AUROC 0.744063 | thr 0.08 | best epoch 10
[stage2_refined] epoch  26/100 | loss 5.893214 | train 0.365s | val AUPRC 0.081399 | val AUROC 0.752093 | thr 0.05 | best epoch 10
[stage2_refined] epoch  27/100 | loss 4.754769 | train 0.364s | val AUPRC 0.086591 | val AUROC 0.764413 | thr 0.38 | best epoch 10
[stage2_refined] epoch  28/100 | loss 3.836773 | train 0.364s | val AUPRC 0.092861 | val AUROC 0.771642 | thr 0.98 | best epoch 10
[stage2_refined] epoch  29/100 | loss 3.330933 | train 0.359s | val AUPRC 0.103583 | val AUROC 0.785349 | thr 0.99 | best epoch 10
[stage2_refined] epoch  30/100 | loss 2.969987 | train 0.358s | val AUPRC 0.133361 | val AUROC 0.816568 | thr 0.99 | best epoch 10
[stage2_refined] early stopping: no improvement for 20 epochs
/kaggle/working/comp8851/models/ghrn/scripts/run_one.py:445: FutureWarning: You are using `torch.load` with `weights_only=False` (the current default value), which uses the default pickle module implicitly. It is possible to construct malicious pickle data which will execute arbitrary code during unpickling (See https://github.com/pytorch/pytorch/blob/main/SECURITY.md#untrusted-models for more details). In a future release, the default value for `weights_only` will be flipped to `True`. This limits the functions that could be executed during unpickling. Arbitrary objects will no longer be allowed to be loaded via this mode unless they are explicitly allowlisted by the user via `torch.serialization.add_safe_globals`. We recommend you start setting `weights_only=True` for any use case where you don't have full control of the loaded file. Please open an issue on GitHub for any issues related to this experimental feature.
  model.load_state_dict(torch.load(selected["checkpoint"], map_location=device))
------------------------------------------------------------------------------
test auroc: 0.833379
test auprc: 0.444819
test macro_f1: 0.783808
test fraud_f1: 0.586895
test fraud_precision: 0.603221
test fraud_recall: 0.571429
test gmean: 0.749080
test accuracy: 0.963161
threshold: 0.15 (chosen on validation Macro-F1)
selected stage: stage2_refined, best epoch 10
------------------------------------------------------------------------------
Artefacts: results/results_ghrn/raw/ghrn/tfinance/unified/tr40/seed_2
Artefact bundle complete: True
RUN STATUS: COMPLETE
