==============================================================================
BWGNN T-FINANCE RUN
==============================================================================
Run ID: 20260909T152214382873Z_tfinance_BWGNN_final_tfinance_tr40_seed42_seed42
Mode: final_tfinance_tr40_seed42
Device: cuda:0
GPU: Tesla T4
Seed: 42
Hidden dimension: 32
Order: 2
Maximum epochs: 100
Patience: 20
Nodes: 39,357
Stored directed edge entries: 42,445,086
Features: 10
Split source: /kaggle/working/bwgnn_tfinance/source/shared/splits/tfinance/tfinance_tr40_split_seed2.npz
Train/validation/test: 15,742/7,871/15,744
Training fraud/normal: 722/15,020
Cross-entropy fraud weight: 20.803324
Epoch   1/100 | loss 66.328209 | train 0.791s | val AUROC 0.810999 | val AUPRC 0.175034 | threshold 0.35 | best epoch 1
Epoch   2/100 | loss 26.636274 | train 0.264s
Epoch   3/100 | loss 16.038570 | train 0.270s
Epoch   4/100 | loss 14.031737 | train 0.270s
Epoch   5/100 | loss 9.889932 | train 0.268s | val AUROC 0.865370 | val AUPRC 0.186560 | threshold 0.90 | best epoch 5
Epoch   6/100 | loss 5.454483 | train 0.262s
Epoch   7/100 | loss 6.848089 | train 0.269s
Epoch   8/100 | loss 4.976018 | train 0.268s
Epoch   9/100 | loss 2.844808 | train 0.270s
Epoch  10/100 | loss 3.284590 | train 0.269s | val AUROC 0.843798 | val AUPRC 0.144291 | threshold 0.95 | best epoch 5
Epoch  11/100 | loss 3.284431 | train 0.259s
Epoch  12/100 | loss 1.768998 | train 0.267s
Epoch  13/100 | loss 1.207441 | train 0.271s
Epoch  14/100 | loss 1.320492 | train 0.269s
Epoch  15/100 | loss 1.376742 | train 0.269s | val AUROC 0.898778 | val AUPRC 0.452225 | threshold 0.65 | best epoch 15
Epoch  16/100 | loss 1.237072 | train 0.261s
Epoch  17/100 | loss 0.998732 | train 0.269s
Epoch  18/100 | loss 0.788162 | train 0.268s
Epoch  19/100 | loss 0.967862 | train 0.270s
Epoch  20/100 | loss 0.682837 | train 0.268s | val AUROC 0.909012 | val AUPRC 0.509677 | threshold 0.90 | best epoch 20
Epoch  21/100 | loss 0.607873 | train 0.259s
Epoch  22/100 | loss 0.589255 | train 0.270s
Epoch  23/100 | loss 0.563520 | train 0.268s
Epoch  24/100 | loss 0.528069 | train 0.268s
Epoch  25/100 | loss 0.489622 | train 0.270s | val AUROC 0.940027 | val AUPRC 0.635836 | threshold 0.80 | best epoch 25
Epoch  26/100 | loss 0.458920 | train 0.256s
Epoch  27/100 | loss 0.432811 | train 0.268s
Epoch  28/100 | loss 0.427566 | train 0.270s
Epoch  29/100 | loss 0.419387 | train 0.268s
Epoch  30/100 | loss 0.396992 | train 0.268s | val AUROC 0.946582 | val AUPRC 0.758118 | threshold 0.80 | best epoch 30
Epoch  31/100 | loss 0.372869 | train 0.258s
Epoch  32/100 | loss 0.358793 | train 0.268s
Epoch  33/100 | loss 0.352917 | train 0.271s
Epoch  34/100 | loss 0.346959 | train 0.267s
Epoch  35/100 | loss 0.339186 | train 0.268s | val AUROC 0.940392 | val AUPRC 0.792785 | threshold 0.90 | best epoch 30
Epoch  36/100 | loss 0.333540 | train 0.257s
Epoch  37/100 | loss 0.328124 | train 0.267s
Epoch  38/100 | loss 0.319848 | train 0.269s
Epoch  39/100 | loss 0.310146 | train 0.269s
Epoch  40/100 | loss 0.297289 | train 0.268s | val AUROC 0.947480 | val AUPRC 0.826607 | threshold 0.85 | best epoch 40
Epoch  41/100 | loss 0.288274 | train 0.257s
Epoch  42/100 | loss 0.282775 | train 0.268s
Epoch  43/100 | loss 0.278293 | train 0.270s
Epoch  44/100 | loss 0.273898 | train 0.267s
Epoch  45/100 | loss 0.269014 | train 0.268s | val AUROC 0.953888 | val AUPRC 0.846813 | threshold 0.85 | best epoch 45
Epoch  46/100 | loss 0.263470 | train 0.256s
Epoch  47/100 | loss 0.257582 | train 0.268s
Epoch  48/100 | loss 0.251907 | train 0.269s
Epoch  49/100 | loss 0.246716 | train 0.268s
Epoch  50/100 | loss 0.242209 | train 0.267s | val AUROC 0.961629 | val AUPRC 0.859146 | threshold 0.90 | best epoch 50
Epoch  51/100 | loss 0.239271 | train 0.259s
Epoch  52/100 | loss 0.237931 | train 0.268s
Epoch  53/100 | loss 0.235893 | train 0.268s
Epoch  54/100 | loss 0.234091 | train 0.269s
Epoch  55/100 | loss 0.230788 | train 0.268s | val AUROC 0.965528 | val AUPRC 0.861794 | threshold 0.95 | best epoch 55
Epoch  56/100 | loss 0.228657 | train 0.257s
Epoch  57/100 | loss 0.226027 | train 0.268s
Epoch  58/100 | loss 0.224494 | train 0.270s
Epoch  59/100 | loss 0.223328 | train 0.268s
Epoch  60/100 | loss 0.221990 | train 0.268s | val AUROC 0.966197 | val AUPRC 0.864787 | threshold 0.95 | best epoch 60
Epoch  61/100 | loss 0.220424 | train 0.261s
Epoch  62/100 | loss 0.218848 | train 0.267s
Epoch  63/100 | loss 0.217069 | train 0.268s
Epoch  64/100 | loss 0.215272 | train 0.270s
Epoch  65/100 | loss 0.213721 | train 0.268s | val AUROC 0.966090 | val AUPRC 0.863908 | threshold 0.95 | best epoch 60
Epoch  66/100 | loss 0.212230 | train 0.257s
Epoch  67/100 | loss 0.211204 | train 0.268s
Epoch  68/100 | loss 0.210307 | train 0.268s
Epoch  69/100 | loss 0.209215 | train 0.268s
Epoch  70/100 | loss 0.208289 | train 0.267s | val AUROC 0.963960 | val AUPRC 0.862788 | threshold 0.95 | best epoch 60
Epoch  71/100 | loss 0.207052 | train 0.258s
Epoch  72/100 | loss 0.206502 | train 0.268s
Epoch  73/100 | loss 0.206211 | train 0.270s
Epoch  74/100 | loss 0.204931 | train 0.267s
Epoch  75/100 | loss 0.202799 | train 0.269s | val AUROC 0.965579 | val AUPRC 0.865931 | threshold 0.95 | best epoch 60
Epoch  76/100 | loss 0.202142 | train 0.258s
Epoch  77/100 | loss 0.201351 | train 0.269s
Epoch  78/100 | loss 0.200412 | train 0.267s
Epoch  79/100 | loss 0.200062 | train 0.268s
Epoch  80/100 | loss 0.199144 | train 0.270s | val AUROC 0.967592 | val AUPRC 0.866721 | threshold 0.95 | best epoch 80
Epoch  81/100 | loss 0.198169 | train 0.258s
Epoch  82/100 | loss 0.196910 | train 0.268s
Epoch  83/100 | loss 0.196292 | train 0.268s
Epoch  84/100 | loss 0.195232 | train 0.269s
Epoch  85/100 | loss 0.194608 | train 0.269s | val AUROC 0.966316 | val AUPRC 0.867495 | threshold 0.95 | best epoch 80
Epoch  86/100 | loss 0.193792 | train 0.258s
Epoch  87/100 | loss 0.193015 | train 0.268s
Epoch  88/100 | loss 0.192127 | train 0.268s
Epoch  89/100 | loss 0.191099 | train 0.270s
Epoch  90/100 | loss 0.190516 | train 0.268s | val AUROC 0.965793 | val AUPRC 0.866469 | threshold 0.95 | best epoch 80
Epoch  91/100 | loss 0.189701 | train 0.260s
Epoch  92/100 | loss 0.188797 | train 0.269s
Epoch  93/100 | loss 0.187959 | train 0.269s
Epoch  94/100 | loss 0.187209 | train 0.267s
Epoch  95/100 | loss 0.186265 | train 0.269s | val AUROC 0.966979 | val AUPRC 0.868392 | threshold 0.95 | best epoch 80
Epoch  96/100 | loss 0.185608 | train 0.257s
Epoch  97/100 | loss 0.184788 | train 0.270s
Epoch  98/100 | loss 0.184198 | train 0.268s
Epoch  99/100 | loss 0.183793 | train 0.267s
Epoch 100/100 | loss 0.183047 | train 0.270s | val AUROC 0.967181 | val AUPRC 0.870214 | threshold 0.95 | best epoch 80
Early stopping at epoch 100; validation AUROC has not improved for 20 epochs.
==============================================================================
FINAL RUN RESULTS
==============================================================================
Best validation epoch: 80
Best validation AUROC: 0.967592
auroc: 0.961838
auprc: 0.857058
macro_f1: 0.897229
fraud_f1: 0.803042
fraud_precision: 0.888889
fraud_recall: 0.732316
gmean: 0.853873
accuracy: 0.983549
Epochs completed: 100
Mean epoch time: 0.271759s
Inference time: 0.121511s
Peak GPU memory: 64.35 MB
Artifacts: /kaggle/working/bwgnn_tfinance/source/results/final/tr40/seed42/20260909T152214382873Z_tfinance_BWGNN_final_tfinance_tr40_seed42_seed42
RUN COMPLETED: TRUE
