==============================================================================
BWGNN T-FINANCE RUN
==============================================================================
Run ID: 20260909T152135980997Z_tfinance_BWGNN_final_tfinance_tr40_seed2_seed2
Mode: final_tfinance_tr40_seed2
Device: cuda:0
GPU: Tesla T4
Seed: 2
Hidden dimension: 32
Order: 2
Maximum epochs: 100
Patience: 20
Nodes: 39,357
Stored directed edge entries: 42,445,086
Features: 10
Split source: /kaggle/working/bwgnn_tfinance/source/shared/splits/tfinance/tfinance_tr40_split_seed2.npz
Train/validation/test: 15,742/7,871/15,744
Training fraud/normal: 722/15,020
Cross-entropy fraud weight: 20.803324
Epoch   1/100 | loss 28.268763 | train 0.762s | val AUROC 0.540086 | val AUPRC 0.049628 | threshold 0.95 | best epoch 1
Epoch   2/100 | loss 236.152435 | train 0.259s
Epoch   3/100 | loss 80.048546 | train 0.269s
Epoch   4/100 | loss 27.471308 | train 0.268s
Epoch   5/100 | loss 43.111313 | train 0.266s | val AUROC 0.826551 | val AUPRC 0.279219 | threshold 0.05 | best epoch 5
Epoch   6/100 | loss 34.997784 | train 0.258s
Epoch   7/100 | loss 21.222799 | train 0.267s
Epoch   8/100 | loss 9.031214 | train 0.267s
Epoch   9/100 | loss 2.698049 | train 0.269s
Epoch  10/100 | loss 5.131426 | train 0.267s | val AUROC 0.678438 | val AUPRC 0.065930 | threshold 0.95 | best epoch 5
Epoch  11/100 | loss 4.720354 | train 0.258s
Epoch  12/100 | loss 2.178419 | train 0.268s
Epoch  13/100 | loss 2.157672 | train 0.269s
Epoch  14/100 | loss 2.901876 | train 0.270s
Epoch  15/100 | loss 2.556583 | train 0.268s | val AUROC 0.831500 | val AUPRC 0.148717 | threshold 0.10 | best epoch 15
Epoch  16/100 | loss 1.801023 | train 0.260s
Epoch  17/100 | loss 1.167441 | train 0.271s
Epoch  18/100 | loss 0.843791 | train 0.269s
Epoch  19/100 | loss 0.739042 | train 0.270s
Epoch  20/100 | loss 0.741504 | train 0.270s | val AUROC 0.795224 | val AUPRC 0.121677 | threshold 0.90 | best epoch 15
Epoch  21/100 | loss 0.753934 | train 0.261s
Epoch  22/100 | loss 0.722384 | train 0.270s
Epoch  23/100 | loss 0.660549 | train 0.272s
Epoch  24/100 | loss 0.610090 | train 0.269s
Epoch  25/100 | loss 0.575042 | train 0.272s | val AUROC 0.867836 | val AUPRC 0.200270 | threshold 0.85 | best epoch 25
Epoch  26/100 | loss 0.566100 | train 0.260s
Epoch  27/100 | loss 0.551821 | train 0.272s
Epoch  28/100 | loss 0.509061 | train 0.272s
Epoch  29/100 | loss 0.479054 | train 0.272s
Epoch  30/100 | loss 0.470156 | train 0.273s | val AUROC 0.922594 | val AUPRC 0.516846 | threshold 0.70 | best epoch 30
Epoch  31/100 | loss 0.467680 | train 0.264s
Epoch  32/100 | loss 0.465453 | train 0.273s
Epoch  33/100 | loss 0.460118 | train 0.274s
Epoch  34/100 | loss 0.450769 | train 0.272s
Epoch  35/100 | loss 0.438138 | train 0.275s | val AUROC 0.937209 | val AUPRC 0.723447 | threshold 0.65 | best epoch 35
Epoch  36/100 | loss 0.423599 | train 0.263s
Epoch  37/100 | loss 0.408642 | train 0.276s
Epoch  38/100 | loss 0.394597 | train 0.274s
Epoch  39/100 | loss 0.381797 | train 0.275s
Epoch  40/100 | loss 0.370667 | train 0.277s | val AUROC 0.942021 | val AUPRC 0.643789 | threshold 0.70 | best epoch 40
Epoch  41/100 | loss 0.361081 | train 0.267s
Epoch  42/100 | loss 0.353536 | train 0.278s
Epoch  43/100 | loss 0.348351 | train 0.274s
Epoch  44/100 | loss 0.345593 | train 0.276s
Epoch  45/100 | loss 0.341706 | train 0.278s | val AUROC 0.940006 | val AUPRC 0.579008 | threshold 0.80 | best epoch 40
Epoch  46/100 | loss 0.334669 | train 0.268s
Epoch  47/100 | loss 0.328502 | train 0.279s
Epoch  48/100 | loss 0.323500 | train 0.276s
Epoch  49/100 | loss 0.319490 | train 0.277s
Epoch  50/100 | loss 0.316508 | train 0.278s | val AUROC 0.941807 | val AUPRC 0.641557 | threshold 0.80 | best epoch 40
Epoch  51/100 | loss 0.313814 | train 0.268s
Epoch  52/100 | loss 0.310975 | train 0.278s
Epoch  53/100 | loss 0.307741 | train 0.279s
Epoch  54/100 | loss 0.303938 | train 0.280s
Epoch  55/100 | loss 0.299633 | train 0.280s | val AUROC 0.945292 | val AUPRC 0.729200 | threshold 0.85 | best epoch 55
Epoch  56/100 | loss 0.294868 | train 0.269s
Epoch  57/100 | loss 0.289887 | train 0.280s
Epoch  58/100 | loss 0.285080 | train 0.281s
Epoch  59/100 | loss 0.280881 | train 0.281s
Epoch  60/100 | loss 0.277251 | train 0.280s | val AUROC 0.950151 | val AUPRC 0.782417 | threshold 0.80 | best epoch 60
Epoch  61/100 | loss 0.274054 | train 0.272s
Epoch  62/100 | loss 0.271237 | train 0.282s
Epoch  63/100 | loss 0.268682 | train 0.283s
Epoch  64/100 | loss 0.266232 | train 0.284s
Epoch  65/100 | loss 0.263775 | train 0.283s | val AUROC 0.954763 | val AUPRC 0.808242 | threshold 0.85 | best epoch 65
Epoch  66/100 | loss 0.261347 | train 0.274s
Epoch  67/100 | loss 0.259123 | train 0.284s
Epoch  68/100 | loss 0.256715 | train 0.285s
Epoch  69/100 | loss 0.254586 | train 0.284s
Epoch  70/100 | loss 0.252594 | train 0.282s | val AUROC 0.957883 | val AUPRC 0.825378 | threshold 0.85 | best epoch 70
Epoch  71/100 | loss 0.250630 | train 0.273s
Epoch  72/100 | loss 0.248694 | train 0.286s
Epoch  73/100 | loss 0.246793 | train 0.285s
Epoch  74/100 | loss 0.245030 | train 0.285s
Epoch  75/100 | loss 0.243440 | train 0.285s | val AUROC 0.958945 | val AUPRC 0.831761 | threshold 0.90 | best epoch 75
Epoch  76/100 | loss 0.241867 | train 0.276s
Epoch  77/100 | loss 0.240634 | train 0.287s
Epoch  78/100 | loss 0.239607 | train 0.287s
Epoch  79/100 | loss 0.238669 | train 0.286s
Epoch  80/100 | loss 0.237737 | train 0.286s | val AUROC 0.959733 | val AUPRC 0.834196 | threshold 0.90 | best epoch 80
Epoch  81/100 | loss 0.236850 | train 0.276s
Epoch  82/100 | loss 0.236004 | train 0.286s
Epoch  83/100 | loss 0.235182 | train 0.288s
Epoch  84/100 | loss 0.234365 | train 0.286s
Epoch  85/100 | loss 0.233527 | train 0.286s | val AUROC 0.960898 | val AUPRC 0.838287 | threshold 0.95 | best epoch 85
Epoch  86/100 | loss 0.232741 | train 0.276s
Epoch  87/100 | loss 0.231993 | train 0.286s
Epoch  88/100 | loss 0.231256 | train 0.286s
Epoch  89/100 | loss 0.230520 | train 0.286s
Epoch  90/100 | loss 0.229802 | train 0.285s | val AUROC 0.961991 | val AUPRC 0.843480 | threshold 0.95 | best epoch 90
Epoch  91/100 | loss 0.229118 | train 0.275s
Epoch  92/100 | loss 0.228468 | train 0.285s
Epoch  93/100 | loss 0.227846 | train 0.285s
Epoch  94/100 | loss 0.227251 | train 0.284s
Epoch  95/100 | loss 0.226666 | train 0.285s | val AUROC 0.963239 | val AUPRC 0.847743 | threshold 0.90 | best epoch 95
Epoch  96/100 | loss 0.226086 | train 0.273s
Epoch  97/100 | loss 0.225525 | train 0.282s
Epoch  98/100 | loss 0.224984 | train 0.282s
Epoch  99/100 | loss 0.224436 | train 0.281s
Epoch 100/100 | loss 0.223860 | train 0.283s | val AUROC 0.963881 | val AUPRC 0.849392 | threshold 0.90 | best epoch 100
==============================================================================
FINAL RUN RESULTS
==============================================================================
Best validation epoch: 100
Best validation AUROC: 0.963881
auroc: 0.959842
auprc: 0.848465
macro_f1: 0.889939
fraud_f1: 0.789197
fraud_precision: 0.859477
fraud_recall: 0.729542
gmean: 0.851684
accuracy: 0.982152
Epochs completed: 100
Mean epoch time: 0.280726s
Inference time: 0.127760s
Peak GPU memory: 64.35 MB
Artifacts: /kaggle/working/bwgnn_tfinance/source/results/final/tr40/seed2/20260909T152135980997Z_tfinance_BWGNN_final_tfinance_tr40_seed2_seed2
RUN COMPLETED: TRUE
