=== Run: splitgnn_tsocial_unified_tr40_seed42_a6000_20260919T063616Z ===
Result dir: /workspace/splitgnn_vast/results/splitgnn/tsocial/unified/tr40/seed_42
Split overlap checks: PASSED
train=346864 valid=173432 test=346864
Model source commit: 32fbdb836781d5c02523844a7079425f89be8831
Config SHA256: c7a7927f70e3514e9ca9d05d73876cc3c132a601abb9573ebe10ee08c152c715
Split SHA256: 197cd8a496ca269cfa2affeea08837bb97bc55181f878b36cc724036ba6d001b
epoch 0: loss=1.7202 val_auprc=0.0582 val_auc=0.7172 val_f1_macro=0.4923 (best_epoch=0, best_auprc=0.0582)
epoch 1: loss=1.7075 val_auprc=0.1088 val_auc=0.7822 val_f1_macro=0.4923 (best_epoch=1, best_auprc=0.1088)
epoch 2: loss=1.7001 val_auprc=0.1603 val_auc=0.7986 val_f1_macro=0.4923 (best_epoch=2, best_auprc=0.1603)
epoch 3: loss=1.6946 val_auprc=0.1843 val_auc=0.8021 val_f1_macro=0.4923 (best_epoch=3, best_auprc=0.1843)
epoch 4: loss=1.6884 val_auprc=0.2056 val_auc=0.8040 val_f1_macro=0.4982 (best_epoch=4, best_auprc=0.2056)
epoch 5: loss=1.6810 val_auprc=0.2232 val_auc=0.8090 val_f1_macro=0.6295 (best_epoch=5, best_auprc=0.2232)
epoch 6: loss=1.6719 val_auprc=0.2321 val_auc=0.8111 val_f1_macro=0.5213 (best_epoch=6, best_auprc=0.2321)
epoch 7: loss=1.6616 val_auprc=0.2368 val_auc=0.8117 val_f1_macro=0.3935 (best_epoch=7, best_auprc=0.2368)
epoch 8: loss=1.6505 val_auprc=0.2389 val_auc=0.8113 val_f1_macro=0.3519 (best_epoch=8, best_auprc=0.2389)
epoch 9: loss=1.6381 val_auprc=0.2394 val_auc=0.8104 val_f1_macro=0.3562 (best_epoch=9, best_auprc=0.2394)
epoch 10: loss=1.6231 val_auprc=0.2388 val_auc=0.8093 val_f1_macro=0.3831 (best_epoch=9, best_auprc=0.2394)
epoch 11: loss=1.6061 val_auprc=0.2370 val_auc=0.8081 val_f1_macro=0.4194 (best_epoch=9, best_auprc=0.2394)
epoch 12: loss=1.5869 val_auprc=0.2347 val_auc=0.8073 val_f1_macro=0.4477 (best_epoch=9, best_auprc=0.2394)
epoch 13: loss=1.5634 val_auprc=0.2330 val_auc=0.8066 val_f1_macro=0.4644 (best_epoch=9, best_auprc=0.2394)
epoch 14: loss=1.5424 val_auprc=0.2314 val_auc=0.8058 val_f1_macro=0.4757 (best_epoch=9, best_auprc=0.2394)
epoch 15: loss=1.5181 val_auprc=0.2309 val_auc=0.8049 val_f1_macro=0.4821 (best_epoch=9, best_auprc=0.2394)
epoch 16: loss=1.4935 val_auprc=0.2315 val_auc=0.8047 val_f1_macro=0.4855 (best_epoch=9, best_auprc=0.2394)
epoch 17: loss=1.4746 val_auprc=0.2333 val_auc=0.8050 val_f1_macro=0.4876 (best_epoch=9, best_auprc=0.2394)
epoch 18: loss=1.4588 val_auprc=0.2359 val_auc=0.8061 val_f1_macro=0.4898 (best_epoch=9, best_auprc=0.2394)
epoch 19: loss=1.4449 val_auprc=0.2392 val_auc=0.8082 val_f1_macro=0.4938 (best_epoch=9, best_auprc=0.2394)
epoch 20: loss=1.4318 val_auprc=0.2434 val_auc=0.8116 val_f1_macro=0.4982 (best_epoch=20, best_auprc=0.2434)
epoch 21: loss=1.4189 val_auprc=0.2478 val_auc=0.8158 val_f1_macro=0.5012 (best_epoch=21, best_auprc=0.2478)
epoch 22: loss=1.4023 val_auprc=0.2528 val_auc=0.8199 val_f1_macro=0.5011 (best_epoch=22, best_auprc=0.2528)
epoch 23: loss=1.3907 val_auprc=0.2568 val_auc=0.8233 val_f1_macro=0.5003 (best_epoch=23, best_auprc=0.2568)
epoch 24: loss=1.3688 val_auprc=0.2599 val_auc=0.8260 val_f1_macro=0.4977 (best_epoch=24, best_auprc=0.2599)
epoch 25: loss=1.3527 val_auprc=0.2624 val_auc=0.8278 val_f1_macro=0.4965 (best_epoch=25, best_auprc=0.2624)
epoch 26: loss=1.3325 val_auprc=0.2640 val_auc=0.8293 val_f1_macro=0.4966 (best_epoch=26, best_auprc=0.2640)
epoch 27: loss=1.3216 val_auprc=0.2655 val_auc=0.8305 val_f1_macro=0.4989 (best_epoch=27, best_auprc=0.2655)
epoch 28: loss=1.3030 val_auprc=0.2669 val_auc=0.8319 val_f1_macro=0.5025 (best_epoch=28, best_auprc=0.2669)
epoch 29: loss=1.2982 val_auprc=0.2684 val_auc=0.8335 val_f1_macro=0.5063 (best_epoch=29, best_auprc=0.2684)
epoch 30: loss=1.2847 val_auprc=0.2699 val_auc=0.8352 val_f1_macro=0.5084 (best_epoch=30, best_auprc=0.2699)
epoch 31: loss=1.2708 val_auprc=0.2712 val_auc=0.8368 val_f1_macro=0.5069 (best_epoch=31, best_auprc=0.2712)
epoch 32: loss=1.2654 val_auprc=0.2724 val_auc=0.8381 val_f1_macro=0.5037 (best_epoch=32, best_auprc=0.2724)
epoch 33: loss=1.2529 val_auprc=0.2735 val_auc=0.8394 val_f1_macro=0.4989 (best_epoch=33, best_auprc=0.2735)
epoch 34: loss=1.2488 val_auprc=0.2746 val_auc=0.8405 val_f1_macro=0.4937 (best_epoch=34, best_auprc=0.2746)
epoch 35: loss=1.2381 val_auprc=0.2756 val_auc=0.8414 val_f1_macro=0.4922 (best_epoch=35, best_auprc=0.2756)
epoch 36: loss=1.2292 val_auprc=0.2764 val_auc=0.8421 val_f1_macro=0.4942 (best_epoch=36, best_auprc=0.2764)
epoch 37: loss=1.2169 val_auprc=0.2773 val_auc=0.8428 val_f1_macro=0.4976 (best_epoch=37, best_auprc=0.2773)
epoch 38: loss=1.2148 val_auprc=0.2783 val_auc=0.8436 val_f1_macro=0.5014 (best_epoch=38, best_auprc=0.2783)
epoch 39: loss=1.2096 val_auprc=0.2794 val_auc=0.8446 val_f1_macro=0.5030 (best_epoch=39, best_auprc=0.2794)
epoch 40: loss=1.2032 val_auprc=0.2806 val_auc=0.8455 val_f1_macro=0.5010 (best_epoch=40, best_auprc=0.2806)
epoch 41: loss=1.2000 val_auprc=0.2820 val_auc=0.8465 val_f1_macro=0.4964 (best_epoch=41, best_auprc=0.2820)
epoch 42: loss=1.1936 val_auprc=0.2834 val_auc=0.8477 val_f1_macro=0.4921 (best_epoch=42, best_auprc=0.2834)
epoch 43: loss=1.1887 val_auprc=0.2850 val_auc=0.8489 val_f1_macro=0.4898 (best_epoch=43, best_auprc=0.2850)
epoch 44: loss=1.1829 val_auprc=0.2866 val_auc=0.8502 val_f1_macro=0.4904 (best_epoch=44, best_auprc=0.2866)
epoch 45: loss=1.1758 val_auprc=0.2883 val_auc=0.8511 val_f1_macro=0.4931 (best_epoch=45, best_auprc=0.2883)
epoch 46: loss=1.1705 val_auprc=0.2900 val_auc=0.8521 val_f1_macro=0.4959 (best_epoch=46, best_auprc=0.2900)
epoch 47: loss=1.1701 val_auprc=0.2921 val_auc=0.8529 val_f1_macro=0.4989 (best_epoch=47, best_auprc=0.2921)
epoch 48: loss=1.1646 val_auprc=0.2940 val_auc=0.8537 val_f1_macro=0.5014 (best_epoch=48, best_auprc=0.2940)
epoch 49: loss=1.1641 val_auprc=0.2962 val_auc=0.8545 val_f1_macro=0.5031 (best_epoch=49, best_auprc=0.2962)
epoch 50: loss=1.1578 val_auprc=0.2985 val_auc=0.8558 val_f1_macro=0.5052 (best_epoch=50, best_auprc=0.2985)
epoch 51: loss=1.1560 val_auprc=0.3013 val_auc=0.8571 val_f1_macro=0.5054 (best_epoch=51, best_auprc=0.3013)
epoch 52: loss=1.1547 val_auprc=0.3041 val_auc=0.8585 val_f1_macro=0.5054 (best_epoch=52, best_auprc=0.3041)
epoch 53: loss=1.1511 val_auprc=0.3064 val_auc=0.8599 val_f1_macro=0.5048 (best_epoch=53, best_auprc=0.3064)
epoch 54: loss=1.1462 val_auprc=0.3085 val_auc=0.8611 val_f1_macro=0.5040 (best_epoch=54, best_auprc=0.3085)
epoch 55: loss=1.1421 val_auprc=0.3101 val_auc=0.8622 val_f1_macro=0.5062 (best_epoch=55, best_auprc=0.3101)
epoch 56: loss=1.1385 val_auprc=0.3120 val_auc=0.8637 val_f1_macro=0.5110 (best_epoch=56, best_auprc=0.3120)
epoch 57: loss=1.1364 val_auprc=0.3141 val_auc=0.8653 val_f1_macro=0.5166 (best_epoch=57, best_auprc=0.3141)
epoch 58: loss=1.1382 val_auprc=0.3162 val_auc=0.8670 val_f1_macro=0.5216 (best_epoch=58, best_auprc=0.3162)
epoch 59: loss=1.1357 val_auprc=0.3183 val_auc=0.8684 val_f1_macro=0.5232 (best_epoch=59, best_auprc=0.3183)
epoch 60: loss=1.1336 val_auprc=0.3201 val_auc=0.8695 val_f1_macro=0.5209 (best_epoch=60, best_auprc=0.3201)
epoch 61: loss=1.1335 val_auprc=0.3226 val_auc=0.8707 val_f1_macro=0.5184 (best_epoch=61, best_auprc=0.3226)
epoch 62: loss=1.1307 val_auprc=0.3257 val_auc=0.8720 val_f1_macro=0.5160 (best_epoch=62, best_auprc=0.3257)
epoch 63: loss=1.1256 val_auprc=0.3286 val_auc=0.8730 val_f1_macro=0.5125 (best_epoch=63, best_auprc=0.3286)
epoch 64: loss=1.1221 val_auprc=0.3316 val_auc=0.8740 val_f1_macro=0.5106 (best_epoch=64, best_auprc=0.3316)
epoch 65: loss=1.1190 val_auprc=0.3342 val_auc=0.8748 val_f1_macro=0.5088 (best_epoch=65, best_auprc=0.3342)
epoch 66: loss=1.1195 val_auprc=0.3365 val_auc=0.8755 val_f1_macro=0.5067 (best_epoch=66, best_auprc=0.3365)
epoch 67: loss=1.1227 val_auprc=0.3400 val_auc=0.8766 val_f1_macro=0.5101 (best_epoch=67, best_auprc=0.3400)
epoch 68: loss=1.1148 val_auprc=0.3434 val_auc=0.8778 val_f1_macro=0.5114 (best_epoch=68, best_auprc=0.3434)
epoch 69: loss=1.1119 val_auprc=0.3464 val_auc=0.8789 val_f1_macro=0.5097 (best_epoch=69, best_auprc=0.3464)
epoch 70: loss=1.1074 val_auprc=0.3498 val_auc=0.8802 val_f1_macro=0.5108 (best_epoch=70, best_auprc=0.3498)
epoch 71: loss=1.1110 val_auprc=0.3538 val_auc=0.8818 val_f1_macro=0.5206 (best_epoch=71, best_auprc=0.3538)
epoch 72: loss=1.1053 val_auprc=0.3569 val_auc=0.8831 val_f1_macro=0.5266 (best_epoch=72, best_auprc=0.3569)
epoch 73: loss=1.1046 val_auprc=0.3589 val_auc=0.8839 val_f1_macro=0.5281 (best_epoch=73, best_auprc=0.3589)
epoch 74: loss=1.1087 val_auprc=0.3609 val_auc=0.8849 val_f1_macro=0.5291 (best_epoch=74, best_auprc=0.3609)
epoch 75: loss=1.1113 val_auprc=0.3644 val_auc=0.8862 val_f1_macro=0.5385 (best_epoch=75, best_auprc=0.3644)
epoch 76: loss=1.1006 val_auprc=0.3671 val_auc=0.8874 val_f1_macro=0.5392 (best_epoch=76, best_auprc=0.3671)
epoch 77: loss=1.1043 val_auprc=0.3697 val_auc=0.8886 val_f1_macro=0.5336 (best_epoch=77, best_auprc=0.3697)
epoch 78: loss=1.0973 val_auprc=0.3713 val_auc=0.8896 val_f1_macro=0.5262 (best_epoch=78, best_auprc=0.3713)
epoch 79: loss=1.0955 val_auprc=0.3741 val_auc=0.8910 val_f1_macro=0.5331 (best_epoch=79, best_auprc=0.3741)
epoch 80: loss=1.0957 val_auprc=0.3768 val_auc=0.8923 val_f1_macro=0.5436 (best_epoch=80, best_auprc=0.3768)
epoch 81: loss=1.0929 val_auprc=0.3764 val_auc=0.8930 val_f1_macro=0.5346 (best_epoch=80, best_auprc=0.3768)
epoch 82: loss=1.0984 val_auprc=0.3767 val_auc=0.8936 val_f1_macro=0.5316 (best_epoch=80, best_auprc=0.3768)
epoch 83: loss=1.0984 val_auprc=0.3790 val_auc=0.8946 val_f1_macro=0.5439 (best_epoch=83, best_auprc=0.3790)
epoch 84: loss=1.0942 val_auprc=0.3807 val_auc=0.8952 val_f1_macro=0.5458 (best_epoch=84, best_auprc=0.3807)
epoch 85: loss=1.0945 val_auprc=0.3793 val_auc=0.8954 val_f1_macro=0.5322 (best_epoch=84, best_auprc=0.3807)
epoch 86: loss=1.0951 val_auprc=0.3803 val_auc=0.8959 val_f1_macro=0.5395 (best_epoch=84, best_auprc=0.3807)
epoch 87: loss=1.0888 val_auprc=0.3819 val_auc=0.8964 val_f1_macro=0.5482 (best_epoch=87, best_auprc=0.3819)
epoch 88: loss=1.0839 val_auprc=0.3824 val_auc=0.8967 val_f1_macro=0.5442 (best_epoch=88, best_auprc=0.3824)
epoch 89: loss=1.0899 val_auprc=0.3845 val_auc=0.8974 val_f1_macro=0.5460 (best_epoch=89, best_auprc=0.3845)
epoch 90: loss=1.0827 val_auprc=0.3872 val_auc=0.8979 val_f1_macro=0.5447 (best_epoch=90, best_auprc=0.3872)
epoch 91: loss=1.0889 val_auprc=0.3904 val_auc=0.8986 val_f1_macro=0.5487 (best_epoch=91, best_auprc=0.3904)
epoch 92: loss=1.0828 val_auprc=0.3920 val_auc=0.8993 val_f1_macro=0.5474 (best_epoch=92, best_auprc=0.3920)
epoch 93: loss=1.0891 val_auprc=0.3944 val_auc=0.9002 val_f1_macro=0.5535 (best_epoch=93, best_auprc=0.3944)
epoch 94: loss=1.0826 val_auprc=0.3958 val_auc=0.9011 val_f1_macro=0.5468 (best_epoch=94, best_auprc=0.3958)
epoch 95: loss=1.0805 val_auprc=0.3973 val_auc=0.9016 val_f1_macro=0.5431 (best_epoch=95, best_auprc=0.3973)
epoch 96: loss=1.0820 val_auprc=0.3992 val_auc=0.9020 val_f1_macro=0.5497 (best_epoch=96, best_auprc=0.3992)
epoch 97: loss=1.0833 val_auprc=0.4016 val_auc=0.9025 val_f1_macro=0.5553 (best_epoch=97, best_auprc=0.4016)
epoch 98: loss=1.0778 val_auprc=0.4024 val_auc=0.9032 val_f1_macro=0.5448 (best_epoch=98, best_auprc=0.4024)
epoch 99: loss=1.0764 val_auprc=0.4038 val_auc=0.9039 val_f1_macro=0.5493 (best_epoch=99, best_auprc=0.4038)
Selected threshold (best val macro-F1): 0.85 (val F1=0.7135)
TEST metrics: {'auprc': 0.42285231134671214, 'auc': 0.907745829478967, 'f1_macro': 0.7165577842043658, 'recall': 0.45232858372382134, 'threshold_used': 0.8500000000000001, 'best_epoch': 99}