=== Run: splitgnn_yelp_unified_tr10_seed72_a6000_20260917T225256Z ===
Result dir: /workspace/splitgnn_vast/results/splitgnn/yelp/unified/tr10/seed_72
Split overlap checks: PASSED
train=4596 valid=9190 test=18382
Model source commit: 32fbdb836781d5c02523844a7079425f89be8831
Config SHA256: e9dd24540f5f8831c98de6632761ffeb3426c36ca14b53c1c7af2c7ad1d0d871
Split SHA256: 448e01069d60e85ede228ac68b6d7208b0a153087127598c26b383b82606bb1f
epoch 0: loss=1.6947 val_auprc=0.2137 val_auc=0.6793 val_f1_macro=0.5486 (best_epoch=0, best_auprc=0.2137)
epoch 1: loss=1.6930 val_auprc=0.2251 val_auc=0.6924 val_f1_macro=0.4608 (best_epoch=1, best_auprc=0.2251)
epoch 2: loss=1.6920 val_auprc=0.2476 val_auc=0.7165 val_f1_macro=0.4608 (best_epoch=2, best_auprc=0.2476)
epoch 3: loss=1.6910 val_auprc=0.2833 val_auc=0.7406 val_f1_macro=0.5487 (best_epoch=3, best_auprc=0.2833)
epoch 4: loss=1.6896 val_auprc=0.3346 val_auc=0.7633 val_f1_macro=0.5487 (best_epoch=4, best_auprc=0.3346)
epoch 5: loss=1.6877 val_auprc=0.3414 val_auc=0.7670 val_f1_macro=0.5487 (best_epoch=5, best_auprc=0.3414)
epoch 6: loss=1.6830 val_auprc=0.3374 val_auc=0.7666 val_f1_macro=0.5487 (best_epoch=5, best_auprc=0.3414)
epoch 7: loss=1.6821 val_auprc=0.3268 val_auc=0.7628 val_f1_macro=0.5489 (best_epoch=5, best_auprc=0.3414)
epoch 8: loss=1.6760 val_auprc=0.3296 val_auc=0.7620 val_f1_macro=0.5589 (best_epoch=5, best_auprc=0.3414)
epoch 9: loss=1.6723 val_auprc=0.3465 val_auc=0.7694 val_f1_macro=0.5487 (best_epoch=9, best_auprc=0.3465)
epoch 10: loss=1.6658 val_auprc=0.3627 val_auc=0.7722 val_f1_macro=0.5487 (best_epoch=10, best_auprc=0.3627)
epoch 11: loss=1.6522 val_auprc=0.3614 val_auc=0.7696 val_f1_macro=0.5487 (best_epoch=10, best_auprc=0.3627)
epoch 12: loss=1.6407 val_auprc=0.2640 val_auc=0.7263 val_f1_macro=0.5487 (best_epoch=10, best_auprc=0.3627)
epoch 13: loss=1.6397 val_auprc=0.3122 val_auc=0.7311 val_f1_macro=0.5487 (best_epoch=10, best_auprc=0.3627)
epoch 14: loss=1.6197 val_auprc=0.3697 val_auc=0.7699 val_f1_macro=0.5487 (best_epoch=14, best_auprc=0.3697)
epoch 15: loss=1.6065 val_auprc=0.3890 val_auc=0.7752 val_f1_macro=0.5487 (best_epoch=15, best_auprc=0.3890)
epoch 16: loss=1.6029 val_auprc=0.3915 val_auc=0.7716 val_f1_macro=0.5487 (best_epoch=16, best_auprc=0.3915)
epoch 17: loss=1.6117 val_auprc=0.3881 val_auc=0.7698 val_f1_macro=0.5487 (best_epoch=16, best_auprc=0.3915)
epoch 18: loss=1.6082 val_auprc=0.3866 val_auc=0.7711 val_f1_macro=0.5487 (best_epoch=16, best_auprc=0.3915)
epoch 19: loss=1.6210 val_auprc=0.3839 val_auc=0.7722 val_f1_macro=0.5487 (best_epoch=16, best_auprc=0.3915)
epoch 20: loss=1.5836 val_auprc=0.3916 val_auc=0.7781 val_f1_macro=0.5487 (best_epoch=20, best_auprc=0.3916)
epoch 21: loss=1.5909 val_auprc=0.3968 val_auc=0.7817 val_f1_macro=0.5487 (best_epoch=21, best_auprc=0.3968)
epoch 22: loss=1.5705 val_auprc=0.3977 val_auc=0.7847 val_f1_macro=0.5487 (best_epoch=22, best_auprc=0.3977)
epoch 23: loss=1.5680 val_auprc=0.3983 val_auc=0.7860 val_f1_macro=0.5494 (best_epoch=23, best_auprc=0.3983)
epoch 24: loss=1.5735 val_auprc=0.3992 val_auc=0.7863 val_f1_macro=0.5820 (best_epoch=24, best_auprc=0.3992)
epoch 25: loss=1.5559 val_auprc=0.4012 val_auc=0.7877 val_f1_macro=0.6021 (best_epoch=25, best_auprc=0.4012)
epoch 26: loss=1.5477 val_auprc=0.4069 val_auc=0.7884 val_f1_macro=0.5904 (best_epoch=26, best_auprc=0.4069)
epoch 27: loss=1.5377 val_auprc=0.4066 val_auc=0.7898 val_f1_macro=0.6196 (best_epoch=26, best_auprc=0.4069)
epoch 28: loss=1.5214 val_auprc=0.4057 val_auc=0.7913 val_f1_macro=0.6510 (best_epoch=26, best_auprc=0.4069)
epoch 29: loss=1.5125 val_auprc=0.4077 val_auc=0.7920 val_f1_macro=0.6458 (best_epoch=29, best_auprc=0.4077)
epoch 30: loss=1.5010 val_auprc=0.4147 val_auc=0.7938 val_f1_macro=0.6220 (best_epoch=30, best_auprc=0.4147)
epoch 31: loss=1.4816 val_auprc=0.4090 val_auc=0.7911 val_f1_macro=0.6436 (best_epoch=30, best_auprc=0.4147)
epoch 32: loss=1.4638 val_auprc=0.4073 val_auc=0.7888 val_f1_macro=0.6425 (best_epoch=30, best_auprc=0.4147)
epoch 33: loss=1.4876 val_auprc=0.4150 val_auc=0.7916 val_f1_macro=0.6167 (best_epoch=33, best_auprc=0.4150)
epoch 34: loss=1.4695 val_auprc=0.4099 val_auc=0.7888 val_f1_macro=0.6361 (best_epoch=33, best_auprc=0.4150)
epoch 35: loss=1.4636 val_auprc=0.4125 val_auc=0.7904 val_f1_macro=0.6407 (best_epoch=33, best_auprc=0.4150)
epoch 36: loss=1.4645 val_auprc=0.4222 val_auc=0.7940 val_f1_macro=0.6333 (best_epoch=36, best_auprc=0.4222)
epoch 37: loss=1.4524 val_auprc=0.4184 val_auc=0.7945 val_f1_macro=0.6497 (best_epoch=36, best_auprc=0.4222)
epoch 38: loss=1.4320 val_auprc=0.4251 val_auc=0.7989 val_f1_macro=0.6464 (best_epoch=38, best_auprc=0.4251)
epoch 39: loss=1.4364 val_auprc=0.4265 val_auc=0.8014 val_f1_macro=0.6456 (best_epoch=39, best_auprc=0.4265)
epoch 40: loss=1.4142 val_auprc=0.4283 val_auc=0.8037 val_f1_macro=0.6425 (best_epoch=40, best_auprc=0.4283)
epoch 41: loss=1.4083 val_auprc=0.4301 val_auc=0.8054 val_f1_macro=0.6369 (best_epoch=41, best_auprc=0.4301)
epoch 42: loss=1.3875 val_auprc=0.4318 val_auc=0.8062 val_f1_macro=0.6314 (best_epoch=42, best_auprc=0.4318)
epoch 43: loss=1.3818 val_auprc=0.4320 val_auc=0.8067 val_f1_macro=0.6395 (best_epoch=43, best_auprc=0.4320)
epoch 44: loss=1.3593 val_auprc=0.4330 val_auc=0.8073 val_f1_macro=0.6337 (best_epoch=44, best_auprc=0.4330)
epoch 45: loss=1.3566 val_auprc=0.4342 val_auc=0.8077 val_f1_macro=0.6301 (best_epoch=45, best_auprc=0.4342)
epoch 46: loss=1.3340 val_auprc=0.4348 val_auc=0.8078 val_f1_macro=0.6274 (best_epoch=46, best_auprc=0.4348)
epoch 47: loss=1.3501 val_auprc=0.4367 val_auc=0.8087 val_f1_macro=0.6252 (best_epoch=47, best_auprc=0.4367)
epoch 48: loss=1.3344 val_auprc=0.4374 val_auc=0.8101 val_f1_macro=0.6364 (best_epoch=48, best_auprc=0.4374)
epoch 49: loss=1.3270 val_auprc=0.4403 val_auc=0.8105 val_f1_macro=0.6360 (best_epoch=49, best_auprc=0.4403)
epoch 50: loss=1.3156 val_auprc=0.4413 val_auc=0.8116 val_f1_macro=0.6434 (best_epoch=50, best_auprc=0.4413)
epoch 51: loss=1.3116 val_auprc=0.4430 val_auc=0.8120 val_f1_macro=0.6417 (best_epoch=51, best_auprc=0.4430)
epoch 52: loss=1.3221 val_auprc=0.4459 val_auc=0.8118 val_f1_macro=0.6300 (best_epoch=52, best_auprc=0.4459)
epoch 53: loss=1.3218 val_auprc=0.4443 val_auc=0.8129 val_f1_macro=0.6611 (best_epoch=52, best_auprc=0.4459)
epoch 54: loss=1.3063 val_auprc=0.4502 val_auc=0.8116 val_f1_macro=0.6160 (best_epoch=54, best_auprc=0.4502)
epoch 55: loss=1.2998 val_auprc=0.4502 val_auc=0.8116 val_f1_macro=0.6229 (best_epoch=55, best_auprc=0.4502)
epoch 56: loss=1.2932 val_auprc=0.4479 val_auc=0.8136 val_f1_macro=0.6523 (best_epoch=55, best_auprc=0.4502)
epoch 57: loss=1.2987 val_auprc=0.4504 val_auc=0.8146 val_f1_macro=0.6342 (best_epoch=57, best_auprc=0.4504)
epoch 58: loss=1.2899 val_auprc=0.4543 val_auc=0.8150 val_f1_macro=0.6057 (best_epoch=58, best_auprc=0.4543)
epoch 59: loss=1.2826 val_auprc=0.4556 val_auc=0.8169 val_f1_macro=0.6248 (best_epoch=59, best_auprc=0.4556)
epoch 60: loss=1.2761 val_auprc=0.4547 val_auc=0.8187 val_f1_macro=0.6589 (best_epoch=59, best_auprc=0.4556)
epoch 61: loss=1.2771 val_auprc=0.4578 val_auc=0.8196 val_f1_macro=0.6494 (best_epoch=61, best_auprc=0.4578)
epoch 62: loss=1.2617 val_auprc=0.4590 val_auc=0.8195 val_f1_macro=0.6380 (best_epoch=62, best_auprc=0.4590)
epoch 63: loss=1.2669 val_auprc=0.4586 val_auc=0.8209 val_f1_macro=0.6465 (best_epoch=62, best_auprc=0.4590)
epoch 64: loss=1.2623 val_auprc=0.4591 val_auc=0.8215 val_f1_macro=0.6602 (best_epoch=64, best_auprc=0.4591)
epoch 65: loss=1.2722 val_auprc=0.4595 val_auc=0.8219 val_f1_macro=0.6443 (best_epoch=65, best_auprc=0.4595)
epoch 66: loss=1.2659 val_auprc=0.4597 val_auc=0.8217 val_f1_macro=0.6346 (best_epoch=66, best_auprc=0.4597)
epoch 67: loss=1.2603 val_auprc=0.4619 val_auc=0.8228 val_f1_macro=0.6425 (best_epoch=67, best_auprc=0.4619)
epoch 68: loss=1.2456 val_auprc=0.4630 val_auc=0.8235 val_f1_macro=0.6567 (best_epoch=68, best_auprc=0.4630)
epoch 69: loss=1.2556 val_auprc=0.4646 val_auc=0.8240 val_f1_macro=0.6524 (best_epoch=69, best_auprc=0.4646)
epoch 70: loss=1.2348 val_auprc=0.4642 val_auc=0.8234 val_f1_macro=0.6312 (best_epoch=69, best_auprc=0.4646)
epoch 71: loss=1.2362 val_auprc=0.4648 val_auc=0.8234 val_f1_macro=0.6365 (best_epoch=71, best_auprc=0.4648)
epoch 72: loss=1.2438 val_auprc=0.4660 val_auc=0.8238 val_f1_macro=0.6542 (best_epoch=72, best_auprc=0.4660)
epoch 73: loss=1.2244 val_auprc=0.4661 val_auc=0.8236 val_f1_macro=0.6425 (best_epoch=73, best_auprc=0.4661)
epoch 74: loss=1.2395 val_auprc=0.4663 val_auc=0.8242 val_f1_macro=0.6374 (best_epoch=74, best_auprc=0.4663)
epoch 75: loss=1.2377 val_auprc=0.4676 val_auc=0.8241 val_f1_macro=0.6535 (best_epoch=75, best_auprc=0.4676)
epoch 76: loss=1.2249 val_auprc=0.4684 val_auc=0.8249 val_f1_macro=0.6440 (best_epoch=76, best_auprc=0.4684)
epoch 77: loss=1.2117 val_auprc=0.4694 val_auc=0.8259 val_f1_macro=0.6381 (best_epoch=77, best_auprc=0.4694)
epoch 78: loss=1.2179 val_auprc=0.4701 val_auc=0.8262 val_f1_macro=0.6468 (best_epoch=78, best_auprc=0.4701)
epoch 79: loss=1.2134 val_auprc=0.4709 val_auc=0.8265 val_f1_macro=0.6531 (best_epoch=79, best_auprc=0.4709)
epoch 80: loss=1.2180 val_auprc=0.4719 val_auc=0.8273 val_f1_macro=0.6504 (best_epoch=80, best_auprc=0.4719)
epoch 81: loss=1.2273 val_auprc=0.4721 val_auc=0.8277 val_f1_macro=0.6469 (best_epoch=81, best_auprc=0.4721)
epoch 82: loss=1.2140 val_auprc=0.4729 val_auc=0.8281 val_f1_macro=0.6490 (best_epoch=82, best_auprc=0.4729)
epoch 83: loss=1.2117 val_auprc=0.4737 val_auc=0.8290 val_f1_macro=0.6546 (best_epoch=83, best_auprc=0.4737)
epoch 84: loss=1.1916 val_auprc=0.4738 val_auc=0.8294 val_f1_macro=0.6480 (best_epoch=84, best_auprc=0.4738)
epoch 85: loss=1.1990 val_auprc=0.4743 val_auc=0.8293 val_f1_macro=0.6395 (best_epoch=85, best_auprc=0.4743)
epoch 86: loss=1.2259 val_auprc=0.4746 val_auc=0.8296 val_f1_macro=0.6559 (best_epoch=86, best_auprc=0.4746)
epoch 87: loss=1.1794 val_auprc=0.4750 val_auc=0.8299 val_f1_macro=0.6582 (best_epoch=87, best_auprc=0.4750)
epoch 88: loss=1.2222 val_auprc=0.4751 val_auc=0.8299 val_f1_macro=0.6580 (best_epoch=88, best_auprc=0.4751)
epoch 89: loss=1.1890 val_auprc=0.4749 val_auc=0.8300 val_f1_macro=0.6532 (best_epoch=88, best_auprc=0.4751)
epoch 90: loss=1.1942 val_auprc=0.4754 val_auc=0.8299 val_f1_macro=0.6532 (best_epoch=90, best_auprc=0.4754)
epoch 91: loss=1.1822 val_auprc=0.4756 val_auc=0.8304 val_f1_macro=0.6524 (best_epoch=91, best_auprc=0.4756)
epoch 92: loss=1.1974 val_auprc=0.4767 val_auc=0.8305 val_f1_macro=0.6544 (best_epoch=92, best_auprc=0.4767)
epoch 93: loss=1.2001 val_auprc=0.4765 val_auc=0.8302 val_f1_macro=0.6493 (best_epoch=92, best_auprc=0.4767)
epoch 94: loss=1.1785 val_auprc=0.4767 val_auc=0.8301 val_f1_macro=0.6623 (best_epoch=94, best_auprc=0.4767)
epoch 95: loss=1.1905 val_auprc=0.4781 val_auc=0.8309 val_f1_macro=0.6669 (best_epoch=95, best_auprc=0.4781)
epoch 96: loss=1.1816 val_auprc=0.4784 val_auc=0.8310 val_f1_macro=0.6570 (best_epoch=96, best_auprc=0.4784)
epoch 97: loss=1.1762 val_auprc=0.4796 val_auc=0.8320 val_f1_macro=0.6366 (best_epoch=97, best_auprc=0.4796)
epoch 98: loss=1.1976 val_auprc=0.4815 val_auc=0.8329 val_f1_macro=0.6414 (best_epoch=98, best_auprc=0.4815)
epoch 99: loss=1.1922 val_auprc=0.4825 val_auc=0.8331 val_f1_macro=0.6588 (best_epoch=99, best_auprc=0.4825)
Selected threshold (best val macro-F1): 0.70 (val F1=0.6936)
TEST metrics: {'auprc': 0.47983130191628076, 'auc': 0.8405543421765866, 'f1_macro': 0.7014895964921308, 'recall': 0.5106701609883939, 'threshold_used': 0.7000000000000001, 'best_epoch': 99}