=== Run: splitgnn_yelp_unified_tr40_seed42_a6000_20260917T223747Z ===
Result dir: /workspace/splitgnn_vast/results/splitgnn/yelp/unified/tr40/seed_42
Split overlap checks: PASSED
train=18382 valid=9190 test=18382
Model source commit: 32fbdb836781d5c02523844a7079425f89be8831
Config SHA256: 9feb1f93c8bc2ea0831fa4813dc4745bd9beb4d0df5139945384aa12b01e6320
Split SHA256: 448e01069d60e85ede228ac68b6d7208b0a153087127598c26b383b82606bb1f
epoch 0: loss=1.7006 val_auprc=0.1162 val_auc=0.4110 val_f1_macro=0.1268 (best_epoch=0, best_auprc=0.1162)
epoch 1: loss=1.6959 val_auprc=0.2058 val_auc=0.6445 val_f1_macro=0.1268 (best_epoch=1, best_auprc=0.2058)
epoch 2: loss=1.6933 val_auprc=0.2518 val_auc=0.7042 val_f1_macro=0.4608 (best_epoch=2, best_auprc=0.2518)
epoch 3: loss=1.6932 val_auprc=0.2896 val_auc=0.7300 val_f1_macro=0.4608 (best_epoch=3, best_auprc=0.2896)
epoch 4: loss=1.6924 val_auprc=0.3285 val_auc=0.7543 val_f1_macro=0.4608 (best_epoch=4, best_auprc=0.3285)
epoch 5: loss=1.6906 val_auprc=0.3565 val_auc=0.7694 val_f1_macro=0.4615 (best_epoch=5, best_auprc=0.3565)
epoch 6: loss=1.6891 val_auprc=0.3766 val_auc=0.7781 val_f1_macro=0.5136 (best_epoch=6, best_auprc=0.3766)
epoch 7: loss=1.6873 val_auprc=0.3892 val_auc=0.7829 val_f1_macro=0.1268 (best_epoch=7, best_auprc=0.3892)
epoch 8: loss=1.6858 val_auprc=0.3906 val_auc=0.7830 val_f1_macro=0.1273 (best_epoch=8, best_auprc=0.3906)
epoch 9: loss=1.6832 val_auprc=0.3948 val_auc=0.7837 val_f1_macro=0.5486 (best_epoch=9, best_auprc=0.3948)
epoch 10: loss=1.6798 val_auprc=0.3962 val_auc=0.7854 val_f1_macro=0.5487 (best_epoch=10, best_auprc=0.3962)
epoch 11: loss=1.6747 val_auprc=0.3934 val_auc=0.7806 val_f1_macro=0.5551 (best_epoch=10, best_auprc=0.3962)
epoch 12: loss=1.6693 val_auprc=0.3971 val_auc=0.7720 val_f1_macro=0.6398 (best_epoch=12, best_auprc=0.3971)
epoch 13: loss=1.6643 val_auprc=0.4049 val_auc=0.7719 val_f1_macro=0.5576 (best_epoch=13, best_auprc=0.4049)
epoch 14: loss=1.6552 val_auprc=0.4104 val_auc=0.7751 val_f1_macro=0.5487 (best_epoch=14, best_auprc=0.4104)
epoch 15: loss=1.6461 val_auprc=0.4095 val_auc=0.7770 val_f1_macro=0.5487 (best_epoch=14, best_auprc=0.4104)
epoch 16: loss=1.6382 val_auprc=0.4166 val_auc=0.7772 val_f1_macro=0.5487 (best_epoch=16, best_auprc=0.4166)
epoch 17: loss=1.6263 val_auprc=0.4173 val_auc=0.7781 val_f1_macro=0.5508 (best_epoch=17, best_auprc=0.4173)
epoch 18: loss=1.6161 val_auprc=0.4193 val_auc=0.7809 val_f1_macro=0.5578 (best_epoch=18, best_auprc=0.4193)
epoch 19: loss=1.6053 val_auprc=0.4275 val_auc=0.7851 val_f1_macro=0.5506 (best_epoch=19, best_auprc=0.4275)
epoch 20: loss=1.5982 val_auprc=0.4296 val_auc=0.7865 val_f1_macro=0.5487 (best_epoch=20, best_auprc=0.4296)
epoch 21: loss=1.5905 val_auprc=0.4304 val_auc=0.7870 val_f1_macro=0.5487 (best_epoch=21, best_auprc=0.4304)
epoch 22: loss=1.5800 val_auprc=0.4308 val_auc=0.7875 val_f1_macro=0.5487 (best_epoch=22, best_auprc=0.4308)
epoch 23: loss=1.5747 val_auprc=0.4286 val_auc=0.7875 val_f1_macro=0.5487 (best_epoch=22, best_auprc=0.4308)
epoch 24: loss=1.5644 val_auprc=0.4294 val_auc=0.7873 val_f1_macro=0.5487 (best_epoch=22, best_auprc=0.4308)
epoch 25: loss=1.5609 val_auprc=0.4273 val_auc=0.7878 val_f1_macro=0.5489 (best_epoch=22, best_auprc=0.4308)
epoch 26: loss=1.5515 val_auprc=0.4246 val_auc=0.7904 val_f1_macro=0.5489 (best_epoch=22, best_auprc=0.4308)
epoch 27: loss=1.5420 val_auprc=0.4262 val_auc=0.7921 val_f1_macro=0.5533 (best_epoch=22, best_auprc=0.4308)
epoch 28: loss=1.5215 val_auprc=0.4293 val_auc=0.7946 val_f1_macro=0.5913 (best_epoch=22, best_auprc=0.4308)
epoch 29: loss=1.5072 val_auprc=0.4309 val_auc=0.7950 val_f1_macro=0.6039 (best_epoch=29, best_auprc=0.4309)
epoch 30: loss=1.4990 val_auprc=0.4311 val_auc=0.7968 val_f1_macro=0.6142 (best_epoch=30, best_auprc=0.4311)
epoch 31: loss=1.4814 val_auprc=0.4323 val_auc=0.7991 val_f1_macro=0.6331 (best_epoch=31, best_auprc=0.4323)
epoch 32: loss=1.4582 val_auprc=0.4306 val_auc=0.7988 val_f1_macro=0.6296 (best_epoch=31, best_auprc=0.4323)
epoch 33: loss=1.4602 val_auprc=0.4321 val_auc=0.7985 val_f1_macro=0.5901 (best_epoch=31, best_auprc=0.4323)
epoch 34: loss=1.4564 val_auprc=0.4307 val_auc=0.7973 val_f1_macro=0.6066 (best_epoch=31, best_auprc=0.4323)
epoch 35: loss=1.4476 val_auprc=0.4309 val_auc=0.7961 val_f1_macro=0.6262 (best_epoch=31, best_auprc=0.4323)
epoch 36: loss=1.4337 val_auprc=0.4347 val_auc=0.7973 val_f1_macro=0.6099 (best_epoch=36, best_auprc=0.4347)
epoch 37: loss=1.4309 val_auprc=0.4347 val_auc=0.7980 val_f1_macro=0.6299 (best_epoch=36, best_auprc=0.4347)
epoch 38: loss=1.4277 val_auprc=0.4360 val_auc=0.7997 val_f1_macro=0.6404 (best_epoch=38, best_auprc=0.4360)
epoch 39: loss=1.4222 val_auprc=0.4397 val_auc=0.8022 val_f1_macro=0.6180 (best_epoch=39, best_auprc=0.4397)
epoch 40: loss=1.4047 val_auprc=0.4420 val_auc=0.8037 val_f1_macro=0.6261 (best_epoch=40, best_auprc=0.4420)
epoch 41: loss=1.3901 val_auprc=0.4434 val_auc=0.8053 val_f1_macro=0.6369 (best_epoch=41, best_auprc=0.4434)
epoch 42: loss=1.3861 val_auprc=0.4462 val_auc=0.8065 val_f1_macro=0.6386 (best_epoch=42, best_auprc=0.4462)
epoch 43: loss=1.3763 val_auprc=0.4485 val_auc=0.8079 val_f1_macro=0.6482 (best_epoch=43, best_auprc=0.4485)
epoch 44: loss=1.3769 val_auprc=0.4504 val_auc=0.8095 val_f1_macro=0.6614 (best_epoch=44, best_auprc=0.4504)
epoch 45: loss=1.3806 val_auprc=0.4517 val_auc=0.8101 val_f1_macro=0.6508 (best_epoch=45, best_auprc=0.4517)
epoch 46: loss=1.3603 val_auprc=0.4527 val_auc=0.8104 val_f1_macro=0.6408 (best_epoch=46, best_auprc=0.4527)
epoch 47: loss=1.3544 val_auprc=0.4537 val_auc=0.8114 val_f1_macro=0.6398 (best_epoch=47, best_auprc=0.4537)
epoch 48: loss=1.3371 val_auprc=0.4566 val_auc=0.8117 val_f1_macro=0.6257 (best_epoch=48, best_auprc=0.4566)
epoch 49: loss=1.3499 val_auprc=0.4578 val_auc=0.8127 val_f1_macro=0.6330 (best_epoch=49, best_auprc=0.4578)
epoch 50: loss=1.3400 val_auprc=0.4597 val_auc=0.8137 val_f1_macro=0.6431 (best_epoch=50, best_auprc=0.4597)
epoch 51: loss=1.3390 val_auprc=0.4615 val_auc=0.8146 val_f1_macro=0.6458 (best_epoch=51, best_auprc=0.4615)
epoch 52: loss=1.3256 val_auprc=0.4630 val_auc=0.8160 val_f1_macro=0.6503 (best_epoch=52, best_auprc=0.4630)
epoch 53: loss=1.3210 val_auprc=0.4653 val_auc=0.8172 val_f1_macro=0.6410 (best_epoch=53, best_auprc=0.4653)
epoch 54: loss=1.3179 val_auprc=0.4670 val_auc=0.8184 val_f1_macro=0.6372 (best_epoch=54, best_auprc=0.4670)
epoch 55: loss=1.3187 val_auprc=0.4688 val_auc=0.8191 val_f1_macro=0.6303 (best_epoch=55, best_auprc=0.4688)
epoch 56: loss=1.3110 val_auprc=0.4711 val_auc=0.8204 val_f1_macro=0.6307 (best_epoch=56, best_auprc=0.4711)
epoch 57: loss=1.3013 val_auprc=0.4727 val_auc=0.8218 val_f1_macro=0.6441 (best_epoch=57, best_auprc=0.4727)
epoch 58: loss=1.2977 val_auprc=0.4746 val_auc=0.8220 val_f1_macro=0.6336 (best_epoch=58, best_auprc=0.4746)
epoch 59: loss=1.2927 val_auprc=0.4768 val_auc=0.8237 val_f1_macro=0.6523 (best_epoch=59, best_auprc=0.4768)
epoch 60: loss=1.2802 val_auprc=0.4771 val_auc=0.8239 val_f1_macro=0.6382 (best_epoch=60, best_auprc=0.4771)
epoch 61: loss=1.2849 val_auprc=0.4793 val_auc=0.8251 val_f1_macro=0.6392 (best_epoch=61, best_auprc=0.4793)
epoch 62: loss=1.2765 val_auprc=0.4808 val_auc=0.8265 val_f1_macro=0.6398 (best_epoch=62, best_auprc=0.4808)
epoch 63: loss=1.2749 val_auprc=0.4824 val_auc=0.8269 val_f1_macro=0.6358 (best_epoch=63, best_auprc=0.4824)
epoch 64: loss=1.2680 val_auprc=0.4848 val_auc=0.8285 val_f1_macro=0.6494 (best_epoch=64, best_auprc=0.4848)
epoch 65: loss=1.2666 val_auprc=0.4852 val_auc=0.8288 val_f1_macro=0.6424 (best_epoch=65, best_auprc=0.4852)
epoch 66: loss=1.2669 val_auprc=0.4873 val_auc=0.8304 val_f1_macro=0.6521 (best_epoch=66, best_auprc=0.4873)
epoch 67: loss=1.2500 val_auprc=0.4889 val_auc=0.8311 val_f1_macro=0.6403 (best_epoch=67, best_auprc=0.4889)
epoch 68: loss=1.2537 val_auprc=0.4901 val_auc=0.8318 val_f1_macro=0.6394 (best_epoch=68, best_auprc=0.4901)
epoch 69: loss=1.2633 val_auprc=0.4913 val_auc=0.8327 val_f1_macro=0.6528 (best_epoch=69, best_auprc=0.4913)
epoch 70: loss=1.2519 val_auprc=0.4912 val_auc=0.8322 val_f1_macro=0.6318 (best_epoch=69, best_auprc=0.4913)
epoch 71: loss=1.2507 val_auprc=0.4933 val_auc=0.8338 val_f1_macro=0.6592 (best_epoch=71, best_auprc=0.4933)
epoch 72: loss=1.2527 val_auprc=0.4937 val_auc=0.8339 val_f1_macro=0.6425 (best_epoch=72, best_auprc=0.4937)
epoch 73: loss=1.2414 val_auprc=0.4937 val_auc=0.8336 val_f1_macro=0.6298 (best_epoch=72, best_auprc=0.4937)
epoch 74: loss=1.2488 val_auprc=0.4961 val_auc=0.8352 val_f1_macro=0.6546 (best_epoch=74, best_auprc=0.4961)
epoch 75: loss=1.2426 val_auprc=0.4959 val_auc=0.8351 val_f1_macro=0.6354 (best_epoch=74, best_auprc=0.4961)
epoch 76: loss=1.2475 val_auprc=0.4962 val_auc=0.8352 val_f1_macro=0.6330 (best_epoch=76, best_auprc=0.4962)
epoch 77: loss=1.2357 val_auprc=0.4980 val_auc=0.8363 val_f1_macro=0.6499 (best_epoch=77, best_auprc=0.4980)
epoch 78: loss=1.2315 val_auprc=0.4982 val_auc=0.8364 val_f1_macro=0.6381 (best_epoch=78, best_auprc=0.4982)
epoch 79: loss=1.2298 val_auprc=0.4990 val_auc=0.8368 val_f1_macro=0.6384 (best_epoch=79, best_auprc=0.4990)
epoch 80: loss=1.2347 val_auprc=0.4999 val_auc=0.8373 val_f1_macro=0.6530 (best_epoch=80, best_auprc=0.4999)
epoch 81: loss=1.2327 val_auprc=0.5005 val_auc=0.8375 val_f1_macro=0.6448 (best_epoch=81, best_auprc=0.5005)
epoch 82: loss=1.2292 val_auprc=0.5005 val_auc=0.8380 val_f1_macro=0.6379 (best_epoch=82, best_auprc=0.5005)
epoch 83: loss=1.2177 val_auprc=0.5025 val_auc=0.8384 val_f1_macro=0.6458 (best_epoch=83, best_auprc=0.5025)
epoch 84: loss=1.2193 val_auprc=0.5026 val_auc=0.8387 val_f1_macro=0.6448 (best_epoch=84, best_auprc=0.5026)
epoch 85: loss=1.2183 val_auprc=0.5023 val_auc=0.8387 val_f1_macro=0.6388 (best_epoch=84, best_auprc=0.5026)
epoch 86: loss=1.2239 val_auprc=0.5045 val_auc=0.8396 val_f1_macro=0.6552 (best_epoch=86, best_auprc=0.5045)
epoch 87: loss=1.2208 val_auprc=0.5048 val_auc=0.8399 val_f1_macro=0.6524 (best_epoch=87, best_auprc=0.5048)
epoch 88: loss=1.2167 val_auprc=0.5038 val_auc=0.8395 val_f1_macro=0.6342 (best_epoch=87, best_auprc=0.5048)
epoch 89: loss=1.2198 val_auprc=0.5059 val_auc=0.8408 val_f1_macro=0.6626 (best_epoch=89, best_auprc=0.5059)
epoch 90: loss=1.2093 val_auprc=0.5060 val_auc=0.8407 val_f1_macro=0.6389 (best_epoch=90, best_auprc=0.5060)
epoch 91: loss=1.2059 val_auprc=0.5066 val_auc=0.8411 val_f1_macro=0.6393 (best_epoch=91, best_auprc=0.5066)
epoch 92: loss=1.2075 val_auprc=0.5074 val_auc=0.8419 val_f1_macro=0.6636 (best_epoch=92, best_auprc=0.5074)
epoch 93: loss=1.2085 val_auprc=0.5070 val_auc=0.8415 val_f1_macro=0.6359 (best_epoch=92, best_auprc=0.5074)
epoch 94: loss=1.2076 val_auprc=0.5082 val_auc=0.8422 val_f1_macro=0.6525 (best_epoch=94, best_auprc=0.5082)
epoch 95: loss=1.2080 val_auprc=0.5084 val_auc=0.8429 val_f1_macro=0.6655 (best_epoch=95, best_auprc=0.5084)
epoch 96: loss=1.2015 val_auprc=0.5081 val_auc=0.8423 val_f1_macro=0.6396 (best_epoch=95, best_auprc=0.5084)
epoch 97: loss=1.2051 val_auprc=0.5090 val_auc=0.8433 val_f1_macro=0.6611 (best_epoch=97, best_auprc=0.5090)
epoch 98: loss=1.2100 val_auprc=0.5105 val_auc=0.8441 val_f1_macro=0.6691 (best_epoch=98, best_auprc=0.5105)
epoch 99: loss=1.1939 val_auprc=0.5094 val_auc=0.8434 val_f1_macro=0.6370 (best_epoch=98, best_auprc=0.5105)
Selected threshold (best val macro-F1): 0.65 (val F1=0.7030)
TEST metrics: {'auprc': 0.49523715813945207, 'auc': 0.8499549293120467, 'f1_macro': 0.7077865842778606, 'recall': 0.5862972669412205, 'threshold_used': 0.6500000000000001, 'best_epoch': 98}