=== Run: splitgnn_yelp_unified_tr20_seed72_a6000_20260917T224827Z ===
Result dir: /workspace/splitgnn_vast/results/splitgnn/yelp/unified/tr20/seed_72
Split overlap checks: PASSED
train=9192 valid=9190 test=18382
Model source commit: 32fbdb836781d5c02523844a7079425f89be8831
Config SHA256: cc463c38ca1ffe877f0c16d4653b05212a140471249a73fefc00468c8b55405b
Split SHA256: 448e01069d60e85ede228ac68b6d7208b0a153087127598c26b383b82606bb1f
epoch 0: loss=1.6961 val_auprc=0.2186 val_auc=0.6834 val_f1_macro=0.5486 (best_epoch=0, best_auprc=0.2186)
epoch 1: loss=1.6919 val_auprc=0.2369 val_auc=0.6984 val_f1_macro=0.4608 (best_epoch=1, best_auprc=0.2369)
epoch 2: loss=1.6933 val_auprc=0.2592 val_auc=0.7195 val_f1_macro=0.4608 (best_epoch=2, best_auprc=0.2592)
epoch 3: loss=1.6903 val_auprc=0.3143 val_auc=0.7536 val_f1_macro=0.6069 (best_epoch=3, best_auprc=0.3143)
epoch 4: loss=1.6882 val_auprc=0.3701 val_auc=0.7729 val_f1_macro=0.5487 (best_epoch=4, best_auprc=0.3701)
epoch 5: loss=1.6867 val_auprc=0.3739 val_auc=0.7765 val_f1_macro=0.5487 (best_epoch=5, best_auprc=0.3739)
epoch 6: loss=1.6826 val_auprc=0.3648 val_auc=0.7757 val_f1_macro=0.5487 (best_epoch=5, best_auprc=0.3739)
epoch 7: loss=1.6801 val_auprc=0.3566 val_auc=0.7719 val_f1_macro=0.5487 (best_epoch=5, best_auprc=0.3739)
epoch 8: loss=1.6746 val_auprc=0.3591 val_auc=0.7709 val_f1_macro=0.5487 (best_epoch=5, best_auprc=0.3739)
epoch 9: loss=1.6697 val_auprc=0.3685 val_auc=0.7734 val_f1_macro=0.5487 (best_epoch=5, best_auprc=0.3739)
epoch 10: loss=1.6612 val_auprc=0.3849 val_auc=0.7780 val_f1_macro=0.5487 (best_epoch=10, best_auprc=0.3849)
epoch 11: loss=1.6540 val_auprc=0.3919 val_auc=0.7788 val_f1_macro=0.5487 (best_epoch=11, best_auprc=0.3919)
epoch 12: loss=1.6437 val_auprc=0.3545 val_auc=0.7605 val_f1_macro=0.5487 (best_epoch=11, best_auprc=0.3919)
epoch 13: loss=1.6303 val_auprc=0.3692 val_auc=0.7661 val_f1_macro=0.5487 (best_epoch=11, best_auprc=0.3919)
epoch 14: loss=1.6225 val_auprc=0.3902 val_auc=0.7686 val_f1_macro=0.5487 (best_epoch=11, best_auprc=0.3919)
epoch 15: loss=1.6164 val_auprc=0.3839 val_auc=0.7648 val_f1_macro=0.5487 (best_epoch=11, best_auprc=0.3919)
epoch 16: loss=1.6189 val_auprc=0.3906 val_auc=0.7674 val_f1_macro=0.5487 (best_epoch=11, best_auprc=0.3919)
epoch 17: loss=1.6093 val_auprc=0.3940 val_auc=0.7707 val_f1_macro=0.5487 (best_epoch=17, best_auprc=0.3940)
epoch 18: loss=1.6051 val_auprc=0.4009 val_auc=0.7764 val_f1_macro=0.5487 (best_epoch=18, best_auprc=0.4009)
epoch 19: loss=1.6095 val_auprc=0.4047 val_auc=0.7829 val_f1_macro=0.5487 (best_epoch=19, best_auprc=0.4047)
epoch 20: loss=1.5968 val_auprc=0.4058 val_auc=0.7884 val_f1_macro=0.5487 (best_epoch=20, best_auprc=0.4058)
epoch 21: loss=1.5774 val_auprc=0.4137 val_auc=0.7923 val_f1_macro=0.5488 (best_epoch=21, best_auprc=0.4137)
epoch 22: loss=1.5750 val_auprc=0.4187 val_auc=0.7929 val_f1_macro=0.5496 (best_epoch=22, best_auprc=0.4187)
epoch 23: loss=1.5729 val_auprc=0.4181 val_auc=0.7933 val_f1_macro=0.5559 (best_epoch=22, best_auprc=0.4187)
epoch 24: loss=1.5658 val_auprc=0.4146 val_auc=0.7932 val_f1_macro=0.5828 (best_epoch=22, best_auprc=0.4187)
epoch 25: loss=1.5534 val_auprc=0.4098 val_auc=0.7918 val_f1_macro=0.6328 (best_epoch=22, best_auprc=0.4187)
epoch 26: loss=1.5460 val_auprc=0.4122 val_auc=0.7935 val_f1_macro=0.6357 (best_epoch=22, best_auprc=0.4187)
epoch 27: loss=1.5284 val_auprc=0.4193 val_auc=0.7954 val_f1_macro=0.6125 (best_epoch=27, best_auprc=0.4193)
epoch 28: loss=1.5196 val_auprc=0.4208 val_auc=0.7969 val_f1_macro=0.6350 (best_epoch=28, best_auprc=0.4208)
epoch 29: loss=1.5045 val_auprc=0.4176 val_auc=0.7969 val_f1_macro=0.6632 (best_epoch=28, best_auprc=0.4208)
epoch 30: loss=1.5086 val_auprc=0.4262 val_auc=0.7980 val_f1_macro=0.6460 (best_epoch=30, best_auprc=0.4262)
epoch 31: loss=1.4736 val_auprc=0.4279 val_auc=0.7983 val_f1_macro=0.6200 (best_epoch=31, best_auprc=0.4279)
epoch 32: loss=1.4803 val_auprc=0.4190 val_auc=0.7969 val_f1_macro=0.6519 (best_epoch=31, best_auprc=0.4279)
epoch 33: loss=1.4845 val_auprc=0.4191 val_auc=0.7963 val_f1_macro=0.6517 (best_epoch=31, best_auprc=0.4279)
epoch 34: loss=1.4585 val_auprc=0.4299 val_auc=0.7995 val_f1_macro=0.6052 (best_epoch=34, best_auprc=0.4299)
epoch 35: loss=1.4668 val_auprc=0.4306 val_auc=0.8003 val_f1_macro=0.6221 (best_epoch=35, best_auprc=0.4306)
epoch 36: loss=1.4589 val_auprc=0.4234 val_auc=0.7985 val_f1_macro=0.6528 (best_epoch=35, best_auprc=0.4306)
epoch 37: loss=1.4460 val_auprc=0.4336 val_auc=0.8026 val_f1_macro=0.6418 (best_epoch=37, best_auprc=0.4336)
epoch 38: loss=1.4339 val_auprc=0.4370 val_auc=0.8041 val_f1_macro=0.6244 (best_epoch=38, best_auprc=0.4370)
epoch 39: loss=1.4212 val_auprc=0.4369 val_auc=0.8058 val_f1_macro=0.6358 (best_epoch=38, best_auprc=0.4370)
epoch 40: loss=1.4148 val_auprc=0.4346 val_auc=0.8072 val_f1_macro=0.6467 (best_epoch=38, best_auprc=0.4370)
epoch 41: loss=1.4102 val_auprc=0.4392 val_auc=0.8081 val_f1_macro=0.6261 (best_epoch=41, best_auprc=0.4392)
epoch 42: loss=1.3998 val_auprc=0.4413 val_auc=0.8083 val_f1_macro=0.6155 (best_epoch=42, best_auprc=0.4413)
epoch 43: loss=1.3942 val_auprc=0.4410 val_auc=0.8093 val_f1_macro=0.6292 (best_epoch=42, best_auprc=0.4413)
epoch 44: loss=1.3969 val_auprc=0.4410 val_auc=0.8111 val_f1_macro=0.6456 (best_epoch=42, best_auprc=0.4413)
epoch 45: loss=1.3862 val_auprc=0.4433 val_auc=0.8102 val_f1_macro=0.6260 (best_epoch=45, best_auprc=0.4433)
epoch 46: loss=1.3728 val_auprc=0.4448 val_auc=0.8109 val_f1_macro=0.6236 (best_epoch=46, best_auprc=0.4448)
epoch 47: loss=1.3687 val_auprc=0.4444 val_auc=0.8129 val_f1_macro=0.6353 (best_epoch=46, best_auprc=0.4448)
epoch 48: loss=1.3597 val_auprc=0.4469 val_auc=0.8135 val_f1_macro=0.6290 (best_epoch=48, best_auprc=0.4469)
epoch 49: loss=1.3474 val_auprc=0.4480 val_auc=0.8131 val_f1_macro=0.6192 (best_epoch=49, best_auprc=0.4480)
epoch 50: loss=1.3492 val_auprc=0.4492 val_auc=0.8149 val_f1_macro=0.6375 (best_epoch=50, best_auprc=0.4492)
epoch 51: loss=1.3348 val_auprc=0.4497 val_auc=0.8153 val_f1_macro=0.6429 (best_epoch=51, best_auprc=0.4497)
epoch 52: loss=1.3369 val_auprc=0.4526 val_auc=0.8153 val_f1_macro=0.6309 (best_epoch=52, best_auprc=0.4526)
epoch 53: loss=1.3211 val_auprc=0.4539 val_auc=0.8163 val_f1_macro=0.6367 (best_epoch=53, best_auprc=0.4539)
epoch 54: loss=1.3152 val_auprc=0.4539 val_auc=0.8174 val_f1_macro=0.6451 (best_epoch=53, best_auprc=0.4539)
epoch 55: loss=1.3114 val_auprc=0.4578 val_auc=0.8181 val_f1_macro=0.6336 (best_epoch=55, best_auprc=0.4578)
epoch 56: loss=1.3130 val_auprc=0.4599 val_auc=0.8192 val_f1_macro=0.6285 (best_epoch=56, best_auprc=0.4599)
epoch 57: loss=1.2953 val_auprc=0.4605 val_auc=0.8202 val_f1_macro=0.6410 (best_epoch=57, best_auprc=0.4605)
epoch 58: loss=1.3141 val_auprc=0.4618 val_auc=0.8208 val_f1_macro=0.6425 (best_epoch=58, best_auprc=0.4618)
epoch 59: loss=1.3087 val_auprc=0.4638 val_auc=0.8215 val_f1_macro=0.6332 (best_epoch=59, best_auprc=0.4638)
epoch 60: loss=1.2932 val_auprc=0.4648 val_auc=0.8227 val_f1_macro=0.6444 (best_epoch=60, best_auprc=0.4648)
epoch 61: loss=1.2951 val_auprc=0.4666 val_auc=0.8234 val_f1_macro=0.6498 (best_epoch=61, best_auprc=0.4666)
epoch 62: loss=1.2915 val_auprc=0.4675 val_auc=0.8237 val_f1_macro=0.6439 (best_epoch=62, best_auprc=0.4675)
epoch 63: loss=1.2796 val_auprc=0.4687 val_auc=0.8241 val_f1_macro=0.6422 (best_epoch=63, best_auprc=0.4687)
epoch 64: loss=1.2779 val_auprc=0.4701 val_auc=0.8254 val_f1_macro=0.6516 (best_epoch=64, best_auprc=0.4701)
epoch 65: loss=1.2753 val_auprc=0.4710 val_auc=0.8255 val_f1_macro=0.6367 (best_epoch=65, best_auprc=0.4710)
epoch 66: loss=1.2785 val_auprc=0.4728 val_auc=0.8268 val_f1_macro=0.6418 (best_epoch=66, best_auprc=0.4728)
epoch 67: loss=1.2718 val_auprc=0.4745 val_auc=0.8276 val_f1_macro=0.6537 (best_epoch=67, best_auprc=0.4745)
epoch 68: loss=1.2719 val_auprc=0.4759 val_auc=0.8279 val_f1_macro=0.6448 (best_epoch=68, best_auprc=0.4759)
epoch 69: loss=1.2603 val_auprc=0.4775 val_auc=0.8281 val_f1_macro=0.6389 (best_epoch=69, best_auprc=0.4775)
epoch 70: loss=1.2599 val_auprc=0.4789 val_auc=0.8301 val_f1_macro=0.6541 (best_epoch=70, best_auprc=0.4789)
epoch 71: loss=1.2662 val_auprc=0.4792 val_auc=0.8296 val_f1_macro=0.6441 (best_epoch=71, best_auprc=0.4792)
epoch 72: loss=1.2545 val_auprc=0.4809 val_auc=0.8296 val_f1_macro=0.6366 (best_epoch=72, best_auprc=0.4809)
epoch 73: loss=1.2593 val_auprc=0.4818 val_auc=0.8309 val_f1_macro=0.6550 (best_epoch=73, best_auprc=0.4818)
epoch 74: loss=1.2536 val_auprc=0.4826 val_auc=0.8314 val_f1_macro=0.6570 (best_epoch=74, best_auprc=0.4826)
epoch 75: loss=1.2431 val_auprc=0.4833 val_auc=0.8311 val_f1_macro=0.6477 (best_epoch=75, best_auprc=0.4833)
epoch 76: loss=1.2365 val_auprc=0.4848 val_auc=0.8322 val_f1_macro=0.6512 (best_epoch=76, best_auprc=0.4848)
epoch 77: loss=1.2386 val_auprc=0.4863 val_auc=0.8326 val_f1_macro=0.6604 (best_epoch=77, best_auprc=0.4863)
epoch 78: loss=1.2354 val_auprc=0.4860 val_auc=0.8329 val_f1_macro=0.6465 (best_epoch=77, best_auprc=0.4863)
epoch 79: loss=1.2437 val_auprc=0.4865 val_auc=0.8330 val_f1_macro=0.6439 (best_epoch=79, best_auprc=0.4865)
epoch 80: loss=1.2459 val_auprc=0.4890 val_auc=0.8336 val_f1_macro=0.6650 (best_epoch=80, best_auprc=0.4890)
epoch 81: loss=1.2407 val_auprc=0.4888 val_auc=0.8338 val_f1_macro=0.6569 (best_epoch=80, best_auprc=0.4890)
epoch 82: loss=1.2344 val_auprc=0.4889 val_auc=0.8339 val_f1_macro=0.6492 (best_epoch=80, best_auprc=0.4890)
epoch 83: loss=1.2307 val_auprc=0.4891 val_auc=0.8337 val_f1_macro=0.6531 (best_epoch=83, best_auprc=0.4891)
epoch 84: loss=1.2252 val_auprc=0.4896 val_auc=0.8343 val_f1_macro=0.6479 (best_epoch=84, best_auprc=0.4896)
epoch 85: loss=1.2227 val_auprc=0.4910 val_auc=0.8351 val_f1_macro=0.6495 (best_epoch=85, best_auprc=0.4910)
epoch 86: loss=1.2245 val_auprc=0.4923 val_auc=0.8358 val_f1_macro=0.6584 (best_epoch=86, best_auprc=0.4923)
epoch 87: loss=1.2205 val_auprc=0.4924 val_auc=0.8360 val_f1_macro=0.6502 (best_epoch=87, best_auprc=0.4924)
epoch 88: loss=1.2230 val_auprc=0.4935 val_auc=0.8367 val_f1_macro=0.6456 (best_epoch=88, best_auprc=0.4935)
epoch 89: loss=1.2251 val_auprc=0.4939 val_auc=0.8368 val_f1_macro=0.6556 (best_epoch=89, best_auprc=0.4939)
epoch 90: loss=1.2210 val_auprc=0.4951 val_auc=0.8372 val_f1_macro=0.6607 (best_epoch=90, best_auprc=0.4951)
epoch 91: loss=1.2227 val_auprc=0.4957 val_auc=0.8375 val_f1_macro=0.6584 (best_epoch=91, best_auprc=0.4957)
epoch 92: loss=1.2158 val_auprc=0.4964 val_auc=0.8379 val_f1_macro=0.6615 (best_epoch=92, best_auprc=0.4964)
epoch 93: loss=1.2160 val_auprc=0.4968 val_auc=0.8381 val_f1_macro=0.6662 (best_epoch=93, best_auprc=0.4968)
epoch 94: loss=1.2021 val_auprc=0.4965 val_auc=0.8377 val_f1_macro=0.6512 (best_epoch=93, best_auprc=0.4968)
epoch 95: loss=1.2109 val_auprc=0.4975 val_auc=0.8386 val_f1_macro=0.6623 (best_epoch=95, best_auprc=0.4975)
epoch 96: loss=1.2080 val_auprc=0.4989 val_auc=0.8397 val_f1_macro=0.6655 (best_epoch=96, best_auprc=0.4989)
epoch 97: loss=1.2051 val_auprc=0.4999 val_auc=0.8395 val_f1_macro=0.6566 (best_epoch=97, best_auprc=0.4999)
epoch 98: loss=1.2045 val_auprc=0.5010 val_auc=0.8405 val_f1_macro=0.6577 (best_epoch=98, best_auprc=0.5010)
epoch 99: loss=1.2053 val_auprc=0.5028 val_auc=0.8416 val_f1_macro=0.6746 (best_epoch=99, best_auprc=0.5028)
Selected threshold (best val macro-F1): 0.65 (val F1=0.7028)
TEST metrics: {'auprc': 0.4969232418674382, 'auc': 0.8507534574628239, 'f1_macro': 0.7050012949267647, 'recall': 0.5840509172594534, 'threshold_used': 0.6500000000000001, 'best_epoch': 99}