**************** MODEL CONFIGURATION ****************
alpha                    -->   2
batch_size               -->   1024
cuda_id                  -->   0
data_dir                 -->   ./data/
data_name                -->   yelp
emb_size                 -->   64
lr                       -->   0.01
model                    -->   PCGNN
multi_relation           -->   GNN
no_cuda                  -->   False
num_epochs               -->   100
optimizer                -->   adam
results_dir              -->   ./results/unified-final/yelpchi/pcgnn/tr20/seed72
rho                      -->   0.4
run_mode                 -->   unified_final_yelpchi_tr20_kaggle_t4_seed72_rho0p4
save_dir                 -->   ./pytorch_models/
seed                     -->   72
split_path               -->   ./shared/splits/yelpchi/yelpchi_tr20_split_seed2.npz
test_ratio               -->   0.67
thres                    -->   0.5
train_ratio              -->   0.2
valid_epochs             -->   5
weight_decay             -->   0.001
**************** MODEL CONFIGURATION ****************
Run on yelp, postive/total num: 6677/45954, train num 9191,valid num 9099, test num 18474, test positive num 2684
Classification threshold: 0.5
Feature dimension: 32
Model: PCGNN, multi-relation aggregator: GNN, emb_size: 64.
/kaggle/working/pcgnn_clean_restart/PC-GNN-COMP8851-Instrumented/src/model_handler.py:258: UserWarning: The torch.cuda.*DtypeTensor constructors are no longer recommended. It's best to use methods such as torch.tensor(data, dtype=*, device='cuda') to create tensors. (Triggered internally at /pytorch/torch/csrc/tensor/python_tensor.cpp:78.)
  batch_loss = gnn_model.loss(batch_nodes, Variable(torch.cuda.LongTensor(batch_label)))
Epoch: 0, loss: 2.067458709081014, time: 5.9967037130008976s
Valid at epoch 0
/usr/local/lib/python3.12/dist-packages/sklearn/metrics/_classification.py:1565: UndefinedMetricWarning: Recall is ill-defined and being set to 0.0 in labels with no true samples. Use `zero_division` parameter to control this behavior.
  _warn_prf(average, modifier, f"{metric.capitalize()} is", len(result))
   GNN F1-binary-1: 0.2537	F1-binary-0: 0.0000	F1-macro: 0.1269	G-Mean: 0.0000	AUC: 0.7069
   GNN TP: 1322	TN: 0	FN: 0	FP: 7777
Label1 F1: 0.0937	Accuracy: 0.1559	Recall: 0.4444	AUC: 0.5633	AP: 0.1776
  Saving model ...
Epoch: 1, loss: 2.0559600989023843, time: 5.581097782000143s
Epoch: 2, loss: 2.028637488683065, time: 6.19517519999863s
Epoch: 3, loss: 2.0124507745107016, time: 5.657611819999147s
Epoch: 4, loss: 1.9801010290781658, time: 5.6461684979985876s
Epoch: 5, loss: 1.9564164876937866, time: 5.645465427998715s
Valid at epoch 5
/usr/local/lib/python3.12/dist-packages/sklearn/metrics/_classification.py:1565: UndefinedMetricWarning: Recall is ill-defined and being set to 0.0 in labels with no true samples. Use `zero_division` parameter to control this behavior.
  _warn_prf(average, modifier, f"{metric.capitalize()} is", len(result))
   GNN F1-binary-1: 0.3881	F1-binary-0: 0.8196	F1-macro: 0.6039	G-Mean: 0.6711	AUC: 0.7408
   GNN TP: 804	TN: 5760	FN: 518	FP: 2017
Label1 F1: 0.0937	Accuracy: 0.1559	Recall: 0.4444	AUC: 0.6728	AP: 0.2442
  Saving model ...
Epoch: 6, loss: 1.9245483080546062, time: 5.707782937999582s
Epoch: 7, loss: 1.9107983907063801, time: 5.6302426799993555s
Epoch: 8, loss: 1.9129953384399414, time: 6.165408754000964s
Epoch: 9, loss: 1.8937041362126668, time: 5.730228977001389s
Epoch: 10, loss: 1.8989053169886272, time: 5.533469848000095s
Valid at epoch 10
/usr/local/lib/python3.12/dist-packages/sklearn/metrics/_classification.py:1565: UndefinedMetricWarning: Recall is ill-defined and being set to 0.0 in labels with no true samples. Use `zero_division` parameter to control this behavior.
  _warn_prf(average, modifier, f"{metric.capitalize()} is", len(result))
   GNN F1-binary-1: 0.3789	F1-binary-0: 0.7462	F1-macro: 0.5625	G-Mean: 0.6847	AUC: 0.7578
   GNN TP: 1000	TN: 4820	FN: 322	FP: 2957
Label1 F1: 0.0966	Accuracy: 0.1583	Recall: 0.4458	AUC: 0.6938	AP: 0.2707
  Saving model ...
Epoch: 11, loss: 1.8806403875350952, time: 5.558877252999082s
Epoch: 12, loss: 1.8867087761561077, time: 5.52829598199969s
Epoch: 13, loss: 1.8739891449610393, time: 6.007710882000538s
Epoch: 14, loss: 1.8928442001342773, time: 5.558718745000078s
Epoch: 15, loss: 1.9056808551152546, time: 5.536749619001057s
Valid at epoch 15
/usr/local/lib/python3.12/dist-packages/sklearn/metrics/_classification.py:1565: UndefinedMetricWarning: Recall is ill-defined and being set to 0.0 in labels with no true samples. Use `zero_division` parameter to control this behavior.
  _warn_prf(average, modifier, f"{metric.capitalize()} is", len(result))
   GNN F1-binary-1: 0.3661	F1-binary-0: 0.7033	F1-macro: 0.5347	G-Mean: 0.6710	AUC: 0.7594
   GNN TP: 1062	TN: 4359	FN: 260	FP: 3418
Label1 F1: 0.1453	Accuracy: 0.1938	Recall: 0.4716	AUC: 0.6984	AP: 0.2807
  Saving model ...
Epoch: 16, loss: 1.8974307775497437, time: 5.517653078000876s
Epoch: 17, loss: 1.883966088294983, time: 6.1151398139991215s
Epoch: 18, loss: 1.8709618250528972, time: 5.52621694300251s
Epoch: 19, loss: 1.8700645764668782, time: 5.529504468999221s
Epoch: 20, loss: 1.8661398887634277, time: 5.5060054320019844s
Valid at epoch 20
/usr/local/lib/python3.12/dist-packages/sklearn/metrics/_classification.py:1565: UndefinedMetricWarning: Recall is ill-defined and being set to 0.0 in labels with no true samples. Use `zero_division` parameter to control this behavior.
  _warn_prf(average, modifier, f"{metric.capitalize()} is", len(result))
   GNN F1-binary-1: 0.3850	F1-binary-0: 0.7540	F1-macro: 0.5695	G-Mean: 0.6907	AUC: 0.7626
   GNN TP: 1001	TN: 4900	FN: 321	FP: 2877
Label1 F1: 0.2676	Accuracy: 0.3378	Recall: 0.5408	AUC: 0.7012	AP: 0.2860
  Saving model ...
Epoch: 21, loss: 1.8600183725357056, time: 5.560306392999337s
Epoch: 22, loss: 1.8665268023808796, time: 5.5666838889992505s
Epoch: 23, loss: 1.8481675386428833, time: 6.066800401000364s
Epoch: 24, loss: 1.8217458327611287, time: 5.649686071999895s
Epoch: 25, loss: 1.845861275990804, time: 5.425501806999819s
Valid at epoch 25
/usr/local/lib/python3.12/dist-packages/sklearn/metrics/_classification.py:1565: UndefinedMetricWarning: Recall is ill-defined and being set to 0.0 in labels with no true samples. Use `zero_division` parameter to control this behavior.
  _warn_prf(average, modifier, f"{metric.capitalize()} is", len(result))
   GNN F1-binary-1: 0.4247	F1-binary-0: 0.8289	F1-macro: 0.6268	G-Mean: 0.7078	AUC: 0.7719
   GNN TP: 886	TN: 5813	FN: 436	FP: 1964
Label1 F1: 0.2084	Accuracy: 0.2627	Recall: 0.4977	AUC: 0.7041	AP: 0.2887
  Saving model ...
Epoch: 26, loss: 1.8498535950978596, time: 5.7590988780029875s
Epoch: 27, loss: 1.8405569394429524, time: 5.653837355999713s
Epoch: 28, loss: 1.8113530079523723, time: 6.223629055999481s
Epoch: 29, loss: 1.8345006306966145, time: 5.615063082997949s
Epoch: 30, loss: 1.8395351966222127, time: 5.6787558129981335s
Valid at epoch 30
/usr/local/lib/python3.12/dist-packages/sklearn/metrics/_classification.py:1565: UndefinedMetricWarning: Recall is ill-defined and being set to 0.0 in labels with no true samples. Use `zero_division` parameter to control this behavior.
  _warn_prf(average, modifier, f"{metric.capitalize()} is", len(result))
   GNN F1-binary-1: 0.4213	F1-binary-0: 0.8110	F1-macro: 0.6161	G-Mean: 0.7146	AUC: 0.7800
   GNN TP: 944	TN: 5562	FN: 378	FP: 2215
Label1 F1: 0.1711	Accuracy: 0.2230	Recall: 0.4744	AUC: 0.7069	AP: 0.2936
  Saving model ...
Epoch: 31, loss: 1.8497400283813477, time: 5.495949739000935s
Epoch: 32, loss: 1.8378530740737915, time: 5.598357917002431s
Epoch: 33, loss: 1.8302469650904338, time: 6.097114640000655s
Epoch: 34, loss: 1.8357295195261638, time: 5.744221403001575s
Epoch: 35, loss: 1.8109238147735596, time: 5.680406412000593s
Valid at epoch 35
/usr/local/lib/python3.12/dist-packages/sklearn/metrics/_classification.py:1565: UndefinedMetricWarning: Recall is ill-defined and being set to 0.0 in labels with no true samples. Use `zero_division` parameter to control this behavior.
  _warn_prf(average, modifier, f"{metric.capitalize()} is", len(result))
   GNN F1-binary-1: 0.4225	F1-binary-0: 0.8115	F1-macro: 0.6170	G-Mean: 0.7157	AUC: 0.7850
   GNN TP: 946	TN: 5567	FN: 376	FP: 2210
Label1 F1: 0.3627	Accuracy: 0.4890	Recall: 0.5386	AUC: 0.7094	AP: 0.2982
  Saving model ...
Epoch: 36, loss: 1.8203057448069255, time: 5.513545799996791s
Epoch: 37, loss: 1.82515553633372, time: 5.679091457997856s
Epoch: 38, loss: 1.8015400568644206, time: 6.13169278800342s
Epoch: 39, loss: 1.831775466601054, time: 5.529037231000984s
Epoch: 40, loss: 1.8259412844975789, time: 5.627221193997684s
Valid at epoch 40
/usr/local/lib/python3.12/dist-packages/sklearn/metrics/_classification.py:1565: UndefinedMetricWarning: Recall is ill-defined and being set to 0.0 in labels with no true samples. Use `zero_division` parameter to control this behavior.
  _warn_prf(average, modifier, f"{metric.capitalize()} is", len(result))
   GNN F1-binary-1: 0.4095	F1-binary-0: 0.7828	F1-macro: 0.5961	G-Mean: 0.7124	AUC: 0.7916
   GNN TP: 1002	TN: 5207	FN: 320	FP: 2570
Label1 F1: 0.2967	Accuracy: 0.3786	Recall: 0.5435	AUC: 0.7121	AP: 0.3026
  Saving model ...
Epoch: 41, loss: 1.8147090276082356, time: 5.623769057001482s
Epoch: 42, loss: 1.8091825644175212, time: 5.645747448998009s
Epoch: 43, loss: 1.8081042766571045, time: 6.123731935000251s
Epoch: 44, loss: 1.8266056776046753, time: 5.546954138000729s
Epoch: 45, loss: 1.8192609548568726, time: 5.7307848220007145s
Valid at epoch 45
/usr/local/lib/python3.12/dist-packages/sklearn/metrics/_classification.py:1565: UndefinedMetricWarning: Recall is ill-defined and being set to 0.0 in labels with no true samples. Use `zero_division` parameter to control this behavior.
  _warn_prf(average, modifier, f"{metric.capitalize()} is", len(result))
   GNN F1-binary-1: 0.4562	F1-binary-0: 0.8686	F1-macro: 0.6624	G-Mean: 0.7073	AUC: 0.7952
   GNN TP: 808	TN: 6365	FN: 514	FP: 1412
Label1 F1: 0.3642	Accuracy: 0.4912	Recall: 0.5392	AUC: 0.7143	AP: 0.3046
  Saving model ...
Epoch: 46, loss: 1.8259081840515137, time: 5.562463275000482s
Epoch: 47, loss: 1.814767320950826, time: 5.5782108579987835s
Epoch: 48, loss: 1.7972876628239949, time: 6.299437630001194s
Epoch: 49, loss: 1.8049243688583374, time: 5.577778525999747s
Epoch: 50, loss: 1.781101107597351, time: 5.703588511001726s
Valid at epoch 50
/usr/local/lib/python3.12/dist-packages/sklearn/metrics/_classification.py:1565: UndefinedMetricWarning: Recall is ill-defined and being set to 0.0 in labels with no true samples. Use `zero_division` parameter to control this behavior.
  _warn_prf(average, modifier, f"{metric.capitalize()} is", len(result))
   GNN F1-binary-1: 0.4575	F1-binary-0: 0.8608	F1-macro: 0.6591	G-Mean: 0.7179	AUC: 0.7990
   GNN TP: 850	TN: 6233	FN: 472	FP: 1544
Label1 F1: 0.2811	Accuracy: 0.3531	Recall: 0.5510	AUC: 0.7164	AP: 0.3068
  Saving model ...
Epoch: 51, loss: 1.7925270795822144, time: 5.6371534440004325s
Epoch: 52, loss: 1.7885984579722087, time: 5.6506662190004135s
Epoch: 53, loss: 1.7945491075515747, time: 6.161386298001162s
Epoch: 54, loss: 1.787903904914856, time: 5.638989235001645s
Epoch: 55, loss: 1.7951128085454304, time: 5.655019522000657s
Valid at epoch 55
/usr/local/lib/python3.12/dist-packages/sklearn/metrics/_classification.py:1565: UndefinedMetricWarning: Recall is ill-defined and being set to 0.0 in labels with no true samples. Use `zero_division` parameter to control this behavior.
  _warn_prf(average, modifier, f"{metric.capitalize()} is", len(result))
   GNN F1-binary-1: 0.4492	F1-binary-0: 0.8480	F1-macro: 0.6486	G-Mean: 0.7211	AUC: 0.8014
   GNN TP: 884	TN: 6047	FN: 438	FP: 1730
Label1 F1: 0.3720	Accuracy: 0.5060	Recall: 0.5456	AUC: 0.7173	AP: 0.3081
  Saving model ...
Epoch: 56, loss: 1.785661260286967, time: 5.827956373002962s
Epoch: 57, loss: 1.7855099042256672, time: 5.67474328300159s
Epoch: 58, loss: 1.7937229474385579, time: 6.267622818002565s
Epoch: 59, loss: 1.8130946556727092, time: 5.5889261860029364s
Epoch: 60, loss: 1.7781670093536377, time: 5.701981517999229s
Valid at epoch 60
/usr/local/lib/python3.12/dist-packages/sklearn/metrics/_classification.py:1565: UndefinedMetricWarning: Recall is ill-defined and being set to 0.0 in labels with no true samples. Use `zero_division` parameter to control this behavior.
  _warn_prf(average, modifier, f"{metric.capitalize()} is", len(result))
   GNN F1-binary-1: 0.4228	F1-binary-0: 0.7926	F1-macro: 0.6077	G-Mean: 0.7244	AUC: 0.8030
   GNN TP: 1017	TN: 5305	FN: 305	FP: 2472
Label1 F1: 0.3864	Accuracy: 0.5367	Recall: 0.5383	AUC: 0.7185	AP: 0.3097
  Saving model ...
Epoch: 61, loss: 1.7930827140808105, time: 5.602977676000592s
Epoch: 62, loss: 1.763547658920288, time: 5.5226780410012s
Epoch: 63, loss: 1.776801625887553, time: 6.15853525700004s
Epoch: 64, loss: 1.7763302723566692, time: 5.625356381999154s
Epoch: 65, loss: 1.7801861763000488, time: 5.608140694999747s
Valid at epoch 65
/usr/local/lib/python3.12/dist-packages/sklearn/metrics/_classification.py:1565: UndefinedMetricWarning: Recall is ill-defined and being set to 0.0 in labels with no true samples. Use `zero_division` parameter to control this behavior.
  _warn_prf(average, modifier, f"{metric.capitalize()} is", len(result))
   GNN F1-binary-1: 0.4519	F1-binary-0: 0.8393	F1-macro: 0.6456	G-Mean: 0.7317	AUC: 0.8066
   GNN TP: 932	TN: 5906	FN: 390	FP: 1871
Label1 F1: 0.2886	Accuracy: 0.3643	Recall: 0.5559	AUC: 0.7204	AP: 0.3128
  Saving model ...
Epoch: 66, loss: 1.7836999893188477, time: 5.569653744998504s
Epoch: 67, loss: 1.774656852086385, time: 5.592274602000543s
Epoch: 68, loss: 1.7458064158757527, time: 6.2080244649987435s
Epoch: 69, loss: 1.784985621770223, time: 5.531165735999821s
Epoch: 70, loss: 1.7592746416727703, time: 5.607149938998191s
Valid at epoch 70
/usr/local/lib/python3.12/dist-packages/sklearn/metrics/_classification.py:1565: UndefinedMetricWarning: Recall is ill-defined and being set to 0.0 in labels with no true samples. Use `zero_division` parameter to control this behavior.
  _warn_prf(average, modifier, f"{metric.capitalize()} is", len(result))
   GNN F1-binary-1: 0.4509	F1-binary-0: 0.8391	F1-macro: 0.6450	G-Mean: 0.7308	AUC: 0.8091
   GNN TP: 930	TN: 5904	FN: 392	FP: 1873
Label1 F1: 0.3955	Accuracy: 0.5538	Recall: 0.5491	AUC: 0.7217	AP: 0.3152
  Saving model ...
Epoch: 71, loss: 1.7819270690282185, time: 5.604593329997442s
Epoch: 72, loss: 1.7829443216323853, time: 5.590811284000665s
Epoch: 73, loss: 1.7582944234212239, time: 6.525513314001728s
Epoch: 74, loss: 1.7418394088745117, time: 5.594990221001353s
Epoch: 75, loss: 1.7660455703735352, time: 5.686474571000872s
Valid at epoch 75
/usr/local/lib/python3.12/dist-packages/sklearn/metrics/_classification.py:1565: UndefinedMetricWarning: Recall is ill-defined and being set to 0.0 in labels with no true samples. Use `zero_division` parameter to control this behavior.
  _warn_prf(average, modifier, f"{metric.capitalize()} is", len(result))
   GNN F1-binary-1: 0.4760	F1-binary-0: 0.8922	F1-macro: 0.6841	G-Mean: 0.6957	AUC: 0.8133
   GNN TP: 739	TN: 6733	FN: 583	FP: 1044
Label1 F1: 0.3350	Accuracy: 0.4376	Recall: 0.5540	AUC: 0.7236	AP: 0.3185
  Saving model ...
Epoch: 76, loss: 1.7653658390045166, time: 5.6369455979984195s
Epoch: 77, loss: 1.7725074291229248, time: 5.607482257997617s
Epoch: 78, loss: 1.766210714975993, time: 6.15032568999959s
Epoch: 79, loss: 1.8066620826721191, time: 5.658176053999341s
Epoch: 80, loss: 1.756911834081014, time: 5.628488562000712s
Valid at epoch 80
/usr/local/lib/python3.12/dist-packages/sklearn/metrics/_classification.py:1565: UndefinedMetricWarning: Recall is ill-defined and being set to 0.0 in labels with no true samples. Use `zero_division` parameter to control this behavior.
  _warn_prf(average, modifier, f"{metric.capitalize()} is", len(result))
   GNN F1-binary-1: 0.4799	F1-binary-0: 0.8916	F1-macro: 0.6858	G-Mean: 0.7012	AUC: 0.8147
   GNN TP: 753	TN: 6714	FN: 569	FP: 1063
Label1 F1: 0.3059	Accuracy: 0.3904	Recall: 0.5486	AUC: 0.7245	AP: 0.3203
  Saving model ...
Epoch: 81, loss: 1.780940850575765, time: 5.622046575997956s
Epoch: 82, loss: 1.7871044079462688, time: 5.602212372999929s
Epoch: 83, loss: 1.7467119693756104, time: 6.184945853001409s
Epoch: 84, loss: 1.7737638155619304, time: 5.605745835000562s
Epoch: 85, loss: 1.7489856878916423, time: 5.786997670002165s
Valid at epoch 85
/usr/local/lib/python3.12/dist-packages/sklearn/metrics/_classification.py:1565: UndefinedMetricWarning: Recall is ill-defined and being set to 0.0 in labels with no true samples. Use `zero_division` parameter to control this behavior.
  _warn_prf(average, modifier, f"{metric.capitalize()} is", len(result))
   GNN F1-binary-1: 0.4221	F1-binary-0: 0.7820	F1-macro: 0.6020	G-Mean: 0.7270	AUC: 0.8142
   GNN TP: 1052	TN: 5166	FN: 270	FP: 2611
Label1 F1: 0.4214	Accuracy: 0.6099	Recall: 0.5194	AUC: 0.7251	AP: 0.3215
Epoch: 86, loss: 1.726420243581136, time: 5.679558156996791s
Epoch: 87, loss: 1.7598960399627686, time: 5.608351994000259s
Epoch: 88, loss: 1.7364999850591023, time: 6.157830901000125s
Epoch: 89, loss: 1.7302626371383667, time: 5.608419570999104s
Epoch: 90, loss: 1.773712436358134, time: 5.646240529000352s
Valid at epoch 90
/usr/local/lib/python3.12/dist-packages/sklearn/metrics/_classification.py:1565: UndefinedMetricWarning: Recall is ill-defined and being set to 0.0 in labels with no true samples. Use `zero_division` parameter to control this behavior.
  _warn_prf(average, modifier, f"{metric.capitalize()} is", len(result))
   GNN F1-binary-1: 0.3929	F1-binary-0: 0.7183	F1-macro: 0.5556	G-Mean: 0.7014	AUC: 0.8158
   GNN TP: 1133	TN: 4464	FN: 189	FP: 3313
Label1 F1: 0.3299	Accuracy: 0.4289	Recall: 0.5490	AUC: 0.7264	AP: 0.3233
  Saving model ...
Epoch: 91, loss: 1.7785058816274006, time: 5.508793859000434s
Epoch: 92, loss: 1.781459927558899, time: 5.670073528002831s
Epoch: 93, loss: 1.7371562719345093, time: 6.167444765997061s
Epoch: 94, loss: 1.7528715133666992, time: 5.704097647998424s
Epoch: 95, loss: 1.7328983942667644, time: 5.775467273000686s
Valid at epoch 95
/usr/local/lib/python3.12/dist-packages/sklearn/metrics/_classification.py:1565: UndefinedMetricWarning: Recall is ill-defined and being set to 0.0 in labels with no true samples. Use `zero_division` parameter to control this behavior.
  _warn_prf(average, modifier, f"{metric.capitalize()} is", len(result))
   GNN F1-binary-1: 0.4623	F1-binary-0: 0.8442	F1-macro: 0.6533	G-Mean: 0.7399	AUC: 0.8180
   GNN TP: 945	TN: 5956	FN: 377	FP: 1821
Label1 F1: 0.3797	Accuracy: 0.5214	Recall: 0.5428	AUC: 0.7273	AP: 0.3241
  Saving model ...
Epoch: 96, loss: 1.7188671429951985, time: 5.615479561001848s
Epoch: 97, loss: 1.739598035812378, time: 5.565578680998442s
Epoch: 98, loss: 1.7121480305989583, time: 6.224422257000697s
Epoch: 99, loss: 1.731140414873759, time: 5.648080939001375s
Restore model from epoch 95
Model path: ./results/unified-final/yelpchi/pcgnn/tr20/seed72/20260909T100106455384Z_yelp_PCGNN_unified_final_yelpchi_tr20_kaggle_t4_seed72_rho0p4_seed72/checkpoints/yelp_PCGNN.pkl
/usr/local/lib/python3.12/dist-packages/sklearn/metrics/_classification.py:1565: UndefinedMetricWarning: Recall is ill-defined and being set to 0.0 in labels with no true samples. Use `zero_division` parameter to control this behavior.
  _warn_prf(average, modifier, f"{metric.capitalize()} is", len(result))
/usr/local/lib/python3.12/dist-packages/sklearn/metrics/_classification.py:1565: UndefinedMetricWarning: Recall is ill-defined and being set to 0.0 in labels with no true samples. Use `zero_division` parameter to control this behavior.
  _warn_prf(average, modifier, f"{metric.capitalize()} is", len(result))
/usr/local/lib/python3.12/dist-packages/sklearn/metrics/_classification.py:1565: UndefinedMetricWarning: Recall is ill-defined and being set to 0.0 in labels with no true samples. Use `zero_division` parameter to control this behavior.
  _warn_prf(average, modifier, f"{metric.capitalize()} is", len(result))
/usr/local/lib/python3.12/dist-packages/sklearn/metrics/_classification.py:1565: UndefinedMetricWarning: Recall is ill-defined and being set to 0.0 in labels with no true samples. Use `zero_division` parameter to control this behavior.
  _warn_prf(average, modifier, f"{metric.capitalize()} is", len(result))
/usr/local/lib/python3.12/dist-packages/sklearn/metrics/_classification.py:1565: UndefinedMetricWarning: Recall is ill-defined and being set to 0.0 in labels with no true samples. Use `zero_division` parameter to control this behavior.
  _warn_prf(average, modifier, f"{metric.capitalize()} is", len(result))
   GNN F1-binary-1: 0.4724	F1-binary-0: 0.8500	F1-macro: 0.6612	G-Mean: 0.7466	AUC: 0.8243
   GNN TP: 1932	TN: 12226	FN: 752	FP: 3564
Label1 F1: 0.3678	Accuracy: 0.5277	Recall: 0.4876	AUC: 0.7430	AP: 0.3324
Structured run artifacts: ./results/unified-final/yelpchi/pcgnn/tr20/seed72/20260909T100106455384Z_yelp_PCGNN_unified_final_yelpchi_tr20_kaggle_t4_seed72_rho0p4_seed72
Average training epoch time: 5.734587s
F1-Macro: 0.661171914732751
AUC: 0.8243298074862979
G-Mean: 0.7465577977699577
