=== Run: splitgnn_elliptic_unified_tr10_seed42_a6000_20260918T035056Z ===
Result dir: /workspace/splitgnn_vast/results/splitgnn/elliptic/unified/tr10/seed_42
Split overlap checks: PASSED
train=4656 valid=9313 test=18626
Model source commit: 32fbdb836781d5c02523844a7079425f89be8831
Config SHA256: 5b74b4da82f9685d517da6ce7746700fffa6e59fb1fe22d300e0297c55728868
Split SHA256: 77008be57543be620a444bf233a229fe6f09d3d5b4fcf427a8481f7972e5ebf5
epoch 0: loss=1.7133 val_auprc=0.1125 val_auc=0.5411 val_f1_macro=0.4802 (best_epoch=0, best_auprc=0.1125)
epoch 1: loss=1.6890 val_auprc=0.1113 val_auc=0.5434 val_f1_macro=0.4820 (best_epoch=0, best_auprc=0.1125)
epoch 2: loss=1.6824 val_auprc=0.1211 val_auc=0.5592 val_f1_macro=0.4850 (best_epoch=2, best_auprc=0.1211)
epoch 3: loss=1.6563 val_auprc=0.1253 val_auc=0.5682 val_f1_macro=0.4984 (best_epoch=3, best_auprc=0.1253)
epoch 4: loss=1.6178 val_auprc=0.1284 val_auc=0.5740 val_f1_macro=0.5184 (best_epoch=4, best_auprc=0.1284)
epoch 5: loss=1.5891 val_auprc=0.1308 val_auc=0.5771 val_f1_macro=0.3917 (best_epoch=5, best_auprc=0.1308)
epoch 6: loss=1.5923 val_auprc=0.1322 val_auc=0.5802 val_f1_macro=0.2033 (best_epoch=6, best_auprc=0.1322)
epoch 7: loss=1.5867 val_auprc=0.1386 val_auc=0.5869 val_f1_macro=0.1703 (best_epoch=7, best_auprc=0.1386)
epoch 8: loss=1.5716 val_auprc=0.1452 val_auc=0.5934 val_f1_macro=0.1699 (best_epoch=8, best_auprc=0.1452)
epoch 9: loss=1.5069 val_auprc=0.1495 val_auc=0.5983 val_f1_macro=0.1781 (best_epoch=9, best_auprc=0.1495)
epoch 10: loss=1.5065 val_auprc=0.1524 val_auc=0.6006 val_f1_macro=0.1994 (best_epoch=10, best_auprc=0.1524)
epoch 11: loss=1.4614 val_auprc=0.1549 val_auc=0.6035 val_f1_macro=0.2359 (best_epoch=11, best_auprc=0.1549)
epoch 12: loss=1.4604 val_auprc=0.1576 val_auc=0.6057 val_f1_macro=0.2893 (best_epoch=12, best_auprc=0.1576)
epoch 13: loss=1.4724 val_auprc=0.1602 val_auc=0.6089 val_f1_macro=0.3535 (best_epoch=13, best_auprc=0.1602)
epoch 14: loss=1.3871 val_auprc=0.1638 val_auc=0.6133 val_f1_macro=0.4158 (best_epoch=14, best_auprc=0.1638)
epoch 15: loss=1.4057 val_auprc=0.1681 val_auc=0.6209 val_f1_macro=0.4857 (best_epoch=15, best_auprc=0.1681)
epoch 16: loss=1.3696 val_auprc=0.1703 val_auc=0.6238 val_f1_macro=0.5294 (best_epoch=16, best_auprc=0.1703)
epoch 17: loss=1.2841 val_auprc=0.1720 val_auc=0.6273 val_f1_macro=0.5432 (best_epoch=17, best_auprc=0.1720)
epoch 18: loss=1.3719 val_auprc=0.1733 val_auc=0.6305 val_f1_macro=0.5579 (best_epoch=18, best_auprc=0.1733)
epoch 19: loss=1.2142 val_auprc=0.1726 val_auc=0.6292 val_f1_macro=0.5625 (best_epoch=18, best_auprc=0.1733)
epoch 20: loss=1.3494 val_auprc=0.1732 val_auc=0.6318 val_f1_macro=0.5649 (best_epoch=18, best_auprc=0.1733)
epoch 21: loss=1.2231 val_auprc=0.1747 val_auc=0.6363 val_f1_macro=0.5578 (best_epoch=21, best_auprc=0.1747)
epoch 22: loss=1.1583 val_auprc=0.1763 val_auc=0.6406 val_f1_macro=0.5465 (best_epoch=22, best_auprc=0.1763)
epoch 23: loss=1.2845 val_auprc=0.1828 val_auc=0.6497 val_f1_macro=0.5465 (best_epoch=23, best_auprc=0.1828)
epoch 24: loss=1.2346 val_auprc=0.1902 val_auc=0.6568 val_f1_macro=0.5389 (best_epoch=24, best_auprc=0.1902)
epoch 25: loss=1.1251 val_auprc=0.1982 val_auc=0.6630 val_f1_macro=0.5261 (best_epoch=25, best_auprc=0.1982)
epoch 26: loss=1.1296 val_auprc=0.2096 val_auc=0.6693 val_f1_macro=0.5123 (best_epoch=26, best_auprc=0.2096)
epoch 27: loss=1.0830 val_auprc=0.2193 val_auc=0.6739 val_f1_macro=0.4899 (best_epoch=27, best_auprc=0.2193)
epoch 28: loss=1.0408 val_auprc=0.2271 val_auc=0.6797 val_f1_macro=0.4755 (best_epoch=28, best_auprc=0.2271)
epoch 29: loss=0.9890 val_auprc=0.2303 val_auc=0.6833 val_f1_macro=0.4695 (best_epoch=29, best_auprc=0.2303)
epoch 30: loss=1.0157 val_auprc=0.2305 val_auc=0.6849 val_f1_macro=0.4757 (best_epoch=30, best_auprc=0.2305)
epoch 31: loss=1.2215 val_auprc=0.2257 val_auc=0.6833 val_f1_macro=0.4967 (best_epoch=30, best_auprc=0.2305)
epoch 32: loss=0.9508 val_auprc=0.2209 val_auc=0.6801 val_f1_macro=0.5211 (best_epoch=30, best_auprc=0.2305)
epoch 33: loss=0.9979 val_auprc=0.2176 val_auc=0.6750 val_f1_macro=0.5389 (best_epoch=30, best_auprc=0.2305)
epoch 34: loss=1.0450 val_auprc=0.2183 val_auc=0.6734 val_f1_macro=0.5410 (best_epoch=30, best_auprc=0.2305)
epoch 35: loss=0.9964 val_auprc=0.2205 val_auc=0.6740 val_f1_macro=0.5429 (best_epoch=30, best_auprc=0.2305)
epoch 36: loss=0.9966 val_auprc=0.2252 val_auc=0.6780 val_f1_macro=0.5277 (best_epoch=30, best_auprc=0.2305)
epoch 37: loss=1.1216 val_auprc=0.2297 val_auc=0.6837 val_f1_macro=0.5093 (best_epoch=30, best_auprc=0.2305)
epoch 38: loss=0.8839 val_auprc=0.2350 val_auc=0.6914 val_f1_macro=0.5079 (best_epoch=38, best_auprc=0.2350)
epoch 39: loss=0.8802 val_auprc=0.2433 val_auc=0.7002 val_f1_macro=0.5264 (best_epoch=39, best_auprc=0.2433)
epoch 40: loss=0.8894 val_auprc=0.2525 val_auc=0.7081 val_f1_macro=0.5472 (best_epoch=40, best_auprc=0.2525)
epoch 41: loss=0.9791 val_auprc=0.2665 val_auc=0.7175 val_f1_macro=0.5756 (best_epoch=41, best_auprc=0.2665)
epoch 42: loss=0.9759 val_auprc=0.2753 val_auc=0.7216 val_f1_macro=0.5846 (best_epoch=42, best_auprc=0.2753)
epoch 43: loss=0.8843 val_auprc=0.2812 val_auc=0.7242 val_f1_macro=0.5729 (best_epoch=43, best_auprc=0.2812)
epoch 44: loss=0.9118 val_auprc=0.2886 val_auc=0.7257 val_f1_macro=0.5440 (best_epoch=44, best_auprc=0.2886)
epoch 45: loss=0.9181 val_auprc=0.2889 val_auc=0.7242 val_f1_macro=0.5179 (best_epoch=45, best_auprc=0.2889)
epoch 46: loss=0.8222 val_auprc=0.2945 val_auc=0.7276 val_f1_macro=0.5257 (best_epoch=46, best_auprc=0.2945)
epoch 47: loss=0.8658 val_auprc=0.2957 val_auc=0.7313 val_f1_macro=0.5571 (best_epoch=47, best_auprc=0.2957)
epoch 48: loss=0.8602 val_auprc=0.2986 val_auc=0.7373 val_f1_macro=0.5880 (best_epoch=48, best_auprc=0.2986)
epoch 49: loss=1.0488 val_auprc=0.2990 val_auc=0.7436 val_f1_macro=0.6113 (best_epoch=49, best_auprc=0.2990)
epoch 50: loss=0.9079 val_auprc=0.3063 val_auc=0.7488 val_f1_macro=0.6255 (best_epoch=50, best_auprc=0.3063)
epoch 51: loss=0.9658 val_auprc=0.3103 val_auc=0.7508 val_f1_macro=0.6283 (best_epoch=51, best_auprc=0.3103)
epoch 52: loss=0.8620 val_auprc=0.3088 val_auc=0.7522 val_f1_macro=0.6181 (best_epoch=51, best_auprc=0.3103)
epoch 53: loss=0.8436 val_auprc=0.3073 val_auc=0.7514 val_f1_macro=0.5927 (best_epoch=51, best_auprc=0.3103)
epoch 54: loss=1.0064 val_auprc=0.3079 val_auc=0.7521 val_f1_macro=0.5685 (best_epoch=51, best_auprc=0.3103)
epoch 55: loss=0.7982 val_auprc=0.3104 val_auc=0.7539 val_f1_macro=0.5576 (best_epoch=55, best_auprc=0.3104)
epoch 56: loss=1.2473 val_auprc=0.3202 val_auc=0.7574 val_f1_macro=0.5707 (best_epoch=56, best_auprc=0.3202)
epoch 57: loss=1.0601 val_auprc=0.3287 val_auc=0.7638 val_f1_macro=0.5977 (best_epoch=57, best_auprc=0.3287)
epoch 58: loss=0.9016 val_auprc=0.3480 val_auc=0.7712 val_f1_macro=0.6185 (best_epoch=58, best_auprc=0.3480)
epoch 59: loss=0.8273 val_auprc=0.3653 val_auc=0.7761 val_f1_macro=0.6337 (best_epoch=59, best_auprc=0.3653)
epoch 60: loss=0.8333 val_auprc=0.3765 val_auc=0.7807 val_f1_macro=0.6442 (best_epoch=60, best_auprc=0.3765)
epoch 61: loss=0.7867 val_auprc=0.3806 val_auc=0.7798 val_f1_macro=0.6350 (best_epoch=61, best_auprc=0.3806)
epoch 62: loss=0.8442 val_auprc=0.3802 val_auc=0.7772 val_f1_macro=0.6130 (best_epoch=61, best_auprc=0.3806)
epoch 63: loss=0.8258 val_auprc=0.3761 val_auc=0.7736 val_f1_macro=0.5769 (best_epoch=61, best_auprc=0.3806)
epoch 64: loss=0.7744 val_auprc=0.3735 val_auc=0.7719 val_f1_macro=0.5465 (best_epoch=61, best_auprc=0.3806)
epoch 65: loss=0.7641 val_auprc=0.3697 val_auc=0.7727 val_f1_macro=0.5391 (best_epoch=61, best_auprc=0.3806)
epoch 66: loss=0.7800 val_auprc=0.3682 val_auc=0.7775 val_f1_macro=0.5492 (best_epoch=61, best_auprc=0.3806)
epoch 67: loss=0.8388 val_auprc=0.3662 val_auc=0.7844 val_f1_macro=0.5776 (best_epoch=61, best_auprc=0.3806)
epoch 68: loss=0.8390 val_auprc=0.3635 val_auc=0.7915 val_f1_macro=0.6111 (best_epoch=61, best_auprc=0.3806)
epoch 69: loss=0.7634 val_auprc=0.3618 val_auc=0.7962 val_f1_macro=0.6353 (best_epoch=61, best_auprc=0.3806)
epoch 70: loss=0.8464 val_auprc=0.3588 val_auc=0.7984 val_f1_macro=0.6364 (best_epoch=61, best_auprc=0.3806)
epoch 71: loss=0.8187 val_auprc=0.3556 val_auc=0.7992 val_f1_macro=0.6339 (best_epoch=61, best_auprc=0.3806)
epoch 72: loss=0.7427 val_auprc=0.3520 val_auc=0.7979 val_f1_macro=0.6121 (best_epoch=61, best_auprc=0.3806)
epoch 73: loss=0.6843 val_auprc=0.3501 val_auc=0.7958 val_f1_macro=0.5843 (best_epoch=61, best_auprc=0.3806)
epoch 74: loss=0.8130 val_auprc=0.3498 val_auc=0.7949 val_f1_macro=0.5679 (best_epoch=61, best_auprc=0.3806)
epoch 75: loss=0.6935 val_auprc=0.3513 val_auc=0.7966 val_f1_macro=0.5677 (best_epoch=61, best_auprc=0.3806)
epoch 76: loss=0.6696 val_auprc=0.3548 val_auc=0.8003 val_f1_macro=0.5851 (best_epoch=61, best_auprc=0.3806)
epoch 77: loss=0.7467 val_auprc=0.3587 val_auc=0.8055 val_f1_macro=0.6199 (best_epoch=61, best_auprc=0.3806)
epoch 78: loss=0.7075 val_auprc=0.3636 val_auc=0.8103 val_f1_macro=0.6452 (best_epoch=61, best_auprc=0.3806)
epoch 79: loss=0.7900 val_auprc=0.3671 val_auc=0.8131 val_f1_macro=0.6521 (best_epoch=61, best_auprc=0.3806)
epoch 80: loss=0.7397 val_auprc=0.3719 val_auc=0.8144 val_f1_macro=0.6450 (best_epoch=61, best_auprc=0.3806)
epoch 81: loss=0.7208 val_auprc=0.3762 val_auc=0.8147 val_f1_macro=0.6267 (best_epoch=61, best_auprc=0.3806)
Early stopping at epoch 81 (no improvement for 20 epochs)
Selected threshold (best val macro-F1): 0.55 (val F1=0.6690)
TEST metrics: {'auprc': 0.3644946480891374, 'auc': 0.7796082127846292, 'f1_macro': 0.6661243752992098, 'recall': 0.3756875687568757, 'threshold_used': 0.55, 'best_epoch': 61}