=== Run: splitgnn_comp_unified_tr20_seed2_a6000_20260918T004749Z ===
Result dir: /workspace/splitgnn_vast/results/splitgnn/comp/unified/tr20/seed_2
Split overlap checks: PASSED
train=1064 valid=1064 test=2127
Model source commit: 32fbdb836781d5c02523844a7079425f89be8831
Config SHA256: f0068f6f671e40c39ccbc905314dd947e7140414216f4f9cfe9ec0ceec5e0a0d
Split SHA256: 193f52954bc953878d02f1334a94c4137fb8c2a7e3d37d0aaff51b9f11f1ae02
epoch 0: loss=1.7259 val_auprc=0.0991 val_auc=0.4668 val_f1_macro=0.4722 (best_epoch=0, best_auprc=0.0991)
epoch 1: loss=1.7232 val_auprc=0.0991 val_auc=0.4650 val_f1_macro=0.4722 (best_epoch=0, best_auprc=0.0991)
epoch 2: loss=1.7235 val_auprc=0.0987 val_auc=0.4634 val_f1_macro=0.4722 (best_epoch=0, best_auprc=0.0991)
epoch 3: loss=1.7181 val_auprc=0.0992 val_auc=0.4654 val_f1_macro=0.4722 (best_epoch=3, best_auprc=0.0992)
epoch 4: loss=1.7210 val_auprc=0.1040 val_auc=0.4704 val_f1_macro=0.4722 (best_epoch=4, best_auprc=0.1040)
epoch 5: loss=1.7229 val_auprc=0.1073 val_auc=0.4726 val_f1_macro=0.4722 (best_epoch=5, best_auprc=0.1073)
epoch 6: loss=1.7264 val_auprc=0.1092 val_auc=0.4789 val_f1_macro=0.4722 (best_epoch=6, best_auprc=0.1092)
epoch 7: loss=1.7128 val_auprc=0.1092 val_auc=0.4775 val_f1_macro=0.4722 (best_epoch=6, best_auprc=0.1092)
epoch 8: loss=1.7239 val_auprc=0.1091 val_auc=0.4766 val_f1_macro=0.4722 (best_epoch=6, best_auprc=0.1092)
epoch 9: loss=1.7210 val_auprc=0.1088 val_auc=0.4756 val_f1_macro=0.4722 (best_epoch=6, best_auprc=0.1092)
epoch 10: loss=1.7131 val_auprc=0.1091 val_auc=0.4757 val_f1_macro=0.4722 (best_epoch=6, best_auprc=0.1092)
epoch 11: loss=1.7103 val_auprc=0.1095 val_auc=0.4760 val_f1_macro=0.4722 (best_epoch=11, best_auprc=0.1095)
epoch 12: loss=1.7098 val_auprc=0.1094 val_auc=0.4757 val_f1_macro=0.4722 (best_epoch=11, best_auprc=0.1095)
epoch 13: loss=1.7087 val_auprc=0.1099 val_auc=0.4761 val_f1_macro=0.4722 (best_epoch=13, best_auprc=0.1099)
epoch 14: loss=1.7070 val_auprc=0.1101 val_auc=0.4763 val_f1_macro=0.4722 (best_epoch=14, best_auprc=0.1101)
epoch 15: loss=1.7042 val_auprc=0.1100 val_auc=0.4765 val_f1_macro=0.4722 (best_epoch=14, best_auprc=0.1101)
epoch 16: loss=1.7066 val_auprc=0.1097 val_auc=0.4769 val_f1_macro=0.4722 (best_epoch=14, best_auprc=0.1101)
epoch 17: loss=1.7026 val_auprc=0.1105 val_auc=0.4772 val_f1_macro=0.4722 (best_epoch=17, best_auprc=0.1105)
epoch 18: loss=1.7007 val_auprc=0.1117 val_auc=0.4771 val_f1_macro=0.4722 (best_epoch=18, best_auprc=0.1117)
epoch 19: loss=1.7004 val_auprc=0.1122 val_auc=0.4774 val_f1_macro=0.4722 (best_epoch=19, best_auprc=0.1122)
epoch 20: loss=1.7049 val_auprc=0.1124 val_auc=0.4773 val_f1_macro=0.4722 (best_epoch=20, best_auprc=0.1124)
epoch 21: loss=1.6987 val_auprc=0.1128 val_auc=0.4770 val_f1_macro=0.4722 (best_epoch=21, best_auprc=0.1128)
epoch 22: loss=1.6967 val_auprc=0.1129 val_auc=0.4770 val_f1_macro=0.4722 (best_epoch=22, best_auprc=0.1129)
epoch 23: loss=1.6986 val_auprc=0.1128 val_auc=0.4770 val_f1_macro=0.4722 (best_epoch=22, best_auprc=0.1129)
epoch 24: loss=1.7018 val_auprc=0.1128 val_auc=0.4770 val_f1_macro=0.4722 (best_epoch=22, best_auprc=0.1129)
epoch 25: loss=1.6967 val_auprc=0.1128 val_auc=0.4770 val_f1_macro=0.4722 (best_epoch=22, best_auprc=0.1129)
epoch 26: loss=1.6946 val_auprc=0.1128 val_auc=0.4771 val_f1_macro=0.4722 (best_epoch=22, best_auprc=0.1129)
epoch 27: loss=1.6984 val_auprc=0.1127 val_auc=0.4771 val_f1_macro=0.4722 (best_epoch=22, best_auprc=0.1129)
epoch 28: loss=1.6899 val_auprc=0.1131 val_auc=0.4774 val_f1_macro=0.4722 (best_epoch=28, best_auprc=0.1131)
epoch 29: loss=1.6936 val_auprc=0.1137 val_auc=0.4778 val_f1_macro=0.4722 (best_epoch=29, best_auprc=0.1137)
epoch 30: loss=1.6943 val_auprc=0.1135 val_auc=0.4779 val_f1_macro=0.4722 (best_epoch=29, best_auprc=0.1137)
epoch 31: loss=1.6908 val_auprc=0.1202 val_auc=0.4781 val_f1_macro=0.4722 (best_epoch=31, best_auprc=0.1202)
epoch 32: loss=1.6950 val_auprc=0.1211 val_auc=0.4773 val_f1_macro=0.4722 (best_epoch=32, best_auprc=0.1211)
epoch 33: loss=1.6830 val_auprc=0.1211 val_auc=0.4775 val_f1_macro=0.4722 (best_epoch=33, best_auprc=0.1211)
epoch 34: loss=1.6918 val_auprc=0.1211 val_auc=0.4777 val_f1_macro=0.4722 (best_epoch=33, best_auprc=0.1211)
epoch 35: loss=1.6832 val_auprc=0.1214 val_auc=0.4779 val_f1_macro=0.4722 (best_epoch=35, best_auprc=0.1214)
epoch 36: loss=1.6926 val_auprc=0.1216 val_auc=0.4784 val_f1_macro=0.4722 (best_epoch=36, best_auprc=0.1216)
epoch 37: loss=1.6796 val_auprc=0.1217 val_auc=0.4787 val_f1_macro=0.4722 (best_epoch=37, best_auprc=0.1217)
epoch 38: loss=1.6758 val_auprc=0.1217 val_auc=0.4789 val_f1_macro=0.4722 (best_epoch=37, best_auprc=0.1217)
epoch 39: loss=1.6874 val_auprc=0.1217 val_auc=0.4791 val_f1_macro=0.4722 (best_epoch=37, best_auprc=0.1217)
epoch 40: loss=1.6924 val_auprc=0.1215 val_auc=0.4796 val_f1_macro=0.5093 (best_epoch=37, best_auprc=0.1217)
epoch 41: loss=1.6806 val_auprc=0.1215 val_auc=0.4796 val_f1_macro=0.4099 (best_epoch=37, best_auprc=0.1217)
epoch 42: loss=1.6916 val_auprc=0.1221 val_auc=0.4801 val_f1_macro=0.2827 (best_epoch=42, best_auprc=0.1221)
epoch 43: loss=1.6907 val_auprc=0.1223 val_auc=0.4805 val_f1_macro=0.2640 (best_epoch=43, best_auprc=0.1223)
epoch 44: loss=1.6740 val_auprc=0.1226 val_auc=0.4811 val_f1_macro=0.2243 (best_epoch=44, best_auprc=0.1226)
epoch 45: loss=1.6921 val_auprc=0.1229 val_auc=0.4816 val_f1_macro=0.2171 (best_epoch=45, best_auprc=0.1229)
epoch 46: loss=1.6877 val_auprc=0.1229 val_auc=0.4825 val_f1_macro=0.2145 (best_epoch=46, best_auprc=0.1229)
epoch 47: loss=1.6910 val_auprc=0.1225 val_auc=0.4832 val_f1_macro=0.2145 (best_epoch=46, best_auprc=0.1229)
epoch 48: loss=1.6875 val_auprc=0.1228 val_auc=0.4830 val_f1_macro=0.2162 (best_epoch=46, best_auprc=0.1229)
epoch 49: loss=1.6731 val_auprc=0.1228 val_auc=0.4825 val_f1_macro=0.2152 (best_epoch=46, best_auprc=0.1229)
epoch 50: loss=1.6766 val_auprc=0.1226 val_auc=0.4814 val_f1_macro=0.2360 (best_epoch=46, best_auprc=0.1229)
epoch 51: loss=1.6755 val_auprc=0.1229 val_auc=0.4803 val_f1_macro=0.2617 (best_epoch=46, best_auprc=0.1229)
epoch 52: loss=1.6839 val_auprc=0.1226 val_auc=0.4804 val_f1_macro=0.2720 (best_epoch=46, best_auprc=0.1229)
epoch 53: loss=1.6838 val_auprc=0.1228 val_auc=0.4807 val_f1_macro=0.2738 (best_epoch=46, best_auprc=0.1229)
epoch 54: loss=1.6848 val_auprc=0.1224 val_auc=0.4826 val_f1_macro=0.2835 (best_epoch=46, best_auprc=0.1229)
epoch 55: loss=1.6709 val_auprc=0.1225 val_auc=0.4838 val_f1_macro=0.2988 (best_epoch=46, best_auprc=0.1229)
epoch 56: loss=1.6706 val_auprc=0.1224 val_auc=0.4847 val_f1_macro=0.3261 (best_epoch=46, best_auprc=0.1229)
epoch 57: loss=1.6809 val_auprc=0.1225 val_auc=0.4847 val_f1_macro=0.3571 (best_epoch=46, best_auprc=0.1229)
epoch 58: loss=1.6651 val_auprc=0.1258 val_auc=0.4887 val_f1_macro=0.4325 (best_epoch=58, best_auprc=0.1258)
epoch 59: loss=1.6728 val_auprc=0.1164 val_auc=0.4915 val_f1_macro=0.4523 (best_epoch=58, best_auprc=0.1258)
epoch 60: loss=1.6823 val_auprc=0.1136 val_auc=0.4894 val_f1_macro=0.4086 (best_epoch=58, best_auprc=0.1258)
epoch 61: loss=1.6685 val_auprc=0.1141 val_auc=0.4852 val_f1_macro=0.3952 (best_epoch=58, best_auprc=0.1258)
epoch 62: loss=1.6731 val_auprc=0.1129 val_auc=0.4818 val_f1_macro=0.4308 (best_epoch=58, best_auprc=0.1258)
epoch 63: loss=1.6738 val_auprc=0.1127 val_auc=0.4829 val_f1_macro=0.4441 (best_epoch=58, best_auprc=0.1258)
epoch 64: loss=1.6735 val_auprc=0.1126 val_auc=0.4832 val_f1_macro=0.4558 (best_epoch=58, best_auprc=0.1258)
epoch 65: loss=1.6723 val_auprc=0.1124 val_auc=0.4848 val_f1_macro=0.4761 (best_epoch=58, best_auprc=0.1258)
epoch 66: loss=1.6800 val_auprc=0.1122 val_auc=0.4847 val_f1_macro=0.4789 (best_epoch=58, best_auprc=0.1258)
epoch 67: loss=1.6746 val_auprc=0.1145 val_auc=0.4871 val_f1_macro=0.4769 (best_epoch=58, best_auprc=0.1258)
epoch 68: loss=1.6702 val_auprc=0.1145 val_auc=0.4871 val_f1_macro=0.4708 (best_epoch=58, best_auprc=0.1258)
epoch 69: loss=1.6764 val_auprc=0.1144 val_auc=0.4871 val_f1_macro=0.4702 (best_epoch=58, best_auprc=0.1258)
epoch 70: loss=1.6739 val_auprc=0.1145 val_auc=0.4876 val_f1_macro=0.4593 (best_epoch=58, best_auprc=0.1258)
epoch 71: loss=1.6684 val_auprc=0.1145 val_auc=0.4878 val_f1_macro=0.4544 (best_epoch=58, best_auprc=0.1258)
epoch 72: loss=1.6763 val_auprc=0.1146 val_auc=0.4880 val_f1_macro=0.4571 (best_epoch=58, best_auprc=0.1258)
epoch 73: loss=1.6844 val_auprc=0.1145 val_auc=0.4880 val_f1_macro=0.4692 (best_epoch=58, best_auprc=0.1258)
epoch 74: loss=1.6662 val_auprc=0.1146 val_auc=0.4880 val_f1_macro=0.4725 (best_epoch=58, best_auprc=0.1258)
epoch 75: loss=1.6536 val_auprc=0.1146 val_auc=0.4883 val_f1_macro=0.4566 (best_epoch=58, best_auprc=0.1258)
epoch 76: loss=1.6722 val_auprc=0.1147 val_auc=0.4887 val_f1_macro=0.4562 (best_epoch=58, best_auprc=0.1258)
epoch 77: loss=1.6746 val_auprc=0.1149 val_auc=0.4894 val_f1_macro=0.4361 (best_epoch=58, best_auprc=0.1258)
epoch 78: loss=1.6773 val_auprc=0.1150 val_auc=0.4901 val_f1_macro=0.3926 (best_epoch=58, best_auprc=0.1258)
Early stopping at epoch 78 (no improvement for 20 epochs)
Selected threshold (best val macro-F1): 0.55 (val F1=0.4722)
TEST metrics: {'auprc': 0.09105765874653662, 'auc': 0.4394377299001576, 'f1_macro': 0.47220843672456575, 'recall': 0.0, 'threshold_used': 0.55, 'best_epoch': 58}