=== Run: splitgnn_yelp_unified_tr10_seed2_a6000_20260917T224957Z ===
Result dir: /workspace/splitgnn_vast/results/splitgnn/yelp/unified/tr10/seed_2
Split overlap checks: PASSED
train=4596 valid=9190 test=18382
Model source commit: 32fbdb836781d5c02523844a7079425f89be8831
Config SHA256: 5d21cbf85e6480ae2bbf12bbd7c89a705f216c9eaea01d8288b8f3b73198ac50
Split SHA256: 448e01069d60e85ede228ac68b6d7208b0a153087127598c26b383b82606bb1f
epoch 0: loss=1.6952 val_auprc=0.2634 val_auc=0.6818 val_f1_macro=0.1268 (best_epoch=0, best_auprc=0.2634)
epoch 1: loss=1.6936 val_auprc=0.2993 val_auc=0.7211 val_f1_macro=0.1268 (best_epoch=1, best_auprc=0.2993)
epoch 2: loss=1.6932 val_auprc=0.3265 val_auc=0.7364 val_f1_macro=0.1268 (best_epoch=2, best_auprc=0.3265)
epoch 3: loss=1.6910 val_auprc=0.3472 val_auc=0.7496 val_f1_macro=0.5508 (best_epoch=3, best_auprc=0.3472)
epoch 4: loss=1.6903 val_auprc=0.3602 val_auc=0.7577 val_f1_macro=0.4608 (best_epoch=4, best_auprc=0.3602)
epoch 5: loss=1.6892 val_auprc=0.3678 val_auc=0.7631 val_f1_macro=0.4608 (best_epoch=5, best_auprc=0.3678)
epoch 6: loss=1.6879 val_auprc=0.3701 val_auc=0.7659 val_f1_macro=0.4608 (best_epoch=6, best_auprc=0.3701)
epoch 7: loss=1.6857 val_auprc=0.3641 val_auc=0.7668 val_f1_macro=0.6246 (best_epoch=6, best_auprc=0.3701)
epoch 8: loss=1.6844 val_auprc=0.3845 val_auc=0.7711 val_f1_macro=0.5487 (best_epoch=8, best_auprc=0.3845)
epoch 9: loss=1.6806 val_auprc=0.3888 val_auc=0.7740 val_f1_macro=0.5476 (best_epoch=9, best_auprc=0.3888)
epoch 10: loss=1.6764 val_auprc=0.3931 val_auc=0.7755 val_f1_macro=0.5479 (best_epoch=10, best_auprc=0.3931)
epoch 11: loss=1.6703 val_auprc=0.3932 val_auc=0.7767 val_f1_macro=0.5488 (best_epoch=11, best_auprc=0.3932)
epoch 12: loss=1.6636 val_auprc=0.3966 val_auc=0.7799 val_f1_macro=0.5489 (best_epoch=12, best_auprc=0.3966)
epoch 13: loss=1.6603 val_auprc=0.4028 val_auc=0.7795 val_f1_macro=0.5503 (best_epoch=13, best_auprc=0.4028)
epoch 14: loss=1.6492 val_auprc=0.4134 val_auc=0.7811 val_f1_macro=0.5467 (best_epoch=14, best_auprc=0.4134)
epoch 15: loss=1.6431 val_auprc=0.4135 val_auc=0.7820 val_f1_macro=0.5487 (best_epoch=15, best_auprc=0.4135)
epoch 16: loss=1.6315 val_auprc=0.4136 val_auc=0.7824 val_f1_macro=0.5512 (best_epoch=16, best_auprc=0.4136)
epoch 17: loss=1.6193 val_auprc=0.4135 val_auc=0.7815 val_f1_macro=0.5572 (best_epoch=16, best_auprc=0.4136)
epoch 18: loss=1.6145 val_auprc=0.4116 val_auc=0.7812 val_f1_macro=0.5785 (best_epoch=16, best_auprc=0.4136)
epoch 19: loss=1.5885 val_auprc=0.4054 val_auc=0.7817 val_f1_macro=0.6055 (best_epoch=16, best_auprc=0.4136)
epoch 20: loss=1.5746 val_auprc=0.4072 val_auc=0.7831 val_f1_macro=0.6283 (best_epoch=16, best_auprc=0.4136)
epoch 21: loss=1.5554 val_auprc=0.4081 val_auc=0.7835 val_f1_macro=0.6263 (best_epoch=16, best_auprc=0.4136)
epoch 22: loss=1.5552 val_auprc=0.4094 val_auc=0.7843 val_f1_macro=0.6433 (best_epoch=16, best_auprc=0.4136)
epoch 23: loss=1.5543 val_auprc=0.4111 val_auc=0.7857 val_f1_macro=0.6558 (best_epoch=16, best_auprc=0.4136)
epoch 24: loss=1.5396 val_auprc=0.4139 val_auc=0.7857 val_f1_macro=0.6151 (best_epoch=24, best_auprc=0.4139)
epoch 25: loss=1.5405 val_auprc=0.4134 val_auc=0.7876 val_f1_macro=0.6455 (best_epoch=24, best_auprc=0.4139)
epoch 26: loss=1.5342 val_auprc=0.4118 val_auc=0.7890 val_f1_macro=0.6684 (best_epoch=24, best_auprc=0.4139)
epoch 27: loss=1.5363 val_auprc=0.4127 val_auc=0.7891 val_f1_macro=0.6562 (best_epoch=24, best_auprc=0.4139)
epoch 28: loss=1.4946 val_auprc=0.4186 val_auc=0.7893 val_f1_macro=0.6195 (best_epoch=28, best_auprc=0.4186)
epoch 29: loss=1.4925 val_auprc=0.4205 val_auc=0.7906 val_f1_macro=0.6280 (best_epoch=29, best_auprc=0.4205)
epoch 30: loss=1.4968 val_auprc=0.4152 val_auc=0.7908 val_f1_macro=0.6651 (best_epoch=29, best_auprc=0.4205)
epoch 31: loss=1.4994 val_auprc=0.4152 val_auc=0.7912 val_f1_macro=0.6740 (best_epoch=29, best_auprc=0.4205)
epoch 32: loss=1.4710 val_auprc=0.4207 val_auc=0.7918 val_f1_macro=0.6566 (best_epoch=32, best_auprc=0.4207)
epoch 33: loss=1.4725 val_auprc=0.4233 val_auc=0.7929 val_f1_macro=0.6298 (best_epoch=33, best_auprc=0.4233)
epoch 34: loss=1.4654 val_auprc=0.4244 val_auc=0.7938 val_f1_macro=0.6267 (best_epoch=34, best_auprc=0.4244)
epoch 35: loss=1.4465 val_auprc=0.4214 val_auc=0.7942 val_f1_macro=0.6343 (best_epoch=34, best_auprc=0.4244)
epoch 36: loss=1.4464 val_auprc=0.4206 val_auc=0.7946 val_f1_macro=0.6427 (best_epoch=34, best_auprc=0.4244)
epoch 37: loss=1.4448 val_auprc=0.4233 val_auc=0.7952 val_f1_macro=0.6355 (best_epoch=34, best_auprc=0.4244)
epoch 38: loss=1.4341 val_auprc=0.4270 val_auc=0.7959 val_f1_macro=0.6372 (best_epoch=38, best_auprc=0.4270)
epoch 39: loss=1.4179 val_auprc=0.4282 val_auc=0.7962 val_f1_macro=0.6489 (best_epoch=39, best_auprc=0.4282)
epoch 40: loss=1.4214 val_auprc=0.4267 val_auc=0.7965 val_f1_macro=0.6647 (best_epoch=39, best_auprc=0.4282)
epoch 41: loss=1.4061 val_auprc=0.4296 val_auc=0.7976 val_f1_macro=0.6580 (best_epoch=41, best_auprc=0.4296)
epoch 42: loss=1.3845 val_auprc=0.4320 val_auc=0.7985 val_f1_macro=0.6335 (best_epoch=42, best_auprc=0.4320)
epoch 43: loss=1.3787 val_auprc=0.4326 val_auc=0.7997 val_f1_macro=0.6238 (best_epoch=43, best_auprc=0.4326)
epoch 44: loss=1.3649 val_auprc=0.4318 val_auc=0.8007 val_f1_macro=0.6310 (best_epoch=43, best_auprc=0.4326)
epoch 45: loss=1.3871 val_auprc=0.4339 val_auc=0.8016 val_f1_macro=0.6361 (best_epoch=45, best_auprc=0.4339)
epoch 46: loss=1.3601 val_auprc=0.4375 val_auc=0.8019 val_f1_macro=0.6355 (best_epoch=46, best_auprc=0.4375)
epoch 47: loss=1.3529 val_auprc=0.4381 val_auc=0.8026 val_f1_macro=0.6498 (best_epoch=47, best_auprc=0.4381)
epoch 48: loss=1.3550 val_auprc=0.4387 val_auc=0.8042 val_f1_macro=0.6551 (best_epoch=48, best_auprc=0.4387)
epoch 49: loss=1.3371 val_auprc=0.4408 val_auc=0.8047 val_f1_macro=0.6336 (best_epoch=49, best_auprc=0.4408)
epoch 50: loss=1.3490 val_auprc=0.4425 val_auc=0.8058 val_f1_macro=0.6177 (best_epoch=50, best_auprc=0.4425)
epoch 51: loss=1.3302 val_auprc=0.4435 val_auc=0.8068 val_f1_macro=0.6191 (best_epoch=51, best_auprc=0.4435)
epoch 52: loss=1.3430 val_auprc=0.4452 val_auc=0.8077 val_f1_macro=0.6337 (best_epoch=52, best_auprc=0.4452)
epoch 53: loss=1.3258 val_auprc=0.4483 val_auc=0.8086 val_f1_macro=0.6355 (best_epoch=53, best_auprc=0.4483)
epoch 54: loss=1.3313 val_auprc=0.4506 val_auc=0.8094 val_f1_macro=0.6426 (best_epoch=54, best_auprc=0.4506)
epoch 55: loss=1.3207 val_auprc=0.4525 val_auc=0.8104 val_f1_macro=0.6454 (best_epoch=55, best_auprc=0.4525)
epoch 56: loss=1.2971 val_auprc=0.4543 val_auc=0.8114 val_f1_macro=0.6368 (best_epoch=56, best_auprc=0.4543)
epoch 57: loss=1.3052 val_auprc=0.4567 val_auc=0.8119 val_f1_macro=0.6159 (best_epoch=57, best_auprc=0.4567)
epoch 58: loss=1.2795 val_auprc=0.4585 val_auc=0.8127 val_f1_macro=0.6196 (best_epoch=58, best_auprc=0.4585)
epoch 59: loss=1.2982 val_auprc=0.4595 val_auc=0.8132 val_f1_macro=0.6399 (best_epoch=59, best_auprc=0.4595)
epoch 60: loss=1.2880 val_auprc=0.4624 val_auc=0.8142 val_f1_macro=0.6471 (best_epoch=60, best_auprc=0.4624)
epoch 61: loss=1.2953 val_auprc=0.4645 val_auc=0.8145 val_f1_macro=0.6470 (best_epoch=61, best_auprc=0.4645)
epoch 62: loss=1.2822 val_auprc=0.4669 val_auc=0.8163 val_f1_macro=0.6524 (best_epoch=62, best_auprc=0.4669)
epoch 63: loss=1.2809 val_auprc=0.4689 val_auc=0.8175 val_f1_macro=0.6424 (best_epoch=63, best_auprc=0.4689)
epoch 64: loss=1.2606 val_auprc=0.4699 val_auc=0.8184 val_f1_macro=0.6317 (best_epoch=64, best_auprc=0.4699)
epoch 65: loss=1.2543 val_auprc=0.4733 val_auc=0.8202 val_f1_macro=0.6243 (best_epoch=65, best_auprc=0.4733)
epoch 66: loss=1.2725 val_auprc=0.4742 val_auc=0.8214 val_f1_macro=0.6563 (best_epoch=66, best_auprc=0.4742)
epoch 67: loss=1.2484 val_auprc=0.4765 val_auc=0.8225 val_f1_macro=0.6540 (best_epoch=67, best_auprc=0.4765)
epoch 68: loss=1.2369 val_auprc=0.4789 val_auc=0.8235 val_f1_macro=0.6469 (best_epoch=68, best_auprc=0.4789)
epoch 69: loss=1.2356 val_auprc=0.4803 val_auc=0.8248 val_f1_macro=0.6415 (best_epoch=69, best_auprc=0.4803)
epoch 70: loss=1.2455 val_auprc=0.4809 val_auc=0.8256 val_f1_macro=0.6381 (best_epoch=70, best_auprc=0.4809)
epoch 71: loss=1.2227 val_auprc=0.4828 val_auc=0.8261 val_f1_macro=0.6358 (best_epoch=71, best_auprc=0.4828)
epoch 72: loss=1.2455 val_auprc=0.4842 val_auc=0.8268 val_f1_macro=0.6581 (best_epoch=72, best_auprc=0.4842)
epoch 73: loss=1.2406 val_auprc=0.4850 val_auc=0.8277 val_f1_macro=0.6700 (best_epoch=73, best_auprc=0.4850)
epoch 74: loss=1.2361 val_auprc=0.4853 val_auc=0.8285 val_f1_macro=0.6542 (best_epoch=74, best_auprc=0.4853)
epoch 75: loss=1.2166 val_auprc=0.4864 val_auc=0.8296 val_f1_macro=0.6426 (best_epoch=75, best_auprc=0.4864)
epoch 76: loss=1.2260 val_auprc=0.4874 val_auc=0.8311 val_f1_macro=0.6453 (best_epoch=76, best_auprc=0.4874)
epoch 77: loss=1.2089 val_auprc=0.4872 val_auc=0.8308 val_f1_macro=0.6430 (best_epoch=76, best_auprc=0.4874)
epoch 78: loss=1.2177 val_auprc=0.4885 val_auc=0.8322 val_f1_macro=0.6760 (best_epoch=78, best_auprc=0.4885)
epoch 79: loss=1.2273 val_auprc=0.4871 val_auc=0.8311 val_f1_macro=0.6652 (best_epoch=78, best_auprc=0.4885)
epoch 80: loss=1.2134 val_auprc=0.4879 val_auc=0.8317 val_f1_macro=0.6548 (best_epoch=78, best_auprc=0.4885)
epoch 81: loss=1.2075 val_auprc=0.4895 val_auc=0.8335 val_f1_macro=0.6727 (best_epoch=81, best_auprc=0.4895)
epoch 82: loss=1.2077 val_auprc=0.4905 val_auc=0.8347 val_f1_macro=0.6620 (best_epoch=82, best_auprc=0.4905)
epoch 83: loss=1.2092 val_auprc=0.4919 val_auc=0.8358 val_f1_macro=0.6446 (best_epoch=83, best_auprc=0.4919)
epoch 84: loss=1.1813 val_auprc=0.4938 val_auc=0.8376 val_f1_macro=0.6561 (best_epoch=84, best_auprc=0.4938)
epoch 85: loss=1.1897 val_auprc=0.4958 val_auc=0.8381 val_f1_macro=0.6784 (best_epoch=85, best_auprc=0.4958)
epoch 86: loss=1.1893 val_auprc=0.4954 val_auc=0.8384 val_f1_macro=0.6568 (best_epoch=85, best_auprc=0.4958)
epoch 87: loss=1.2056 val_auprc=0.4962 val_auc=0.8388 val_f1_macro=0.6614 (best_epoch=87, best_auprc=0.4962)
epoch 88: loss=1.1887 val_auprc=0.4975 val_auc=0.8402 val_f1_macro=0.6785 (best_epoch=88, best_auprc=0.4975)
epoch 89: loss=1.2034 val_auprc=0.4973 val_auc=0.8406 val_f1_macro=0.6510 (best_epoch=88, best_auprc=0.4975)
epoch 90: loss=1.1831 val_auprc=0.4968 val_auc=0.8405 val_f1_macro=0.6450 (best_epoch=88, best_auprc=0.4975)
epoch 91: loss=1.1726 val_auprc=0.4970 val_auc=0.8401 val_f1_macro=0.6746 (best_epoch=88, best_auprc=0.4975)
epoch 92: loss=1.1762 val_auprc=0.4955 val_auc=0.8396 val_f1_macro=0.6527 (best_epoch=88, best_auprc=0.4975)
epoch 93: loss=1.1804 val_auprc=0.4960 val_auc=0.8404 val_f1_macro=0.6510 (best_epoch=88, best_auprc=0.4975)
epoch 94: loss=1.1637 val_auprc=0.4987 val_auc=0.8426 val_f1_macro=0.6696 (best_epoch=94, best_auprc=0.4987)
epoch 95: loss=1.1771 val_auprc=0.4998 val_auc=0.8439 val_f1_macro=0.6695 (best_epoch=95, best_auprc=0.4998)
epoch 96: loss=1.1649 val_auprc=0.5000 val_auc=0.8438 val_f1_macro=0.6505 (best_epoch=96, best_auprc=0.5000)
epoch 97: loss=1.1939 val_auprc=0.5014 val_auc=0.8453 val_f1_macro=0.6832 (best_epoch=97, best_auprc=0.5014)
epoch 98: loss=1.1645 val_auprc=0.5027 val_auc=0.8460 val_f1_macro=0.6786 (best_epoch=98, best_auprc=0.5027)
epoch 99: loss=1.1682 val_auprc=0.5032 val_auc=0.8467 val_f1_macro=0.6476 (best_epoch=99, best_auprc=0.5032)
Selected threshold (best val macro-F1): 0.75 (val F1=0.7053)
TEST metrics: {'auprc': 0.49365532058636674, 'auc': 0.8531943425616781, 'f1_macro': 0.7052052169698226, 'recall': 0.5166604268064395, 'threshold_used': 0.7500000000000001, 'best_epoch': 99}