GAAP_AMAZON_CONFIG_BASE=yelp.yaml
GAAP_AMAZON_DATA_NAME=amazon_comp8851
GAAP_AMAZON_D_IN=25
TUNING_TRIAL=01
TUNING_CONFIG=d_hidden=64|gnn_dropout=0.1|lr=0.001
===== GAAP × AMAZON — UNIFIED 2-EPOCH SMOKE =====
RATIO=TR40 | TRAIN_SEED=2 | SPLIT_SEED=2
AUTHOR_ARCHITECTURE_CHANGED=NO
TEST_USED_FOR_SELECTION=NO
MAX_EPOCHS=100 | PATIENCE=20
CANONICAL_AMAZON_VIEW=FROZEN_DGL_ADAPTER
CANONICAL_NODES=11944
CANONICAL_FEATURES=25
CANONICAL_ADAPTER_RAW_EDGES=8796784
AMAZON_RELATION_RECONSTRUCTION=NO
GAAP_AMAZON_CANONICAL_ADAPTER_LOADED=PASS
GAAP_AMAZON_GRAPH_NODES=11944
GAAP_AMAZON_GRAPH_EDGES=8796784
GAAP_AMAZON_GRAPH_FEATURES=25
EXACT_FROZEN_SPLIT_GATE=PASS
The shape of bin-encoded feature is torch.Size([11944, 25])
Processing dataset done!

GAAP_AUTHOR_PROCESSED_EDGES=8796784
GAAP_NATIVE_NORM_TYPE=norm01
GAAP_NATIVE_PREPROCESS=None
GAAP_AUTHOR_DATALOADER_GATE=PASS
TEST_LABELS_HIDDEN_DURING_FIT=PASS
GPU available: True (cuda), used: True
TPU available: False, using: 0 TPU cores
HPU available: False, using: 0 HPUs
LOCAL_RANK: 0 - CUDA_VISIBLE_DEVICES: [0]
run=T01 | TR40 seed=2 | epoch=001 | loss=0.257916 | valAUPRC=0.476246 | valAUROC=0.890798 | best=0.476246@1 | patience=0/20
run=T01 | TR40 seed=2 | epoch=002 | loss=0.359015 | valAUPRC=0.664015 | valAUROC=0.873421 | best=0.664015@2 | patience=0/20
run=T01 | TR40 seed=2 | epoch=003 | loss=0.364532 | valAUPRC=0.768847 | valAUROC=0.876828 | best=0.768847@3 | patience=0/20
run=T01 | TR40 seed=2 | epoch=004 | loss=0.237976 | valAUPRC=0.794566 | valAUROC=0.918221 | best=0.794566@4 | patience=0/20
run=T01 | TR40 seed=2 | epoch=005 | loss=0.192328 | valAUPRC=0.857338 | valAUROC=0.929874 | best=0.857338@5 | patience=0/20
run=T01 | TR40 seed=2 | epoch=006 | loss=0.184912 | valAUPRC=0.893052 | valAUROC=0.968670 | best=0.893052@6 | patience=0/20
run=T01 | TR40 seed=2 | epoch=007 | loss=0.177140 | valAUPRC=0.882424 | valAUROC=0.932662 | best=0.893052@6 | patience=1/20
run=T01 | TR40 seed=2 | epoch=008 | loss=0.149493 | valAUPRC=0.882833 | valAUROC=0.951087 | best=0.893052@6 | patience=2/20
run=T01 | TR40 seed=2 | epoch=009 | loss=0.159297 | valAUPRC=0.891954 | valAUROC=0.967450 | best=0.893052@6 | patience=3/20
run=T01 | TR40 seed=2 | epoch=010 | loss=0.135403 | valAUPRC=0.862387 | valAUROC=0.957863 | best=0.893052@6 | patience=4/20
run=T01 | TR40 seed=2 | epoch=011 | loss=0.128044 | valAUPRC=0.904935 | valAUROC=0.969578 | best=0.904935@11 | patience=0/20
run=T01 | TR40 seed=2 | epoch=012 | loss=0.130298 | valAUPRC=0.910070 | valAUROC=0.969107 | best=0.910070@12 | patience=0/20
run=T01 | TR40 seed=2 | epoch=013 | loss=0.117744 | valAUPRC=0.877606 | valAUROC=0.958093 | best=0.910070@12 | patience=1/20
run=T01 | TR40 seed=2 | epoch=014 | loss=0.118789 | valAUPRC=0.891232 | valAUROC=0.963676 | best=0.910070@12 | patience=2/20
run=T01 | TR40 seed=2 | epoch=015 | loss=0.123054 | valAUPRC=0.887360 | valAUROC=0.955921 | best=0.910070@12 | patience=3/20
run=T01 | TR40 seed=2 | epoch=016 | loss=0.110084 | valAUPRC=0.886360 | valAUROC=0.979111 | best=0.910070@12 | patience=4/20
run=T01 | TR40 seed=2 | epoch=017 | loss=0.121509 | valAUPRC=0.904298 | valAUROC=0.971060 | best=0.910070@12 | patience=5/20
run=T01 | TR40 seed=2 | epoch=018 | loss=0.116876 | valAUPRC=0.872634 | valAUROC=0.954935 | best=0.910070@12 | patience=6/20
run=T01 | TR40 seed=2 | epoch=019 | loss=0.329278 | valAUPRC=0.889950 | valAUROC=0.967294 | best=0.910070@12 | patience=7/20
run=T01 | TR40 seed=2 | epoch=020 | loss=0.107206 | valAUPRC=0.893593 | valAUROC=0.964214 | best=0.910070@12 | patience=8/20
run=T01 | TR40 seed=2 | epoch=021 | loss=0.109937 | valAUPRC=0.879080 | valAUROC=0.965629 | best=0.910070@12 | patience=9/20
run=T01 | TR40 seed=2 | epoch=022 | loss=0.099340 | valAUPRC=0.872348 | valAUROC=0.945180 | best=0.910070@12 | patience=10/20
run=T01 | TR40 seed=2 | epoch=023 | loss=0.102489 | valAUPRC=0.885297 | valAUROC=0.949110 | best=0.910070@12 | patience=11/20
run=T01 | TR40 seed=2 | epoch=024 | loss=0.189189 | valAUPRC=0.914353 | valAUROC=0.968093 | best=0.914353@24 | patience=0/20
run=T01 | TR40 seed=2 | epoch=025 | loss=0.113498 | valAUPRC=0.898841 | valAUROC=0.969298 | best=0.914353@24 | patience=1/20
run=T01 | TR40 seed=2 | epoch=026 | loss=0.094271 | valAUPRC=0.902898 | valAUROC=0.980647 | best=0.914353@24 | patience=2/20
run=T01 | TR40 seed=2 | epoch=027 | loss=0.088469 | valAUPRC=0.918340 | valAUROC=0.983165 | best=0.918340@27 | patience=0/20
run=T01 | TR40 seed=2 | epoch=028 | loss=0.086008 | valAUPRC=0.877074 | valAUROC=0.980035 | best=0.918340@27 | patience=1/20
run=T01 | TR40 seed=2 | epoch=029 | loss=0.090465 | valAUPRC=0.883459 | valAUROC=0.977033 | best=0.918340@27 | patience=2/20
run=T01 | TR40 seed=2 | epoch=030 | loss=0.092086 | valAUPRC=0.887995 | valAUROC=0.978592 | best=0.918340@27 | patience=3/20
run=T01 | TR40 seed=2 | epoch=031 | loss=0.084858 | valAUPRC=0.906409 | valAUROC=0.981914 | best=0.918340@27 | patience=4/20
run=T01 | TR40 seed=2 | epoch=032 | loss=0.079031 | valAUPRC=0.903280 | valAUROC=0.970557 | best=0.918340@27 | patience=5/20
run=T01 | TR40 seed=2 | epoch=033 | loss=0.099756 | valAUPRC=0.906130 | valAUROC=0.980748 | best=0.918340@27 | patience=6/20
run=T01 | TR40 seed=2 | epoch=034 | loss=0.082805 | valAUPRC=0.896700 | valAUROC=0.977982 | best=0.918340@27 | patience=7/20
run=T01 | TR40 seed=2 | epoch=035 | loss=0.086057 | valAUPRC=0.911836 | valAUROC=0.973095 | best=0.918340@27 | patience=8/20
run=T01 | TR40 seed=2 | epoch=036 | loss=0.108421 | valAUPRC=0.915587 | valAUROC=0.982943 | best=0.918340@27 | patience=9/20
run=T01 | TR40 seed=2 | epoch=037 | loss=0.080990 | valAUPRC=0.894539 | valAUROC=0.976947 | best=0.918340@27 | patience=10/20
run=T01 | TR40 seed=2 | epoch=038 | loss=0.088173 | valAUPRC=0.889707 | valAUROC=0.978573 | best=0.918340@27 | patience=11/20
run=T01 | TR40 seed=2 | epoch=039 | loss=0.084434 | valAUPRC=0.888452 | valAUROC=0.976382 | best=0.918340@27 | patience=12/20
run=T01 | TR40 seed=2 | epoch=040 | loss=0.106497 | valAUPRC=0.882445 | valAUROC=0.965064 | best=0.918340@27 | patience=13/20
run=T01 | TR40 seed=2 | epoch=041 | loss=0.091304 | valAUPRC=0.895843 | valAUROC=0.970846 | best=0.918340@27 | patience=14/20
run=T01 | TR40 seed=2 | epoch=042 | loss=0.080620 | valAUPRC=0.899160 | valAUROC=0.978144 | best=0.918340@27 | patience=15/20
run=T01 | TR40 seed=2 | epoch=043 | loss=0.076124 | valAUPRC=0.896550 | valAUROC=0.973855 | best=0.918340@27 | patience=16/20
run=T01 | TR40 seed=2 | epoch=044 | loss=0.075263 | valAUPRC=0.899961 | valAUROC=0.976557 | best=0.918340@27 | patience=17/20
run=T01 | TR40 seed=2 | epoch=045 | loss=0.076225 | valAUPRC=0.903555 | valAUROC=0.971929 | best=0.918340@27 | patience=18/20
run=T01 | TR40 seed=2 | epoch=046 | loss=0.077308 | valAUPRC=0.895906 | valAUROC=0.975212 | best=0.918340@27 | patience=19/20
run=T01 | TR40 seed=2 | epoch=047 | loss=0.076410 | valAUPRC=0.901787 | valAUROC=0.978425 | best=0.918340@27 | patience=20/20

===== TUNING TRIAL 01 FINAL GATE =====
BEST_VAL_AUPRC=0.918340
TRAINING_WALL_SECONDS=116.411
PEAK_GPU_MEMORY_MB=3409.18
TEST_EVALUATED=NO
TEST_LABEL_ISOLATION=PASS
GAAP_AUTHOR_ARCHITECTURE_CHANGED=NO
GAAP_AMAZON_TUNING_TRIAL_01=PASS
