GAAP_AMAZON_CONFIG_BASE=yelp.yaml
GAAP_AMAZON_DATA_NAME=amazon_comp8851
GAAP_AMAZON_D_IN=25
TUNING_TRIAL=09
TUNING_CONFIG=d_hidden=128|gnn_dropout=0.1|lr=0.0005
===== GAAP × AMAZON — TR40 TUNING TRIAL 09 =====
RATIO=TR40 | TRAIN_SEED=2 | SPLIT_SEED=2
AUTHOR_ARCHITECTURE_CHANGED=NO
TEST_USED_FOR_SELECTION=NO
MAX_EPOCHS=100 | PATIENCE=20
CANONICAL_AMAZON_VIEW=FROZEN_DGL_ADAPTER
CANONICAL_NODES=11944
CANONICAL_FEATURES=25
CANONICAL_ADAPTER_RAW_EDGES=8796784
AMAZON_RELATION_RECONSTRUCTION=NO
GAAP_AMAZON_CANONICAL_ADAPTER_LOADED=PASS
GAAP_AMAZON_GRAPH_NODES=11944
GAAP_AMAZON_GRAPH_EDGES=8796784
GAAP_AMAZON_GRAPH_FEATURES=25
EXACT_FROZEN_SPLIT_GATE=PASS
The shape of bin-encoded feature is torch.Size([11944, 25])
Processing dataset done!

GAAP_AUTHOR_PROCESSED_EDGES=8796784
GAAP_NATIVE_NORM_TYPE=norm01
GAAP_NATIVE_PREPROCESS=None
GAAP_AUTHOR_DATALOADER_GATE=PASS
TEST_LABELS_HIDDEN_DURING_FIT=PASS
GPU available: True (cuda), used: True
TPU available: False, using: 0 TPU cores
HPU available: False, using: 0 HPUs
LOCAL_RANK: 0 - CUDA_VISIBLE_DEVICES: [0]
run=T09 | TR40 seed=2 | epoch=001 | loss=0.198188 | valAUPRC=0.635128 | valAUROC=0.815050 | best=0.635128@1 | patience=0/20
run=T09 | TR40 seed=2 | epoch=002 | loss=0.348903 | valAUPRC=0.750041 | valAUROC=0.914049 | best=0.750041@2 | patience=0/20
run=T09 | TR40 seed=2 | epoch=003 | loss=0.302958 | valAUPRC=0.759019 | valAUROC=0.876712 | best=0.759019@3 | patience=0/20
run=T09 | TR40 seed=2 | epoch=004 | loss=0.225375 | valAUPRC=0.760929 | valAUROC=0.853210 | best=0.760929@4 | patience=0/20
run=T09 | TR40 seed=2 | epoch=005 | loss=0.242654 | valAUPRC=0.758305 | valAUROC=0.889421 | best=0.760929@4 | patience=1/20
run=T09 | TR40 seed=2 | epoch=006 | loss=0.184911 | valAUPRC=0.840878 | valAUROC=0.938732 | best=0.840878@6 | patience=0/20
run=T09 | TR40 seed=2 | epoch=007 | loss=0.173176 | valAUPRC=0.866381 | valAUROC=0.964549 | best=0.866381@7 | patience=0/20
run=T09 | TR40 seed=2 | epoch=008 | loss=0.149094 | valAUPRC=0.841732 | valAUROC=0.959641 | best=0.866381@7 | patience=1/20
run=T09 | TR40 seed=2 | epoch=009 | loss=0.141033 | valAUPRC=0.802240 | valAUROC=0.943937 | best=0.866381@7 | patience=2/20
run=T09 | TR40 seed=2 | epoch=010 | loss=0.192775 | valAUPRC=0.883348 | valAUROC=0.959754 | best=0.883348@10 | patience=0/20
run=T09 | TR40 seed=2 | epoch=011 | loss=0.143316 | valAUPRC=0.888419 | valAUROC=0.978643 | best=0.888419@11 | patience=0/20
run=T09 | TR40 seed=2 | epoch=012 | loss=0.112823 | valAUPRC=0.885666 | valAUROC=0.963980 | best=0.888419@11 | patience=1/20
run=T09 | TR40 seed=2 | epoch=013 | loss=0.123074 | valAUPRC=0.898797 | valAUROC=0.977824 | best=0.898797@13 | patience=0/20
run=T09 | TR40 seed=2 | epoch=014 | loss=0.107353 | valAUPRC=0.864891 | valAUROC=0.977746 | best=0.898797@13 | patience=1/20
run=T09 | TR40 seed=2 | epoch=015 | loss=0.127581 | valAUPRC=0.890713 | valAUROC=0.984351 | best=0.898797@13 | patience=2/20
run=T09 | TR40 seed=2 | epoch=016 | loss=0.126539 | valAUPRC=0.892436 | valAUROC=0.973758 | best=0.898797@13 | patience=3/20
run=T09 | TR40 seed=2 | epoch=017 | loss=0.101734 | valAUPRC=0.848730 | valAUROC=0.933122 | best=0.898797@13 | patience=4/20
run=T09 | TR40 seed=2 | epoch=018 | loss=0.112890 | valAUPRC=0.883640 | valAUROC=0.976791 | best=0.898797@13 | patience=5/20
run=T09 | TR40 seed=2 | epoch=019 | loss=0.098265 | valAUPRC=0.888879 | valAUROC=0.981657 | best=0.898797@13 | patience=6/20
run=T09 | TR40 seed=2 | epoch=020 | loss=0.091908 | valAUPRC=0.875157 | valAUROC=0.973033 | best=0.898797@13 | patience=7/20
run=T09 | TR40 seed=2 | epoch=021 | loss=0.083934 | valAUPRC=0.891911 | valAUROC=0.976736 | best=0.898797@13 | patience=8/20
run=T09 | TR40 seed=2 | epoch=022 | loss=0.084060 | valAUPRC=0.883485 | valAUROC=0.960522 | best=0.898797@13 | patience=9/20
run=T09 | TR40 seed=2 | epoch=023 | loss=0.093820 | valAUPRC=0.887930 | valAUROC=0.975372 | best=0.898797@13 | patience=10/20
run=T09 | TR40 seed=2 | epoch=024 | loss=0.099389 | valAUPRC=0.889325 | valAUROC=0.969118 | best=0.898797@13 | patience=11/20
run=T09 | TR40 seed=2 | epoch=025 | loss=0.087993 | valAUPRC=0.864736 | valAUROC=0.961812 | best=0.898797@13 | patience=12/20
run=T09 | TR40 seed=2 | epoch=026 | loss=0.077737 | valAUPRC=0.845175 | valAUROC=0.970678 | best=0.898797@13 | patience=13/20
run=T09 | TR40 seed=2 | epoch=027 | loss=0.102840 | valAUPRC=0.884783 | valAUROC=0.981138 | best=0.898797@13 | patience=14/20
run=T09 | TR40 seed=2 | epoch=028 | loss=0.102227 | valAUPRC=0.872412 | valAUROC=0.959313 | best=0.898797@13 | patience=15/20
run=T09 | TR40 seed=2 | epoch=029 | loss=0.111893 | valAUPRC=0.900266 | valAUROC=0.982986 | best=0.900266@29 | patience=0/20
run=T09 | TR40 seed=2 | epoch=030 | loss=0.111111 | valAUPRC=0.896585 | valAUROC=0.982319 | best=0.900266@29 | patience=1/20
run=T09 | TR40 seed=2 | epoch=031 | loss=0.086701 | valAUPRC=0.900217 | valAUROC=0.977719 | best=0.900266@29 | patience=2/20
run=T09 | TR40 seed=2 | epoch=032 | loss=0.090187 | valAUPRC=0.898174 | valAUROC=0.973543 | best=0.900266@29 | patience=3/20
run=T09 | TR40 seed=2 | epoch=033 | loss=0.091033 | valAUPRC=0.890353 | valAUROC=0.976924 | best=0.900266@29 | patience=4/20
run=T09 | TR40 seed=2 | epoch=034 | loss=0.072720 | valAUPRC=0.826078 | valAUROC=0.938851 | best=0.900266@29 | patience=5/20
run=T09 | TR40 seed=2 | epoch=035 | loss=1.136775 | valAUPRC=0.906043 | valAUROC=0.978760 | best=0.906043@35 | patience=0/20
run=T09 | TR40 seed=2 | epoch=036 | loss=0.091832 | valAUPRC=0.899915 | valAUROC=0.978495 | best=0.906043@35 | patience=1/20
run=T09 | TR40 seed=2 | epoch=037 | loss=0.079261 | valAUPRC=0.872677 | valAUROC=0.961454 | best=0.906043@35 | patience=2/20
run=T09 | TR40 seed=2 | epoch=038 | loss=0.072030 | valAUPRC=0.892545 | valAUROC=0.972386 | best=0.906043@35 | patience=3/20
run=T09 | TR40 seed=2 | epoch=039 | loss=0.077579 | valAUPRC=0.888279 | valAUROC=0.958093 | best=0.906043@35 | patience=4/20
run=T09 | TR40 seed=2 | epoch=040 | loss=0.151259 | valAUPRC=0.910020 | valAUROC=0.974906 | best=0.910020@40 | patience=0/20
run=T09 | TR40 seed=2 | epoch=041 | loss=0.102275 | valAUPRC=0.903278 | valAUROC=0.966148 | best=0.910020@40 | patience=1/20
run=T09 | TR40 seed=2 | epoch=042 | loss=0.073545 | valAUPRC=0.907875 | valAUROC=0.968961 | best=0.910020@40 | patience=2/20
run=T09 | TR40 seed=2 | epoch=043 | loss=0.105540 | valAUPRC=0.862956 | valAUROC=0.960752 | best=0.910020@40 | patience=3/20
run=T09 | TR40 seed=2 | epoch=044 | loss=0.110688 | valAUPRC=0.903835 | valAUROC=0.968799 | best=0.910020@40 | patience=4/20
run=T09 | TR40 seed=2 | epoch=045 | loss=0.080263 | valAUPRC=0.899273 | valAUROC=0.949469 | best=0.910020@40 | patience=5/20
run=T09 | TR40 seed=2 | epoch=046 | loss=0.079365 | valAUPRC=0.851315 | valAUROC=0.941430 | best=0.910020@40 | patience=6/20
run=T09 | TR40 seed=2 | epoch=047 | loss=0.109940 | valAUPRC=0.905447 | valAUROC=0.977349 | best=0.910020@40 | patience=7/20
run=T09 | TR40 seed=2 | epoch=048 | loss=0.154157 | valAUPRC=0.893978 | valAUROC=0.972538 | best=0.910020@40 | patience=8/20
run=T09 | TR40 seed=2 | epoch=049 | loss=0.081696 | valAUPRC=0.912940 | valAUROC=0.974007 | best=0.912940@49 | patience=0/20
run=T09 | TR40 seed=2 | epoch=050 | loss=0.098271 | valAUPRC=0.891752 | valAUROC=0.960062 | best=0.912940@49 | patience=1/20
run=T09 | TR40 seed=2 | epoch=051 | loss=0.066113 | valAUPRC=0.899777 | valAUROC=0.970169 | best=0.912940@49 | patience=2/20
run=T09 | TR40 seed=2 | epoch=052 | loss=0.071833 | valAUPRC=0.903909 | valAUROC=0.972117 | best=0.912940@49 | patience=3/20
run=T09 | TR40 seed=2 | epoch=053 | loss=0.069236 | valAUPRC=0.904922 | valAUROC=0.968565 | best=0.912940@49 | patience=4/20
run=T09 | TR40 seed=2 | epoch=054 | loss=0.063040 | valAUPRC=0.884085 | valAUROC=0.970803 | best=0.912940@49 | patience=5/20
run=T09 | TR40 seed=2 | epoch=055 | loss=0.071627 | valAUPRC=0.903295 | valAUROC=0.977384 | best=0.912940@49 | patience=6/20
run=T09 | TR40 seed=2 | epoch=056 | loss=0.073637 | valAUPRC=0.902278 | valAUROC=0.967485 | best=0.912940@49 | patience=7/20
run=T09 | TR40 seed=2 | epoch=057 | loss=0.070405 | valAUPRC=0.906530 | valAUROC=0.968337 | best=0.912940@49 | patience=8/20
run=T09 | TR40 seed=2 | epoch=058 | loss=0.068919 | valAUPRC=0.905487 | valAUROC=0.970982 | best=0.912940@49 | patience=9/20
run=T09 | TR40 seed=2 | epoch=059 | loss=0.070153 | valAUPRC=0.847171 | valAUROC=0.943215 | best=0.912940@49 | patience=10/20
run=T09 | TR40 seed=2 | epoch=060 | loss=0.118197 | valAUPRC=0.900478 | valAUROC=0.976584 | best=0.912940@49 | patience=11/20
run=T09 | TR40 seed=2 | epoch=061 | loss=0.078900 | valAUPRC=0.882230 | valAUROC=0.960354 | best=0.912940@49 | patience=12/20
run=T09 | TR40 seed=2 | epoch=062 | loss=0.083879 | valAUPRC=0.903954 | valAUROC=0.974148 | best=0.912940@49 | patience=13/20
run=T09 | TR40 seed=2 | epoch=063 | loss=0.114183 | valAUPRC=0.904745 | valAUROC=0.961103 | best=0.912940@49 | patience=14/20
run=T09 | TR40 seed=2 | epoch=064 | loss=0.087368 | valAUPRC=0.902021 | valAUROC=0.969144 | best=0.912940@49 | patience=15/20
run=T09 | TR40 seed=2 | epoch=065 | loss=0.095411 | valAUPRC=0.894134 | valAUROC=0.967781 | best=0.912940@49 | patience=16/20
run=T09 | TR40 seed=2 | epoch=066 | loss=0.064101 | valAUPRC=0.904734 | valAUROC=0.977397 | best=0.912940@49 | patience=17/20
run=T09 | TR40 seed=2 | epoch=067 | loss=0.111997 | valAUPRC=0.873248 | valAUROC=0.942100 | best=0.912940@49 | patience=18/20
run=T09 | TR40 seed=2 | epoch=068 | loss=0.088022 | valAUPRC=0.890345 | valAUROC=0.968105 | best=0.912940@49 | patience=19/20
run=T09 | TR40 seed=2 | epoch=069 | loss=0.086176 | valAUPRC=0.889246 | valAUROC=0.966877 | best=0.912940@49 | patience=20/20

===== TUNING TRIAL 09 FINAL GATE =====
BEST_VAL_AUPRC=0.912940
TRAINING_WALL_SECONDS=177.438
PEAK_GPU_MEMORY_MB=3448.52
TEST_EVALUATED=NO
TEST_LABEL_ISOLATION=PASS
GAAP_AUTHOR_ARCHITECTURE_CHANGED=NO
GAAP_AMAZON_TUNING_TRIAL_09=PASS
