=== Run: splitgnn_comp_unified_tr30_seed42_a6000_20260918T004730Z ===
Result dir: /workspace/splitgnn_vast/results/splitgnn/comp/unified/tr30/seed_42
Split overlap checks: PASSED
train=1594 valid=1064 test=2127
Model source commit: 32fbdb836781d5c02523844a7079425f89be8831
Config SHA256: 3fd2a0da675b76147c45aa7ec4ddb789f99ddeddc2410150fb3b2830b0918562
Split SHA256: 193f52954bc953878d02f1334a94c4137fb8c2a7e3d37d0aaff51b9f11f1ae02
epoch 0: loss=1.6866 val_auprc=0.1045 val_auc=0.4818 val_f1_macro=0.0952 (best_epoch=0, best_auprc=0.1045)
epoch 1: loss=1.7022 val_auprc=0.1072 val_auc=0.4960 val_f1_macro=0.0952 (best_epoch=1, best_auprc=0.1072)
epoch 2: loss=1.6897 val_auprc=0.1041 val_auc=0.4715 val_f1_macro=0.0952 (best_epoch=1, best_auprc=0.1072)
epoch 3: loss=1.6846 val_auprc=0.0973 val_auc=0.4521 val_f1_macro=0.0952 (best_epoch=1, best_auprc=0.1072)
epoch 4: loss=1.6881 val_auprc=0.0957 val_auc=0.4473 val_f1_macro=0.0952 (best_epoch=1, best_auprc=0.1072)
epoch 5: loss=1.6935 val_auprc=0.0956 val_auc=0.4478 val_f1_macro=0.0952 (best_epoch=1, best_auprc=0.1072)
epoch 6: loss=1.6957 val_auprc=0.0963 val_auc=0.4504 val_f1_macro=0.0952 (best_epoch=1, best_auprc=0.1072)
epoch 7: loss=1.6864 val_auprc=0.0973 val_auc=0.4554 val_f1_macro=0.0952 (best_epoch=1, best_auprc=0.1072)
epoch 8: loss=1.6925 val_auprc=0.0992 val_auc=0.4665 val_f1_macro=0.0952 (best_epoch=1, best_auprc=0.1072)
epoch 9: loss=1.6927 val_auprc=0.1005 val_auc=0.4707 val_f1_macro=0.0952 (best_epoch=1, best_auprc=0.1072)
epoch 10: loss=1.6966 val_auprc=0.1060 val_auc=0.4799 val_f1_macro=0.0952 (best_epoch=1, best_auprc=0.1072)
epoch 11: loss=1.6893 val_auprc=0.1078 val_auc=0.4906 val_f1_macro=0.0952 (best_epoch=11, best_auprc=0.1078)
epoch 12: loss=1.6958 val_auprc=0.1077 val_auc=0.4890 val_f1_macro=0.0952 (best_epoch=11, best_auprc=0.1078)
epoch 13: loss=1.6841 val_auprc=0.1057 val_auc=0.4824 val_f1_macro=0.0952 (best_epoch=11, best_auprc=0.1078)
epoch 14: loss=1.6817 val_auprc=0.1055 val_auc=0.4817 val_f1_macro=0.0952 (best_epoch=11, best_auprc=0.1078)
epoch 15: loss=1.6966 val_auprc=0.1058 val_auc=0.4831 val_f1_macro=0.0952 (best_epoch=11, best_auprc=0.1078)
epoch 16: loss=1.6889 val_auprc=0.1061 val_auc=0.4840 val_f1_macro=0.1057 (best_epoch=11, best_auprc=0.1078)
epoch 17: loss=1.6968 val_auprc=0.1074 val_auc=0.4859 val_f1_macro=0.1606 (best_epoch=11, best_auprc=0.1078)
epoch 18: loss=1.6917 val_auprc=0.1089 val_auc=0.4872 val_f1_macro=0.2037 (best_epoch=18, best_auprc=0.1089)
epoch 19: loss=1.6851 val_auprc=0.1097 val_auc=0.4877 val_f1_macro=0.2682 (best_epoch=19, best_auprc=0.1097)
epoch 20: loss=1.6859 val_auprc=0.1102 val_auc=0.4856 val_f1_macro=0.2928 (best_epoch=20, best_auprc=0.1102)
epoch 21: loss=1.6840 val_auprc=0.1180 val_auc=0.5074 val_f1_macro=0.5192 (best_epoch=21, best_auprc=0.1180)
epoch 22: loss=1.6962 val_auprc=0.1189 val_auc=0.5091 val_f1_macro=0.5004 (best_epoch=22, best_auprc=0.1189)
epoch 23: loss=1.6883 val_auprc=0.1196 val_auc=0.5108 val_f1_macro=0.5010 (best_epoch=23, best_auprc=0.1196)
epoch 24: loss=1.6930 val_auprc=0.1182 val_auc=0.5065 val_f1_macro=0.5151 (best_epoch=23, best_auprc=0.1196)
epoch 25: loss=1.6979 val_auprc=0.1162 val_auc=0.5059 val_f1_macro=0.4773 (best_epoch=23, best_auprc=0.1196)
epoch 26: loss=1.6909 val_auprc=0.1164 val_auc=0.5061 val_f1_macro=0.4776 (best_epoch=23, best_auprc=0.1196)
epoch 27: loss=1.6895 val_auprc=0.1165 val_auc=0.5060 val_f1_macro=0.4854 (best_epoch=23, best_auprc=0.1196)
epoch 28: loss=1.6867 val_auprc=0.1166 val_auc=0.5061 val_f1_macro=0.4925 (best_epoch=23, best_auprc=0.1196)
epoch 29: loss=1.6924 val_auprc=0.1169 val_auc=0.5061 val_f1_macro=0.5135 (best_epoch=23, best_auprc=0.1196)
epoch 30: loss=1.6831 val_auprc=0.1171 val_auc=0.5060 val_f1_macro=0.4940 (best_epoch=23, best_auprc=0.1196)
epoch 31: loss=1.6910 val_auprc=0.1174 val_auc=0.5062 val_f1_macro=0.4708 (best_epoch=23, best_auprc=0.1196)
epoch 32: loss=1.6817 val_auprc=0.1181 val_auc=0.5067 val_f1_macro=0.3995 (best_epoch=23, best_auprc=0.1196)
epoch 33: loss=1.6816 val_auprc=0.1183 val_auc=0.5067 val_f1_macro=0.4092 (best_epoch=23, best_auprc=0.1196)
epoch 34: loss=1.6814 val_auprc=0.1180 val_auc=0.5064 val_f1_macro=0.3982 (best_epoch=23, best_auprc=0.1196)
epoch 35: loss=1.6883 val_auprc=0.1180 val_auc=0.5065 val_f1_macro=0.3880 (best_epoch=23, best_auprc=0.1196)
epoch 36: loss=1.6865 val_auprc=0.1182 val_auc=0.5069 val_f1_macro=0.3335 (best_epoch=23, best_auprc=0.1196)
epoch 37: loss=1.6791 val_auprc=0.1186 val_auc=0.5074 val_f1_macro=0.2952 (best_epoch=23, best_auprc=0.1196)
epoch 38: loss=1.6839 val_auprc=0.1193 val_auc=0.5079 val_f1_macro=0.2757 (best_epoch=23, best_auprc=0.1196)
epoch 39: loss=1.6817 val_auprc=0.1210 val_auc=0.5084 val_f1_macro=0.2674 (best_epoch=39, best_auprc=0.1210)
epoch 40: loss=1.6832 val_auprc=0.1205 val_auc=0.5090 val_f1_macro=0.2054 (best_epoch=39, best_auprc=0.1210)
epoch 41: loss=1.7006 val_auprc=0.1211 val_auc=0.5107 val_f1_macro=0.1831 (best_epoch=41, best_auprc=0.1211)
epoch 42: loss=1.6887 val_auprc=0.1209 val_auc=0.5115 val_f1_macro=0.1635 (best_epoch=41, best_auprc=0.1211)
epoch 43: loss=1.6852 val_auprc=0.1209 val_auc=0.5117 val_f1_macro=0.1573 (best_epoch=41, best_auprc=0.1211)
epoch 44: loss=1.6686 val_auprc=0.1205 val_auc=0.5116 val_f1_macro=0.1623 (best_epoch=41, best_auprc=0.1211)
epoch 45: loss=1.6780 val_auprc=0.1203 val_auc=0.5115 val_f1_macro=0.1560 (best_epoch=41, best_auprc=0.1211)
epoch 46: loss=1.6784 val_auprc=0.1204 val_auc=0.5117 val_f1_macro=0.1945 (best_epoch=41, best_auprc=0.1211)
epoch 47: loss=1.6818 val_auprc=0.1202 val_auc=0.5114 val_f1_macro=0.2250 (best_epoch=41, best_auprc=0.1211)
epoch 48: loss=1.6808 val_auprc=0.1201 val_auc=0.5114 val_f1_macro=0.2772 (best_epoch=41, best_auprc=0.1211)
epoch 49: loss=1.6831 val_auprc=0.1199 val_auc=0.5115 val_f1_macro=0.2957 (best_epoch=41, best_auprc=0.1211)
epoch 50: loss=1.6891 val_auprc=0.1197 val_auc=0.5114 val_f1_macro=0.3207 (best_epoch=41, best_auprc=0.1211)
epoch 51: loss=1.6778 val_auprc=0.1196 val_auc=0.5113 val_f1_macro=0.3504 (best_epoch=41, best_auprc=0.1211)
epoch 52: loss=1.6852 val_auprc=0.1192 val_auc=0.5106 val_f1_macro=0.3912 (best_epoch=41, best_auprc=0.1211)
epoch 53: loss=1.6758 val_auprc=0.1189 val_auc=0.5098 val_f1_macro=0.4026 (best_epoch=41, best_auprc=0.1211)
epoch 54: loss=1.6893 val_auprc=0.1189 val_auc=0.5118 val_f1_macro=0.4289 (best_epoch=41, best_auprc=0.1211)
epoch 55: loss=1.6832 val_auprc=0.1188 val_auc=0.5117 val_f1_macro=0.4598 (best_epoch=41, best_auprc=0.1211)
epoch 56: loss=1.6828 val_auprc=0.1189 val_auc=0.5114 val_f1_macro=0.4717 (best_epoch=41, best_auprc=0.1211)
epoch 57: loss=1.6737 val_auprc=0.1196 val_auc=0.5119 val_f1_macro=0.4991 (best_epoch=41, best_auprc=0.1211)
epoch 58: loss=1.6834 val_auprc=0.1199 val_auc=0.5123 val_f1_macro=0.4996 (best_epoch=41, best_auprc=0.1211)
epoch 59: loss=1.6805 val_auprc=0.1205 val_auc=0.5127 val_f1_macro=0.4788 (best_epoch=41, best_auprc=0.1211)
epoch 60: loss=1.6873 val_auprc=0.1203 val_auc=0.5131 val_f1_macro=0.4538 (best_epoch=41, best_auprc=0.1211)
epoch 61: loss=1.6799 val_auprc=0.1196 val_auc=0.5130 val_f1_macro=0.3988 (best_epoch=41, best_auprc=0.1211)
Early stopping at epoch 61 (no improvement for 20 epochs)
Selected threshold (best val macro-F1): 0.55 (val F1=0.4722)
TEST metrics: {'auprc': 0.09355840101546925, 'auc': 0.45111454658058703, 'f1_macro': 0.47220843672456575, 'recall': 0.0, 'threshold_used': 0.55, 'best_epoch': 41}