nohup: ignoring input
/workspace/COMP8851-fraud-dataset-analysis/models/dga-gnn/dga_gnn_upstream/code
wandb: Tracking run with wandb version 0.13.10
wandb: W&B syncing is set to `offline` in this directory.  
wandb: Run `wandb online` or set WANDB_MODE=online to enable cloud syncing.
========================================
数据名称 fdcompcn
总样本数: 5317
欺诈样本数: 559
非欺诈样本数: 4758
欺诈样本占比: 10.51%
特征个数: 57

invest_bc2bc边关系下的统计信息:
边的个数: 10865
平均出度: 2.04
provide_bc2bc边关系下的统计信息:
边的个数: 6077
平均出度: 1.14
sale_bc2bc边关系下的统计信息:
边的个数: 6359
平均出度: 1.20

数据划分情况:
训练集: 1595 验证集: 1228 测试集: 2494
训练集: 30.00% 验证集: 23.10% 测试集: 46.91%
========================================
超参数设定：
dname: fdcompcn
project: dga_reproduction
model: dga_bin
bin_encoding: true
n_head: 2
n_hidden: 64
p: 0.3
k: 4
z: 0.025
seed: 2
bs: 256
lr: 0.001
weight_decay: 0.0005
max_epochs: 10000
patience: 25
usegpu: true
gpuid: 0
nowandb: true

n_etypes 3
n_classes 2
========================================
after bin_encoding： (5317, 265)
========================================
{'unclear_up': 0.025, 'unclear_down': 0.025}
GPU available: True (cuda), used: True
TPU available: False, using: 0 TPU cores
IPU available: False, using: 0 IPUs
HPU available: False, using: 0 HPUs
You are using a CUDA device ('NVIDIA RTX A6000') that has Tensor Cores. To properly utilize them, you should set `torch.set_float32_matmul_precision('medium' | 'high')` which will trade-off precision for performance. For more details, read https://pytorch.org/docs/stable/generated/torch.set_float32_matmul_precision.html#torch.set_float32_matmul_precision
LOCAL_RANK: 0 - CUDA_VISIBLE_DEVICES: [0]

  | Name | Type | Params
------------------------------
0 | dga  | DGA  | 117 K 
------------------------------
117 K     Trainable params
0         Non-trainable params
117 K     Total params
0.471     Total estimated model params size (MB)
Epoch 0: {'val_loss': '0.69723', 'g0': '0.00000', 'g1': '0.05317', 'flip_r': '0.00019', 'pmean': '0.49636', 'trn_auc': '0.53622', 'val_auc': '0.53584', 'tst_auc': '0.54022', 'trn_aps': '0.11929', 'val_aps': '0.11324', 'tst_aps': '0.12189', 'trn_loss0': '1.43057'}
Epoch 1: {'val_loss': '0.67199', 'g0': '0.00001', 'g1': '0.05316', 'flip_r': '0.00019', 'pmean': '0.48119', 'trn_auc': '0.49862', 'val_auc': '0.54098', 'tst_auc': '0.48170', 'trn_aps': '0.10265', 'val_aps': '0.12402', 'tst_aps': '0.10625', 'trn_loss0': '1.11465'}
Epoch 2: {'val_loss': '0.63115', 'g0': '0.00001', 'g1': '0.05316', 'flip_r': '0.00000', 'pmean': '0.45420', 'trn_auc': '0.49460', 'val_auc': '0.53728', 'tst_auc': '0.49644', 'trn_aps': '0.10713', 'val_aps': '0.12919', 'tst_aps': '0.11449', 'trn_loss0': '0.88943'}
Epoch 3: {'val_loss': '0.56963', 'g0': '0.00002', 'g1': '0.05315', 'flip_r': '0.00019', 'pmean': '0.40821', 'trn_auc': '0.49955', 'val_auc': '0.52437', 'tst_auc': '0.50934', 'trn_aps': '0.10850', 'val_aps': '0.12052', 'tst_aps': '0.11711', 'trn_loss0': '0.73617'}
Epoch 4: {'val_loss': '0.50300', 'g0': '0.00004', 'g1': '0.05313', 'flip_r': '0.00038', 'pmean': '0.35166', 'trn_auc': '0.50746', 'val_auc': '0.51310', 'tst_auc': '0.51906', 'trn_aps': '0.11120', 'val_aps': '0.11480', 'tst_aps': '0.12024', 'trn_loss0': '0.60361'}
Epoch 5: {'val_loss': '0.45625', 'g0': '0.00014', 'g1': '0.05303', 'flip_r': '0.00188', 'pmean': '0.30525', 'trn_auc': '0.50578', 'val_auc': '0.50382', 'tst_auc': '0.52610', 'trn_aps': '0.11507', 'val_aps': '0.11419', 'tst_aps': '0.12187', 'trn_loss0': '0.53377'}
Epoch 6: {'val_loss': '0.42107', 'g0': '0.00018', 'g1': '0.05299', 'flip_r': '0.00113', 'pmean': '0.26438', 'trn_auc': '0.49380', 'val_auc': '0.50036', 'tst_auc': '0.52523', 'trn_aps': '0.11567', 'val_aps': '0.10824', 'tst_aps': '0.11667', 'trn_loss0': '0.48602'}
Epoch 7: {'val_loss': '0.38933', 'g0': '0.00019', 'g1': '0.05298', 'flip_r': '0.00056', 'pmean': '0.22199', 'trn_auc': '0.50093', 'val_auc': '0.49576', 'tst_auc': '0.52626', 'trn_aps': '0.11710', 'val_aps': '0.10893', 'tst_aps': '0.11684', 'trn_loss0': '0.44663'}
Epoch 8: {'val_loss': '0.36944', 'g0': '0.00029', 'g1': '0.05288', 'flip_r': '0.00226', 'pmean': '0.18608', 'trn_auc': '0.49380', 'val_auc': '0.49090', 'tst_auc': '0.52281', 'trn_aps': '0.11316', 'val_aps': '0.10929', 'tst_aps': '0.11502', 'trn_loss0': '0.43204'}
Epoch 9: {'val_loss': '0.35777', 'g0': '0.00030', 'g1': '0.05287', 'flip_r': '0.00019', 'pmean': '0.15748', 'trn_auc': '0.48969', 'val_auc': '0.49245', 'tst_auc': '0.51904', 'trn_aps': '0.11425', 'val_aps': '0.10961', 'tst_aps': '0.11216', 'trn_loss0': '0.40440'}
Epoch 10: {'val_loss': '0.35194', 'g0': '0.00031', 'g1': '0.05286', 'flip_r': '0.00094', 'pmean': '0.13881', 'trn_auc': '0.49591', 'val_auc': '0.49643', 'tst_auc': '0.51668', 'trn_aps': '0.11307', 'val_aps': '0.11010', 'tst_aps': '0.11224', 'trn_loss0': '0.39500'}
Epoch 11: {'val_loss': '0.34973', 'g0': '0.00054', 'g1': '0.05263', 'flip_r': '0.00433', 'pmean': '0.12892', 'trn_auc': '0.50540', 'val_auc': '0.49979', 'tst_auc': '0.52137', 'trn_aps': '0.11921', 'val_aps': '0.11972', 'tst_aps': '0.11808', 'trn_loss0': '0.38960'}
Epoch 12: {'val_loss': '0.35487', 'g0': '0.00047', 'g1': '0.05270', 'flip_r': '0.00357', 'pmean': '0.11735', 'trn_auc': '0.50765', 'val_auc': '0.50376', 'tst_auc': '0.53247', 'trn_aps': '0.11847', 'val_aps': '0.11846', 'tst_aps': '0.11809', 'trn_loss0': '0.38236'}
Epoch 13: {'val_loss': '0.34900', 'g0': '0.00050', 'g1': '0.05267', 'flip_r': '0.00433', 'pmean': '0.11193', 'trn_auc': '0.51613', 'val_auc': '0.51478', 'tst_auc': '0.54186', 'trn_aps': '0.12051', 'val_aps': '0.11652', 'tst_aps': '0.11924', 'trn_loss0': '0.37910'}
Epoch 14: {'val_loss': '0.34528', 'g0': '0.00049', 'g1': '0.05268', 'flip_r': '0.00621', 'pmean': '0.09802', 'trn_auc': '0.52368', 'val_auc': '0.52095', 'tst_auc': '0.54895', 'trn_aps': '0.12192', 'val_aps': '0.12450', 'tst_aps': '0.12533', 'trn_loss0': '0.36511'}
Epoch 15: {'val_loss': '0.34446', 'g0': '0.00052', 'g1': '0.05265', 'flip_r': '0.00433', 'pmean': '0.09973', 'trn_auc': '0.52103', 'val_auc': '0.51798', 'tst_auc': '0.54615', 'trn_aps': '0.11583', 'val_aps': '0.12562', 'tst_aps': '0.12300', 'trn_loss0': '0.36043'}
Epoch 16: {'val_loss': '0.34524', 'g0': '0.00045', 'g1': '0.05272', 'flip_r': '0.00395', 'pmean': '0.09883', 'trn_auc': '0.52228', 'val_auc': '0.51671', 'tst_auc': '0.55293', 'trn_aps': '0.11685', 'val_aps': '0.12354', 'tst_aps': '0.12385', 'trn_loss0': '0.36928'}
Epoch 17: {'val_loss': '0.34668', 'g0': '0.00046', 'g1': '0.05271', 'flip_r': '0.00395', 'pmean': '0.09410', 'trn_auc': '0.51777', 'val_auc': '0.53366', 'tst_auc': '0.54595', 'trn_aps': '0.11453', 'val_aps': '0.13359', 'tst_aps': '0.12101', 'trn_loss0': '0.37712'}
Epoch 18: {'val_loss': '0.34561', 'g0': '0.00053', 'g1': '0.05264', 'flip_r': '0.00357', 'pmean': '0.08530', 'trn_auc': '0.51262', 'val_auc': '0.53619', 'tst_auc': '0.54005', 'trn_aps': '0.11608', 'val_aps': '0.12598', 'tst_aps': '0.11927', 'trn_loss0': '0.36801'}
Epoch 19: {'val_loss': '0.34559', 'g0': '0.00068', 'g1': '0.05249', 'flip_r': '0.00508', 'pmean': '0.08581', 'trn_auc': '0.52111', 'val_auc': '0.53316', 'tst_auc': '0.54765', 'trn_aps': '0.11777', 'val_aps': '0.12600', 'tst_aps': '0.12225', 'trn_loss0': '0.35401'}
Epoch 20: {'val_loss': '0.34347', 'g0': '0.00070', 'g1': '0.05247', 'flip_r': '0.00602', 'pmean': '0.08159', 'trn_auc': '0.53037', 'val_auc': '0.53775', 'tst_auc': '0.55250', 'trn_aps': '0.12075', 'val_aps': '0.12853', 'tst_aps': '0.12499', 'trn_loss0': '0.37174'}
Epoch 21: {'val_loss': '0.34484', 'g0': '0.00053', 'g1': '0.05264', 'flip_r': '0.00809', 'pmean': '0.08528', 'trn_auc': '0.52927', 'val_auc': '0.54532', 'tst_auc': '0.54408', 'trn_aps': '0.11847', 'val_aps': '0.13116', 'tst_aps': '0.12239', 'trn_loss0': '0.36560'}
Epoch 22: {'val_loss': '0.34341', 'g0': '0.00055', 'g1': '0.05262', 'flip_r': '0.00339', 'pmean': '0.08488', 'trn_auc': '0.52496', 'val_auc': '0.55121', 'tst_auc': '0.54497', 'trn_aps': '0.11690', 'val_aps': '0.14209', 'tst_aps': '0.12349', 'trn_loss0': '0.34735'}
Epoch 23: {'val_loss': '0.34071', 'g0': '0.00044', 'g1': '0.05273', 'flip_r': '0.00508', 'pmean': '0.09162', 'trn_auc': '0.52704', 'val_auc': '0.54993', 'tst_auc': '0.55022', 'trn_aps': '0.11833', 'val_aps': '0.13455', 'tst_aps': '0.12300', 'trn_loss0': '0.36359'}
Epoch 24: {'val_loss': '0.34005', 'g0': '0.00039', 'g1': '0.05278', 'flip_r': '0.00433', 'pmean': '0.09292', 'trn_auc': '0.53062', 'val_auc': '0.56532', 'tst_auc': '0.55650', 'trn_aps': '0.11898', 'val_aps': '0.14446', 'tst_aps': '0.12550', 'trn_loss0': '0.36534'}
Epoch 25: {'val_loss': '0.34336', 'g0': '0.00048', 'g1': '0.05269', 'flip_r': '0.00470', 'pmean': '0.09926', 'trn_auc': '0.52941', 'val_auc': '0.54886', 'tst_auc': '0.55219', 'trn_aps': '0.11932', 'val_aps': '0.13011', 'tst_aps': '0.12196', 'trn_loss0': '0.36620'}
Epoch 26: {'val_loss': '0.34097', 'g0': '0.00042', 'g1': '0.05275', 'flip_r': '0.00414', 'pmean': '0.10108', 'trn_auc': '0.52644', 'val_auc': '0.55709', 'tst_auc': '0.55880', 'trn_aps': '0.11697', 'val_aps': '0.13479', 'tst_aps': '0.12197', 'trn_loss0': '0.34697'}
Epoch 27: {'val_loss': '0.33920', 'g0': '0.00033', 'g1': '0.05284', 'flip_r': '0.00470', 'pmean': '0.10109', 'trn_auc': '0.52686', 'val_auc': '0.56703', 'tst_auc': '0.55911', 'trn_aps': '0.11506', 'val_aps': '0.13389', 'tst_aps': '0.12192', 'trn_loss0': '0.36445'}
Epoch 28: {'val_loss': '0.33977', 'g0': '0.00026', 'g1': '0.05291', 'flip_r': '0.00395', 'pmean': '0.09862', 'trn_auc': '0.52357', 'val_auc': '0.55036', 'tst_auc': '0.56598', 'trn_aps': '0.11346', 'val_aps': '0.12365', 'tst_aps': '0.12228', 'trn_loss0': '0.35754'}
Epoch 29: {'val_loss': '0.33869', 'g0': '0.00023', 'g1': '0.05294', 'flip_r': '0.00470', 'pmean': '0.09650', 'trn_auc': '0.52749', 'val_auc': '0.56821', 'tst_auc': '0.56344', 'trn_aps': '0.11586', 'val_aps': '0.13604', 'tst_aps': '0.12320', 'trn_loss0': '0.34724'}
Epoch 30: {'val_loss': '0.33708', 'g0': '0.00018', 'g1': '0.05299', 'flip_r': '0.00207', 'pmean': '0.10252', 'trn_auc': '0.54781', 'val_auc': '0.55960', 'tst_auc': '0.57246', 'trn_aps': '0.12108', 'val_aps': '0.12636', 'tst_aps': '0.12376', 'trn_loss0': '0.35334'}
Epoch 31: {'val_loss': '0.33834', 'g0': '0.00020', 'g1': '0.05297', 'flip_r': '0.00226', 'pmean': '0.10445', 'trn_auc': '0.55021', 'val_auc': '0.55713', 'tst_auc': '0.56811', 'trn_aps': '0.12047', 'val_aps': '0.12379', 'tst_aps': '0.12175', 'trn_loss0': '0.35805'}
Epoch 32: {'val_loss': '0.33818', 'g0': '0.00017', 'g1': '0.05300', 'flip_r': '0.00244', 'pmean': '0.10491', 'trn_auc': '0.54873', 'val_auc': '0.56148', 'tst_auc': '0.56503', 'trn_aps': '0.12223', 'val_aps': '0.12509', 'tst_aps': '0.12019', 'trn_loss0': '0.35458'}
Epoch 33: {'val_loss': '0.33817', 'g0': '0.00017', 'g1': '0.05300', 'flip_r': '0.00188', 'pmean': '0.10386', 'trn_auc': '0.54574', 'val_auc': '0.56661', 'tst_auc': '0.57380', 'trn_aps': '0.11950', 'val_aps': '0.12589', 'tst_aps': '0.12237', 'trn_loss0': '0.36316'}
Epoch 34: {'val_loss': '0.33830', 'g0': '0.00030', 'g1': '0.05287', 'flip_r': '0.00470', 'pmean': '0.10584', 'trn_auc': '0.54114', 'val_auc': '0.57666', 'tst_auc': '0.57298', 'trn_aps': '0.11973', 'val_aps': '0.13023', 'tst_aps': '0.12615', 'trn_loss0': '0.35234'}
Epoch 35: {'val_loss': '0.33522', 'g0': '0.00029', 'g1': '0.05288', 'flip_r': '0.00169', 'pmean': '0.10168', 'trn_auc': '0.55030', 'val_auc': '0.58930', 'tst_auc': '0.57664', 'trn_aps': '0.12368', 'val_aps': '0.13904', 'tst_aps': '0.12917', 'trn_loss0': '0.35379'}
Epoch 36: {'val_loss': '0.33442', 'g0': '0.00027', 'g1': '0.05290', 'flip_r': '0.00188', 'pmean': '0.10743', 'trn_auc': '0.54476', 'val_auc': '0.60268', 'tst_auc': '0.57931', 'trn_aps': '0.12244', 'val_aps': '0.14302', 'tst_aps': '0.13132', 'trn_loss0': '0.34853'}
Epoch 37: {'val_loss': '0.33440', 'g0': '0.00037', 'g1': '0.05280', 'flip_r': '0.00188', 'pmean': '0.10295', 'trn_auc': '0.55526', 'val_auc': '0.60081', 'tst_auc': '0.57711', 'trn_aps': '0.12568', 'val_aps': '0.14423', 'tst_aps': '0.13043', 'trn_loss0': '0.34869'}
Epoch 38: {'val_loss': '0.33666', 'g0': '0.00030', 'g1': '0.05287', 'flip_r': '0.00433', 'pmean': '0.10238', 'trn_auc': '0.55341', 'val_auc': '0.58986', 'tst_auc': '0.57770', 'trn_aps': '0.12143', 'val_aps': '0.13665', 'tst_aps': '0.12948', 'trn_loss0': '0.35644'}
Epoch 39: {'val_loss': '0.33550', 'g0': '0.00026', 'g1': '0.05291', 'flip_r': '0.00339', 'pmean': '0.10695', 'trn_auc': '0.56824', 'val_auc': '0.59038', 'tst_auc': '0.57068', 'trn_aps': '0.12641', 'val_aps': '0.13834', 'tst_aps': '0.13010', 'trn_loss0': '0.34988'}
Epoch 40: {'val_loss': '0.33495', 'g0': '0.00027', 'g1': '0.05290', 'flip_r': '0.00282', 'pmean': '0.10579', 'trn_auc': '0.57242', 'val_auc': '0.60428', 'tst_auc': '0.57245', 'trn_aps': '0.12736', 'val_aps': '0.14473', 'tst_aps': '0.13120', 'trn_loss0': '0.35197'}
Epoch 41: {'val_loss': '0.33597', 'g0': '0.00020', 'g1': '0.05297', 'flip_r': '0.00169', 'pmean': '0.10979', 'trn_auc': '0.57860', 'val_auc': '0.60579', 'tst_auc': '0.57569', 'trn_aps': '0.12794', 'val_aps': '0.14476', 'tst_aps': '0.12961', 'trn_loss0': '0.34929'}
Epoch 42: {'val_loss': '0.33424', 'g0': '0.00014', 'g1': '0.05303', 'flip_r': '0.00301', 'pmean': '0.10707', 'trn_auc': '0.58992', 'val_auc': '0.59873', 'tst_auc': '0.58153', 'trn_aps': '0.13076', 'val_aps': '0.14072', 'tst_aps': '0.12877', 'trn_loss0': '0.34658'}
Epoch 43: {'val_loss': '0.33386', 'g0': '0.00016', 'g1': '0.05301', 'flip_r': '0.00188', 'pmean': '0.11384', 'trn_auc': '0.59996', 'val_auc': '0.59939', 'tst_auc': '0.59337', 'trn_aps': '0.13506', 'val_aps': '0.14735', 'tst_aps': '0.13874', 'trn_loss0': '0.34835'}
Epoch 44: {'val_loss': '0.33460', 'g0': '0.00014', 'g1': '0.05303', 'flip_r': '0.00188', 'pmean': '0.12189', 'trn_auc': '0.59975', 'val_auc': '0.60281', 'tst_auc': '0.59176', 'trn_aps': '0.14069', 'val_aps': '0.14693', 'tst_aps': '0.13581', 'trn_loss0': '0.34150'}
Epoch 45: {'val_loss': '0.33467', 'g0': '0.00019', 'g1': '0.05298', 'flip_r': '0.00094', 'pmean': '0.11746', 'trn_auc': '0.60344', 'val_auc': '0.60682', 'tst_auc': '0.58102', 'trn_aps': '0.14007', 'val_aps': '0.14857', 'tst_aps': '0.12984', 'trn_loss0': '0.34314'}
Epoch 46: {'val_loss': '0.33490', 'g0': '0.00024', 'g1': '0.05293', 'flip_r': '0.00094', 'pmean': '0.11222', 'trn_auc': '0.60346', 'val_auc': '0.60388', 'tst_auc': '0.58157', 'trn_aps': '0.13587', 'val_aps': '0.14706', 'tst_aps': '0.12850', 'trn_loss0': '0.35567'}
Epoch 47: {'val_loss': '0.33526', 'g0': '0.00020', 'g1': '0.05297', 'flip_r': '0.00150', 'pmean': '0.11132', 'trn_auc': '0.60618', 'val_auc': '0.60149', 'tst_auc': '0.58555', 'trn_aps': '0.13810', 'val_aps': '0.14508', 'tst_aps': '0.12899', 'trn_loss0': '0.34343'}
Epoch 48: {'val_loss': '0.33364', 'g0': '0.00017', 'g1': '0.05300', 'flip_r': '0.00094', 'pmean': '0.10707', 'trn_auc': '0.60582', 'val_auc': '0.59899', 'tst_auc': '0.58860', 'trn_aps': '0.14326', 'val_aps': '0.15153', 'tst_aps': '0.13305', 'trn_loss0': '0.34165'}
Epoch 49: {'val_loss': '0.33451', 'g0': '0.00015', 'g1': '0.05302', 'flip_r': '0.00075', 'pmean': '0.11232', 'trn_auc': '0.61066', 'val_auc': '0.59565', 'tst_auc': '0.59501', 'trn_aps': '0.13960', 'val_aps': '0.14674', 'tst_aps': '0.13573', 'trn_loss0': '0.33837'}
Epoch 50: {'val_loss': '0.33466', 'g0': '0.00023', 'g1': '0.05294', 'flip_r': '0.00150', 'pmean': '0.11396', 'trn_auc': '0.61929', 'val_auc': '0.59232', 'tst_auc': '0.60888', 'trn_aps': '0.14384', 'val_aps': '0.14520', 'tst_aps': '0.14039', 'trn_loss0': '0.34128'}
Epoch 51: {'val_loss': '0.33563', 'g0': '0.00024', 'g1': '0.05293', 'flip_r': '0.00132', 'pmean': '0.11396', 'trn_auc': '0.62502', 'val_auc': '0.59643', 'tst_auc': '0.61634', 'trn_aps': '0.14726', 'val_aps': '0.14832', 'tst_aps': '0.14302', 'trn_loss0': '0.34474'}
Epoch 52: {'val_loss': '0.33548', 'g0': '0.00025', 'g1': '0.05292', 'flip_r': '0.00282', 'pmean': '0.10298', 'trn_auc': '0.63592', 'val_auc': '0.59736', 'tst_auc': '0.61865', 'trn_aps': '0.15140', 'val_aps': '0.15106', 'tst_aps': '0.14307', 'trn_loss0': '0.34360'}
Epoch 53: {'val_loss': '0.33475', 'g0': '0.00023', 'g1': '0.05294', 'flip_r': '0.00414', 'pmean': '0.10267', 'trn_auc': '0.64009', 'val_auc': '0.60301', 'tst_auc': '0.61328', 'trn_aps': '0.15231', 'val_aps': '0.14548', 'tst_aps': '0.13734', 'trn_loss0': '0.33659'}
Epoch 54: {'val_loss': '0.33729', 'g0': '0.00017', 'g1': '0.05300', 'flip_r': '0.00188', 'pmean': '0.10818', 'trn_auc': '0.63874', 'val_auc': '0.60024', 'tst_auc': '0.61687', 'trn_aps': '0.15330', 'val_aps': '0.14549', 'tst_aps': '0.14005', 'trn_loss0': '0.34511'}
Epoch 00055: reducing learning rate of group 0 to 5.0000e-04.
Epoch 55: {'val_loss': '0.34198', 'g0': '0.00013', 'g1': '0.05304', 'flip_r': '0.00263', 'pmean': '0.11154', 'trn_auc': '0.63741', 'val_auc': '0.60327', 'tst_auc': '0.62080', 'trn_aps': '0.14993', 'val_aps': '0.14523', 'tst_aps': '0.14345', 'trn_loss0': '0.34143'}
Epoch 56: {'val_loss': '0.34480', 'g0': '0.00010', 'g1': '0.05307', 'flip_r': '0.00094', 'pmean': '0.11393', 'trn_auc': '0.63983', 'val_auc': '0.60903', 'tst_auc': '0.63021', 'trn_aps': '0.15118', 'val_aps': '0.14940', 'tst_aps': '0.14747', 'trn_loss0': '0.34210'}
Epoch 57: {'val_loss': '0.33114', 'g0': '0.00007', 'g1': '0.05310', 'flip_r': '0.00094', 'pmean': '0.11541', 'trn_auc': '0.64363', 'val_auc': '0.60057', 'tst_auc': '0.62858', 'trn_aps': '0.15300', 'val_aps': '0.14378', 'tst_aps': '0.14557', 'trn_loss0': '0.33999'}
Epoch 58: {'val_loss': '0.33029', 'g0': '0.00007', 'g1': '0.05310', 'flip_r': '0.00075', 'pmean': '0.11446', 'trn_auc': '0.64823', 'val_auc': '0.60838', 'tst_auc': '0.63118', 'trn_aps': '0.15637', 'val_aps': '0.14980', 'tst_aps': '0.14962', 'trn_loss0': '0.33617'}
Epoch 59: {'val_loss': '0.33065', 'g0': '0.00008', 'g1': '0.05309', 'flip_r': '0.00019', 'pmean': '0.11202', 'trn_auc': '0.64264', 'val_auc': '0.60950', 'tst_auc': '0.62631', 'trn_aps': '0.15364', 'val_aps': '0.15014', 'tst_aps': '0.14690', 'trn_loss0': '0.33757'}
Epoch 60: {'val_loss': '0.33049', 'g0': '0.00013', 'g1': '0.05304', 'flip_r': '0.00094', 'pmean': '0.11357', 'trn_auc': '0.64746', 'val_auc': '0.60491', 'tst_auc': '0.62293', 'trn_aps': '0.15766', 'val_aps': '0.14983', 'tst_aps': '0.14170', 'trn_loss0': '0.33533'}
Epoch 61: {'val_loss': '0.34737', 'g0': '0.00013', 'g1': '0.05304', 'flip_r': '0.00113', 'pmean': '0.11524', 'trn_auc': '0.65754', 'val_auc': '0.62348', 'tst_auc': '0.62627', 'trn_aps': '0.16460', 'val_aps': '0.16314', 'tst_aps': '0.14740', 'trn_loss0': '0.34021'}
Epoch 62: {'val_loss': '0.32912', 'g0': '0.00011', 'g1': '0.05306', 'flip_r': '0.00038', 'pmean': '0.11378', 'trn_auc': '0.65458', 'val_auc': '0.61908', 'tst_auc': '0.63073', 'trn_aps': '0.16671', 'val_aps': '0.16715', 'tst_aps': '0.15314', 'trn_loss0': '0.34041'}
Epoch 63: {'val_loss': '0.32901', 'g0': '0.00014', 'g1': '0.05303', 'flip_r': '0.00132', 'pmean': '0.11253', 'trn_auc': '0.65516', 'val_auc': '0.62542', 'tst_auc': '0.63185', 'trn_aps': '0.16150', 'val_aps': '0.17557', 'tst_aps': '0.15270', 'trn_loss0': '0.34013'}
Epoch 64: {'val_loss': '0.32885', 'g0': '0.00013', 'g1': '0.05304', 'flip_r': '0.00094', 'pmean': '0.11158', 'trn_auc': '0.64998', 'val_auc': '0.62839', 'tst_auc': '0.63192', 'trn_aps': '0.15740', 'val_aps': '0.17695', 'tst_aps': '0.15250', 'trn_loss0': '0.33794'}
Epoch 65: {'val_loss': '0.32770', 'g0': '0.00014', 'g1': '0.05303', 'flip_r': '0.00244', 'pmean': '0.11003', 'trn_auc': '0.65384', 'val_auc': '0.62681', 'tst_auc': '0.63723', 'trn_aps': '0.15785', 'val_aps': '0.17575', 'tst_aps': '0.15685', 'trn_loss0': '0.33732'}
Epoch 66: {'val_loss': '0.32793', 'g0': '0.00009', 'g1': '0.05308', 'flip_r': '0.00169', 'pmean': '0.11007', 'trn_auc': '0.65445', 'val_auc': '0.62925', 'tst_auc': '0.63339', 'trn_aps': '0.16067', 'val_aps': '0.17943', 'tst_aps': '0.15840', 'trn_loss0': '0.33449'}
Epoch 67: {'val_loss': '0.32717', 'g0': '0.00022', 'g1': '0.05295', 'flip_r': '0.00244', 'pmean': '0.10648', 'trn_auc': '0.65717', 'val_auc': '0.63842', 'tst_auc': '0.63884', 'trn_aps': '0.16435', 'val_aps': '0.17611', 'tst_aps': '0.16075', 'trn_loss0': '0.33953'}
Epoch 68: {'val_loss': '0.32663', 'g0': '0.00020', 'g1': '0.05297', 'flip_r': '0.00188', 'pmean': '0.10489', 'trn_auc': '0.66553', 'val_auc': '0.64050', 'tst_auc': '0.64159', 'trn_aps': '0.16940', 'val_aps': '0.18160', 'tst_aps': '0.16151', 'trn_loss0': '0.33628'}
Epoch 69: {'val_loss': '0.32600', 'g0': '0.00020', 'g1': '0.05297', 'flip_r': '0.00188', 'pmean': '0.10393', 'trn_auc': '0.67081', 'val_auc': '0.64134', 'tst_auc': '0.64932', 'trn_aps': '0.17380', 'val_aps': '0.18566', 'tst_aps': '0.16306', 'trn_loss0': '0.33404'}
Epoch 70: {'val_loss': '0.32590', 'g0': '0.00017', 'g1': '0.05300', 'flip_r': '0.00132', 'pmean': '0.10415', 'trn_auc': '0.67455', 'val_auc': '0.64125', 'tst_auc': '0.64781', 'trn_aps': '0.17655', 'val_aps': '0.18894', 'tst_aps': '0.16268', 'trn_loss0': '0.34051'}
Epoch 71: {'val_loss': '0.32550', 'g0': '0.00012', 'g1': '0.05305', 'flip_r': '0.00094', 'pmean': '0.10483', 'trn_auc': '0.67959', 'val_auc': '0.63706', 'tst_auc': '0.65069', 'trn_aps': '0.17765', 'val_aps': '0.18607', 'tst_aps': '0.16579', 'trn_loss0': '0.33100'}
Epoch 72: {'val_loss': '0.32466', 'g0': '0.00017', 'g1': '0.05300', 'flip_r': '0.00244', 'pmean': '0.10220', 'trn_auc': '0.68701', 'val_auc': '0.64121', 'tst_auc': '0.65808', 'trn_aps': '0.18344', 'val_aps': '0.19260', 'tst_aps': '0.16877', 'trn_loss0': '0.33769'}
Epoch 73: {'val_loss': '0.32542', 'g0': '0.00015', 'g1': '0.05302', 'flip_r': '0.00301', 'pmean': '0.10360', 'trn_auc': '0.68595', 'val_auc': '0.63095', 'tst_auc': '0.65372', 'trn_aps': '0.17752', 'val_aps': '0.17105', 'tst_aps': '0.16512', 'trn_loss0': '0.33835'}
Epoch 74: {'val_loss': '0.32405', 'g0': '0.00017', 'g1': '0.05300', 'flip_r': '0.00301', 'pmean': '0.10366', 'trn_auc': '0.69993', 'val_auc': '0.63791', 'tst_auc': '0.66127', 'trn_aps': '0.18915', 'val_aps': '0.18937', 'tst_aps': '0.17188', 'trn_loss0': '0.32799'}
Epoch 75: {'val_loss': '0.32419', 'g0': '0.00018', 'g1': '0.05299', 'flip_r': '0.00207', 'pmean': '0.10092', 'trn_auc': '0.69644', 'val_auc': '0.64977', 'tst_auc': '0.65705', 'trn_aps': '0.18411', 'val_aps': '0.18768', 'tst_aps': '0.16654', 'trn_loss0': '0.32948'}
Epoch 76: {'val_loss': '0.32410', 'g0': '0.00014', 'g1': '0.05303', 'flip_r': '0.00339', 'pmean': '0.10647', 'trn_auc': '0.69748', 'val_auc': '0.64647', 'tst_auc': '0.66639', 'trn_aps': '0.18448', 'val_aps': '0.18231', 'tst_aps': '0.17157', 'trn_loss0': '0.33181'}
Epoch 77: {'val_loss': '0.32358', 'g0': '0.00011', 'g1': '0.05306', 'flip_r': '0.00244', 'pmean': '0.10468', 'trn_auc': '0.69367', 'val_auc': '0.64887', 'tst_auc': '0.66720', 'trn_aps': '0.18103', 'val_aps': '0.18597', 'tst_aps': '0.17421', 'trn_loss0': '0.32761'}
Epoch 78: {'val_loss': '0.32339', 'g0': '0.00012', 'g1': '0.05305', 'flip_r': '0.00056', 'pmean': '0.10375', 'trn_auc': '0.70392', 'val_auc': '0.64404', 'tst_auc': '0.66530', 'trn_aps': '0.18770', 'val_aps': '0.17944', 'tst_aps': '0.17337', 'trn_loss0': '0.32811'}
Epoch 79: {'val_loss': '0.32317', 'g0': '0.00018', 'g1': '0.05299', 'flip_r': '0.00113', 'pmean': '0.10064', 'trn_auc': '0.70196', 'val_auc': '0.64343', 'tst_auc': '0.66620', 'trn_aps': '0.18516', 'val_aps': '0.18207', 'tst_aps': '0.17348', 'trn_loss0': '0.32630'}
Epoch 80: {'val_loss': '0.32245', 'g0': '0.00018', 'g1': '0.05299', 'flip_r': '0.00113', 'pmean': '0.10054', 'trn_auc': '0.70565', 'val_auc': '0.64575', 'tst_auc': '0.66837', 'trn_aps': '0.18871', 'val_aps': '0.18876', 'tst_aps': '0.17236', 'trn_loss0': '0.32948'}
Epoch 81: {'val_loss': '0.32220', 'g0': '0.00015', 'g1': '0.05302', 'flip_r': '0.00132', 'pmean': '0.10358', 'trn_auc': '0.69908', 'val_auc': '0.64220', 'tst_auc': '0.66854', 'trn_aps': '0.18747', 'val_aps': '0.17900', 'tst_aps': '0.17341', 'trn_loss0': '0.32800'}
Epoch 82: {'val_loss': '0.32285', 'g0': '0.00013', 'g1': '0.05304', 'flip_r': '0.00150', 'pmean': '0.10578', 'trn_auc': '0.69793', 'val_auc': '0.64357', 'tst_auc': '0.67427', 'trn_aps': '0.18090', 'val_aps': '0.17179', 'tst_aps': '0.17263', 'trn_loss0': '0.33214'}
Epoch 83: {'val_loss': '0.32166', 'g0': '0.00015', 'g1': '0.05302', 'flip_r': '0.00113', 'pmean': '0.10325', 'trn_auc': '0.70345', 'val_auc': '0.64547', 'tst_auc': '0.67847', 'trn_aps': '0.18907', 'val_aps': '0.17648', 'tst_aps': '0.17939', 'trn_loss0': '0.33126'}
Epoch 84: {'val_loss': '0.32078', 'g0': '0.00015', 'g1': '0.05302', 'flip_r': '0.00150', 'pmean': '0.10411', 'trn_auc': '0.70253', 'val_auc': '0.65341', 'tst_auc': '0.68212', 'trn_aps': '0.19453', 'val_aps': '0.17697', 'tst_aps': '0.18530', 'trn_loss0': '0.33186'}
Epoch 85: {'val_loss': '0.32028', 'g0': '0.00009', 'g1': '0.05308', 'flip_r': '0.00188', 'pmean': '0.10454', 'trn_auc': '0.70759', 'val_auc': '0.65879', 'tst_auc': '0.68553', 'trn_aps': '0.19762', 'val_aps': '0.17770', 'tst_aps': '0.18639', 'trn_loss0': '0.32804'}
Epoch 86: {'val_loss': '0.31957', 'g0': '0.00016', 'g1': '0.05301', 'flip_r': '0.00169', 'pmean': '0.10405', 'trn_auc': '0.71426', 'val_auc': '0.66231', 'tst_auc': '0.69060', 'trn_aps': '0.20476', 'val_aps': '0.17999', 'tst_aps': '0.18704', 'trn_loss0': '0.31978'}
Epoch 87: {'val_loss': '0.31834', 'g0': '0.00015', 'g1': '0.05302', 'flip_r': '0.00094', 'pmean': '0.10280', 'trn_auc': '0.71786', 'val_auc': '0.66462', 'tst_auc': '0.69386', 'trn_aps': '0.20642', 'val_aps': '0.18663', 'tst_aps': '0.18873', 'trn_loss0': '0.33033'}
Epoch 88: {'val_loss': '0.31847', 'g0': '0.00014', 'g1': '0.05303', 'flip_r': '0.00169', 'pmean': '0.10437', 'trn_auc': '0.72097', 'val_auc': '0.66461', 'tst_auc': '0.69297', 'trn_aps': '0.20763', 'val_aps': '0.18755', 'tst_aps': '0.19136', 'trn_loss0': '0.32690'}
Epoch 89: {'val_loss': '0.31773', 'g0': '0.00019', 'g1': '0.05298', 'flip_r': '0.00207', 'pmean': '0.10336', 'trn_auc': '0.72132', 'val_auc': '0.66385', 'tst_auc': '0.69127', 'trn_aps': '0.21302', 'val_aps': '0.18525', 'tst_aps': '0.19274', 'trn_loss0': '0.33008'}
Epoch 90: {'val_loss': '0.31739', 'g0': '0.00020', 'g1': '0.05297', 'flip_r': '0.00207', 'pmean': '0.10310', 'trn_auc': '0.72036', 'val_auc': '0.67067', 'tst_auc': '0.69195', 'trn_aps': '0.20374', 'val_aps': '0.19168', 'tst_aps': '0.19424', 'trn_loss0': '0.33207'}
Epoch 91: {'val_loss': '0.31708', 'g0': '0.00025', 'g1': '0.05292', 'flip_r': '0.00244', 'pmean': '0.10230', 'trn_auc': '0.71635', 'val_auc': '0.67205', 'tst_auc': '0.69157', 'trn_aps': '0.20371', 'val_aps': '0.19998', 'tst_aps': '0.19007', 'trn_loss0': '0.32887'}
Epoch 92: {'val_loss': '0.31733', 'g0': '0.00023', 'g1': '0.05294', 'flip_r': '0.00188', 'pmean': '0.10164', 'trn_auc': '0.71688', 'val_auc': '0.66683', 'tst_auc': '0.68696', 'trn_aps': '0.19807', 'val_aps': '0.19453', 'tst_aps': '0.18504', 'trn_loss0': '0.32767'}
Epoch 93: {'val_loss': '0.31770', 'g0': '0.00022', 'g1': '0.05295', 'flip_r': '0.00282', 'pmean': '0.10142', 'trn_auc': '0.71765', 'val_auc': '0.65753', 'tst_auc': '0.69015', 'trn_aps': '0.20075', 'val_aps': '0.18120', 'tst_aps': '0.18644', 'trn_loss0': '0.32619'}
Epoch 94: {'val_loss': '0.31715', 'g0': '0.00019', 'g1': '0.05298', 'flip_r': '0.00207', 'pmean': '0.10494', 'trn_auc': '0.72814', 'val_auc': '0.66567', 'tst_auc': '0.69156', 'trn_aps': '0.20874', 'val_aps': '0.18952', 'tst_aps': '0.18730', 'trn_loss0': '0.32876'}
Epoch 95: {'val_loss': '0.31504', 'g0': '0.00013', 'g1': '0.05304', 'flip_r': '0.00226', 'pmean': '0.10363', 'trn_auc': '0.73723', 'val_auc': '0.67402', 'tst_auc': '0.70744', 'trn_aps': '0.22462', 'val_aps': '0.18577', 'tst_aps': '0.20451', 'trn_loss0': '0.32848'}
Epoch 96: {'val_loss': '0.31422', 'g0': '0.00016', 'g1': '0.05301', 'flip_r': '0.00132', 'pmean': '0.10383', 'trn_auc': '0.74103', 'val_auc': '0.67515', 'tst_auc': '0.71071', 'trn_aps': '0.22731', 'val_aps': '0.19745', 'tst_aps': '0.20899', 'trn_loss0': '0.32583'}
Epoch 97: {'val_loss': '0.31356', 'g0': '0.00013', 'g1': '0.05304', 'flip_r': '0.00169', 'pmean': '0.10729', 'trn_auc': '0.74235', 'val_auc': '0.68343', 'tst_auc': '0.71757', 'trn_aps': '0.23002', 'val_aps': '0.20000', 'tst_aps': '0.22464', 'trn_loss0': '0.31547'}
Epoch 98: {'val_loss': '0.31308', 'g0': '0.00022', 'g1': '0.05295', 'flip_r': '0.00320', 'pmean': '0.10441', 'trn_auc': '0.75001', 'val_auc': '0.69212', 'tst_auc': '0.71677', 'trn_aps': '0.23725', 'val_aps': '0.21391', 'tst_aps': '0.22314', 'trn_loss0': '0.32527'}
Epoch 99: {'val_loss': '0.31269', 'g0': '0.00021', 'g1': '0.05296', 'flip_r': '0.00395', 'pmean': '0.10605', 'trn_auc': '0.75460', 'val_auc': '0.69188', 'tst_auc': '0.72028', 'trn_aps': '0.24911', 'val_aps': '0.21077', 'tst_aps': '0.23055', 'trn_loss0': '0.31662'}
Epoch 100: {'val_loss': '0.31167', 'g0': '0.00022', 'g1': '0.05295', 'flip_r': '0.00395', 'pmean': '0.10799', 'trn_auc': '0.76024', 'val_auc': '0.69542', 'tst_auc': '0.72061', 'trn_aps': '0.25469', 'val_aps': '0.21556', 'tst_aps': '0.22903', 'trn_loss0': '0.31405'}
Epoch 101: {'val_loss': '0.31083', 'g0': '0.00023', 'g1': '0.05294', 'flip_r': '0.00244', 'pmean': '0.10651', 'trn_auc': '0.76557', 'val_auc': '0.70307', 'tst_auc': '0.72041', 'trn_aps': '0.25704', 'val_aps': '0.22025', 'tst_aps': '0.23185', 'trn_loss0': '0.31552'}
Epoch 102: {'val_loss': '0.30904', 'g0': '0.00033', 'g1': '0.05284', 'flip_r': '0.00263', 'pmean': '0.10358', 'trn_auc': '0.77208', 'val_auc': '0.71106', 'tst_auc': '0.72843', 'trn_aps': '0.27484', 'val_aps': '0.23483', 'tst_aps': '0.24569', 'trn_loss0': '0.32084'}
Epoch 103: {'val_loss': '0.30707', 'g0': '0.00040', 'g1': '0.05277', 'flip_r': '0.00244', 'pmean': '0.10328', 'trn_auc': '0.77426', 'val_auc': '0.71831', 'tst_auc': '0.73395', 'trn_aps': '0.28187', 'val_aps': '0.24247', 'tst_aps': '0.26416', 'trn_loss0': '0.31533'}
Epoch 104: {'val_loss': '0.30664', 'g0': '0.00045', 'g1': '0.05272', 'flip_r': '0.00320', 'pmean': '0.10211', 'trn_auc': '0.77093', 'val_auc': '0.71579', 'tst_auc': '0.73411', 'trn_aps': '0.27863', 'val_aps': '0.24047', 'tst_aps': '0.26240', 'trn_loss0': '0.30969'}
Epoch 105: {'val_loss': '0.30527', 'g0': '0.00058', 'g1': '0.05259', 'flip_r': '0.00583', 'pmean': '0.10024', 'trn_auc': '0.78005', 'val_auc': '0.72076', 'tst_auc': '0.73501', 'trn_aps': '0.29441', 'val_aps': '0.25163', 'tst_aps': '0.26775', 'trn_loss0': '0.31028'}
Epoch 106: {'val_loss': '0.30474', 'g0': '0.00065', 'g1': '0.05252', 'flip_r': '0.00621', 'pmean': '0.10210', 'trn_auc': '0.78381', 'val_auc': '0.72292', 'tst_auc': '0.73440', 'trn_aps': '0.28641', 'val_aps': '0.24795', 'tst_aps': '0.27324', 'trn_loss0': '0.32081'}
Epoch 107: {'val_loss': '0.30370', 'g0': '0.00052', 'g1': '0.05265', 'flip_r': '0.00733', 'pmean': '0.10279', 'trn_auc': '0.79111', 'val_auc': '0.72629', 'tst_auc': '0.73853', 'trn_aps': '0.31150', 'val_aps': '0.26020', 'tst_aps': '0.26483', 'trn_loss0': '0.30494'}
Epoch 108: {'val_loss': '0.30478', 'g0': '0.00042', 'g1': '0.05275', 'flip_r': '0.00790', 'pmean': '0.10545', 'trn_auc': '0.78053', 'val_auc': '0.71244', 'tst_auc': '0.73395', 'trn_aps': '0.27894', 'val_aps': '0.22536', 'tst_aps': '0.24319', 'trn_loss0': '0.31251'}
Epoch 109: {'val_loss': '0.30402', 'g0': '0.00065', 'g1': '0.05252', 'flip_r': '0.00809', 'pmean': '0.10409', 'trn_auc': '0.78428', 'val_auc': '0.71194', 'tst_auc': '0.73071', 'trn_aps': '0.28644', 'val_aps': '0.22052', 'tst_aps': '0.23936', 'trn_loss0': '0.31087'}
Epoch 110: {'val_loss': '0.30247', 'g0': '0.00088', 'g1': '0.05229', 'flip_r': '0.00809', 'pmean': '0.10038', 'trn_auc': '0.78970', 'val_auc': '0.71812', 'tst_auc': '0.73664', 'trn_aps': '0.30270', 'val_aps': '0.23919', 'tst_aps': '0.25179', 'trn_loss0': '0.31357'}
Epoch 111: {'val_loss': '0.30172', 'g0': '0.00076', 'g1': '0.05241', 'flip_r': '0.00639', 'pmean': '0.10095', 'trn_auc': '0.79069', 'val_auc': '0.72112', 'tst_auc': '0.74074', 'trn_aps': '0.29989', 'val_aps': '0.23238', 'tst_aps': '0.25291', 'trn_loss0': '0.30765'}
Epoch 112: {'val_loss': '0.30223', 'g0': '0.00051', 'g1': '0.05266', 'flip_r': '0.01034', 'pmean': '0.10309', 'trn_auc': '0.79125', 'val_auc': '0.72043', 'tst_auc': '0.73220', 'trn_aps': '0.31965', 'val_aps': '0.24201', 'tst_aps': '0.24467', 'trn_loss0': '0.31541'}
Epoch 113: {'val_loss': '0.30187', 'g0': '0.00035', 'g1': '0.05282', 'flip_r': '0.00602', 'pmean': '0.10631', 'trn_auc': '0.79117', 'val_auc': '0.72169', 'tst_auc': '0.73717', 'trn_aps': '0.31953', 'val_aps': '0.24314', 'tst_aps': '0.25514', 'trn_loss0': '0.30354'}
Epoch 114: {'val_loss': '0.30055', 'g0': '0.00055', 'g1': '0.05262', 'flip_r': '0.00677', 'pmean': '0.10065', 'trn_auc': '0.79837', 'val_auc': '0.72923', 'tst_auc': '0.73976', 'trn_aps': '0.33404', 'val_aps': '0.26148', 'tst_aps': '0.26133', 'trn_loss0': '0.30608'}
Epoch 115: {'val_loss': '0.29879', 'g0': '0.00087', 'g1': '0.05230', 'flip_r': '0.00903', 'pmean': '0.09788', 'trn_auc': '0.80172', 'val_auc': '0.73185', 'tst_auc': '0.74706', 'trn_aps': '0.33811', 'val_aps': '0.26024', 'tst_aps': '0.26908', 'trn_loss0': '0.29732'}
Epoch 116: {'val_loss': '0.29873', 'g0': '0.00082', 'g1': '0.05235', 'flip_r': '0.00846', 'pmean': '0.09644', 'trn_auc': '0.80230', 'val_auc': '0.73247', 'tst_auc': '0.74935', 'trn_aps': '0.33598', 'val_aps': '0.25203', 'tst_aps': '0.27159', 'trn_loss0': '0.30686'}
Epoch 117: {'val_loss': '0.29929', 'g0': '0.00134', 'g1': '0.05183', 'flip_r': '0.01505', 'pmean': '0.09394', 'trn_auc': '0.80770', 'val_auc': '0.72395', 'tst_auc': '0.74973', 'trn_aps': '0.33727', 'val_aps': '0.25581', 'tst_aps': '0.28462', 'trn_loss0': '0.30603'}
Epoch 118: {'val_loss': '0.29649', 'g0': '0.00219', 'g1': '0.05098', 'flip_r': '0.02200', 'pmean': '0.09150', 'trn_auc': '0.81389', 'val_auc': '0.72458', 'tst_auc': '0.75950', 'trn_aps': '0.34558', 'val_aps': '0.27279', 'tst_aps': '0.28670', 'trn_loss0': '0.31725'}
Epoch 119: {'val_loss': '0.29669', 'g0': '0.00175', 'g1': '0.05142', 'flip_r': '0.01542', 'pmean': '0.09323', 'trn_auc': '0.81337', 'val_auc': '0.72421', 'tst_auc': '0.75833', 'trn_aps': '0.34143', 'val_aps': '0.26943', 'tst_aps': '0.27979', 'trn_loss0': '0.30368'}
Epoch 120: {'val_loss': '0.29676', 'g0': '0.00181', 'g1': '0.05136', 'flip_r': '0.01016', 'pmean': '0.09367', 'trn_auc': '0.81298', 'val_auc': '0.72030', 'tst_auc': '0.75602', 'trn_aps': '0.34868', 'val_aps': '0.27468', 'tst_aps': '0.28740', 'trn_loss0': '0.29201'}
Epoch 121: {'val_loss': '0.29518', 'g0': '0.00255', 'g1': '0.05062', 'flip_r': '0.02708', 'pmean': '0.09118', 'trn_auc': '0.81994', 'val_auc': '0.72346', 'tst_auc': '0.75650', 'trn_aps': '0.37076', 'val_aps': '0.27587', 'tst_aps': '0.29701', 'trn_loss0': '0.29255'}
Epoch 122: {'val_loss': '0.29343', 'g0': '0.00234', 'g1': '0.05083', 'flip_r': '0.01749', 'pmean': '0.09238', 'trn_auc': '0.82000', 'val_auc': '0.73377', 'tst_auc': '0.75962', 'trn_aps': '0.37498', 'val_aps': '0.27579', 'tst_aps': '0.30377', 'trn_loss0': '0.29582'}
Epoch 123: {'val_loss': '0.29266', 'g0': '0.00358', 'g1': '0.04959', 'flip_r': '0.03536', 'pmean': '0.08897', 'trn_auc': '0.82592', 'val_auc': '0.73704', 'tst_auc': '0.75929', 'trn_aps': '0.37791', 'val_aps': '0.28924', 'tst_aps': '0.31090', 'trn_loss0': '0.29891'}
Epoch 124: {'val_loss': '0.29218', 'g0': '0.00401', 'g1': '0.04916', 'flip_r': '0.02765', 'pmean': '0.08609', 'trn_auc': '0.82897', 'val_auc': '0.74000', 'tst_auc': '0.76246', 'trn_aps': '0.37455', 'val_aps': '0.30135', 'tst_aps': '0.31984', 'trn_loss0': '0.29775'}
Epoch 125: {'val_loss': '0.29124', 'g0': '0.00325', 'g1': '0.04992', 'flip_r': '0.03122', 'pmean': '0.08743', 'trn_auc': '0.82717', 'val_auc': '0.74648', 'tst_auc': '0.76130', 'trn_aps': '0.37799', 'val_aps': '0.30591', 'tst_aps': '0.32195', 'trn_loss0': '0.29605'}
Epoch 126: {'val_loss': '0.28972', 'g0': '0.00491', 'g1': '0.04826', 'flip_r': '0.04664', 'pmean': '0.08714', 'trn_auc': '0.83067', 'val_auc': '0.74835', 'tst_auc': '0.76022', 'trn_aps': '0.38694', 'val_aps': '0.30199', 'tst_aps': '0.31766', 'trn_loss0': '0.28957'}
Epoch 127: {'val_loss': '0.28888', 'g0': '0.00593', 'g1': '0.04724', 'flip_r': '0.04363', 'pmean': '0.08779', 'trn_auc': '0.83325', 'val_auc': '0.74424', 'tst_auc': '0.75934', 'trn_aps': '0.39843', 'val_aps': '0.31612', 'tst_aps': '0.32043', 'trn_loss0': '0.28881'}
Epoch 128: {'val_loss': '0.28679', 'g0': '0.00486', 'g1': '0.04831', 'flip_r': '0.04345', 'pmean': '0.08949', 'trn_auc': '0.83909', 'val_auc': '0.75381', 'tst_auc': '0.76311', 'trn_aps': '0.41646', 'val_aps': '0.32024', 'tst_aps': '0.32699', 'trn_loss0': '0.29194'}
Epoch 129: {'val_loss': '0.28544', 'g0': '0.00562', 'g1': '0.04755', 'flip_r': '0.03385', 'pmean': '0.08780', 'trn_auc': '0.84164', 'val_auc': '0.75834', 'tst_auc': '0.76616', 'trn_aps': '0.41334', 'val_aps': '0.32982', 'tst_aps': '0.33863', 'trn_loss0': '0.29194'}
Epoch 130: {'val_loss': '0.28606', 'g0': '0.00617', 'g1': '0.04700', 'flip_r': '0.04871', 'pmean': '0.09077', 'trn_auc': '0.84730', 'val_auc': '0.75041', 'tst_auc': '0.76333', 'trn_aps': '0.43417', 'val_aps': '0.31236', 'tst_aps': '0.32494', 'trn_loss0': '0.29968'}
Epoch 131: {'val_loss': '0.28336', 'g0': '0.00506', 'g1': '0.04811', 'flip_r': '0.05323', 'pmean': '0.09125', 'trn_auc': '0.85150', 'val_auc': '0.75702', 'tst_auc': '0.77188', 'trn_aps': '0.41572', 'val_aps': '0.32245', 'tst_aps': '0.35624', 'trn_loss0': '0.29066'}
Epoch 132: {'val_loss': '0.28313', 'g0': '0.00448', 'g1': '0.04869', 'flip_r': '0.03950', 'pmean': '0.09795', 'trn_auc': '0.84395', 'val_auc': '0.75585', 'tst_auc': '0.77166', 'trn_aps': '0.40542', 'val_aps': '0.30519', 'tst_aps': '0.35883', 'trn_loss0': '0.29047'}
Epoch 133: {'val_loss': '0.28313', 'g0': '0.00481', 'g1': '0.04836', 'flip_r': '0.02313', 'pmean': '0.10224', 'trn_auc': '0.83901', 'val_auc': '0.75451', 'tst_auc': '0.77045', 'trn_aps': '0.40561', 'val_aps': '0.31392', 'tst_aps': '0.35438', 'trn_loss0': '0.29473'}
Epoch 134: {'val_loss': '0.28040', 'g0': '0.00548', 'g1': '0.04769', 'flip_r': '0.02464', 'pmean': '0.10121', 'trn_auc': '0.84986', 'val_auc': '0.76205', 'tst_auc': '0.77237', 'trn_aps': '0.43770', 'val_aps': '0.33468', 'tst_aps': '0.34567', 'trn_loss0': '0.28640'}
Epoch 135: {'val_loss': '0.28108', 'g0': '0.00558', 'g1': '0.04759', 'flip_r': '0.02370', 'pmean': '0.09918', 'trn_auc': '0.84550', 'val_auc': '0.76152', 'tst_auc': '0.77087', 'trn_aps': '0.41172', 'val_aps': '0.33584', 'tst_aps': '0.36296', 'trn_loss0': '0.28734'}
Epoch 136: {'val_loss': '0.27859', 'g0': '0.00682', 'g1': '0.04635', 'flip_r': '0.03235', 'pmean': '0.09538', 'trn_auc': '0.85409', 'val_auc': '0.76561', 'tst_auc': '0.77377', 'trn_aps': '0.43537', 'val_aps': '0.34038', 'tst_aps': '0.37462', 'trn_loss0': '0.27987'}
Epoch 137: {'val_loss': '0.27724', 'g0': '0.00771', 'g1': '0.04546', 'flip_r': '0.02689', 'pmean': '0.09121', 'trn_auc': '0.85865', 'val_auc': '0.77747', 'tst_auc': '0.77523', 'trn_aps': '0.44499', 'val_aps': '0.36699', 'tst_aps': '0.36081', 'trn_loss0': '0.27643'}
Epoch 138: {'val_loss': '0.27798', 'g0': '0.01007', 'g1': '0.04310', 'flip_r': '0.05229', 'pmean': '0.08731', 'trn_auc': '0.85729', 'val_auc': '0.76870', 'tst_auc': '0.77540', 'trn_aps': '0.46750', 'val_aps': '0.36170', 'tst_aps': '0.36982', 'trn_loss0': '0.26986'}
Epoch 139: {'val_loss': '0.27663', 'g0': '0.00944', 'g1': '0.04373', 'flip_r': '0.02351', 'pmean': '0.09067', 'trn_auc': '0.86144', 'val_auc': '0.76662', 'tst_auc': '0.77570', 'trn_aps': '0.47795', 'val_aps': '0.34853', 'tst_aps': '0.37559', 'trn_loss0': '0.27820'}
Epoch 140: {'val_loss': '0.27677', 'g0': '0.00934', 'g1': '0.04383', 'flip_r': '0.02671', 'pmean': '0.09167', 'trn_auc': '0.85821', 'val_auc': '0.76583', 'tst_auc': '0.77433', 'trn_aps': '0.47663', 'val_aps': '0.35483', 'tst_aps': '0.37048', 'trn_loss0': '0.27354'}
Epoch 141: {'val_loss': '0.27650', 'g0': '0.00769', 'g1': '0.04548', 'flip_r': '0.03968', 'pmean': '0.09789', 'trn_auc': '0.86441', 'val_auc': '0.76642', 'tst_auc': '0.77195', 'trn_aps': '0.49521', 'val_aps': '0.36838', 'tst_aps': '0.36081', 'trn_loss0': '0.27832'}
Epoch 142: {'val_loss': '0.27501', 'g0': '0.01057', 'g1': '0.04260', 'flip_r': '0.06733', 'pmean': '0.08819', 'trn_auc': '0.87285', 'val_auc': '0.76510', 'tst_auc': '0.77463', 'trn_aps': '0.50450', 'val_aps': '0.37192', 'tst_aps': '0.37331', 'trn_loss0': '0.27054'}
Epoch 143: {'val_loss': '0.27127', 'g0': '0.01141', 'g1': '0.04176', 'flip_r': '0.04288', 'pmean': '0.09053', 'trn_auc': '0.87747', 'val_auc': '0.77238', 'tst_auc': '0.77852', 'trn_aps': '0.52356', 'val_aps': '0.37968', 'tst_aps': '0.38849', 'trn_loss0': '0.26708'}
Epoch 144: {'val_loss': '0.27217', 'g0': '0.01001', 'g1': '0.04316', 'flip_r': '0.04589', 'pmean': '0.09575', 'trn_auc': '0.87586', 'val_auc': '0.76957', 'tst_auc': '0.77595', 'trn_aps': '0.51438', 'val_aps': '0.37295', 'tst_aps': '0.38160', 'trn_loss0': '0.27224'}
Epoch 145: {'val_loss': '0.26865', 'g0': '0.00960', 'g1': '0.04357', 'flip_r': '0.03254', 'pmean': '0.09778', 'trn_auc': '0.88472', 'val_auc': '0.78006', 'tst_auc': '0.78143', 'trn_aps': '0.55101', 'val_aps': '0.38496', 'tst_aps': '0.38806', 'trn_loss0': '0.27482'}
Epoch 146: {'val_loss': '0.26758', 'g0': '0.01027', 'g1': '0.04290', 'flip_r': '0.02389', 'pmean': '0.09549', 'trn_auc': '0.88507', 'val_auc': '0.78104', 'tst_auc': '0.78310', 'trn_aps': '0.55227', 'val_aps': '0.37771', 'tst_aps': '0.38603', 'trn_loss0': '0.26713'}
Epoch 147: {'val_loss': '0.26607', 'g0': '0.01117', 'g1': '0.04200', 'flip_r': '0.03122', 'pmean': '0.09358', 'trn_auc': '0.88717', 'val_auc': '0.77586', 'tst_auc': '0.78549', 'trn_aps': '0.56606', 'val_aps': '0.38820', 'tst_aps': '0.38967', 'trn_loss0': '0.26812'}
Epoch 148: {'val_loss': '0.26746', 'g0': '0.01086', 'g1': '0.04231', 'flip_r': '0.02652', 'pmean': '0.09323', 'trn_auc': '0.88629', 'val_auc': '0.77553', 'tst_auc': '0.78358', 'trn_aps': '0.56490', 'val_aps': '0.39302', 'tst_aps': '0.38308', 'trn_loss0': '0.26594'}
Epoch 149: {'val_loss': '0.26878', 'g0': '0.01150', 'g1': '0.04167', 'flip_r': '0.02859', 'pmean': '0.09062', 'trn_auc': '0.88284', 'val_auc': '0.76968', 'tst_auc': '0.78275', 'trn_aps': '0.55828', 'val_aps': '0.37383', 'tst_aps': '0.38906', 'trn_loss0': '0.27128'}
Epoch 150: {'val_loss': '0.26723', 'g0': '0.01232', 'g1': '0.04085', 'flip_r': '0.02934', 'pmean': '0.08741', 'trn_auc': '0.88859', 'val_auc': '0.77430', 'tst_auc': '0.78554', 'trn_aps': '0.57184', 'val_aps': '0.38313', 'tst_aps': '0.39728', 'trn_loss0': '0.25933'}
Epoch 151: {'val_loss': '0.26723', 'g0': '0.01349', 'g1': '0.03968', 'flip_r': '0.03893', 'pmean': '0.08460', 'trn_auc': '0.89244', 'val_auc': '0.77468', 'tst_auc': '0.78426', 'trn_aps': '0.57794', 'val_aps': '0.38460', 'tst_aps': '0.39698', 'trn_loss0': '0.27051'}
Epoch 152: {'val_loss': '0.26637', 'g0': '0.01181', 'g1': '0.04136', 'flip_r': '0.04965', 'pmean': '0.09249', 'trn_auc': '0.88989', 'val_auc': '0.78101', 'tst_auc': '0.78226', 'trn_aps': '0.58603', 'val_aps': '0.40507', 'tst_aps': '0.38451', 'trn_loss0': '0.25975'}
Epoch 153: {'val_loss': '0.26665', 'g0': '0.01260', 'g1': '0.04057', 'flip_r': '0.03367', 'pmean': '0.08860', 'trn_auc': '0.89128', 'val_auc': '0.77834', 'tst_auc': '0.78318', 'trn_aps': '0.58390', 'val_aps': '0.38552', 'tst_aps': '0.39010', 'trn_loss0': '0.26470'}
Epoch 00154: reducing learning rate of group 0 to 2.5000e-04.
Epoch 154: {'val_loss': '0.26599', 'g0': '0.01295', 'g1': '0.04022', 'flip_r': '0.02577', 'pmean': '0.08659', 'trn_auc': '0.89296', 'val_auc': '0.77993', 'tst_auc': '0.78428', 'trn_aps': '0.58548', 'val_aps': '0.38282', 'tst_aps': '0.39730', 'trn_loss0': '0.26418'}
Epoch 155: {'val_loss': '0.26576', 'g0': '0.01327', 'g1': '0.03990', 'flip_r': '0.02106', 'pmean': '0.08468', 'trn_auc': '0.89465', 'val_auc': '0.78252', 'tst_auc': '0.78422', 'trn_aps': '0.59206', 'val_aps': '0.38618', 'tst_aps': '0.39622', 'trn_loss0': '0.24987'}
Epoch 156: {'val_loss': '0.26485', 'g0': '0.01345', 'g1': '0.03972', 'flip_r': '0.01617', 'pmean': '0.08601', 'trn_auc': '0.89689', 'val_auc': '0.78478', 'tst_auc': '0.78488', 'trn_aps': '0.59085', 'val_aps': '0.38851', 'tst_aps': '0.38521', 'trn_loss0': '0.26431'}
Epoch 157: {'val_loss': '0.26562', 'g0': '0.01323', 'g1': '0.03994', 'flip_r': '0.02595', 'pmean': '0.08462', 'trn_auc': '0.89581', 'val_auc': '0.78741', 'tst_auc': '0.78415', 'trn_aps': '0.59988', 'val_aps': '0.39456', 'tst_aps': '0.38950', 'trn_loss0': '0.25744'}
Epoch 158: {'val_loss': '0.26375', 'g0': '0.01333', 'g1': '0.03984', 'flip_r': '0.02896', 'pmean': '0.08622', 'trn_auc': '0.89553', 'val_auc': '0.78366', 'tst_auc': '0.78963', 'trn_aps': '0.59197', 'val_aps': '0.39304', 'tst_aps': '0.39855', 'trn_loss0': '0.26172'}
Epoch 159: {'val_loss': '0.26298', 'g0': '0.01258', 'g1': '0.04059', 'flip_r': '0.02501', 'pmean': '0.08989', 'trn_auc': '0.89505', 'val_auc': '0.78624', 'tst_auc': '0.79039', 'trn_aps': '0.60018', 'val_aps': '0.38622', 'tst_aps': '0.39031', 'trn_loss0': '0.26082'}
Epoch 160: {'val_loss': '0.26201', 'g0': '0.01305', 'g1': '0.04012', 'flip_r': '0.01900', 'pmean': '0.09504', 'trn_auc': '0.89744', 'val_auc': '0.78541', 'tst_auc': '0.78749', 'trn_aps': '0.59965', 'val_aps': '0.38462', 'tst_aps': '0.38939', 'trn_loss0': '0.24493'}
Epoch 161: {'val_loss': '0.26062', 'g0': '0.01321', 'g1': '0.03996', 'flip_r': '0.01505', 'pmean': '0.09727', 'trn_auc': '0.89925', 'val_auc': '0.78881', 'tst_auc': '0.78981', 'trn_aps': '0.59966', 'val_aps': '0.37813', 'tst_aps': '0.39014', 'trn_loss0': '0.26079'}
Epoch 162: {'val_loss': '0.26170', 'g0': '0.01379', 'g1': '0.03938', 'flip_r': '0.01617', 'pmean': '0.09046', 'trn_auc': '0.90039', 'val_auc': '0.78606', 'tst_auc': '0.78743', 'trn_aps': '0.60832', 'val_aps': '0.39526', 'tst_aps': '0.39262', 'trn_loss0': '0.26135'}
Epoch 163: {'val_loss': '0.26095', 'g0': '0.01342', 'g1': '0.03975', 'flip_r': '0.02238', 'pmean': '0.09004', 'trn_auc': '0.90385', 'val_auc': '0.78434', 'tst_auc': '0.78897', 'trn_aps': '0.61447', 'val_aps': '0.40525', 'tst_aps': '0.39326', 'trn_loss0': '0.24894'}
Epoch 164: {'val_loss': '0.26277', 'g0': '0.01392', 'g1': '0.03925', 'flip_r': '0.01655', 'pmean': '0.08707', 'trn_auc': '0.90260', 'val_auc': '0.78034', 'tst_auc': '0.78568', 'trn_aps': '0.61557', 'val_aps': '0.40712', 'tst_aps': '0.39157', 'trn_loss0': '0.24610'}
Epoch 165: {'val_loss': '0.26282', 'g0': '0.01384', 'g1': '0.03933', 'flip_r': '0.02219', 'pmean': '0.08628', 'trn_auc': '0.90324', 'val_auc': '0.78373', 'tst_auc': '0.78621', 'trn_aps': '0.61941', 'val_aps': '0.40361', 'tst_aps': '0.38432', 'trn_loss0': '0.26047'}
Epoch 166: {'val_loss': '0.26187', 'g0': '0.01391', 'g1': '0.03926', 'flip_r': '0.00959', 'pmean': '0.08746', 'trn_auc': '0.90439', 'val_auc': '0.78608', 'tst_auc': '0.78515', 'trn_aps': '0.62327', 'val_aps': '0.40558', 'tst_aps': '0.38672', 'trn_loss0': '0.25843'}
Epoch 167: {'val_loss': '0.26005', 'g0': '0.01456', 'g1': '0.03861', 'flip_r': '0.02389', 'pmean': '0.08493', 'trn_auc': '0.90983', 'val_auc': '0.79198', 'tst_auc': '0.79115', 'trn_aps': '0.62876', 'val_aps': '0.40501', 'tst_aps': '0.39685', 'trn_loss0': '0.24692'}
Epoch 168: {'val_loss': '0.25880', 'g0': '0.01391', 'g1': '0.03926', 'flip_r': '0.01900', 'pmean': '0.08893', 'trn_auc': '0.91121', 'val_auc': '0.79347', 'tst_auc': '0.78984', 'trn_aps': '0.63238', 'val_aps': '0.40441', 'tst_aps': '0.39653', 'trn_loss0': '0.24649'}
Epoch 169: {'val_loss': '0.25977', 'g0': '0.01383', 'g1': '0.03934', 'flip_r': '0.01091', 'pmean': '0.08666', 'trn_auc': '0.91115', 'val_auc': '0.78880', 'tst_auc': '0.78937', 'trn_aps': '0.63339', 'val_aps': '0.40227', 'tst_aps': '0.39478', 'trn_loss0': '0.25600'}
Epoch 170: {'val_loss': '0.25803', 'g0': '0.01293', 'g1': '0.04024', 'flip_r': '0.02182', 'pmean': '0.09509', 'trn_auc': '0.91247', 'val_auc': '0.79095', 'tst_auc': '0.79026', 'trn_aps': '0.64515', 'val_aps': '0.40331', 'tst_aps': '0.39079', 'trn_loss0': '0.25853'}
Epoch 171: {'val_loss': '0.26016', 'g0': '0.01258', 'g1': '0.04059', 'flip_r': '0.01787', 'pmean': '0.09150', 'trn_auc': '0.91000', 'val_auc': '0.78462', 'tst_auc': '0.78757', 'trn_aps': '0.64700', 'val_aps': '0.40108', 'tst_aps': '0.38821', 'trn_loss0': '0.25141'}
Epoch 172: {'val_loss': '0.26117', 'g0': '0.01371', 'g1': '0.03946', 'flip_r': '0.02614', 'pmean': '0.08658', 'trn_auc': '0.91046', 'val_auc': '0.78335', 'tst_auc': '0.78662', 'trn_aps': '0.64898', 'val_aps': '0.40192', 'tst_aps': '0.38747', 'trn_loss0': '0.24756'}
Epoch 173: {'val_loss': '0.26181', 'g0': '0.01350', 'g1': '0.03967', 'flip_r': '0.01411', 'pmean': '0.08393', 'trn_auc': '0.90976', 'val_auc': '0.78556', 'tst_auc': '0.78721', 'trn_aps': '0.64715', 'val_aps': '0.40759', 'tst_aps': '0.38927', 'trn_loss0': '0.25136'}
Epoch 174: {'val_loss': '0.26082', 'g0': '0.01319', 'g1': '0.03998', 'flip_r': '0.01975', 'pmean': '0.08950', 'trn_auc': '0.90861', 'val_auc': '0.78934', 'tst_auc': '0.78707', 'trn_aps': '0.64375', 'val_aps': '0.40396', 'tst_aps': '0.38312', 'trn_loss0': '0.25208'}
Epoch 175: {'val_loss': '0.26243', 'g0': '0.01247', 'g1': '0.04070', 'flip_r': '0.02558', 'pmean': '0.09019', 'trn_auc': '0.90329', 'val_auc': '0.79149', 'tst_auc': '0.78396', 'trn_aps': '0.63176', 'val_aps': '0.41044', 'tst_aps': '0.38402', 'trn_loss0': '0.24771'}
Epoch 176: {'val_loss': '0.26476', 'g0': '0.01464', 'g1': '0.03853', 'flip_r': '0.04909', 'pmean': '0.08008', 'trn_auc': '0.90738', 'val_auc': '0.78530', 'tst_auc': '0.78224', 'trn_aps': '0.63480', 'val_aps': '0.40161', 'tst_aps': '0.37816', 'trn_loss0': '0.25780'}
Epoch 00177: reducing learning rate of group 0 to 1.2500e-04.
Epoch 177: {'val_loss': '0.26432', 'g0': '0.01471', 'g1': '0.03846', 'flip_r': '0.02050', 'pmean': '0.08189', 'trn_auc': '0.90787', 'val_auc': '0.78315', 'tst_auc': '0.78175', 'trn_aps': '0.63476', 'val_aps': '0.40480', 'tst_aps': '0.37682', 'trn_loss0': '0.25365'}
Epoch 178: {'val_loss': '0.26183', 'g0': '0.01402', 'g1': '0.03915', 'flip_r': '0.01900', 'pmean': '0.08721', 'trn_auc': '0.90980', 'val_auc': '0.78929', 'tst_auc': '0.78508', 'trn_aps': '0.63574', 'val_aps': '0.40928', 'tst_aps': '0.37737', 'trn_loss0': '0.23603'}
Epoch 179: {'val_loss': '0.26157', 'g0': '0.01413', 'g1': '0.03904', 'flip_r': '0.01448', 'pmean': '0.08669', 'trn_auc': '0.90974', 'val_auc': '0.79067', 'tst_auc': '0.78589', 'trn_aps': '0.63494', 'val_aps': '0.41212', 'tst_aps': '0.37923', 'trn_loss0': '0.24520'}
Epoch 180: {'val_loss': '0.26343', 'g0': '0.01413', 'g1': '0.03904', 'flip_r': '0.01392', 'pmean': '0.08320', 'trn_auc': '0.90842', 'val_auc': '0.78935', 'tst_auc': '0.78580', 'trn_aps': '0.63066', 'val_aps': '0.40211', 'tst_aps': '0.37632', 'trn_loss0': '0.23512'}
Epoch 181: {'val_loss': '0.26233', 'g0': '0.01416', 'g1': '0.03901', 'flip_r': '0.01185', 'pmean': '0.08498', 'trn_auc': '0.90945', 'val_auc': '0.78648', 'tst_auc': '0.78544', 'trn_aps': '0.63566', 'val_aps': '0.40617', 'tst_aps': '0.37973', 'trn_loss0': '0.24839'}
Epoch 182: {'val_loss': '0.26047', 'g0': '0.01409', 'g1': '0.03908', 'flip_r': '0.01110', 'pmean': '0.08654', 'trn_auc': '0.91237', 'val_auc': '0.79030', 'tst_auc': '0.78712', 'trn_aps': '0.64012', 'val_aps': '0.40912', 'tst_aps': '0.38229', 'trn_loss0': '0.24268'}
Epoch 00183: reducing learning rate of group 0 to 6.2500e-05.
Epoch 183: {'val_loss': '0.26067', 'g0': '0.01388', 'g1': '0.03929', 'flip_r': '0.00922', 'pmean': '0.08709', 'trn_auc': '0.91187', 'val_auc': '0.78701', 'tst_auc': '0.78704', 'trn_aps': '0.64264', 'val_aps': '0.40505', 'tst_aps': '0.38106', 'trn_loss0': '0.25062'}
Epoch 184: {'val_loss': '0.26004', 'g0': '0.01409', 'g1': '0.03908', 'flip_r': '0.00997', 'pmean': '0.08925', 'trn_auc': '0.91326', 'val_auc': '0.78517', 'tst_auc': '0.78575', 'trn_aps': '0.64435', 'val_aps': '0.40640', 'tst_aps': '0.37788', 'trn_loss0': '0.25573'}
Epoch 185: {'val_loss': '0.26016', 'g0': '0.01446', 'g1': '0.03871', 'flip_r': '0.01335', 'pmean': '0.08688', 'trn_auc': '0.91400', 'val_auc': '0.78508', 'tst_auc': '0.78418', 'trn_aps': '0.64841', 'val_aps': '0.40296', 'tst_aps': '0.38485', 'trn_loss0': '0.24240'}
Epoch 186: {'val_loss': '0.25894', 'g0': '0.01466', 'g1': '0.03851', 'flip_r': '0.00903', 'pmean': '0.08834', 'trn_auc': '0.91497', 'val_auc': '0.78922', 'tst_auc': '0.78570', 'trn_aps': '0.64702', 'val_aps': '0.40742', 'tst_aps': '0.38447', 'trn_loss0': '0.24022'}
Epoch 187: {'val_loss': '0.25995', 'g0': '0.01466', 'g1': '0.03851', 'flip_r': '0.01016', 'pmean': '0.08777', 'trn_auc': '0.91343', 'val_auc': '0.78606', 'tst_auc': '0.78508', 'trn_aps': '0.64676', 'val_aps': '0.40535', 'tst_aps': '0.38148', 'trn_loss0': '0.24882'}
Epoch 188: {'val_loss': '0.26036', 'g0': '0.01540', 'g1': '0.03777', 'flip_r': '0.01806', 'pmean': '0.08315', 'trn_auc': '0.91674', 'val_auc': '0.78698', 'tst_auc': '0.78763', 'trn_aps': '0.64987', 'val_aps': '0.40797', 'tst_aps': '0.38633', 'trn_loss0': '0.24980'}
Epoch 00189: reducing learning rate of group 0 to 3.1250e-05.
Epoch 189: {'val_loss': '0.26034', 'g0': '0.01445', 'g1': '0.03872', 'flip_r': '0.02351', 'pmean': '0.08746', 'trn_auc': '0.91314', 'val_auc': '0.79324', 'tst_auc': '0.78488', 'trn_aps': '0.63729', 'val_aps': '0.41131', 'tst_aps': '0.37550', 'trn_loss0': '0.26052'}
Epoch 190: {'val_loss': '0.26044', 'g0': '0.01436', 'g1': '0.03881', 'flip_r': '0.00771', 'pmean': '0.08776', 'trn_auc': '0.91391', 'val_auc': '0.79233', 'tst_auc': '0.78504', 'trn_aps': '0.63908', 'val_aps': '0.41086', 'tst_aps': '0.37723', 'trn_loss0': '0.23398'}
Epoch 191: {'val_loss': '0.26086', 'g0': '0.01418', 'g1': '0.03899', 'flip_r': '0.00414', 'pmean': '0.08856', 'trn_auc': '0.91213', 'val_auc': '0.79277', 'tst_auc': '0.78512', 'trn_aps': '0.63686', 'val_aps': '0.40609', 'tst_aps': '0.37777', 'trn_loss0': '0.23614'}
Epoch 192: {'val_loss': '0.26093', 'g0': '0.01405', 'g1': '0.03912', 'flip_r': '0.00470', 'pmean': '0.09028', 'trn_auc': '0.91228', 'val_auc': '0.79033', 'tst_auc': '0.78306', 'trn_aps': '0.63623', 'val_aps': '0.41603', 'tst_aps': '0.37442', 'trn_loss0': '0.24369'}
Epoch 193: {'val_loss': '0.25941', 'g0': '0.01420', 'g1': '0.03897', 'flip_r': '0.00621', 'pmean': '0.09223', 'trn_auc': '0.91406', 'val_auc': '0.79100', 'tst_auc': '0.78512', 'trn_aps': '0.64225', 'val_aps': '0.41740', 'tst_aps': '0.37884', 'trn_loss0': '0.24895'}
Epoch 194: {'val_loss': '0.25841', 'g0': '0.01429', 'g1': '0.03888', 'flip_r': '0.00508', 'pmean': '0.09146', 'trn_auc': '0.91652', 'val_auc': '0.78805', 'tst_auc': '0.78603', 'trn_aps': '0.64877', 'val_aps': '0.41519', 'tst_aps': '0.38010', 'trn_loss0': '0.24837'}
Epoch 00195: reducing learning rate of group 0 to 1.5625e-05.
Epoch 195: {'val_loss': '0.25927', 'g0': '0.01433', 'g1': '0.03884', 'flip_r': '0.00414', 'pmean': '0.09089', 'trn_auc': '0.91456', 'val_auc': '0.79082', 'tst_auc': '0.78540', 'trn_aps': '0.64385', 'val_aps': '0.41588', 'tst_aps': '0.37633', 'trn_loss0': '0.24346'}
training time elapsed 119.58s
Evaluating model in ./lightning_logs/m1kfc6wg/checkpoints/epoch=170-step=1197.ckpt
  0%|          | 0/1 [00:00<?, ?it/s]100%|██████████| 1/1 [00:00<00:00, 54.70it/s]
{'final_trn/auc': '0.90368', 'final_trn/aps': '0.63211', 'final_trn/mf1': '0.78396', 'final_trn/th1': '0.20514', 'final_trn/gme': '0.84770', 'final_trn/th2': '0.10547', 'final_trn/rec': '0.66667', 'final_trn/pre': '0.56853'}
{'final_val/auc': '0.79643', 'final_val/aps': '0.38738', 'final_val/mf1': '0.67323', 'final_val/th1': '0.16791', 'final_val/gme': '0.74017', 'final_val/th2': '0.10524', 'final_val/rec': '0.51163', 'final_val/pre': '0.36264'}
{'final_tst/auc': '0.79149', 'final_tst/aps': '0.39409', 'final_tst/mf1': '0.67006', 'final_tst/th1': '0.16791', 'final_tst/gme': '0.68620', 'final_tst/th2': '0.10524', 'final_tst/rec': '0.53053', 'final_tst/pre': '0.35641'}
wandb: Waiting for W&B process to finish... (success).
wandb: 
wandb: Run history:
wandb:               epoch ▁▁▁▂▂▂▂▂▂▃▃▃▃▃▃▄▄▄▄▄▅▅▅▅▅▅▆▆▆▆▆▇▇▇▇▇▇███
wandb:       final_trn/aps ▁
wandb:       final_trn/auc ▁
wandb:       final_trn/gme ▁
wandb:       final_trn/mf1 ▁
wandb:       final_trn/pre ▁
wandb:       final_trn/rec ▁
wandb:       final_trn/th1 ▁
wandb:       final_trn/th2 ▁
wandb:       final_tst/aps ▁
wandb:       final_tst/auc ▁
wandb:       final_tst/gme ▁
wandb:       final_tst/mf1 ▁
wandb:       final_tst/pre ▁
wandb:       final_tst/rec ▁
wandb:       final_tst/th1 ▁
wandb:       final_tst/th2 ▁
wandb:       final_val/aps ▁
wandb:       final_val/auc ▁
wandb:       final_val/gme ▁
wandb:       final_val/mf1 ▁
wandb:       final_val/pre ▁
wandb:       final_val/rec ▁
wandb:       final_val/th1 ▁
wandb:       final_val/th2 ▁
wandb:              flip_r ▁▁▁▂▂▂▂▁▂▁▁▂▁▁▁▁▁▁▁▁▂▂▃▃▄▇█▆▆█▇▅▆▆▃▆▄▄▆▂
wandb:                  g0 ▁▁▁▁▁▁▁▁▁▁▁▁▁▁▁▁▁▁▁▁▁▁▁▁▂▃▄▄▆▆▇▇▇██▇████
wandb:                  g1 ████████████████████████▇▆▅▅▃▃▂▂▂▁▁▂▁▁▁▁
wandb:               pmean █▅▂▁▁▁▁▁▁▂▁▁▁▁▁▁▁▁▁▁▁▁▁▁▁▁▁▁▁▁▁▁▁▁▁▁▁▁▁▁
wandb: trainer/global_step ▁▁▁▂▂▂▂▂▂▃▃▃▃▃▃▄▄▄▄▄▅▅▅▅▅▅▆▆▆▆▆▇▇▇▇▇▇███
wandb:             trn_aps ▁▁▁▁▁▁▁▁▁▁▁▂▂▂▂▂▂▂▂▃▃▃▃▄▄▅▅▅▆▇▇▇▇███████
wandb:             trn_auc ▁▁▁▂▂▂▂▂▂▃▃▃▄▄▄▄▄▅▅▅▅▆▆▆▆▇▇▇▇█▇█████████
wandb:           trn_loss0 █▃▂▂▂▂▂▂▂▂▂▂▂▂▂▂▂▂▂▂▂▂▂▁▁▁▁▁▁▁▁▁▁▁▁▁▁▁▁▁
wandb:             tst_aps ▁▁▁▁▁▁▁▂▂▂▂▂▂▂▂▂▃▃▃▃▄▅▄▅▅▆▇▇██████████▇█
wandb:             tst_auc ▁▂▂▂▂▃▃▃▃▃▄▄▄▅▅▅▅▆▆▆▆▇▇▇▇▇▇█████████████
wandb:        unclear_down ▁
wandb:          unclear_up ▁
wandb:             val_aps ▁▁▁▁▁▁▂▂▂▂▂▂▂▃▃▃▃▃▃▃▃▄▄▄▅▅▆▆▆▇▇▇▇███████
wandb:             val_auc ▂▁▁▂▂▂▃▃▃▄▃▄▄▄▄▅▅▅▅▅▆▆▆▇▆▇▇▇▇█▇█████████
wandb:            val_loss █▄▃▂▂▂▂▂▂▂▂▂▂▂▂▂▂▂▂▂▂▂▂▂▂▂▁▁▁▁▁▁▁▁▁▁▁▁▁▁
wandb: 
wandb: Run summary:
wandb:               epoch 195
wandb:       final_trn/aps 0.63211
wandb:       final_trn/auc 0.90368
wandb:       final_trn/gme 0.8477
wandb:       final_trn/mf1 0.78396
wandb:       final_trn/pre 0.56853
wandb:       final_trn/rec 0.66667
wandb:       final_trn/th1 0.20514
wandb:       final_trn/th2 0.10547
wandb:       final_tst/aps 0.39409
wandb:       final_tst/auc 0.79149
wandb:       final_tst/gme 0.6862
wandb:       final_tst/mf1 0.67006
wandb:       final_tst/pre 0.35641
wandb:       final_tst/rec 0.53053
wandb:       final_tst/th1 0.16791
wandb:       final_tst/th2 0.10524
wandb:       final_val/aps 0.38738
wandb:       final_val/auc 0.79643
wandb:       final_val/gme 0.74017
wandb:       final_val/mf1 0.67323
wandb:       final_val/pre 0.36264
wandb:       final_val/rec 0.51163
wandb:       final_val/th1 0.16791
wandb:       final_val/th2 0.10524
wandb:              flip_r 0.00414
wandb:                  g0 0.01433
wandb:                  g1 0.03884
wandb:               pmean 0.09089
wandb: trainer/global_step 1371
wandb:             trn_aps 0.64385
wandb:             trn_auc 0.91456
wandb:           trn_loss0 0.24346
wandb:             tst_aps 0.37633
wandb:             tst_auc 0.7854
wandb:        unclear_down 0.025
wandb:          unclear_up 0.025
wandb:             val_aps 0.41588
wandb:             val_auc 0.79082
wandb:            val_loss 0.25927
wandb: 
wandb: You can sync this run to the cloud by running:
wandb: wandb sync /workspace/COMP8851-fraud-dataset-analysis/models/dga-gnn/dga_gnn_upstream/code/wandb/offline-run-20260916_102200-m1kfc6wg
wandb: Find logs at: ./wandb/offline-run-20260916_102200-m1kfc6wg/logs
==============================
==============================
