=== Run: splitgnn_tsocial_unified_tr10_seed72_a6000_20260919T064609Z ===
Result dir: /workspace/splitgnn_vast/results/splitgnn/tsocial/unified/tr10/seed_72
Split overlap checks: PASSED
train=86716 valid=173432 test=346864
Model source commit: 32fbdb836781d5c02523844a7079425f89be8831
Config SHA256: 0ee0cdf3661a22aa62443b76b216d9e03367ddf1f1c23ebb084fa8e2908b368f
Split SHA256: 197cd8a496ca269cfa2affeea08837bb97bc55181f878b36cc724036ba6d001b
epoch 0: loss=1.6997 val_auprc=0.2002 val_auc=0.7774 val_f1_macro=0.0293 (best_epoch=0, best_auprc=0.2002)
epoch 1: loss=1.6863 val_auprc=0.2241 val_auc=0.7776 val_f1_macro=0.0293 (best_epoch=1, best_auprc=0.2241)
epoch 2: loss=1.6691 val_auprc=0.2316 val_auc=0.7961 val_f1_macro=0.3510 (best_epoch=2, best_auprc=0.2316)
epoch 3: loss=1.6494 val_auprc=0.2339 val_auc=0.8053 val_f1_macro=0.4699 (best_epoch=3, best_auprc=0.2339)
epoch 4: loss=1.6271 val_auprc=0.2427 val_auc=0.8218 val_f1_macro=0.4985 (best_epoch=4, best_auprc=0.2427)
epoch 5: loss=1.6055 val_auprc=0.2793 val_auc=0.8257 val_f1_macro=0.5192 (best_epoch=5, best_auprc=0.2793)
epoch 6: loss=1.5796 val_auprc=0.2700 val_auc=0.8176 val_f1_macro=0.5276 (best_epoch=5, best_auprc=0.2793)
epoch 7: loss=1.5544 val_auprc=0.2536 val_auc=0.8129 val_f1_macro=0.5172 (best_epoch=5, best_auprc=0.2793)
epoch 8: loss=1.5361 val_auprc=0.2473 val_auc=0.8144 val_f1_macro=0.5020 (best_epoch=5, best_auprc=0.2793)
epoch 9: loss=1.5218 val_auprc=0.2461 val_auc=0.8154 val_f1_macro=0.4920 (best_epoch=5, best_auprc=0.2793)
epoch 10: loss=1.5106 val_auprc=0.2462 val_auc=0.8160 val_f1_macro=0.4896 (best_epoch=5, best_auprc=0.2793)
epoch 11: loss=1.4998 val_auprc=0.2468 val_auc=0.8165 val_f1_macro=0.4945 (best_epoch=5, best_auprc=0.2793)
epoch 12: loss=1.4961 val_auprc=0.2484 val_auc=0.8175 val_f1_macro=0.4983 (best_epoch=5, best_auprc=0.2793)
epoch 13: loss=1.4898 val_auprc=0.2496 val_auc=0.8191 val_f1_macro=0.4973 (best_epoch=5, best_auprc=0.2793)
epoch 14: loss=1.4953 val_auprc=0.2509 val_auc=0.8209 val_f1_macro=0.4981 (best_epoch=5, best_auprc=0.2793)
epoch 15: loss=1.4828 val_auprc=0.2547 val_auc=0.8233 val_f1_macro=0.5005 (best_epoch=5, best_auprc=0.2793)
epoch 16: loss=1.4576 val_auprc=0.2581 val_auc=0.8257 val_f1_macro=0.4967 (best_epoch=5, best_auprc=0.2793)
epoch 17: loss=1.4470 val_auprc=0.2609 val_auc=0.8281 val_f1_macro=0.4966 (best_epoch=5, best_auprc=0.2793)
epoch 18: loss=1.4234 val_auprc=0.2647 val_auc=0.8305 val_f1_macro=0.5001 (best_epoch=5, best_auprc=0.2793)
epoch 19: loss=1.4081 val_auprc=0.2694 val_auc=0.8327 val_f1_macro=0.5037 (best_epoch=5, best_auprc=0.2793)
epoch 20: loss=1.3944 val_auprc=0.2727 val_auc=0.8344 val_f1_macro=0.5081 (best_epoch=5, best_auprc=0.2793)
epoch 21: loss=1.3703 val_auprc=0.2745 val_auc=0.8355 val_f1_macro=0.5066 (best_epoch=5, best_auprc=0.2793)
epoch 22: loss=1.3584 val_auprc=0.2752 val_auc=0.8362 val_f1_macro=0.4990 (best_epoch=5, best_auprc=0.2793)
epoch 23: loss=1.3465 val_auprc=0.2763 val_auc=0.8367 val_f1_macro=0.4926 (best_epoch=5, best_auprc=0.2793)
epoch 24: loss=1.3297 val_auprc=0.2777 val_auc=0.8370 val_f1_macro=0.4924 (best_epoch=5, best_auprc=0.2793)
epoch 25: loss=1.3256 val_auprc=0.2794 val_auc=0.8373 val_f1_macro=0.4966 (best_epoch=25, best_auprc=0.2794)
epoch 26: loss=1.3126 val_auprc=0.2811 val_auc=0.8380 val_f1_macro=0.4987 (best_epoch=26, best_auprc=0.2811)
epoch 27: loss=1.3003 val_auprc=0.2834 val_auc=0.8388 val_f1_macro=0.4997 (best_epoch=27, best_auprc=0.2834)
epoch 28: loss=1.2995 val_auprc=0.2851 val_auc=0.8398 val_f1_macro=0.4975 (best_epoch=28, best_auprc=0.2851)
epoch 29: loss=1.2755 val_auprc=0.2870 val_auc=0.8407 val_f1_macro=0.4950 (best_epoch=29, best_auprc=0.2870)
epoch 30: loss=1.2814 val_auprc=0.2883 val_auc=0.8416 val_f1_macro=0.4946 (best_epoch=30, best_auprc=0.2883)
epoch 31: loss=1.2653 val_auprc=0.2894 val_auc=0.8425 val_f1_macro=0.4972 (best_epoch=31, best_auprc=0.2894)
epoch 32: loss=1.2464 val_auprc=0.2903 val_auc=0.8433 val_f1_macro=0.4971 (best_epoch=32, best_auprc=0.2903)
epoch 33: loss=1.2358 val_auprc=0.2912 val_auc=0.8442 val_f1_macro=0.4966 (best_epoch=33, best_auprc=0.2912)
epoch 34: loss=1.2367 val_auprc=0.2928 val_auc=0.8452 val_f1_macro=0.5022 (best_epoch=34, best_auprc=0.2928)
epoch 35: loss=1.2346 val_auprc=0.2938 val_auc=0.8461 val_f1_macro=0.5074 (best_epoch=35, best_auprc=0.2938)
epoch 36: loss=1.2122 val_auprc=0.2950 val_auc=0.8470 val_f1_macro=0.5077 (best_epoch=36, best_auprc=0.2950)
epoch 37: loss=1.2278 val_auprc=0.2961 val_auc=0.8480 val_f1_macro=0.5080 (best_epoch=37, best_auprc=0.2961)
epoch 38: loss=1.2164 val_auprc=0.2968 val_auc=0.8487 val_f1_macro=0.5076 (best_epoch=38, best_auprc=0.2968)
epoch 39: loss=1.2130 val_auprc=0.2978 val_auc=0.8496 val_f1_macro=0.5065 (best_epoch=39, best_auprc=0.2978)
epoch 40: loss=1.2068 val_auprc=0.2988 val_auc=0.8504 val_f1_macro=0.5057 (best_epoch=40, best_auprc=0.2988)
epoch 41: loss=1.1976 val_auprc=0.2998 val_auc=0.8512 val_f1_macro=0.5096 (best_epoch=41, best_auprc=0.2998)
epoch 42: loss=1.1975 val_auprc=0.3009 val_auc=0.8523 val_f1_macro=0.5154 (best_epoch=42, best_auprc=0.3009)
epoch 43: loss=1.2008 val_auprc=0.3026 val_auc=0.8534 val_f1_macro=0.5190 (best_epoch=43, best_auprc=0.3026)
epoch 44: loss=1.1919 val_auprc=0.3042 val_auc=0.8543 val_f1_macro=0.5154 (best_epoch=44, best_auprc=0.3042)
epoch 45: loss=1.1777 val_auprc=0.3050 val_auc=0.8548 val_f1_macro=0.5058 (best_epoch=45, best_auprc=0.3050)
epoch 46: loss=1.1738 val_auprc=0.3050 val_auc=0.8552 val_f1_macro=0.5016 (best_epoch=46, best_auprc=0.3050)
epoch 47: loss=1.1725 val_auprc=0.3062 val_auc=0.8560 val_f1_macro=0.5048 (best_epoch=47, best_auprc=0.3062)
epoch 48: loss=1.1626 val_auprc=0.3077 val_auc=0.8571 val_f1_macro=0.5119 (best_epoch=48, best_auprc=0.3077)
epoch 49: loss=1.1630 val_auprc=0.3091 val_auc=0.8585 val_f1_macro=0.5165 (best_epoch=49, best_auprc=0.3091)
epoch 50: loss=1.1655 val_auprc=0.3108 val_auc=0.8600 val_f1_macro=0.5176 (best_epoch=50, best_auprc=0.3108)
epoch 51: loss=1.1521 val_auprc=0.3114 val_auc=0.8613 val_f1_macro=0.5130 (best_epoch=51, best_auprc=0.3114)
epoch 52: loss=1.1688 val_auprc=0.3128 val_auc=0.8626 val_f1_macro=0.5111 (best_epoch=52, best_auprc=0.3128)
epoch 53: loss=1.1626 val_auprc=0.3148 val_auc=0.8638 val_f1_macro=0.5151 (best_epoch=53, best_auprc=0.3148)
epoch 54: loss=1.1667 val_auprc=0.3172 val_auc=0.8652 val_f1_macro=0.5240 (best_epoch=54, best_auprc=0.3172)
epoch 55: loss=1.1614 val_auprc=0.3194 val_auc=0.8663 val_f1_macro=0.5311 (best_epoch=55, best_auprc=0.3194)
epoch 56: loss=1.1480 val_auprc=0.3205 val_auc=0.8672 val_f1_macro=0.5228 (best_epoch=56, best_auprc=0.3205)
epoch 57: loss=1.1550 val_auprc=0.3216 val_auc=0.8679 val_f1_macro=0.5115 (best_epoch=57, best_auprc=0.3216)
epoch 58: loss=1.1466 val_auprc=0.3246 val_auc=0.8692 val_f1_macro=0.5089 (best_epoch=58, best_auprc=0.3246)
epoch 59: loss=1.1487 val_auprc=0.3287 val_auc=0.8706 val_f1_macro=0.5142 (best_epoch=59, best_auprc=0.3287)
epoch 60: loss=1.1390 val_auprc=0.3337 val_auc=0.8721 val_f1_macro=0.5194 (best_epoch=60, best_auprc=0.3337)
epoch 61: loss=1.1463 val_auprc=0.3361 val_auc=0.8729 val_f1_macro=0.5201 (best_epoch=61, best_auprc=0.3361)
epoch 62: loss=1.1388 val_auprc=0.3362 val_auc=0.8733 val_f1_macro=0.5129 (best_epoch=62, best_auprc=0.3362)
epoch 63: loss=1.1400 val_auprc=0.3373 val_auc=0.8741 val_f1_macro=0.5103 (best_epoch=63, best_auprc=0.3373)
epoch 64: loss=1.1354 val_auprc=0.3391 val_auc=0.8751 val_f1_macro=0.5116 (best_epoch=64, best_auprc=0.3391)
epoch 65: loss=1.1386 val_auprc=0.3420 val_auc=0.8763 val_f1_macro=0.5205 (best_epoch=65, best_auprc=0.3420)
epoch 66: loss=1.1274 val_auprc=0.3441 val_auc=0.8775 val_f1_macro=0.5224 (best_epoch=66, best_auprc=0.3441)
epoch 67: loss=1.1328 val_auprc=0.3459 val_auc=0.8786 val_f1_macro=0.5174 (best_epoch=67, best_auprc=0.3459)
epoch 68: loss=1.1252 val_auprc=0.3477 val_auc=0.8796 val_f1_macro=0.5148 (best_epoch=68, best_auprc=0.3477)
epoch 69: loss=1.1186 val_auprc=0.3502 val_auc=0.8807 val_f1_macro=0.5195 (best_epoch=69, best_auprc=0.3502)
epoch 70: loss=1.1168 val_auprc=0.3532 val_auc=0.8817 val_f1_macro=0.5220 (best_epoch=70, best_auprc=0.3532)
epoch 71: loss=1.1241 val_auprc=0.3539 val_auc=0.8819 val_f1_macro=0.5227 (best_epoch=71, best_auprc=0.3539)
epoch 72: loss=1.1237 val_auprc=0.3547 val_auc=0.8820 val_f1_macro=0.5258 (best_epoch=72, best_auprc=0.3547)
epoch 73: loss=1.1180 val_auprc=0.3559 val_auc=0.8825 val_f1_macro=0.5186 (best_epoch=73, best_auprc=0.3559)
epoch 74: loss=1.1344 val_auprc=0.3580 val_auc=0.8832 val_f1_macro=0.5197 (best_epoch=74, best_auprc=0.3580)
epoch 75: loss=1.1228 val_auprc=0.3610 val_auc=0.8840 val_f1_macro=0.5252 (best_epoch=75, best_auprc=0.3610)
epoch 76: loss=1.1195 val_auprc=0.3654 val_auc=0.8851 val_f1_macro=0.5335 (best_epoch=76, best_auprc=0.3654)
epoch 77: loss=1.1089 val_auprc=0.3673 val_auc=0.8861 val_f1_macro=0.5327 (best_epoch=77, best_auprc=0.3673)
epoch 78: loss=1.1202 val_auprc=0.3680 val_auc=0.8871 val_f1_macro=0.5296 (best_epoch=78, best_auprc=0.3680)
epoch 79: loss=1.0952 val_auprc=0.3668 val_auc=0.8875 val_f1_macro=0.5229 (best_epoch=78, best_auprc=0.3680)
epoch 80: loss=1.0984 val_auprc=0.3664 val_auc=0.8881 val_f1_macro=0.5287 (best_epoch=78, best_auprc=0.3680)
epoch 81: loss=1.1053 val_auprc=0.3680 val_auc=0.8886 val_f1_macro=0.5348 (best_epoch=81, best_auprc=0.3680)
epoch 82: loss=1.1099 val_auprc=0.3705 val_auc=0.8895 val_f1_macro=0.5390 (best_epoch=82, best_auprc=0.3705)
epoch 83: loss=1.1220 val_auprc=0.3735 val_auc=0.8906 val_f1_macro=0.5381 (best_epoch=83, best_auprc=0.3735)
epoch 84: loss=1.1129 val_auprc=0.3765 val_auc=0.8917 val_f1_macro=0.5364 (best_epoch=84, best_auprc=0.3765)
epoch 85: loss=1.1114 val_auprc=0.3789 val_auc=0.8925 val_f1_macro=0.5421 (best_epoch=85, best_auprc=0.3789)
epoch 86: loss=1.1153 val_auprc=0.3816 val_auc=0.8932 val_f1_macro=0.5520 (best_epoch=86, best_auprc=0.3816)
epoch 87: loss=1.1124 val_auprc=0.3825 val_auc=0.8940 val_f1_macro=0.5457 (best_epoch=87, best_auprc=0.3825)
epoch 88: loss=1.1117 val_auprc=0.3815 val_auc=0.8947 val_f1_macro=0.5350 (best_epoch=87, best_auprc=0.3825)
epoch 89: loss=1.1142 val_auprc=0.3817 val_auc=0.8952 val_f1_macro=0.5457 (best_epoch=87, best_auprc=0.3825)
epoch 90: loss=1.1083 val_auprc=0.3837 val_auc=0.8961 val_f1_macro=0.5568 (best_epoch=90, best_auprc=0.3837)
epoch 91: loss=1.1061 val_auprc=0.3842 val_auc=0.8967 val_f1_macro=0.5472 (best_epoch=91, best_auprc=0.3842)
epoch 92: loss=1.1004 val_auprc=0.3869 val_auc=0.8973 val_f1_macro=0.5419 (best_epoch=92, best_auprc=0.3869)
epoch 93: loss=1.0850 val_auprc=0.3900 val_auc=0.8974 val_f1_macro=0.5450 (best_epoch=93, best_auprc=0.3900)
epoch 94: loss=1.0990 val_auprc=0.3909 val_auc=0.8978 val_f1_macro=0.5499 (best_epoch=94, best_auprc=0.3909)
epoch 95: loss=1.0972 val_auprc=0.3913 val_auc=0.8981 val_f1_macro=0.5507 (best_epoch=95, best_auprc=0.3913)
epoch 96: loss=1.1098 val_auprc=0.3922 val_auc=0.8980 val_f1_macro=0.5545 (best_epoch=96, best_auprc=0.3922)
epoch 97: loss=1.1079 val_auprc=0.3950 val_auc=0.8987 val_f1_macro=0.5580 (best_epoch=97, best_auprc=0.3950)
epoch 98: loss=1.1070 val_auprc=0.3974 val_auc=0.8992 val_f1_macro=0.5437 (best_epoch=98, best_auprc=0.3974)
epoch 99: loss=1.0996 val_auprc=0.3990 val_auc=0.9004 val_f1_macro=0.5400 (best_epoch=99, best_auprc=0.3990)
Selected threshold (best val macro-F1): 0.85 (val F1=0.7094)
TEST metrics: {'auprc': 0.41689673338387, 'auc': 0.9048625517381457, 'f1_macro': 0.7121073883600924, 'recall': 0.4354977527015396, 'threshold_used': 0.8500000000000001, 'best_epoch': 99}