=== Run: splitgnn_yelp_unified_tr20_seed42_a6000_20260917T224657Z ===
Result dir: /workspace/splitgnn_vast/results/splitgnn/yelp/unified/tr20/seed_42
Split overlap checks: PASSED
train=9192 valid=9190 test=18382
Model source commit: 32fbdb836781d5c02523844a7079425f89be8831
Config SHA256: 532def7b948bcafc2077a4d9150a459e5862f818e9b6fbd9b05ccf87864eaa25
Split SHA256: 448e01069d60e85ede228ac68b6d7208b0a153087127598c26b383b82606bb1f
epoch 0: loss=1.7007 val_auprc=0.1179 val_auc=0.4166 val_f1_macro=0.1268 (best_epoch=0, best_auprc=0.1179)
epoch 1: loss=1.6957 val_auprc=0.2066 val_auc=0.6237 val_f1_macro=0.1268 (best_epoch=1, best_auprc=0.2066)
epoch 2: loss=1.6921 val_auprc=0.2603 val_auc=0.7057 val_f1_macro=0.4608 (best_epoch=2, best_auprc=0.2603)
epoch 3: loss=1.6929 val_auprc=0.2949 val_auc=0.7309 val_f1_macro=0.4608 (best_epoch=3, best_auprc=0.2949)
epoch 4: loss=1.6938 val_auprc=0.3301 val_auc=0.7540 val_f1_macro=0.4608 (best_epoch=4, best_auprc=0.3301)
epoch 5: loss=1.6917 val_auprc=0.3590 val_auc=0.7699 val_f1_macro=0.4608 (best_epoch=5, best_auprc=0.3590)
epoch 6: loss=1.6892 val_auprc=0.3788 val_auc=0.7785 val_f1_macro=0.4997 (best_epoch=6, best_auprc=0.3788)
epoch 7: loss=1.6876 val_auprc=0.3886 val_auc=0.7825 val_f1_macro=0.1268 (best_epoch=7, best_auprc=0.3886)
epoch 8: loss=1.6870 val_auprc=0.3952 val_auc=0.7843 val_f1_macro=0.1268 (best_epoch=8, best_auprc=0.3952)
epoch 9: loss=1.6847 val_auprc=0.3997 val_auc=0.7858 val_f1_macro=0.1271 (best_epoch=9, best_auprc=0.3997)
epoch 10: loss=1.6832 val_auprc=0.4036 val_auc=0.7862 val_f1_macro=0.5474 (best_epoch=10, best_auprc=0.4036)
epoch 11: loss=1.6784 val_auprc=0.4077 val_auc=0.7869 val_f1_macro=0.5488 (best_epoch=11, best_auprc=0.4077)
epoch 12: loss=1.6736 val_auprc=0.4115 val_auc=0.7883 val_f1_macro=0.6511 (best_epoch=12, best_auprc=0.4115)
epoch 13: loss=1.6710 val_auprc=0.4097 val_auc=0.7869 val_f1_macro=0.6691 (best_epoch=12, best_auprc=0.4115)
epoch 14: loss=1.6644 val_auprc=0.4093 val_auc=0.7861 val_f1_macro=0.6563 (best_epoch=12, best_auprc=0.4115)
epoch 15: loss=1.6557 val_auprc=0.4075 val_auc=0.7834 val_f1_macro=0.5569 (best_epoch=12, best_auprc=0.4115)
epoch 16: loss=1.6450 val_auprc=0.4060 val_auc=0.7808 val_f1_macro=0.5488 (best_epoch=12, best_auprc=0.4115)
epoch 17: loss=1.6366 val_auprc=0.4018 val_auc=0.7767 val_f1_macro=0.5494 (best_epoch=12, best_auprc=0.4115)
epoch 18: loss=1.6291 val_auprc=0.4084 val_auc=0.7730 val_f1_macro=0.5736 (best_epoch=12, best_auprc=0.4115)
epoch 19: loss=1.6195 val_auprc=0.4112 val_auc=0.7730 val_f1_macro=0.5990 (best_epoch=12, best_auprc=0.4115)
epoch 20: loss=1.6121 val_auprc=0.4216 val_auc=0.7788 val_f1_macro=0.5783 (best_epoch=20, best_auprc=0.4216)
epoch 21: loss=1.5949 val_auprc=0.4314 val_auc=0.7871 val_f1_macro=0.5520 (best_epoch=21, best_auprc=0.4314)
epoch 22: loss=1.5865 val_auprc=0.4303 val_auc=0.7884 val_f1_macro=0.5487 (best_epoch=21, best_auprc=0.4314)
epoch 23: loss=1.5868 val_auprc=0.4314 val_auc=0.7887 val_f1_macro=0.5487 (best_epoch=23, best_auprc=0.4314)
epoch 24: loss=1.5604 val_auprc=0.4324 val_auc=0.7894 val_f1_macro=0.5487 (best_epoch=24, best_auprc=0.4324)
epoch 25: loss=1.5619 val_auprc=0.4320 val_auc=0.7914 val_f1_macro=0.5487 (best_epoch=24, best_auprc=0.4324)
epoch 26: loss=1.5666 val_auprc=0.4245 val_auc=0.7897 val_f1_macro=0.5488 (best_epoch=24, best_auprc=0.4324)
epoch 27: loss=1.5439 val_auprc=0.4226 val_auc=0.7907 val_f1_macro=0.5493 (best_epoch=24, best_auprc=0.4324)
epoch 28: loss=1.5308 val_auprc=0.4217 val_auc=0.7920 val_f1_macro=0.5656 (best_epoch=24, best_auprc=0.4324)
epoch 29: loss=1.5127 val_auprc=0.4312 val_auc=0.7961 val_f1_macro=0.6014 (best_epoch=24, best_auprc=0.4324)
epoch 30: loss=1.5024 val_auprc=0.4335 val_auc=0.7953 val_f1_macro=0.5947 (best_epoch=30, best_auprc=0.4335)
epoch 31: loss=1.4830 val_auprc=0.4339 val_auc=0.7968 val_f1_macro=0.6060 (best_epoch=31, best_auprc=0.4339)
epoch 32: loss=1.4750 val_auprc=0.4332 val_auc=0.7981 val_f1_macro=0.6316 (best_epoch=31, best_auprc=0.4339)
epoch 33: loss=1.4671 val_auprc=0.4324 val_auc=0.7977 val_f1_macro=0.6353 (best_epoch=31, best_auprc=0.4339)
epoch 34: loss=1.4599 val_auprc=0.4343 val_auc=0.7983 val_f1_macro=0.5892 (best_epoch=34, best_auprc=0.4343)
epoch 35: loss=1.4496 val_auprc=0.4339 val_auc=0.7974 val_f1_macro=0.5857 (best_epoch=34, best_auprc=0.4343)
epoch 36: loss=1.4687 val_auprc=0.4308 val_auc=0.7953 val_f1_macro=0.6164 (best_epoch=34, best_auprc=0.4343)
epoch 37: loss=1.4290 val_auprc=0.4338 val_auc=0.7946 val_f1_macro=0.6142 (best_epoch=34, best_auprc=0.4343)
epoch 38: loss=1.4310 val_auprc=0.4368 val_auc=0.7962 val_f1_macro=0.6101 (best_epoch=38, best_auprc=0.4368)
epoch 39: loss=1.4261 val_auprc=0.4372 val_auc=0.7964 val_f1_macro=0.6231 (best_epoch=39, best_auprc=0.4372)
epoch 40: loss=1.4142 val_auprc=0.4379 val_auc=0.7982 val_f1_macro=0.6333 (best_epoch=40, best_auprc=0.4379)
epoch 41: loss=1.4086 val_auprc=0.4409 val_auc=0.8007 val_f1_macro=0.6237 (best_epoch=41, best_auprc=0.4409)
epoch 42: loss=1.4024 val_auprc=0.4445 val_auc=0.8037 val_f1_macro=0.6007 (best_epoch=42, best_auprc=0.4445)
epoch 43: loss=1.3907 val_auprc=0.4466 val_auc=0.8059 val_f1_macro=0.6140 (best_epoch=43, best_auprc=0.4466)
epoch 44: loss=1.3839 val_auprc=0.4486 val_auc=0.8079 val_f1_macro=0.6385 (best_epoch=44, best_auprc=0.4486)
epoch 45: loss=1.3778 val_auprc=0.4506 val_auc=0.8085 val_f1_macro=0.6365 (best_epoch=45, best_auprc=0.4506)
epoch 46: loss=1.3789 val_auprc=0.4524 val_auc=0.8093 val_f1_macro=0.6416 (best_epoch=46, best_auprc=0.4524)
epoch 47: loss=1.3657 val_auprc=0.4537 val_auc=0.8108 val_f1_macro=0.6510 (best_epoch=47, best_auprc=0.4537)
epoch 48: loss=1.3587 val_auprc=0.4549 val_auc=0.8118 val_f1_macro=0.6483 (best_epoch=48, best_auprc=0.4549)
epoch 49: loss=1.3500 val_auprc=0.4571 val_auc=0.8123 val_f1_macro=0.6289 (best_epoch=49, best_auprc=0.4571)
epoch 50: loss=1.3554 val_auprc=0.4591 val_auc=0.8132 val_f1_macro=0.6259 (best_epoch=50, best_auprc=0.4591)
epoch 51: loss=1.3346 val_auprc=0.4605 val_auc=0.8146 val_f1_macro=0.6343 (best_epoch=51, best_auprc=0.4605)
epoch 52: loss=1.3275 val_auprc=0.4624 val_auc=0.8150 val_f1_macro=0.6388 (best_epoch=52, best_auprc=0.4624)
epoch 53: loss=1.3291 val_auprc=0.4641 val_auc=0.8160 val_f1_macro=0.6480 (best_epoch=53, best_auprc=0.4641)
epoch 54: loss=1.3237 val_auprc=0.4655 val_auc=0.8169 val_f1_macro=0.6533 (best_epoch=54, best_auprc=0.4655)
epoch 55: loss=1.3129 val_auprc=0.4666 val_auc=0.8173 val_f1_macro=0.6415 (best_epoch=55, best_auprc=0.4666)
epoch 56: loss=1.3185 val_auprc=0.4687 val_auc=0.8190 val_f1_macro=0.6418 (best_epoch=56, best_auprc=0.4687)
epoch 57: loss=1.3118 val_auprc=0.4702 val_auc=0.8198 val_f1_macro=0.6390 (best_epoch=57, best_auprc=0.4702)
epoch 58: loss=1.3073 val_auprc=0.4712 val_auc=0.8205 val_f1_macro=0.6409 (best_epoch=58, best_auprc=0.4712)
epoch 59: loss=1.3087 val_auprc=0.4727 val_auc=0.8215 val_f1_macro=0.6481 (best_epoch=59, best_auprc=0.4727)
epoch 60: loss=1.3053 val_auprc=0.4742 val_auc=0.8227 val_f1_macro=0.6539 (best_epoch=60, best_auprc=0.4742)
epoch 61: loss=1.2910 val_auprc=0.4756 val_auc=0.8225 val_f1_macro=0.6399 (best_epoch=61, best_auprc=0.4756)
epoch 62: loss=1.2905 val_auprc=0.4780 val_auc=0.8250 val_f1_macro=0.6518 (best_epoch=62, best_auprc=0.4780)
epoch 63: loss=1.2847 val_auprc=0.4783 val_auc=0.8257 val_f1_macro=0.6478 (best_epoch=63, best_auprc=0.4783)
epoch 64: loss=1.2830 val_auprc=0.4790 val_auc=0.8256 val_f1_macro=0.6407 (best_epoch=64, best_auprc=0.4790)
epoch 65: loss=1.2708 val_auprc=0.4811 val_auc=0.8276 val_f1_macro=0.6542 (best_epoch=65, best_auprc=0.4811)
epoch 66: loss=1.2685 val_auprc=0.4822 val_auc=0.8281 val_f1_macro=0.6552 (best_epoch=66, best_auprc=0.4822)
epoch 67: loss=1.2620 val_auprc=0.4824 val_auc=0.8280 val_f1_macro=0.6456 (best_epoch=67, best_auprc=0.4824)
epoch 68: loss=1.2697 val_auprc=0.4851 val_auc=0.8296 val_f1_macro=0.6545 (best_epoch=68, best_auprc=0.4851)
epoch 69: loss=1.2556 val_auprc=0.4859 val_auc=0.8299 val_f1_macro=0.6475 (best_epoch=69, best_auprc=0.4859)
epoch 70: loss=1.2590 val_auprc=0.4860 val_auc=0.8303 val_f1_macro=0.6416 (best_epoch=70, best_auprc=0.4860)
epoch 71: loss=1.2639 val_auprc=0.4878 val_auc=0.8311 val_f1_macro=0.6575 (best_epoch=71, best_auprc=0.4878)
epoch 72: loss=1.2572 val_auprc=0.4883 val_auc=0.8312 val_f1_macro=0.6589 (best_epoch=72, best_auprc=0.4883)
epoch 73: loss=1.2526 val_auprc=0.4882 val_auc=0.8310 val_f1_macro=0.6497 (best_epoch=72, best_auprc=0.4883)
epoch 74: loss=1.2544 val_auprc=0.4900 val_auc=0.8322 val_f1_macro=0.6601 (best_epoch=74, best_auprc=0.4900)
epoch 75: loss=1.2508 val_auprc=0.4903 val_auc=0.8328 val_f1_macro=0.6555 (best_epoch=75, best_auprc=0.4903)
epoch 76: loss=1.2495 val_auprc=0.4901 val_auc=0.8322 val_f1_macro=0.6380 (best_epoch=75, best_auprc=0.4903)
epoch 77: loss=1.2660 val_auprc=0.4918 val_auc=0.8340 val_f1_macro=0.6619 (best_epoch=77, best_auprc=0.4918)
epoch 78: loss=1.2484 val_auprc=0.4917 val_auc=0.8336 val_f1_macro=0.6517 (best_epoch=77, best_auprc=0.4918)
epoch 79: loss=1.2416 val_auprc=0.4922 val_auc=0.8333 val_f1_macro=0.6456 (best_epoch=79, best_auprc=0.4922)
epoch 80: loss=1.2394 val_auprc=0.4927 val_auc=0.8346 val_f1_macro=0.6517 (best_epoch=80, best_auprc=0.4927)
epoch 81: loss=1.2342 val_auprc=0.4932 val_auc=0.8350 val_f1_macro=0.6513 (best_epoch=81, best_auprc=0.4932)
epoch 82: loss=1.2310 val_auprc=0.4927 val_auc=0.8342 val_f1_macro=0.6416 (best_epoch=81, best_auprc=0.4932)
epoch 83: loss=1.2390 val_auprc=0.4931 val_auc=0.8349 val_f1_macro=0.6458 (best_epoch=81, best_auprc=0.4932)
epoch 84: loss=1.2306 val_auprc=0.4946 val_auc=0.8358 val_f1_macro=0.6583 (best_epoch=84, best_auprc=0.4946)
epoch 85: loss=1.2356 val_auprc=0.4943 val_auc=0.8351 val_f1_macro=0.6543 (best_epoch=84, best_auprc=0.4946)
epoch 86: loss=1.2257 val_auprc=0.4950 val_auc=0.8355 val_f1_macro=0.6560 (best_epoch=86, best_auprc=0.4950)
epoch 87: loss=1.2233 val_auprc=0.4955 val_auc=0.8365 val_f1_macro=0.6592 (best_epoch=87, best_auprc=0.4955)
epoch 88: loss=1.2293 val_auprc=0.4962 val_auc=0.8369 val_f1_macro=0.6604 (best_epoch=88, best_auprc=0.4962)
epoch 89: loss=1.2284 val_auprc=0.4956 val_auc=0.8360 val_f1_macro=0.6499 (best_epoch=88, best_auprc=0.4962)
epoch 90: loss=1.2083 val_auprc=0.4971 val_auc=0.8368 val_f1_macro=0.6568 (best_epoch=90, best_auprc=0.4971)
epoch 91: loss=1.2155 val_auprc=0.4981 val_auc=0.8379 val_f1_macro=0.6670 (best_epoch=91, best_auprc=0.4981)
epoch 92: loss=1.2223 val_auprc=0.4979 val_auc=0.8372 val_f1_macro=0.6600 (best_epoch=91, best_auprc=0.4981)
epoch 93: loss=1.2186 val_auprc=0.4997 val_auc=0.8384 val_f1_macro=0.6667 (best_epoch=93, best_auprc=0.4997)
epoch 94: loss=1.2282 val_auprc=0.5004 val_auc=0.8391 val_f1_macro=0.6649 (best_epoch=94, best_auprc=0.5004)
epoch 95: loss=1.2064 val_auprc=0.4989 val_auc=0.8382 val_f1_macro=0.6523 (best_epoch=94, best_auprc=0.5004)
epoch 96: loss=1.2118 val_auprc=0.5010 val_auc=0.8398 val_f1_macro=0.6662 (best_epoch=96, best_auprc=0.5010)
epoch 97: loss=1.2083 val_auprc=0.5012 val_auc=0.8397 val_f1_macro=0.6640 (best_epoch=97, best_auprc=0.5012)
epoch 98: loss=1.2071 val_auprc=0.5017 val_auc=0.8398 val_f1_macro=0.6629 (best_epoch=98, best_auprc=0.5017)
epoch 99: loss=1.2178 val_auprc=0.5028 val_auc=0.8405 val_f1_macro=0.6662 (best_epoch=99, best_auprc=0.5028)
Selected threshold (best val macro-F1): 0.65 (val F1=0.7009)
TEST metrics: {'auprc': 0.4932995027802876, 'auc': 0.8474122309505598, 'f1_macro': 0.7040829316063715, 'recall': 0.5990265818045676, 'threshold_used': 0.6500000000000001, 'best_epoch': 99}