=== Run: splitgnn_amazon_unified_tr30_seed42_a6000_20260917T233313Z ===
Result dir: /workspace/splitgnn_vast/results/splitgnn/amazon/unified/tr30/seed_42
Split overlap checks: PASSED
train=3584 valid=2389 test=4777
Model source commit: 32fbdb836781d5c02523844a7079425f89be8831
Config SHA256: 1a2be559b8eb7ed06e4e455a34471b4c9aba2094fc75279462e809b0f1018cf9
Split SHA256: 194b49f7cac03b0081747e62cd5d422718e854d4350e200337c19b7663dca8dc
epoch 0: loss=1.7123 val_auprc=0.0501 val_auc=0.3608 val_f1_macro=0.4822 (best_epoch=0, best_auprc=0.0501)
epoch 1: loss=1.9455 val_auprc=0.0475 val_auc=0.3286 val_f1_macro=0.0642 (best_epoch=0, best_auprc=0.0501)
epoch 2: loss=1.6636 val_auprc=0.0674 val_auc=0.4818 val_f1_macro=0.0642 (best_epoch=2, best_auprc=0.0674)
epoch 3: loss=1.5486 val_auprc=0.1307 val_auc=0.6670 val_f1_macro=0.3181 (best_epoch=3, best_auprc=0.1307)
epoch 4: loss=1.4587 val_auprc=0.2190 val_auc=0.7422 val_f1_macro=0.3465 (best_epoch=4, best_auprc=0.2190)
epoch 5: loss=1.4767 val_auprc=0.2576 val_auc=0.7626 val_f1_macro=0.3240 (best_epoch=5, best_auprc=0.2576)
epoch 6: loss=1.4273 val_auprc=0.2255 val_auc=0.7719 val_f1_macro=0.4822 (best_epoch=5, best_auprc=0.2576)
epoch 7: loss=1.4406 val_auprc=0.2454 val_auc=0.7922 val_f1_macro=0.1885 (best_epoch=5, best_auprc=0.2576)
epoch 8: loss=1.3896 val_auprc=0.0822 val_auc=0.5920 val_f1_macro=0.0642 (best_epoch=5, best_auprc=0.2576)
epoch 9: loss=1.4691 val_auprc=0.1685 val_auc=0.7250 val_f1_macro=0.3070 (best_epoch=5, best_auprc=0.2576)
epoch 10: loss=1.3655 val_auprc=0.3313 val_auc=0.7740 val_f1_macro=0.6498 (best_epoch=10, best_auprc=0.3313)
epoch 11: loss=1.3235 val_auprc=0.3119 val_auc=0.7825 val_f1_macro=0.6647 (best_epoch=10, best_auprc=0.3313)
epoch 12: loss=1.2770 val_auprc=0.3225 val_auc=0.8009 val_f1_macro=0.6196 (best_epoch=10, best_auprc=0.3313)
epoch 13: loss=1.2469 val_auprc=0.3061 val_auc=0.8036 val_f1_macro=0.5822 (best_epoch=10, best_auprc=0.3313)
epoch 14: loss=1.1738 val_auprc=0.3368 val_auc=0.8158 val_f1_macro=0.6197 (best_epoch=14, best_auprc=0.3368)
epoch 15: loss=1.2040 val_auprc=0.3653 val_auc=0.8232 val_f1_macro=0.6418 (best_epoch=15, best_auprc=0.3653)
epoch 16: loss=1.1826 val_auprc=0.3632 val_auc=0.8245 val_f1_macro=0.6050 (best_epoch=15, best_auprc=0.3653)
epoch 17: loss=1.1308 val_auprc=0.3664 val_auc=0.8327 val_f1_macro=0.6493 (best_epoch=17, best_auprc=0.3664)
epoch 18: loss=1.1201 val_auprc=0.3729 val_auc=0.8415 val_f1_macro=0.6634 (best_epoch=18, best_auprc=0.3729)
epoch 19: loss=1.0875 val_auprc=0.3786 val_auc=0.8458 val_f1_macro=0.6731 (best_epoch=19, best_auprc=0.3786)
epoch 20: loss=1.0593 val_auprc=0.3873 val_auc=0.8471 val_f1_macro=0.6793 (best_epoch=20, best_auprc=0.3873)
epoch 21: loss=1.0715 val_auprc=0.3990 val_auc=0.8465 val_f1_macro=0.6862 (best_epoch=21, best_auprc=0.3990)
epoch 22: loss=1.0464 val_auprc=0.4000 val_auc=0.8542 val_f1_macro=0.6614 (best_epoch=22, best_auprc=0.4000)
epoch 23: loss=0.9943 val_auprc=0.3938 val_auc=0.8514 val_f1_macro=0.6269 (best_epoch=22, best_auprc=0.4000)
epoch 24: loss=1.0189 val_auprc=0.3934 val_auc=0.8517 val_f1_macro=0.6361 (best_epoch=22, best_auprc=0.4000)
epoch 25: loss=1.1734 val_auprc=0.4213 val_auc=0.8649 val_f1_macro=0.7087 (best_epoch=25, best_auprc=0.4213)
epoch 26: loss=1.1603 val_auprc=0.4218 val_auc=0.8499 val_f1_macro=0.5700 (best_epoch=26, best_auprc=0.4218)
epoch 27: loss=1.1489 val_auprc=0.4188 val_auc=0.8485 val_f1_macro=0.3745 (best_epoch=26, best_auprc=0.4218)
epoch 28: loss=1.1615 val_auprc=0.4070 val_auc=0.8473 val_f1_macro=0.3821 (best_epoch=26, best_auprc=0.4218)
epoch 29: loss=1.0787 val_auprc=0.4141 val_auc=0.8514 val_f1_macro=0.4753 (best_epoch=26, best_auprc=0.4218)
epoch 30: loss=1.0735 val_auprc=0.4151 val_auc=0.8552 val_f1_macro=0.6200 (best_epoch=26, best_auprc=0.4218)
epoch 31: loss=1.0320 val_auprc=0.4156 val_auc=0.8598 val_f1_macro=0.6942 (best_epoch=26, best_auprc=0.4218)
epoch 32: loss=1.0470 val_auprc=0.4242 val_auc=0.8627 val_f1_macro=0.6727 (best_epoch=32, best_auprc=0.4242)
epoch 33: loss=1.0346 val_auprc=0.4250 val_auc=0.8635 val_f1_macro=0.6302 (best_epoch=33, best_auprc=0.4250)
epoch 34: loss=1.0486 val_auprc=0.4279 val_auc=0.8664 val_f1_macro=0.6112 (best_epoch=34, best_auprc=0.4279)
epoch 35: loss=1.0324 val_auprc=0.4269 val_auc=0.8671 val_f1_macro=0.6538 (best_epoch=34, best_auprc=0.4279)
epoch 36: loss=1.0290 val_auprc=0.4257 val_auc=0.8686 val_f1_macro=0.7012 (best_epoch=34, best_auprc=0.4279)
epoch 37: loss=1.0222 val_auprc=0.4347 val_auc=0.8749 val_f1_macro=0.6979 (best_epoch=37, best_auprc=0.4347)
epoch 38: loss=1.0081 val_auprc=0.4453 val_auc=0.8751 val_f1_macro=0.6683 (best_epoch=38, best_auprc=0.4453)
epoch 39: loss=1.0166 val_auprc=0.4448 val_auc=0.8733 val_f1_macro=0.6543 (best_epoch=38, best_auprc=0.4453)
epoch 40: loss=1.0120 val_auprc=0.4484 val_auc=0.8735 val_f1_macro=0.6586 (best_epoch=40, best_auprc=0.4484)
epoch 41: loss=0.9975 val_auprc=0.4519 val_auc=0.8757 val_f1_macro=0.6673 (best_epoch=41, best_auprc=0.4519)
epoch 42: loss=0.9767 val_auprc=0.4564 val_auc=0.8792 val_f1_macro=0.6556 (best_epoch=42, best_auprc=0.4564)
epoch 43: loss=0.9897 val_auprc=0.4585 val_auc=0.8806 val_f1_macro=0.6387 (best_epoch=43, best_auprc=0.4585)
epoch 44: loss=0.9753 val_auprc=0.4615 val_auc=0.8780 val_f1_macro=0.6259 (best_epoch=44, best_auprc=0.4615)
epoch 45: loss=0.9805 val_auprc=0.4583 val_auc=0.8765 val_f1_macro=0.6302 (best_epoch=44, best_auprc=0.4615)
epoch 46: loss=0.9819 val_auprc=0.4589 val_auc=0.8763 val_f1_macro=0.6376 (best_epoch=44, best_auprc=0.4615)
epoch 47: loss=0.9470 val_auprc=0.4559 val_auc=0.8762 val_f1_macro=0.6422 (best_epoch=44, best_auprc=0.4615)
epoch 48: loss=0.9360 val_auprc=0.4520 val_auc=0.8760 val_f1_macro=0.6241 (best_epoch=44, best_auprc=0.4615)
epoch 49: loss=0.9651 val_auprc=0.4535 val_auc=0.8770 val_f1_macro=0.6058 (best_epoch=44, best_auprc=0.4615)
epoch 50: loss=0.9128 val_auprc=0.4530 val_auc=0.8774 val_f1_macro=0.6109 (best_epoch=44, best_auprc=0.4615)
epoch 51: loss=0.9538 val_auprc=0.4495 val_auc=0.8780 val_f1_macro=0.6275 (best_epoch=44, best_auprc=0.4615)
epoch 52: loss=0.9359 val_auprc=0.4485 val_auc=0.8783 val_f1_macro=0.6374 (best_epoch=44, best_auprc=0.4615)
epoch 53: loss=0.9003 val_auprc=0.4415 val_auc=0.8783 val_f1_macro=0.6446 (best_epoch=44, best_auprc=0.4615)
epoch 54: loss=0.8789 val_auprc=0.4432 val_auc=0.8790 val_f1_macro=0.6416 (best_epoch=44, best_auprc=0.4615)
epoch 55: loss=0.9473 val_auprc=0.4397 val_auc=0.8780 val_f1_macro=0.6483 (best_epoch=44, best_auprc=0.4615)
epoch 56: loss=0.9443 val_auprc=0.4065 val_auc=0.8678 val_f1_macro=0.6389 (best_epoch=44, best_auprc=0.4615)
epoch 57: loss=0.9353 val_auprc=0.4286 val_auc=0.8743 val_f1_macro=0.6138 (best_epoch=44, best_auprc=0.4615)
epoch 58: loss=0.9216 val_auprc=0.4304 val_auc=0.8762 val_f1_macro=0.6146 (best_epoch=44, best_auprc=0.4615)
epoch 59: loss=0.9005 val_auprc=0.4303 val_auc=0.8745 val_f1_macro=0.6588 (best_epoch=44, best_auprc=0.4615)
epoch 60: loss=0.8635 val_auprc=0.4269 val_auc=0.8769 val_f1_macro=0.6718 (best_epoch=44, best_auprc=0.4615)
epoch 61: loss=0.8924 val_auprc=0.4276 val_auc=0.8826 val_f1_macro=0.6703 (best_epoch=44, best_auprc=0.4615)
epoch 62: loss=0.8999 val_auprc=0.4278 val_auc=0.8794 val_f1_macro=0.6437 (best_epoch=44, best_auprc=0.4615)
epoch 63: loss=0.9500 val_auprc=0.4302 val_auc=0.8817 val_f1_macro=0.6999 (best_epoch=44, best_auprc=0.4615)
epoch 64: loss=0.9359 val_auprc=0.4413 val_auc=0.8808 val_f1_macro=0.6820 (best_epoch=44, best_auprc=0.4615)
Early stopping at epoch 64 (no improvement for 20 epochs)
Selected threshold (best val macro-F1): 0.90 (val F1=0.7390)
TEST metrics: {'auprc': 0.5584204383600465, 'auc': 0.9096974381746514, 'f1_macro': 0.7807148925066807, 'recall': 0.5396341463414634, 'threshold_used': 0.9000000000000001, 'best_epoch': 44}